#
# There is insufficient memory for the Java Runtime Environment to continue.
# Native memory allocation (malloc) failed to allocate 1895376 bytes. Error detail: Chunk::new
# Possible reasons:
#   The system is out of physical RAM or swap space
#   This process is running with CompressedOops enabled, and the Java Heap may be blocking the growth of the native heap
# Possible solutions:
#   Reduce memory load on the system
#   Increase physical memory or swap space
#   Check if swap backing store is full
#   Decrease Java heap size (-Xmx/-Xms)
#   Decrease number of Java threads
#   Decrease Java thread stack sizes (-Xss)
#   Set larger code cache with -XX:ReservedCodeCacheSize=
#   JVM is running with Unscaled Compressed Oops mode in which the Java heap is
#     placed in the first 4GB address space. The Java Heap base address is the
#     maximum limit for the native heap growth. Please use -XX:HeapBaseMinAddress
#     to set the Java Heap base and to place the Java Heap above 4GB virtual address.
# This output file may be truncated or incomplete.
#
#  Out of Memory Error (arena.cpp:168), pid=12552, tid=3164
#
# JRE version: OpenJDK Runtime Environment Temurin-21.0.11+10 (21.0.11+10) (build 21.0.11+10-LTS)
# Java VM: OpenJDK 64-Bit Server VM Temurin-21.0.11+10 (21.0.11+10-LTS, mixed mode, sharing, tiered, compressed oops, compressed class ptrs, parallel gc, windows-amd64)
# No core dump will be written. Minidumps are not enabled by default on client versions of Windows
#

---------------  S U M M A R Y ------------

Command Line: --add-modules=ALL-SYSTEM --add-opens=java.base/java.util=ALL-UNNAMED --add-opens=java.base/java.lang=ALL-UNNAMED --add-opens=java.base/sun.nio.fs=ALL-UNNAMED -Declipse.application=org.eclipse.jdt.ls.core.id1 -Dosgi.bundles.defaultStartLevel=4 -Declipse.product=org.eclipse.jdt.ls.core.product -Djava.import.generatesMetadataFilesAtProjectRoot=false -DDetectVMInstallationsJob.disabled=true -Dfile.encoding=utf8 -XX:+UseParallelGC -XX:GCTimeRatio=4 -XX:AdaptiveSizePolicyWeight=90 -Dsun.zip.disableMemoryMapping=true -Xmx2G -Xms100m -Xlog:disable -javaagent:c:\Users\rinka\.vscode\extensions\redhat.java-1.55.0-win32-x64\lombok\lombok-1.18.39-4050.jar -XX:+HeapDumpOnOutOfMemoryError -XX:HeapDumpPath=c:\Users\rinka\AppData\Roaming\Code\User\workspaceStorage\49d6aa05faa5dee90abf6ba5c36567b8\redhat.java -Daether.dependencyCollector.impl=bf c:\Users\rinka\.vscode\extensions\redhat.java-1.55.0-win32-x64\server\plugins\org.eclipse.equinox.launcher_1.7.200.v20260619-2039.jar -configuration c:\Users\rinka\AppData\Roaming\Code\User\globalStorage\redhat.java\1.55.0\config_win -data c:\Users\rinka\AppData\Roaming\Code\User\workspaceStorage\49d6aa05faa5dee90abf6ba5c36567b8\redhat.java\jdt_ws --pipe=\\.\pipe\lsp-9d4c0cda7f2606ca4c605d5e1037f966-sock

Host: Intel(R) Core(TM) i5-1035G1 CPU @ 1.00GHz, 8 cores, 11G,  Windows 11 , 64 bit Build 26100 (10.0.26100.8521)
Time: Sat Jul  4 12:20:20 2026 Pacific Daylight Time elapsed time: 36.450056 seconds (0d 0h 0m 36s)

---------------  T H R E A D  ---------------

Current thread (0x000001954f28f530):  JavaThread "C2 CompilerThread0" daemon [_thread_in_native, id=3164, stack(0x0000000e74600000,0x0000000e74700000) (1024K)]


Current CompileTask:
C2:36450 9289 %     4       java.util.Properties::load0 @ 29 (249 bytes)

Stack: [0x0000000e74600000,0x0000000e74700000]
Native frames: (J=compiled Java code, j=interpreted, Vv=VM code, C=native code)
V  [jvm.dll+0x6d7e19]
V  [jvm.dll+0x8b5096]
V  [jvm.dll+0x8b764e]
V  [jvm.dll+0x8b7d33]
V  [jvm.dll+0x284596]
V  [jvm.dll+0xc685d]
V  [jvm.dll+0xc6da1]
V  [jvm.dll+0x3bed31]
V  [jvm.dll+0x38b2b2]
V  [jvm.dll+0x38a6fa]
V  [jvm.dll+0x24c700]
V  [jvm.dll+0x24bce0]
V  [jvm.dll+0x1cb4ae]
V  [jvm.dll+0x25baad]
V  [jvm.dll+0x25a03a]
V  [jvm.dll+0x3f868e]
V  [jvm.dll+0x85fb0d]
V  [jvm.dll+0x6d664d]
C  [ucrtbase.dll+0x2cd30]
C  [KERNEL32.DLL+0x2e957]
C  [ntdll.dll+0x87c1c]


---------------  P R O C E S S  ---------------

Threads class SMR info:
_java_thread_list=0x000001959b6df660, length=63, elements={
0x00000195364cab50, 0x000001954f279ff0, 0x000001954f27ae00, 0x000001954f27e8d0,
0x000001954f281660, 0x000001954f284fb0, 0x000001954f286860, 0x000001954f28f530,
0x000001954f292a00, 0x0000019591d70cb0, 0x0000019591e7f2d0, 0x0000019596a1a740,
0x00000195964b80e0, 0x0000019591f2aad0, 0x0000019596974830, 0x000001959698e900,
0x00000195968eded0, 0x000001959667d100, 0x0000019596fbf630, 0x0000019596fbefa0,
0x0000019596fc1700, 0x0000019597e267d0, 0x0000019596fc1070, 0x0000019596fc0350,
0x0000019596fc09e0, 0x0000019596fbe910, 0x0000019596fc1d90, 0x00000195971db6c0,
0x00000195971da9a0, 0x00000195971d8f60, 0x00000195971d9c80, 0x00000195971da310,
0x00000195971d88d0, 0x00000195971dca70, 0x00000195971db030, 0x00000195971d95f0,
0x00000195971dd790, 0x00000195971de4b0, 0x00000195971dde20, 0x00000195971deb40,
0x00000195971dbd50, 0x00000195971df1d0, 0x00000195971df860, 0x00000195991c42a0,
0x000001959a0d3be0, 0x000001959a0d4270, 0x000001959a0d0df0, 0x000001959a0d5620,
0x000001959a0d4900, 0x000001959a0d4f90, 0x000001959a0d5cb0, 0x000001959a0d2830,
0x000001959a0d2ec0, 0x000001959a0d7d80, 0x000001959a0d69d0, 0x000001959a0d7060,
0x000001959a0d8410, 0x00000195971dfef0, 0x000001959ac63a40, 0x000001959ac64760,
0x000001959ac65480, 0x000001959ac62d20, 0x000001959ac65b10
}

Java Threads: ( => current thread )
  0x00000195364cab50 JavaThread "main"                              [_thread_blocked, id=22436, stack(0x0000000e73c00000,0x0000000e73d00000) (1024K)]
  0x000001954f279ff0 JavaThread "Reference Handler"          daemon [_thread_blocked, id=28268, stack(0x0000000e74000000,0x0000000e74100000) (1024K)]
  0x000001954f27ae00 JavaThread "Finalizer"                  daemon [_thread_blocked, id=20904, stack(0x0000000e74100000,0x0000000e74200000) (1024K)]
  0x000001954f27e8d0 JavaThread "Signal Dispatcher"          daemon [_thread_blocked, id=2736, stack(0x0000000e74200000,0x0000000e74300000) (1024K)]
  0x000001954f281660 JavaThread "Attach Listener"            daemon [_thread_blocked, id=27276, stack(0x0000000e74300000,0x0000000e74400000) (1024K)]
  0x000001954f284fb0 JavaThread "Service Thread"             daemon [_thread_blocked, id=22700, stack(0x0000000e74400000,0x0000000e74500000) (1024K)]
  0x000001954f286860 JavaThread "Monitor Deflation Thread"   daemon [_thread_blocked, id=21036, stack(0x0000000e74500000,0x0000000e74600000) (1024K)]
=>0x000001954f28f530 JavaThread "C2 CompilerThread0"         daemon [_thread_in_native, id=3164, stack(0x0000000e74600000,0x0000000e74700000) (1024K)]
  0x000001954f292a00 JavaThread "C1 CompilerThread0"         daemon [_thread_blocked, id=26500, stack(0x0000000e74700000,0x0000000e74800000) (1024K)]
  0x0000019591d70cb0 JavaThread "Common-Cleaner"             daemon [_thread_blocked, id=19280, stack(0x0000000e74800000,0x0000000e74900000) (1024K)]
  0x0000019591e7f2d0 JavaThread "Notification Thread"        daemon [_thread_blocked, id=22600, stack(0x0000000e74a00000,0x0000000e74b00000) (1024K)]
  0x0000019596a1a740 JavaThread "Active Thread: Equinox Container: 57a36679-1f76-47b7-8f8e-95690787a719"        [_thread_blocked, id=26772, stack(0x0000000e75200000,0x0000000e75300000) (1024K)]
  0x00000195964b80e0 JavaThread "Refresh Thread: Equinox Container: 57a36679-1f76-47b7-8f8e-95690787a719" daemon [_thread_blocked, id=6568, stack(0x0000000e74b00000,0x0000000e74c00000) (1024K)]
  0x0000019591f2aad0 JavaThread "Framework Event Dispatcher: Equinox Container: 57a36679-1f76-47b7-8f8e-95690787a719" daemon [_thread_blocked, id=25464, stack(0x0000000e75300000,0x0000000e75400000) (1024K)]
  0x0000019596974830 JavaThread "Start Level: Equinox Container: 57a36679-1f76-47b7-8f8e-95690787a719" daemon [_thread_blocked, id=12912, stack(0x0000000e75400000,0x0000000e75500000) (1024K)]
  0x000001959698e900 JavaThread "Bundle File Closer"         daemon [_thread_blocked, id=24936, stack(0x0000000e75500000,0x0000000e75600000) (1024K)]
  0x00000195968eded0 JavaThread "SCR Component Actor"        daemon [_thread_blocked, id=1456, stack(0x0000000e75600000,0x0000000e75700000) (1024K)]
  0x000001959667d100 JavaThread "Worker-JM"                         [_thread_blocked, id=15024, stack(0x0000000e75900000,0x0000000e75a00000) (1024K)]
  0x0000019596fbf630 JavaThread "JNA Cleaner"                daemon [_thread_blocked, id=6268, stack(0x0000000e75700000,0x0000000e75800000) (1024K)]
  0x0000019596fbefa0 JavaThread "Worker-0: Initialize workspace"        [_thread_blocked, id=24836, stack(0x0000000e75800000,0x0000000e75900000) (1024K)]
  0x0000019596fc1700 JavaThread "Worker-1: Building"                [_thread_blocked, id=24352, stack(0x0000000e75a00000,0x0000000e75b00000) (1024K)]
  0x0000019597e267d0 JavaThread "C2 CompilerThread1"         daemon [_thread_in_native, id=21212, stack(0x0000000e75b00000,0x0000000e75c00000) (1024K)]
  0x0000019596fc1070 JavaThread "Java indexing"              daemon [_thread_in_native, id=22800, stack(0x0000000e75d00000,0x0000000e75e00000) (1024K)]
  0x0000019596fc0350 JavaThread "Worker-2"                          [_thread_blocked, id=21108, stack(0x0000000e76000000,0x0000000e76100000) (1024K)]
  0x0000019596fc09e0 JavaThread "Worker-3"                          [_thread_blocked, id=27948, stack(0x0000000e76100000,0x0000000e76200000) (1024K)]
  0x0000019596fbe910 JavaThread "Worker-4"                          [_thread_blocked, id=31688, stack(0x0000000e76200000,0x0000000e76300000) (1024K)]
  0x0000019596fc1d90 JavaThread "Worker-5: Java indexing... "        [_thread_blocked, id=17548, stack(0x0000000e76300000,0x0000000e76400000) (1024K)]
  0x00000195971db6c0 JavaThread "Thread-1"                   daemon [_thread_in_native, id=20772, stack(0x0000000e76400000,0x0000000e76500000) (1024K)]
  0x00000195971da9a0 JavaThread "Thread-2"                   daemon [_thread_in_native, id=17780, stack(0x0000000e76500000,0x0000000e76600000) (1024K)]
  0x00000195971d8f60 JavaThread "Thread-3"                   daemon [_thread_in_native, id=22784, stack(0x0000000e76600000,0x0000000e76700000) (1024K)]
  0x00000195971d9c80 JavaThread "Thread-4"                   daemon [_thread_in_native, id=22252, stack(0x0000000e76700000,0x0000000e76800000) (1024K)]
  0x00000195971da310 JavaThread "Thread-5"                   daemon [_thread_in_native, id=26540, stack(0x0000000e76800000,0x0000000e76900000) (1024K)]
  0x00000195971d88d0 JavaThread "Thread-6"                   daemon [_thread_in_native, id=16176, stack(0x0000000e76900000,0x0000000e76a00000) (1024K)]
  0x00000195971dca70 JavaThread "Thread-7"                   daemon [_thread_in_native, id=14348, stack(0x0000000e76a00000,0x0000000e76b00000) (1024K)]
  0x00000195971db030 JavaThread "Thread-8"                   daemon [_thread_in_native, id=24856, stack(0x0000000e76b00000,0x0000000e76c00000) (1024K)]
  0x00000195971d95f0 JavaThread "Thread-9"                   daemon [_thread_in_native, id=1888, stack(0x0000000e76c00000,0x0000000e76d00000) (1024K)]
  0x00000195971dd790 JavaThread "pool-2-thread-1"                   [_thread_blocked, id=20104, stack(0x0000000e76d00000,0x0000000e76e00000) (1024K)]
  0x00000195971de4b0 JavaThread "WorkspaceEventsHandler"            [_thread_blocked, id=15968, stack(0x0000000e76e00000,0x0000000e76f00000) (1024K)]
  0x00000195971dde20 JavaThread "pool-1-thread-1"                   [_thread_blocked, id=560, stack(0x0000000e76f00000,0x0000000e77000000) (1024K)]
  0x00000195971deb40 JavaThread "Keep-Alive-Timer"           daemon [_thread_blocked, id=14436, stack(0x0000000e77100000,0x0000000e77200000) (1024K)]
  0x00000195971dbd50 JavaThread "PatternSearchJob-worker-1"  daemon [_thread_blocked, id=11056, stack(0x0000000e77200000,0x0000000e77300000) (1024K)]
  0x00000195971df1d0 JavaThread "PatternSearchJob-worker-2"  daemon [_thread_blocked, id=26276, stack(0x0000000e77300000,0x0000000e77400000) (1024K)]
  0x00000195971df860 JavaThread "PatternSearchJob-worker-3"  daemon [_thread_blocked, id=14848, stack(0x0000000e77400000,0x0000000e77500000) (1024K)]
  0x00000195991c42a0 JavaThread "C2 CompilerThread2"         daemon [_thread_in_native, id=3836, stack(0x0000000e75c00000,0x0000000e75d00000) (1024K)]
  0x000001959a0d3be0 JavaThread "LocalFile Deleter"          daemon [_thread_blocked, id=904, stack(0x0000000e77500000,0x0000000e77600000) (1024K)]
  0x000001959a0d4270 JavaThread "LocalFile Deleter"          daemon [_thread_blocked, id=16040, stack(0x0000000e77600000,0x0000000e77700000) (1024K)]
  0x000001959a0d0df0 JavaThread "LocalFile Deleter"          daemon [_thread_blocked, id=7404, stack(0x0000000e77700000,0x0000000e77800000) (1024K)]
  0x000001959a0d5620 JavaThread "LocalFile Deleter"          daemon [_thread_blocked, id=8148, stack(0x0000000e77800000,0x0000000e77900000) (1024K)]
  0x000001959a0d4900 JavaThread "LocalFile Deleter"          daemon [_thread_blocked, id=8016, stack(0x0000000e77900000,0x0000000e77a00000) (1024K)]
  0x000001959a0d4f90 JavaThread "LocalFile Deleter"          daemon [_thread_blocked, id=2648, stack(0x0000000e77a00000,0x0000000e77b00000) (1024K)]
  0x000001959a0d5cb0 JavaThread "LocalFile Deleter"          daemon [_thread_blocked, id=26784, stack(0x0000000e77b00000,0x0000000e77c00000) (1024K)]
  0x000001959a0d2830 JavaThread "LocalFile Deleter"          daemon [_thread_blocked, id=28852, stack(0x0000000e77c00000,0x0000000e77d00000) (1024K)]
  0x000001959a0d2ec0 JavaThread "ForkJoinPool.commonPool-worker-1" daemon [_thread_blocked, id=8380, stack(0x0000000e77d00000,0x0000000e77e00000) (1024K)]
  0x000001959a0d7d80 JavaThread "ForkJoinPool.commonPool-worker-2" daemon [_thread_blocked, id=22832, stack(0x0000000e77e00000,0x0000000e77f00000) (1024K)]
  0x000001959a0d69d0 JavaThread "ForkJoinPool.commonPool-worker-3" daemon [_thread_in_vm, id=18972, stack(0x0000000e77f00000,0x0000000e78000000) (1024K)]
  0x000001959a0d7060 JavaThread "ForkJoinPool.commonPool-worker-4" daemon [_thread_blocked, id=12280, stack(0x0000000e78000000,0x0000000e78100000) (1024K)]
  0x000001959a0d8410 JavaThread "ForkJoinPool.commonPool-worker-5" daemon [_thread_blocked, id=24404, stack(0x0000000e78100000,0x0000000e78200000) (1024K)]
  0x00000195971dfef0 JavaThread "Compiler Source File Reader" daemon [_thread_in_native, id=11936, stack(0x0000000e78200000,0x0000000e78300000) (1024K)]
  0x000001959ac63a40 JavaThread "Compiler Source File Reader" daemon [_thread_in_native, id=26232, stack(0x0000000e78300000,0x0000000e78400000) (1024K)]
  0x000001959ac64760 JavaThread "Compiler Source File Reader" daemon [_thread_in_native, id=22656, stack(0x0000000e78400000,0x0000000e78500000) (1024K)]
  0x000001959ac65480 JavaThread "Compiler Source File Reader" daemon [_thread_in_native, id=19412, stack(0x0000000e78500000,0x0000000e78600000) (1024K)]
  0x000001959ac62d20 JavaThread "Compiler Source File Reader" daemon [_thread_in_native, id=12128, stack(0x0000000e78600000,0x0000000e78700000) (1024K)]
  0x000001959ac65b10 JavaThread "Compiler Source File Reader" daemon [_thread_in_native, id=12544, stack(0x0000000e78700000,0x0000000e78800000) (1024K)]
Total: 63

Other Threads:
  0x000001954f273600 VMThread "VM Thread"                           [id=5668, stack(0x0000000e73f00000,0x0000000e74000000) (1024K)]
  0x000001953886d960 WatcherThread "VM Periodic Task Thread"        [id=9496, stack(0x0000000e73e00000,0x0000000e73f00000) (1024K)]
  0x000001953881d2c0 WorkerThread "GC Thread#0"                     [id=3340, stack(0x0000000e73d00000,0x0000000e73e00000) (1024K)]
  0x0000019591f09d60 WorkerThread "GC Thread#1"                     [id=10816, stack(0x0000000e74c00000,0x0000000e74d00000) (1024K)]
  0x00000195961a7fb0 WorkerThread "GC Thread#2"                     [id=22604, stack(0x0000000e74d00000,0x0000000e74e00000) (1024K)]
  0x0000019591f0a110 WorkerThread "GC Thread#3"                     [id=21864, stack(0x0000000e74e00000,0x0000000e74f00000) (1024K)]
  0x0000019591f0a4c0 WorkerThread "GC Thread#4"                     [id=9920, stack(0x0000000e74f00000,0x0000000e75000000) (1024K)]
  0x0000019591f0a870 WorkerThread "GC Thread#5"                     [id=17364, stack(0x0000000e75000000,0x0000000e75100000) (1024K)]
  0x00000195967f6ff0 WorkerThread "GC Thread#6"                     [id=25576, stack(0x0000000e75100000,0x0000000e75200000) (1024K)]
  0x000001954f2939c0 WorkerThread "GC Thread#7"                     [id=20776, stack(0x0000000e74900000,0x0000000e74a00000) (1024K)]
Total: 10

Threads with active compile tasks:
C2 CompilerThread0  36517 9289 %     4       java.util.Properties::load0 @ 29 (249 bytes)
C2 CompilerThread1  36517 9405       4       org.eclipse.jdt.internal.compiler.parser.Scanner::checkTaskTag (937 bytes)
C2 CompilerThread2  36517 9363 %     4       org.lombokweb.asm.ClassReader::readCode @ 2187 (5117 bytes)
Total: 3

VM state: not at safepoint (normal execution)

VM Mutex/Monitor currently owned by a thread:  ([mutex/lock_event])
[0x00007ffb0ad4f2f0] ThreadsLockThrottle_lock - owner thread: 0x000001959a0d69d0
[0x00007ffb0ad4f570] Threads_lock - owner thread: 0x000001959a0d69d0

Heap address: 0x0000000080000000, size: 2048 MB, Compressed Oops mode: 32-bit

CDS archive(s) mapped at: [0x0000019550000000-0x0000019550ba0000-0x0000019550ba0000), size 12189696, SharedBaseAddress: 0x0000019550000000, ArchiveRelocationMode: 1.
Compressed class space mapped at: 0x0000019551000000-0x0000019591000000, reserved size: 1073741824
Narrow klass base: 0x0000019550000000, Narrow klass shift: 0, Narrow klass range: 0x100000000

GC Precious Log:
 CardTable entry size: 512
 CPUs: 8 total, 8 available
 Memory: 12055M
 Large Page Support: Disabled
 NUMA Support: Disabled
 Compressed Oops: Enabled (32-bit)
 Alignments: Space 512K, Generation 512K, Heap 2M
 Heap Min Capacity: 100M
 Heap Initial Capacity: 100M
 Heap Max Capacity: 2G
 Pre-touch: Disabled
 Parallel Workers: 8

Heap:
 PSYoungGen      total 18944K, used 10867K [0x00000000d5580000, 0x00000000d6a80000, 0x0000000100000000)
  eden space 17408K, 54% used [0x00000000d5580000,0x00000000d5eb5048,0x00000000d6680000)
  from space 1536K, 93% used [0x00000000d6900000,0x00000000d6a67cb8,0x00000000d6a80000)
  to   space 1536K, 0% used [0x00000000d6780000,0x00000000d6780000,0x00000000d6900000)
 ParOldGen       total 68608K, used 45654K [0x0000000080000000, 0x0000000084300000, 0x00000000d5580000)
  object space 68608K, 66% used [0x0000000080000000,0x0000000082c95a58,0x0000000084300000)
 Metaspace       used 66256K, committed 67584K, reserved 1114112K
  class space    used 7117K, committed 7744K, reserved 1048576K

Card table byte_map: [0x00000195381d0000,0x00000195385e0000] _byte_map_base: 0x0000019537dd0000

Marking Bits: (ParMarkBitMap*) 0x00007ffb0ad54460
 Begin Bits: [0x000001954acb0000, 0x000001954ccb0000)
 End Bits:   [0x000001954ccb0000, 0x000001954ecb0000)

Polling page: 0x0000019537fc0000

Metaspace:

Usage:
  Non-class:     57.75 MB used.
      Class:      6.95 MB used.
       Both:     64.70 MB used.

Virtual space:
  Non-class space:       64.00 MB reserved,      58.44 MB ( 91%) committed,  1 nodes.
      Class space:        1.00 GB reserved,       7.56 MB ( <1%) committed,  1 nodes.
             Both:        1.06 GB reserved,      66.00 MB (  6%) committed. 

Chunk freelists:
   Non-Class:  5.47 MB
       Class:  8.48 MB
        Both:  13.95 MB

MaxMetaspaceSize: unlimited
CompressedClassSpaceSize: 1.00 GB
Initial GC threshold: 21.00 MB
Current GC threshold: 98.12 MB
CDS: on
 - commit_granule_bytes: 65536.
 - commit_granule_words: 8192.
 - virtual_space_node_default_size: 8388608.
 - enlarge_chunks_in_place: 1.
 - use_allocation_guard: 0.


Internal statistics:

num_allocs_failed_limit: 13.
num_arena_births: 1026.
num_arena_deaths: 34.
num_vsnodes_births: 2.
num_vsnodes_deaths: 0.
num_space_committed: 1056.
num_space_uncommitted: 0.
num_chunks_returned_to_freelist: 54.
num_chunks_taken_from_freelist: 3872.
num_chunk_merges: 16.
num_chunk_splits: 2399.
num_chunks_enlarged: 1412.
num_inconsistent_stats: 0.

CodeHeap 'non-profiled nmethods': size=120000Kb used=5760Kb max_used=5760Kb free=114239Kb
 bounds [0x00000195434d0000, 0x0000019543a80000, 0x000001954aa00000]
CodeHeap 'profiled nmethods': size=120000Kb used=19307Kb max_used=19307Kb free=100692Kb
 bounds [0x000001953ba00000, 0x000001953cce0000, 0x0000019542f30000]
CodeHeap 'non-nmethods': size=5760Kb used=1478Kb max_used=1534Kb free=4281Kb
 bounds [0x0000019542f30000, 0x00000195431a0000, 0x00000195434d0000]
CodeCache: size=245760Kb, used=26545Kb, max_used=26601Kb, free=219212Kb
 total_blobs=9449, nmethods=8661, adapters=694, full_count=0
Compilation: enabled, stopped_count=0, restarted_count=0

Compilation events (20 events):
Event: 36.288 Thread 0x00000195991c42a0 nmethod 9361 0x0000019543a5b910 code [0x0000019543a5baa0, 0x0000019543a5bbd0]
Event: 36.288 Thread 0x00000195991c42a0 9363 %     4       org.lombokweb.asm.ClassReader::readCode @ 2187 (5117 bytes)
Event: 36.345 Thread 0x000001954f292a00 9392       3       java.net.URI::needsNormalization (184 bytes)
Event: 36.351 Thread 0x000001954f292a00 nmethod 9392 0x000001953ccc8a10 code [0x000001953ccc8ea0, 0x000001953cccb678]
Event: 36.351 Thread 0x000001954f292a00 9396       3       org.eclipse.jdt.internal.compiler.parser.Parser::consumeMethodHeaderRightParen (425 bytes)
Event: 36.353 Thread 0x000001954f292a00 nmethod 9396 0x000001953cccc590 code [0x000001953cccc7e0, 0x000001953cccd480]
Event: 36.353 Thread 0x000001954f292a00 9395       3       org.eclipse.jdt.internal.compiler.lookup.BlockScope::<init> (35 bytes)
Event: 36.353 Thread 0x000001954f292a00 nmethod 9395 0x000001953cccd810 code [0x000001953cccd9c0, 0x000001953cccdbd0]
Event: 36.354 Thread 0x000001954f292a00 9393       3       org.eclipse.jdt.internal.compiler.lookup.LookupEnvironment::getModule (114 bytes)
Event: 36.354 Thread 0x000001954f292a00 nmethod 9393 0x000001953cccdc90 code [0x000001953cccdee0, 0x000001953ccce650]
Event: 36.355 Thread 0x000001954f292a00 9397       3       org.eclipse.jdt.internal.compiler.lookup.MethodScope::<init> (67 bytes)
Event: 36.355 Thread 0x000001954f292a00 nmethod 9397 0x000001953ccce890 code [0x000001953cccea60, 0x000001953cccef40]
Event: 36.356 Thread 0x000001954f292a00 9398       3       org.eclipse.jdt.core.compiler.CharOperation::concat (46 bytes)
Event: 36.356 Thread 0x000001954f292a00 nmethod 9398 0x000001953cccf090 code [0x000001953cccf260, 0x000001953cccf5f8]
Event: 36.361 Thread 0x000001954f292a00 9399       3       org.eclipse.core.internal.resources.Resource::checkLocal (38 bytes)
Event: 36.362 Thread 0x000001954f292a00 nmethod 9399 0x000001953cccf790 code [0x000001953cccf9a0, 0x000001953ccd0018]
Event: 36.375 Thread 0x000001954f292a00 9400       3       java.nio.file.Files::newByteChannel (36 bytes)
Event: 36.376 Thread 0x000001954f292a00 nmethod 9400 0x000001953ccd0210 code [0x000001953ccd0460, 0x000001953ccd0db0]
Event: 36.430 Thread 0x000001954f292a00 9401       3       java.util.regex.Pattern$GroupTail::match (111 bytes)
Event: 36.431 Thread 0x000001954f292a00 nmethod 9401 0x000001953ccd1110 code [0x000001953ccd12e0, 0x000001953ccd1690]

GC Heap History (20 events):
Event: 32.220 GC heap before
{Heap before GC invocations=32 (full 2):
 PSYoungGen      total 18944K, used 18498K [0x00000000d5580000, 0x00000000d6d80000, 0x0000000100000000)
  eden space 17408K, 99% used [0x00000000d5580000,0x00000000d66728c0,0x00000000d6680000)
  from space 1536K, 74% used [0x00000000d6680000,0x00000000d679e2e8,0x00000000d6800000)
  to   space 3072K, 0% used [0x00000000d6a80000,0x00000000d6a80000,0x00000000d6d80000)
 ParOldGen       total 68608K, used 41386K [0x0000000080000000, 0x0000000084300000, 0x00000000d5580000)
  object space 68608K, 60% used [0x0000000080000000,0x000000008286a890,0x0000000084300000)
 Metaspace       used 55550K, committed 56704K, reserved 1114112K
  class space    used 6109K, committed 6656K, reserved 1048576K
}
Event: 32.221 GC heap after
{Heap after GC invocations=32 (full 2):
 PSYoungGen      total 17920K, used 320K [0x00000000d5580000, 0x00000000d6b00000, 0x0000000100000000)
  eden space 17408K, 0% used [0x00000000d5580000,0x00000000d5580000,0x00000000d6680000)
  from space 512K, 62% used [0x00000000d6a80000,0x00000000d6ad0000,0x00000000d6b00000)
  to   space 1024K, 0% used [0x00000000d6900000,0x00000000d6900000,0x00000000d6a00000)
 ParOldGen       total 68608K, used 42423K [0x0000000080000000, 0x0000000084300000, 0x00000000d5580000)
  object space 68608K, 61% used [0x0000000080000000,0x000000008296de68,0x0000000084300000)
 Metaspace       used 55550K, committed 56704K, reserved 1114112K
  class space    used 6109K, committed 6656K, reserved 1048576K
}
Event: 32.458 GC heap before
{Heap before GC invocations=33 (full 2):
 PSYoungGen      total 17920K, used 17728K [0x00000000d5580000, 0x00000000d6b00000, 0x0000000100000000)
  eden space 17408K, 100% used [0x00000000d5580000,0x00000000d6680000,0x00000000d6680000)
  from space 512K, 62% used [0x00000000d6a80000,0x00000000d6ad0000,0x00000000d6b00000)
  to   space 1024K, 0% used [0x00000000d6900000,0x00000000d6900000,0x00000000d6a00000)
 ParOldGen       total 68608K, used 42423K [0x0000000080000000, 0x0000000084300000, 0x00000000d5580000)
  object space 68608K, 61% used [0x0000000080000000,0x000000008296de68,0x0000000084300000)
 Metaspace       used 56851K, committed 57984K, reserved 1114112K
  class space    used 6199K, committed 6720K, reserved 1048576K
}
Event: 32.463 GC heap after
{Heap after GC invocations=33 (full 2):
 PSYoungGen      total 18432K, used 992K [0x00000000d5580000, 0x00000000d6b80000, 0x0000000100000000)
  eden space 17408K, 0% used [0x00000000d5580000,0x00000000d5580000,0x00000000d6680000)
  from space 1024K, 96% used [0x00000000d6900000,0x00000000d69f8130,0x00000000d6a00000)
  to   space 1536K, 0% used [0x00000000d6a00000,0x00000000d6a00000,0x00000000d6b80000)
 ParOldGen       total 68608K, used 43468K [0x0000000080000000, 0x0000000084300000, 0x00000000d5580000)
  object space 68608K, 63% used [0x0000000080000000,0x0000000082a73100,0x0000000084300000)
 Metaspace       used 56851K, committed 57984K, reserved 1114112K
  class space    used 6199K, committed 6720K, reserved 1048576K
}
Event: 32.555 GC heap before
{Heap before GC invocations=34 (full 2):
 PSYoungGen      total 18432K, used 18400K [0x00000000d5580000, 0x00000000d6b80000, 0x0000000100000000)
  eden space 17408K, 100% used [0x00000000d5580000,0x00000000d6680000,0x00000000d6680000)
  from space 1024K, 96% used [0x00000000d6900000,0x00000000d69f8130,0x00000000d6a00000)
  to   space 1536K, 0% used [0x00000000d6a00000,0x00000000d6a00000,0x00000000d6b80000)
 ParOldGen       total 68608K, used 43468K [0x0000000080000000, 0x0000000084300000, 0x00000000d5580000)
  object space 68608K, 63% used [0x0000000080000000,0x0000000082a73100,0x0000000084300000)
 Metaspace       used 56877K, committed 57984K, reserved 1114112K
  class space    used 6199K, committed 6720K, reserved 1048576K
}
Event: 32.557 GC heap after
{Heap after GC invocations=34 (full 2):
 PSYoungGen      total 18432K, used 790K [0x00000000d5580000, 0x00000000d6b00000, 0x0000000100000000)
  eden space 17408K, 0% used [0x00000000d5580000,0x00000000d5580000,0x00000000d6680000)
  from space 1024K, 77% used [0x00000000d6a00000,0x00000000d6ac59d0,0x00000000d6b00000)
  to   space 1536K, 0% used [0x00000000d6800000,0x00000000d6800000,0x00000000d6980000)
 ParOldGen       total 68608K, used 44248K [0x0000000080000000, 0x0000000084300000, 0x00000000d5580000)
  object space 68608K, 64% used [0x0000000080000000,0x0000000082b36278,0x0000000084300000)
 Metaspace       used 56877K, committed 57984K, reserved 1114112K
  class space    used 6199K, committed 6720K, reserved 1048576K
}
Event: 32.740 GC heap before
{Heap before GC invocations=35 (full 2):
 PSYoungGen      total 18432K, used 18198K [0x00000000d5580000, 0x00000000d6b00000, 0x0000000100000000)
  eden space 17408K, 100% used [0x00000000d5580000,0x00000000d6680000,0x00000000d6680000)
  from space 1024K, 77% used [0x00000000d6a00000,0x00000000d6ac59d0,0x00000000d6b00000)
  to   space 1536K, 0% used [0x00000000d6800000,0x00000000d6800000,0x00000000d6980000)
 ParOldGen       total 68608K, used 44248K [0x0000000080000000, 0x0000000084300000, 0x00000000d5580000)
  object space 68608K, 64% used [0x0000000080000000,0x0000000082b362a8,0x0000000084300000)
 Metaspace       used 57982K, committed 59136K, reserved 1114112K
  class space    used 6297K, committed 6848K, reserved 1048576K
}
Event: 32.741 GC heap after
{Heap after GC invocations=35 (full 2):
 PSYoungGen      total 18944K, used 338K [0x00000000d5580000, 0x00000000d6a80000, 0x0000000100000000)
  eden space 17408K, 0% used [0x00000000d5580000,0x00000000d5580000,0x00000000d6680000)
  from space 1536K, 22% used [0x00000000d6800000,0x00000000d6854a20,0x00000000d6980000)
  to   space 1024K, 0% used [0x00000000d6980000,0x00000000d6980000,0x00000000d6a80000)
 ParOldGen       total 68608K, used 44280K [0x0000000080000000, 0x0000000084300000, 0x00000000d5580000)
  object space 68608K, 64% used [0x0000000080000000,0x0000000082b3e2a8,0x0000000084300000)
 Metaspace       used 57982K, committed 59136K, reserved 1114112K
  class space    used 6297K, committed 6848K, reserved 1048576K
}
Event: 33.793 GC heap before
{Heap before GC invocations=36 (full 2):
 PSYoungGen      total 18944K, used 17229K [0x00000000d5580000, 0x00000000d6a80000, 0x0000000100000000)
  eden space 17408K, 97% used [0x00000000d5580000,0x00000000d65febb8,0x00000000d6680000)
  from space 1536K, 22% used [0x00000000d6800000,0x00000000d6854a20,0x00000000d6980000)
  to   space 1024K, 0% used [0x00000000d6980000,0x00000000d6980000,0x00000000d6a80000)
 ParOldGen       total 68608K, used 44280K [0x0000000080000000, 0x0000000084300000, 0x00000000d5580000)
  object space 68608K, 64% used [0x0000000080000000,0x0000000082b3e2a8,0x0000000084300000)
 Metaspace       used 59119K, committed 60288K, reserved 1114112K
  class space    used 6400K, committed 6976K, reserved 1048576K
}
Event: 33.797 GC heap after
{Heap after GC invocations=36 (full 2):
 PSYoungGen      total 18432K, used 663K [0x00000000d5580000, 0x00000000d6a80000, 0x0000000100000000)
  eden space 17408K, 0% used [0x00000000d5580000,0x00000000d5580000,0x00000000d6680000)
  from space 1024K, 64% used [0x00000000d6980000,0x00000000d6a25fc8,0x00000000d6a80000)
  to   space 1024K, 0% used [0x00000000d6880000,0x00000000d6880000,0x00000000d6980000)
 ParOldGen       total 68608K, used 44384K [0x0000000080000000, 0x0000000084300000, 0x00000000d5580000)
  object space 68608K, 64% used [0x0000000080000000,0x0000000082b582a8,0x0000000084300000)
 Metaspace       used 59119K, committed 60288K, reserved 1114112K
  class space    used 6400K, committed 6976K, reserved 1048576K
}
Event: 33.797 GC heap before
{Heap before GC invocations=37 (full 3):
 PSYoungGen      total 18432K, used 663K [0x00000000d5580000, 0x00000000d6a80000, 0x0000000100000000)
  eden space 17408K, 0% used [0x00000000d5580000,0x00000000d5580000,0x00000000d6680000)
  from space 1024K, 64% used [0x00000000d6980000,0x00000000d6a25fc8,0x00000000d6a80000)
  to   space 1024K, 0% used [0x00000000d6880000,0x00000000d6880000,0x00000000d6980000)
 ParOldGen       total 68608K, used 44384K [0x0000000080000000, 0x0000000084300000, 0x00000000d5580000)
  object space 68608K, 64% used [0x0000000080000000,0x0000000082b582a8,0x0000000084300000)
 Metaspace       used 59119K, committed 60288K, reserved 1114112K
  class space    used 6400K, committed 6976K, reserved 1048576K
}
Event: 33.921 GC heap after
{Heap after GC invocations=37 (full 3):
 PSYoungGen      total 18432K, used 0K [0x00000000d5580000, 0x00000000d6a80000, 0x0000000100000000)
  eden space 17408K, 0% used [0x00000000d5580000,0x00000000d5580000,0x00000000d6680000)
  from space 1024K, 0% used [0x00000000d6980000,0x00000000d6980000,0x00000000d6a80000)
  to   space 1024K, 0% used [0x00000000d6880000,0x00000000d6880000,0x00000000d6980000)
 ParOldGen       total 68608K, used 41384K [0x0000000080000000, 0x0000000084300000, 0x00000000d5580000)
  object space 68608K, 60% used [0x0000000080000000,0x000000008286a388,0x0000000084300000)
 Metaspace       used 59119K, committed 60288K, reserved 1114112K
  class space    used 6400K, committed 6976K, reserved 1048576K
}
Event: 34.251 GC heap before
{Heap before GC invocations=38 (full 3):
 PSYoungGen      total 18432K, used 17408K [0x00000000d5580000, 0x00000000d6a80000, 0x0000000100000000)
  eden space 17408K, 100% used [0x00000000d5580000,0x00000000d6680000,0x00000000d6680000)
  from space 1024K, 0% used [0x00000000d6980000,0x00000000d6980000,0x00000000d6a80000)
  to   space 1024K, 0% used [0x00000000d6880000,0x00000000d6880000,0x00000000d6980000)
 ParOldGen       total 68608K, used 41459K [0x0000000080000000, 0x0000000084300000, 0x00000000d5580000)
  object space 68608K, 60% used [0x0000000080000000,0x000000008287cf78,0x0000000084300000)
 Metaspace       used 60760K, committed 62016K, reserved 1114112K
  class space    used 6589K, committed 7168K, reserved 1048576K
}
Event: 34.255 GC heap after
{Heap after GC invocations=38 (full 3):
 PSYoungGen      total 18432K, used 1017K [0x00000000d5580000, 0x00000000d6b80000, 0x0000000100000000)
  eden space 17408K, 0% used [0x00000000d5580000,0x00000000d5580000,0x00000000d6680000)
  from space 1024K, 99% used [0x00000000d6880000,0x00000000d697e490,0x00000000d6980000)
  to   space 2048K, 0% used [0x00000000d6980000,0x00000000d6980000,0x00000000d6b80000)
 ParOldGen       total 68608K, used 42433K [0x0000000080000000, 0x0000000084300000, 0x00000000d5580000)
  object space 68608K, 61% used [0x0000000080000000,0x00000000829704a8,0x0000000084300000)
 Metaspace       used 60760K, committed 62016K, reserved 1114112K
  class space    used 6589K, committed 7168K, reserved 1048576K
}
Event: 34.790 GC heap before
{Heap before GC invocations=39 (full 3):
 PSYoungGen      total 18432K, used 18425K [0x00000000d5580000, 0x00000000d6b80000, 0x0000000100000000)
  eden space 17408K, 100% used [0x00000000d5580000,0x00000000d6680000,0x00000000d6680000)
  from space 1024K, 99% used [0x00000000d6880000,0x00000000d697e490,0x00000000d6980000)
  to   space 2048K, 0% used [0x00000000d6980000,0x00000000d6980000,0x00000000d6b80000)
 ParOldGen       total 68608K, used 42435K [0x0000000080000000, 0x0000000084300000, 0x00000000d5580000)
  object space 68608K, 61% used [0x0000000080000000,0x0000000082970f90,0x0000000084300000)
 Metaspace       used 62715K, committed 64000K, reserved 1114112K
  class space    used 6793K, committed 7360K, reserved 1048576K
}
Event: 34.795 GC heap after
{Heap after GC invocations=39 (full 3):
 PSYoungGen      total 18944K, used 1305K [0x00000000d5580000, 0x00000000d6b00000, 0x0000000100000000)
  eden space 17408K, 0% used [0x00000000d5580000,0x00000000d5580000,0x00000000d6680000)
  from space 1536K, 85% used [0x00000000d6980000,0x00000000d6ac6750,0x00000000d6b00000)
  to   space 2048K, 0% used [0x00000000d6700000,0x00000000d6700000,0x00000000d6900000)
 ParOldGen       total 68608K, used 43336K [0x0000000080000000, 0x0000000084300000, 0x00000000d5580000)
  object space 68608K, 63% used [0x0000000080000000,0x0000000082a52278,0x0000000084300000)
 Metaspace       used 62715K, committed 64000K, reserved 1114112K
  class space    used 6793K, committed 7360K, reserved 1048576K
}
Event: 35.316 GC heap before
{Heap before GC invocations=40 (full 3):
 PSYoungGen      total 18944K, used 17520K [0x00000000d5580000, 0x00000000d6b00000, 0x0000000100000000)
  eden space 17408K, 93% used [0x00000000d5580000,0x00000000d6555c30,0x00000000d6680000)
  from space 1536K, 85% used [0x00000000d6980000,0x00000000d6ac6750,0x00000000d6b00000)
  to   space 2048K, 0% used [0x00000000d6700000,0x00000000d6700000,0x00000000d6900000)
 ParOldGen       total 68608K, used 43336K [0x0000000080000000, 0x0000000084300000, 0x00000000d5580000)
  object space 68608K, 63% used [0x0000000080000000,0x0000000082a52278,0x0000000084300000)
 Metaspace       used 64534K, committed 65792K, reserved 1114112K
  class space    used 6976K, committed 7552K, reserved 1048576K
}
Event: 35.321 GC heap after
{Heap after GC invocations=40 (full 3):
 PSYoungGen      total 19456K, used 1633K [0x00000000d5580000, 0x00000000d6a80000, 0x0000000100000000)
  eden space 17408K, 0% used [0x00000000d5580000,0x00000000d5580000,0x00000000d6680000)
  from space 2048K, 79% used [0x00000000d6700000,0x00000000d6898790,0x00000000d6900000)
  to   space 1536K, 0% used [0x00000000d6900000,0x00000000d6900000,0x00000000d6a80000)
 ParOldGen       total 68608K, used 44313K [0x0000000080000000, 0x0000000084300000, 0x00000000d5580000)
  object space 68608K, 64% used [0x0000000080000000,0x0000000082b46788,0x0000000084300000)
 Metaspace       used 64534K, committed 65792K, reserved 1114112K
  class space    used 6976K, committed 7552K, reserved 1048576K
}
Event: 35.998 GC heap before
{Heap before GC invocations=41 (full 3):
 PSYoungGen      total 19456K, used 19041K [0x00000000d5580000, 0x00000000d6a80000, 0x0000000100000000)
  eden space 17408K, 100% used [0x00000000d5580000,0x00000000d6680000,0x00000000d6680000)
  from space 2048K, 79% used [0x00000000d6700000,0x00000000d6898790,0x00000000d6900000)
  to   space 1536K, 0% used [0x00000000d6900000,0x00000000d6900000,0x00000000d6a80000)
 ParOldGen       total 68608K, used 44313K [0x0000000080000000, 0x0000000084300000, 0x00000000d5580000)
  object space 68608K, 64% used [0x0000000080000000,0x0000000082b46788,0x0000000084300000)
 Metaspace       used 65782K, committed 67072K, reserved 1114112K
  class space    used 7087K, committed 7680K, reserved 1048576K
}
Event: 36.002 GC heap after
{Heap after GC invocations=41 (full 3):
 PSYoungGen      total 18944K, used 1439K [0x00000000d5580000, 0x00000000d6a80000, 0x0000000100000000)
  eden space 17408K, 0% used [0x00000000d5580000,0x00000000d5580000,0x00000000d6680000)
  from space 1536K, 93% used [0x00000000d6900000,0x00000000d6a67cb8,0x00000000d6a80000)
  to   space 1536K, 0% used [0x00000000d6780000,0x00000000d6780000,0x00000000d6900000)
 ParOldGen       total 68608K, used 45654K [0x0000000080000000, 0x0000000084300000, 0x00000000d5580000)
  object space 68608K, 66% used [0x0000000080000000,0x0000000082c95a58,0x0000000084300000)
 Metaspace       used 65782K, committed 67072K, reserved 1114112K
  class space    used 7087K, committed 7680K, reserved 1048576K
}

Dll operation events (12 events):
Event: 0.015 Loaded shared library c:\Users\rinka\.vscode\extensions\redhat.java-1.55.0-win32-x64\jre\21.0.11-win32-x86_64\bin\java.dll
Event: 1.316 Loaded shared library c:\Users\rinka\.vscode\extensions\redhat.java-1.55.0-win32-x64\jre\21.0.11-win32-x86_64\bin\zip.dll
Event: 2.368 Loaded shared library C:\Users\rinka\.vscode\extensions\redhat.java-1.55.0-win32-x64\jre\21.0.11-win32-x86_64\bin\instrument.dll
Event: 2.375 Loaded shared library C:\Users\rinka\.vscode\extensions\redhat.java-1.55.0-win32-x64\jre\21.0.11-win32-x86_64\bin\net.dll
Event: 2.377 Loaded shared library C:\Users\rinka\.vscode\extensions\redhat.java-1.55.0-win32-x64\jre\21.0.11-win32-x86_64\bin\nio.dll
Event: 2.381 Loaded shared library C:\Users\rinka\.vscode\extensions\redhat.java-1.55.0-win32-x64\jre\21.0.11-win32-x86_64\bin\zip.dll
Event: 2.404 Loaded shared library C:\Users\rinka\.vscode\extensions\redhat.java-1.55.0-win32-x64\jre\21.0.11-win32-x86_64\bin\jimage.dll
Event: 2.486 Loaded shared library c:\Users\rinka\.vscode\extensions\redhat.java-1.55.0-win32-x64\jre\21.0.11-win32-x86_64\bin\verify.dll
Event: 13.000 Loaded shared library C:\Users\rinka\AppData\Roaming\Code\User\globalStorage\redhat.java\1.55.0\config_win\org.eclipse.equinox.launcher\org.eclipse.equinox.launcher.win32.win32.x86_64_1.3.100.v20260613-0559\eclipse_11924.dll
Event: 23.986 Loaded shared library C:\Users\rinka\AppData\Local\Temp\jna-108518573\jna9761059722819204995.dll
Event: 26.671 Loaded shared library C:\Users\rinka\.vscode\extensions\redhat.java-1.55.0-win32-x64\jre\21.0.11-win32-x86_64\bin\sunmscapi.dll
Event: 26.855 Loaded shared library C:\Users\rinka\.vscode\extensions\redhat.java-1.55.0-win32-x64\jre\21.0.11-win32-x86_64\bin\extnet.dll

Deoptimization events (20 events):
Event: 35.798 Thread 0x0000019596fc09e0 Uncommon trap: reason=unstable_if action=reinterpret pc=0x0000019543965b38 method=java.util.Hashtable$Enumerator.nextElement()Ljava/lang/Object; @ 87 c2
Event: 35.798 Thread 0x0000019596fc09e0 DEOPT PACKING pc=0x0000019543965b38 sp=0x0000000e761feb20
Event: 35.798 Thread 0x0000019596fc09e0 DEOPT UNPACKING pc=0x0000019542f86da2 sp=0x0000000e761feaa0 mode 2
Event: 35.808 Thread 0x0000019596fc09e0 DEOPT PACKING pc=0x000001953c243304 sp=0x0000000e761fead0
Event: 35.808 Thread 0x0000019596fc09e0 DEOPT UNPACKING pc=0x0000019542f878e2 sp=0x0000000e761fdf88 mode 0
Event: 35.812 Thread 0x0000019596fc09e0 DEOPT PACKING pc=0x000001953c73938b sp=0x0000000e761fe060
Event: 35.812 Thread 0x0000019596fc09e0 DEOPT UNPACKING pc=0x0000019542f878e2 sp=0x0000000e761fd548 mode 0
Event: 35.865 Thread 0x0000019596fc09e0 Uncommon trap: trap_request=0xffffffd6 fr.pc=0x00000195439ed7b0 relative=0x00000000000004d0
Event: 35.865 Thread 0x0000019596fc09e0 Uncommon trap: reason=array_check action=maybe_recompile pc=0x00000195439ed7b0 method=java.util.TimSort.binarySort([Ljava/lang/Object;IIILjava/util/Comparator;)V @ 193 c2
Event: 35.865 Thread 0x0000019596fc09e0 DEOPT PACKING pc=0x00000195439ed7b0 sp=0x0000000e761fe6a0
Event: 35.865 Thread 0x0000019596fc09e0 DEOPT UNPACKING pc=0x0000019542f86da2 sp=0x0000000e761fe638 mode 2
Event: 35.867 Thread 0x0000019596fc09e0 DEOPT PACKING pc=0x000001953cc322a2 sp=0x0000000e761fd320
Event: 35.867 Thread 0x0000019596fc09e0 DEOPT UNPACKING pc=0x0000019542f878e2 sp=0x0000000e761fc748 mode 0
Event: 36.006 Thread 0x0000019596fbe910 Uncommon trap: trap_request=0xffffff45 fr.pc=0x00000195439b86b4 relative=0x0000000000000254
Event: 36.006 Thread 0x0000019596fbe910 Uncommon trap: reason=unstable_if action=reinterpret pc=0x00000195439b86b4 method=org.eclipse.core.internal.dtree.DeltaDataTree.searchNodeAt(Lorg/eclipse/core/runtime/IPath;)Lorg/eclipse/core/internal/dtree/AbstractDataTreeNode; @ 103 c2
Event: 36.006 Thread 0x0000019596fbe910 DEOPT PACKING pc=0x00000195439b86b4 sp=0x0000000e762feae0
Event: 36.006 Thread 0x0000019596fbe910 DEOPT UNPACKING pc=0x0000019542f86da2 sp=0x0000000e762fea78 mode 2
Event: 36.383 Thread 0x000001959ac63a40 Uncommon trap: trap_request=0xffffff45 fr.pc=0x00000195435ce014 relative=0x0000000000000694
Event: 36.383 Thread 0x000001959ac63a40 Uncommon trap: reason=unstable_if action=reinterpret pc=0x00000195435ce014 method=java.lang.String.decodeASCII([BI[CII)I @ 13 c2
Event: 36.383 Thread 0x000001959ac63a40 DEOPT PACKING pc=0x00000195435ce014 sp=0x0000000e783fed90

Classes loaded (20 events):
Event: 34.316 Loading class java/util/AbstractList$SubList done
Event: 34.316 Loading class java/util/AbstractList$RandomAccessSubList done
Event: 34.316 Loading class java/util/AbstractList$SubList$1
Event: 34.316 Loading class java/util/AbstractList$SubList$1 done
Event: 34.387 Loading class java/nio/charset/CharacterCodingException
Event: 34.387 Loading class java/nio/charset/CharacterCodingException done
Event: 34.387 Loading class java/io/SequenceInputStream
Event: 34.387 Loading class java/io/SequenceInputStream done
Event: 34.545 Loading class java/util/stream/ReduceOps$4
Event: 34.546 Loading class java/util/stream/ReduceOps$4 done
Event: 34.546 Loading class java/util/stream/ReduceOps$4ReducingSink
Event: 34.546 Loading class java/util/stream/ReduceOps$4ReducingSink done
Event: 35.182 Loading class java/util/concurrent/CompletableFuture$UniApply
Event: 35.182 Loading class java/util/concurrent/CompletableFuture$UniCompletion
Event: 35.182 Loading class java/util/concurrent/CompletableFuture$UniCompletion done
Event: 35.183 Loading class java/util/concurrent/CompletableFuture$UniApply done
Event: 35.184 Loading class java/util/concurrent/CompletableFuture$UniAccept
Event: 35.184 Loading class java/util/concurrent/CompletableFuture$UniAccept done
Event: 35.184 Loading class java/util/concurrent/CompletableFuture$UniExceptionally
Event: 35.184 Loading class java/util/concurrent/CompletableFuture$UniExceptionally done

Classes unloaded (17 events):
Event: 24.955 Thread 0x000001954f273600 Unloading class 0x00000195511a4800 'java/lang/invoke/LambdaForm$MH+0x00000195511a4800'
Event: 24.955 Thread 0x000001954f273600 Unloading class 0x00000195511a4400 'java/lang/invoke/LambdaForm$MH+0x00000195511a4400'
Event: 24.955 Thread 0x000001954f273600 Unloading class 0x00000195511a4000 'java/lang/invoke/LambdaForm$MH+0x00000195511a4000'
Event: 24.955 Thread 0x000001954f273600 Unloading class 0x00000195511a3c00 'java/lang/invoke/LambdaForm$MH+0x00000195511a3c00'
Event: 24.955 Thread 0x000001954f273600 Unloading class 0x00000195511a3800 'java/lang/invoke/LambdaForm$BMH+0x00000195511a3800'
Event: 24.955 Thread 0x000001954f273600 Unloading class 0x00000195511a3400 'java/lang/invoke/LambdaForm$DMH+0x00000195511a3400'
Event: 24.955 Thread 0x000001954f273600 Unloading class 0x00000195511a2000 'java/lang/invoke/LambdaForm$DMH+0x00000195511a2000'
Event: 26.504 Thread 0x000001954f273600 Unloading class 0x0000019551345000 'java/lang/invoke/LambdaForm$MH+0x0000019551345000'
Event: 26.504 Thread 0x000001954f273600 Unloading class 0x0000019551344400 'java/lang/invoke/LambdaForm$MH+0x0000019551344400'
Event: 26.504 Thread 0x000001954f273600 Unloading class 0x0000019551344000 'java/lang/invoke/LambdaForm$MH+0x0000019551344000'
Event: 26.504 Thread 0x000001954f273600 Unloading class 0x0000019551343400 'java/lang/invoke/LambdaForm$DMH+0x0000019551343400'
Event: 26.504 Thread 0x000001954f273600 Unloading class 0x0000019551342000 'java/lang/invoke/LambdaForm$MH+0x0000019551342000'
Event: 26.504 Thread 0x000001954f273600 Unloading class 0x000001955133c000 'java/lang/invoke/LambdaForm$MH+0x000001955133c000'
Event: 26.504 Thread 0x000001954f273600 Unloading class 0x0000019551339800 'java/lang/invoke/LambdaForm$MH+0x0000019551339800'
Event: 26.504 Thread 0x000001954f273600 Unloading class 0x0000019551339000 'java/lang/invoke/LambdaForm$MH+0x0000019551339000'
Event: 26.504 Thread 0x000001954f273600 Unloading class 0x0000019551338400 'java/lang/invoke/LambdaForm$MH+0x0000019551338400'
Event: 26.504 Thread 0x000001954f273600 Unloading class 0x0000019551335400 'java/lang/invoke/LambdaForm$MH+0x0000019551335400'

Classes redefined (0 events):
No events

Internal exceptions (20 events):
Event: 35.099 Thread 0x00000195971dde20 Exception <a 'sun/nio/fs/WindowsException'{0x00000000d5f11fe0}> (0x00000000d5f11fe0) 
thrown [s\src\hotspot\share\prims\jni.cpp, line 520]
Event: 35.099 Thread 0x00000195971dde20 Exception <a 'sun/nio/fs/WindowsException'{0x00000000d5f12630}> (0x00000000d5f12630) 
thrown [s\src\hotspot\share\prims\jni.cpp, line 520]
Event: 35.102 Thread 0x00000195971dde20 Exception <a 'sun/nio/fs/WindowsException'{0x00000000d5f15820}> (0x00000000d5f15820) 
thrown [s\src\hotspot\share\prims\jni.cpp, line 520]
Event: 35.102 Thread 0x00000195971dde20 Exception <a 'sun/nio/fs/WindowsException'{0x00000000d5f15e70}> (0x00000000d5f15e70) 
thrown [s\src\hotspot\share\prims\jni.cpp, line 520]
Event: 35.104 Thread 0x0000019596fc1700 Exception <a 'sun/nio/fs/WindowsException'{0x00000000d5f39730}> (0x00000000d5f39730) 
thrown [s\src\hotspot\share\prims\jni.cpp, line 520]
Event: 35.113 Thread 0x0000019596fc1700 Exception <a 'sun/nio/fs/WindowsException'{0x00000000d5f98860}> (0x00000000d5f98860) 
thrown [s\src\hotspot\share\prims\jni.cpp, line 520]
Event: 35.169 Thread 0x00000195971dde20 Exception <a 'sun/nio/fs/WindowsException'{0x00000000d6075e18}> (0x00000000d6075e18) 
thrown [s\src\hotspot\share\prims\jni.cpp, line 520]
Event: 35.169 Thread 0x00000195971dde20 Exception <a 'sun/nio/fs/WindowsException'{0x00000000d6076718}> (0x00000000d6076718) 
thrown [s\src\hotspot\share\prims\jni.cpp, line 520]
Event: 35.171 Thread 0x00000195971dde20 Exception <a 'sun/nio/fs/WindowsException'{0x00000000d607e5b8}> (0x00000000d607e5b8) 
thrown [s\src\hotspot\share\prims\jni.cpp, line 520]
Event: 35.171 Thread 0x00000195971dde20 Exception <a 'sun/nio/fs/WindowsException'{0x00000000d607ee98}> (0x00000000d607ee98) 
thrown [s\src\hotspot\share\prims\jni.cpp, line 520]
Event: 35.171 Thread 0x0000019596fc1700 Exception <a 'sun/nio/fs/WindowsException'{0x00000000d6074e00}> (0x00000000d6074e00) 
thrown [s\src\hotspot\share\prims\jni.cpp, line 520]
Event: 35.175 Thread 0x00000195971dde20 Exception <a 'sun/nio/fs/WindowsException'{0x00000000d609f630}> (0x00000000d609f630) 
thrown [s\src\hotspot\share\prims\jni.cpp, line 520]
Event: 35.175 Thread 0x00000195971dde20 Exception <a 'sun/nio/fs/WindowsException'{0x00000000d609fc60}> (0x00000000d609fc60) 
thrown [s\src\hotspot\share\prims\jni.cpp, line 520]
Event: 35.177 Thread 0x00000195971dde20 Exception <a 'sun/nio/fs/WindowsException'{0x00000000d60a07e8}> (0x00000000d60a07e8) 
thrown [s\src\hotspot\share\prims\jni.cpp, line 520]
Event: 35.177 Thread 0x00000195971dde20 Exception <a 'sun/nio/fs/WindowsException'{0x00000000d60a0e18}> (0x00000000d60a0e18) 
thrown [s\src\hotspot\share\prims\jni.cpp, line 520]
Event: 35.180 Thread 0x00000195971dde20 Exception <a 'java/lang/IncompatibleClassChangeError'{0x00000000d60bf260}: Found class java.lang.Object, but interface was expected> (0x00000000d60bf260) 
thrown [s\src\hotspot\share\interpreter\linkResolver.cpp, line 840]
Event: 35.199 Thread 0x00000195971dde20 Exception <a 'java/lang/IncompatibleClassChangeError'{0x00000000d60f0500}: Found class java.lang.Object, but interface was expected> (0x00000000d60f0500) 
thrown [s\src\hotspot\share\interpreter\linkResolver.cpp, line 840]
Event: 35.239 Thread 0x00000195971dde20 Exception <a 'java/lang/IncompatibleClassChangeError'{0x00000000d621b0f8}: Found class java.lang.Object, but interface was expected> (0x00000000d621b0f8) 
thrown [s\src\hotspot\share\interpreter\linkResolver.cpp, line 840]
Event: 35.277 Thread 0x00000195971dde20 Exception <a 'java/lang/IncompatibleClassChangeError'{0x00000000d6421538}: Found class java.lang.Object, but interface was expected> (0x00000000d6421538) 
thrown [s\src\hotspot\share\interpreter\linkResolver.cpp, line 840]
Event: 35.568 Thread 0x000001959a0d7d80 Exception <a 'java/lang/NoSuchMethodError'{0x00000000d5ced880}: 'java.lang.Object java.lang.invoke.DirectMethodHandle$Holder.invokeStaticInit(java.lang.Object, java.lang.Object, java.lang.Object)'> (0x00000000d5ced880) 
thrown [s\src\hotspot\share\interpreter\linkResolver.cpp, line 773]

ZGC Phase Switch (0 events):
No events

VM Operations (20 events):
Event: 34.182 Executing non-safepoint VM operation: HandshakeAllThreads (Deoptimize)
Event: 34.183 Executing non-safepoint VM operation: HandshakeAllThreads (Deoptimize) done
Event: 34.251 Executing safepoint VM operation: ParallelGCFailedAllocation (Allocation Failure)
Event: 34.251 Executing safepoint VM operation: ParallelGCFailedAllocation (Allocation Failure) done
Event: 34.251 Executing safepoint VM operation: ParallelGCSystemGC (GCLocker Initiated GC)
Event: 34.255 Executing safepoint VM operation: ParallelGCSystemGC (GCLocker Initiated GC) done
Event: 34.302 Executing non-safepoint VM operation: HandshakeAllThreads (Deoptimize)
Event: 34.302 Executing non-safepoint VM operation: HandshakeAllThreads (Deoptimize) done
Event: 34.556 Executing non-safepoint VM operation: HandshakeAllThreads (Deoptimize)
Event: 34.556 Executing non-safepoint VM operation: HandshakeAllThreads (Deoptimize) done
Event: 34.755 Executing safepoint VM operation: ICBufferFull
Event: 34.755 Executing safepoint VM operation: ICBufferFull done
Event: 34.789 Executing safepoint VM operation: ParallelGCFailedAllocation (Allocation Failure)
Event: 34.795 Executing safepoint VM operation: ParallelGCFailedAllocation (Allocation Failure) done
Event: 35.204 Executing safepoint VM operation: ICBufferFull
Event: 35.207 Executing safepoint VM operation: ICBufferFull done
Event: 35.313 Executing safepoint VM operation: ParallelGCFailedAllocation (Allocation Failure)
Event: 35.321 Executing safepoint VM operation: ParallelGCFailedAllocation (Allocation Failure) done
Event: 35.998 Executing safepoint VM operation: ParallelGCFailedAllocation (Allocation Failure)
Event: 36.002 Executing safepoint VM operation: ParallelGCFailedAllocation (Allocation Failure) done

Memory protections (0 events):
No events

Nmethod flushes (20 events):
Event: 33.839 Thread 0x000001954f273600 flushing osr nmethod 0x000001953c1de390
Event: 33.839 Thread 0x000001954f273600 flushing osr nmethod 0x000001953c20b990
Event: 33.839 Thread 0x000001954f273600 flushing  nmethod 0x000001953c229890
Event: 33.839 Thread 0x000001954f273600 flushing  nmethod 0x000001953c232410
Event: 33.839 Thread 0x000001954f273600 flushing  nmethod 0x000001953c235a10
Event: 33.839 Thread 0x000001954f273600 flushing  nmethod 0x000001953c239490
Event: 33.839 Thread 0x000001954f273600 flushing  nmethod 0x000001953c239e10
Event: 33.839 Thread 0x000001954f273600 flushing  nmethod 0x000001953c253910
Event: 33.839 Thread 0x000001954f273600 flushing  nmethod 0x000001953c254810
Event: 33.839 Thread 0x000001954f273600 flushing  nmethod 0x000001953c254e10
Event: 33.839 Thread 0x000001954f273600 flushing  nmethod 0x000001953c255690
Event: 33.839 Thread 0x000001954f273600 flushing  nmethod 0x000001953c256510
Event: 33.839 Thread 0x000001954f273600 flushing  nmethod 0x000001953c256890
Event: 33.839 Thread 0x000001954f273600 flushing  nmethod 0x000001953c25ac10
Event: 33.839 Thread 0x000001954f273600 flushing  nmethod 0x000001953c281f90
Event: 33.839 Thread 0x000001954f273600 flushing  nmethod 0x000001953c29d210
Event: 33.839 Thread 0x000001954f273600 flushing  nmethod 0x000001953c311b10
Event: 33.839 Thread 0x000001954f273600 flushing  nmethod 0x000001953c328310
Event: 33.839 Thread 0x000001954f273600 flushing  nmethod 0x000001953c332890
Event: 33.839 Thread 0x000001954f273600 flushing  nmethod 0x000001953c342a10

Events (20 events):
Event: 33.705 Thread 0x00000195971dfef0 Thread exited: 0x00000195971dfef0
Event: 34.551 Thread 0x0000019596fc1700 Thread added: 0x000001959a0d3be0
Event: 34.551 Thread 0x000001959a0d3be0 Thread added: 0x000001959a0d4270
Event: 34.552 Thread 0x000001959a0d4270 Thread added: 0x000001959a0d0df0
Event: 34.553 Thread 0x000001959a0d0df0 Thread added: 0x000001959a0d5620
Event: 34.554 Thread 0x000001959a0d5620 Thread added: 0x000001959a0d4900
Event: 34.556 Thread 0x000001959a0d4900 Thread added: 0x000001959a0d4f90
Event: 34.557 Thread 0x000001959a0d4f90 Thread added: 0x000001959a0d5cb0
Event: 34.570 Thread 0x000001959a0d4900 Thread added: 0x000001959a0d2830
Event: 35.184 Thread 0x00000195971dde20 Thread added: 0x000001959a0d2ec0
Event: 35.194 Thread 0x00000195971dde20 Thread added: 0x000001959a0d7d80
Event: 35.204 Thread 0x00000195971dde20 Thread added: 0x000001959a0d69d0
Event: 35.212 Thread 0x00000195971dde20 Thread added: 0x000001959a0d7060
Event: 35.215 Thread 0x000001959a0d7060 Thread added: 0x000001959a0d8410
Event: 35.344 Thread 0x0000019596fc1700 Thread added: 0x00000195971dfef0
Event: 35.344 Thread 0x0000019596fc1700 Thread added: 0x000001959ac63a40
Event: 35.344 Thread 0x0000019596fc1700 Thread added: 0x000001959ac64760
Event: 35.344 Thread 0x0000019596fc1700 Thread added: 0x000001959ac65480
Event: 35.345 Thread 0x0000019596fc1700 Thread added: 0x000001959ac62d20
Event: 35.345 Thread 0x0000019596fc1700 Thread added: 0x000001959ac65b10


Dynamic libraries:
0x00007ff611500000 - 0x00007ff61150e000 	c:\Users\rinka\.vscode\extensions\redhat.java-1.55.0-win32-x64\jre\21.0.11-win32-x86_64\bin\java.exe
0x00007ffb73660000 - 0x00007ffb738c6000 	C:\WINDOWS\SYSTEM32\ntdll.dll
0x00007ffb732f0000 - 0x00007ffb733b9000 	C:\WINDOWS\System32\KERNEL32.DLL
0x00007ffb70ef0000 - 0x00007ffb712ea000 	C:\WINDOWS\System32\KERNELBASE.dll
0x00007ffb708f0000 - 0x00007ffb70a3c000 	C:\WINDOWS\System32\ucrtbase.dll
0x00007ffb5fd70000 - 0x00007ffb5fd88000 	c:\Users\rinka\.vscode\extensions\redhat.java-1.55.0-win32-x64\jre\21.0.11-win32-x86_64\bin\jli.dll
0x00007ffb5fd50000 - 0x00007ffb5fd6e000 	c:\Users\rinka\.vscode\extensions\redhat.java-1.55.0-win32-x64\jre\21.0.11-win32-x86_64\bin\VCRUNTIME140.dll
0x00007ffb71b60000 - 0x00007ffb71d27000 	C:\WINDOWS\System32\USER32.dll
0x00007ffb713a0000 - 0x00007ffb713c7000 	C:\WINDOWS\System32\win32u.dll
0x00007ffb72160000 - 0x00007ffb7218b000 	C:\WINDOWS\System32\GDI32.dll
0x00007ffb555a0000 - 0x00007ffb55832000 	C:\WINDOWS\WinSxS\amd64_microsoft.windows.common-controls_6595b64144ccf1df_6.0.26100.8521_none_3e08b75ce33403b3\COMCTL32.dll
0x00007ffb70dc0000 - 0x00007ffb70eeb000 	C:\WINDOWS\System32\gdi32full.dll
0x00007ffb72200000 - 0x00007ffb722a9000 	C:\WINDOWS\System32\msvcrt.dll
0x00007ffb70a40000 - 0x00007ffb70ae3000 	C:\WINDOWS\System32\msvcp_win.dll
0x00007ffb72120000 - 0x00007ffb72152000 	C:\WINDOWS\System32\IMM32.DLL
0x00007ffb6d4f0000 - 0x00007ffb6d4fc000 	c:\Users\rinka\.vscode\extensions\redhat.java-1.55.0-win32-x64\jre\21.0.11-win32-x86_64\bin\vcruntime140_1.dll
0x00007ffb57bc0000 - 0x00007ffb57c4d000 	c:\Users\rinka\.vscode\extensions\redhat.java-1.55.0-win32-x64\jre\21.0.11-win32-x86_64\bin\msvcp140.dll
0x00007ffb0a090000 - 0x00007ffb0ae32000 	c:\Users\rinka\.vscode\extensions\redhat.java-1.55.0-win32-x64\jre\21.0.11-win32-x86_64\bin\server\jvm.dll
0x00007ffb71fe0000 - 0x00007ffb72096000 	C:\WINDOWS\System32\ADVAPI32.dll
0x00007ffb733c0000 - 0x00007ffb7346a000 	C:\WINDOWS\System32\sechost.dll
0x00007ffb73480000 - 0x00007ffb73598000 	C:\WINDOWS\System32\RPCRT4.dll
0x00007ffb72470000 - 0x00007ffb724f0000 	C:\WINDOWS\System32\WS2_32.dll
0x00007ffb70770000 - 0x00007ffb707ce000 	C:\WINDOWS\SYSTEM32\POWRPROF.dll
0x00007ffb5d6f0000 - 0x00007ffb5d726000 	C:\WINDOWS\SYSTEM32\WINMM.dll
0x00007ffb67bd0000 - 0x00007ffb67bdb000 	C:\WINDOWS\SYSTEM32\VERSION.dll
0x00007ffb70730000 - 0x00007ffb70744000 	C:\WINDOWS\SYSTEM32\UMPDC.dll
0x00007ffb6f680000 - 0x00007ffb6f69b000 	C:\WINDOWS\SYSTEM32\kernel.appcore.dll
0x00007ffb6d3c0000 - 0x00007ffb6d3ca000 	c:\Users\rinka\.vscode\extensions\redhat.java-1.55.0-win32-x64\jre\21.0.11-win32-x86_64\bin\jimage.dll
0x00007ffb6df90000 - 0x00007ffb6e1d2000 	C:\WINDOWS\SYSTEM32\DBGHELP.DLL
0x00007ffb72ad0000 - 0x00007ffb72e53000 	C:\WINDOWS\System32\combase.dll
0x00007ffb72550000 - 0x00007ffb72629000 	C:\WINDOWS\System32\OLEAUT32.dll
0x00007ffb57210000 - 0x00007ffb5724b000 	C:\WINDOWS\SYSTEM32\dbgcore.DLL
0x00007ffb712f0000 - 0x00007ffb71398000 	C:\WINDOWS\System32\bcryptPrimitives.dll
0x00007ffb6d390000 - 0x00007ffb6d39f000 	c:\Users\rinka\.vscode\extensions\redhat.java-1.55.0-win32-x64\jre\21.0.11-win32-x86_64\bin\instrument.dll
0x00007ffb5c6c0000 - 0x00007ffb5c6e0000 	c:\Users\rinka\.vscode\extensions\redhat.java-1.55.0-win32-x64\jre\21.0.11-win32-x86_64\bin\java.dll
0x00007ffb713d0000 - 0x00007ffb71b54000 	C:\WINDOWS\System32\SHELL32.dll
0x00007ffb6e4f0000 - 0x00007ffb6ed70000 	C:\WINDOWS\SYSTEM32\windows.storage.dll
0x00007ffb71d50000 - 0x00007ffb71e46000 	C:\WINDOWS\System32\SHCORE.dll
0x00007ffb72190000 - 0x00007ffb721f7000 	C:\WINDOWS\System32\shlwapi.dll
0x00007ffb70810000 - 0x00007ffb70839000 	C:\WINDOWS\SYSTEM32\profapi.dll
0x00007ffb5c560000 - 0x00007ffb5c578000 	c:\Users\rinka\.vscode\extensions\redhat.java-1.55.0-win32-x64\jre\21.0.11-win32-x86_64\bin\zip.dll
0x00007ffb6aa70000 - 0x00007ffb6aa80000 	C:\Users\rinka\.vscode\extensions\redhat.java-1.55.0-win32-x64\jre\21.0.11-win32-x86_64\bin\net.dll
0x00007ffb640a0000 - 0x00007ffb641c9000 	C:\WINDOWS\SYSTEM32\WINHTTP.dll
0x00007ffb6fbf0000 - 0x00007ffb6fc5c000 	C:\WINDOWS\system32\mswsock.dll
0x00007ffb5ab50000 - 0x00007ffb5ab66000 	C:\Users\rinka\.vscode\extensions\redhat.java-1.55.0-win32-x64\jre\21.0.11-win32-x86_64\bin\nio.dll
0x00007ffb61750000 - 0x00007ffb61760000 	c:\Users\rinka\.vscode\extensions\redhat.java-1.55.0-win32-x64\jre\21.0.11-win32-x86_64\bin\verify.dll
0x00007ffb57fe0000 - 0x00007ffb58025000 	C:\Users\rinka\AppData\Roaming\Code\User\globalStorage\redhat.java\1.55.0\config_win\org.eclipse.equinox.launcher\org.eclipse.equinox.launcher.win32.win32.x86_64_1.3.100.v20260613-0559\eclipse_11924.dll
0x00007ffb72810000 - 0x00007ffb729a8000 	C:\WINDOWS\System32\ole32.dll
0x00007ffb6fed0000 - 0x00007ffb6feeb000 	C:\WINDOWS\SYSTEM32\CRYPTSP.dll
0x00007ffb6f5e0000 - 0x00007ffb6f619000 	C:\WINDOWS\system32\rsaenh.dll
0x00007ffb6fca0000 - 0x00007ffb6fcd3000 	C:\WINDOWS\SYSTEM32\USERENV.dll
0x00007ffb707e0000 - 0x00007ffb7080a000 	C:\WINDOWS\SYSTEM32\bcrypt.dll
0x00007ffb6fef0000 - 0x00007ffb6fefc000 	C:\WINDOWS\SYSTEM32\CRYPTBASE.dll
0x00007ffb6f080000 - 0x00007ffb6f0b3000 	C:\WINDOWS\SYSTEM32\IPHLPAPI.DLL
0x00007ffb73470000 - 0x00007ffb7347a000 	C:\WINDOWS\System32\NSI.dll
0x00007ffb4e0a0000 - 0x00007ffb4e0e9000 	C:\Users\rinka\AppData\Local\Temp\jna-108518573\jna9761059722819204995.dll
0x00007ffb73610000 - 0x00007ffb73618000 	C:\WINDOWS\System32\PSAPI.DLL
0x00007ffb67cc0000 - 0x00007ffb67cdd000 	C:\WINDOWS\SYSTEM32\dhcpcsvc6.DLL
0x00007ffb64280000 - 0x00007ffb642a5000 	C:\WINDOWS\SYSTEM32\dhcpcsvc.DLL
0x00007ffb5c6b0000 - 0x00007ffb5c6be000 	C:\Users\rinka\.vscode\extensions\redhat.java-1.55.0-win32-x64\jre\21.0.11-win32-x86_64\bin\sunmscapi.dll
0x00007ffb70af0000 - 0x00007ffb70c68000 	C:\WINDOWS\System32\CRYPT32.dll
0x00007ffb700f0000 - 0x00007ffb70120000 	C:\WINDOWS\SYSTEM32\ncrypt.dll
0x00007ffb700a0000 - 0x00007ffb700df000 	C:\WINDOWS\SYSTEM32\NTASN1.dll
0x00007ffb6f110000 - 0x00007ffb6f25a000 	C:\WINDOWS\SYSTEM32\DNSAPI.dll
0x00007ffb6f9f0000 - 0x00007ffb6f9fd000 	C:\WINDOWS\SYSTEM32\DSPARSE.dll
0x00007ffb61d50000 - 0x00007ffb61d5b000 	C:\Windows\System32\rasadhlp.dll
0x00007ffb62160000 - 0x00007ffb621e6000 	C:\WINDOWS\System32\fwpuclnt.dll
0x00007ffb5c6a0000 - 0x00007ffb5c6a9000 	C:\Users\rinka\.vscode\extensions\redhat.java-1.55.0-win32-x64\jre\21.0.11-win32-x86_64\bin\extnet.dll

JVMTI agents:
c:\Users\rinka\.vscode\extensions\redhat.java-1.55.0-win32-x64\lombok\lombok-1.18.39-4050.jar path:c:\Users\rinka\.vscode\extensions\redhat.java-1.55.0-win32-x64\jre\21.0.11-win32-x86_64\bin\instrument.dll, loaded, initialized, instrumentlib options:none

dbghelp: loaded successfully - version: 4.0.5 - missing functions: none
symbol engine: initialized successfully - sym options: 0x614 - pdb path: .;c:\Users\rinka\.vscode\extensions\redhat.java-1.55.0-win32-x64\jre\21.0.11-win32-x86_64\bin;C:\WINDOWS\SYSTEM32;C:\WINDOWS\WinSxS\amd64_microsoft.windows.common-controls_6595b64144ccf1df_6.0.26100.8521_none_3e08b75ce33403b3;c:\Users\rinka\.vscode\extensions\redhat.java-1.55.0-win32-x64\jre\21.0.11-win32-x86_64\bin\server;C:\Users\rinka\AppData\Roaming\Code\User\globalStorage\redhat.java\1.55.0\config_win\org.eclipse.equinox.launcher\org.eclipse.equinox.launcher.win32.win32.x86_64_1.3.100.v20260613-0559;C:\Users\rinka\AppData\Local\Temp\jna-108518573

VM Arguments:
jvm_args: --add-modules=ALL-SYSTEM --add-opens=java.base/java.util=ALL-UNNAMED --add-opens=java.base/java.lang=ALL-UNNAMED --add-opens=java.base/sun.nio.fs=ALL-UNNAMED -Declipse.application=org.eclipse.jdt.ls.core.id1 -Dosgi.bundles.defaultStartLevel=4 -Declipse.product=org.eclipse.jdt.ls.core.product -Djava.import.generatesMetadataFilesAtProjectRoot=false -DDetectVMInstallationsJob.disabled=true -Dfile.encoding=utf8 -XX:+UseParallelGC -XX:GCTimeRatio=4 -XX:AdaptiveSizePolicyWeight=90 -Dsun.zip.disableMemoryMapping=true -Xmx2G -Xms100m -Xlog:disable -javaagent:c:\Users\rinka\.vscode\extensions\redhat.java-1.55.0-win32-x64\lombok\lombok-1.18.39-4050.jar -XX:+HeapDumpOnOutOfMemoryError -XX:HeapDumpPath=c:\Users\rinka\AppData\Roaming\Code\User\workspaceStorage\49d6aa05faa5dee90abf6ba5c36567b8\redhat.java -Daether.dependencyCollector.impl=bf 
java_command: c:\Users\rinka\.vscode\extensions\redhat.java-1.55.0-win32-x64\server\plugins\org.eclipse.equinox.launcher_1.7.200.v20260619-2039.jar -configuration c:\Users\rinka\AppData\Roaming\Code\User\globalStorage\redhat.java\1.55.0\config_win -data c:\Users\rinka\AppData\Roaming\Code\User\workspaceStorage\49d6aa05faa5dee90abf6ba5c36567b8\redhat.java\jdt_ws --pipe=\\.\pipe\lsp-9d4c0cda7f2606ca4c605d5e1037f966-sock
java_class_path (initial): c:\Users\rinka\.vscode\extensions\redhat.java-1.55.0-win32-x64\server\plugins\org.eclipse.equinox.launcher_1.7.200.v20260619-2039.jar
Launcher Type: SUN_STANDARD

[Global flags]
    uintx AdaptiveSizePolicyWeight                 = 90                                        {product} {command line}
     intx CICompilerCount                          = 4                                         {product} {ergonomic}
    uintx GCTimeRatio                              = 4                                         {product} {command line}
     bool HeapDumpOnOutOfMemoryError               = true                                   {manageable} {command line}
    ccstr HeapDumpPath                             = c:\Users\rinka\AppData\Roaming\Code\User\workspaceStorage\49d6aa05faa5dee90abf6ba5c36567b8\redhat.java         {manageable} {command line}
   size_t InitialHeapSize                          = 104857600                                 {product} {command line}
   size_t MaxHeapSize                              = 2147483648                                {product} {command line}
   size_t MaxNewSize                               = 715653120                                 {product} {ergonomic}
   size_t MinHeapDeltaBytes                        = 524288                                    {product} {ergonomic}
   size_t MinHeapSize                              = 104857600                                 {product} {command line}
   size_t NewSize                                  = 34603008                                  {product} {ergonomic}
    uintx NonNMethodCodeHeapSize                   = 5839372                                {pd product} {ergonomic}
    uintx NonProfiledCodeHeapSize                  = 122909434                              {pd product} {ergonomic}
   size_t OldSize                                  = 70254592                                  {product} {ergonomic}
    uintx ProfiledCodeHeapSize                     = 122909434                              {pd product} {ergonomic}
    uintx ReservedCodeCacheSize                    = 251658240                              {pd product} {ergonomic}
     bool SegmentedCodeCache                       = true                                      {product} {ergonomic}
   size_t SoftMaxHeapSize                          = 2147483648                             {manageable} {ergonomic}
     bool UseCompressedOops                        = true                           {product lp64_product} {ergonomic}
     bool UseLargePagesIndividualAllocation        = false                                  {pd product} {ergonomic}
     bool UseParallelGC                            = true                                      {product} {command line}

Logging:
Log output configuration:
 #0: stdout all=off uptime,level,tags foldmultilines=false
 #1: stderr all=off uptime,level,tags foldmultilines=false

Release file:
JAVA_VERSION="21.0.11" 
MODULES="java.base java.compiler java.datatransfer java.xml java.prefs java.desktop java.instrument java.logging java.management java.security.sasl java.naming java.rmi java.management.rmi java.net.http java.scripting java.security.jgss java.transaction.xa java.sql java.sql.rowset java.xml.crypto java.se java.smartcardio jdk.accessibility jdk.internal.jvmstat jdk.attach jdk.charsets jdk.internal.opt jdk.zipfs jdk.compiler jdk.crypto.ec jdk.crypto.cryptoki jdk.crypto.mscapi jdk.dynalink jdk.internal.ed jdk.editpad jdk.hotspot.agent jdk.httpserver jdk.internal.le jdk.internal.vm.ci jdk.internal.vm.compiler jdk.internal.vm.compiler.management jdk.jartool jdk.javadoc jdk.jcmd jdk.management jdk.management.agent jdk.jconsole jdk.jdeps jdk.jdwp.agent jdk.jdi jdk.jfr jdk.jshell jdk.jsobject jdk.jstatd jdk.localedata jdk.management.jfr jdk.naming.dns jdk.naming.rmi jdk.net jdk.nio.mapmode jdk.random jdk.sctp jdk.security.auth jdk.security.jgss jdk.unsupported jdk.unsupported.desktop jdk.xml.dom" 

Environment Variables:
PATH=C:\Python313\Scripts\;C:\Python313\;C:\Program Files\Common Files\Oracle\Java\javapath;C:\Program Files (x86)\Common Files\Oracle\Java\java8path;C:\Program Files (x86)\Common Files\Oracle\Java\javapath;C:\WINDOWS\system32;C:\WINDOWS;C:\WINDOWS\System32\Wbem;C:\WINDOWS\System32\WindowsPowerShell\v1.0\;C:\WINDOWS\System32\OpenSSH\;C:\Program Files\dotnet\;C:\Program Files (x86)\Windows Kits\10\Windows Performance Toolkit\;C:\Program Files\Git\cmd;C:\ProgramData\chocolatey\bin;C:\Users\rinka\AppData\Local\nvm;C:\nvm4w\nodejs;C:\Users\rinka\AppData\Local\Microsoft\WindowsApps;C:\Program Files\JetBrains\PyCharm Community Edition 2021.2.2\bin;;C:\Users\rinka\.dotnet\tools;C:\Users\rinka\AppData\Local\Programs\Microsoft VS Code\bin;C:\Users\rinka\AppData\Roaming\npm;C:\Users\rinka\AppData\Local\GitHubDesktop\bin;C:\Users\rinka\AppData\Local\nvm;C:\nvm4w\nodejs;C:\Users\rinka\AppData\Local\Google\Cloud SDK\google-cloud-sdk\bin
USERNAME=rinka
OS=Windows_NT
PROCESSOR_IDENTIFIER=Intel64 Family 6 Model 126 Stepping 5, GenuineIntel
TMP=C:\Users\rinka\AppData\Local\Temp
TEMP=C:\Users\rinka\AppData\Local\Temp




Periodic native trim disabled

---------------  S Y S T E M  ---------------

OS:
 Windows 11 , 64 bit Build 26100 (10.0.26100.8521)
OS uptime: 14 days 2:17 hours

CPU: total 8 (initial active 8) (4 cores per cpu, 2 threads per core) family 6 model 126 stepping 5 microcode 0xc2, cx8, cmov, fxsr, ht, mmx, 3dnowpref, sse, sse2, sse3, ssse3, sse4.1, sse4.2, popcnt, lzcnt, tsc, tscinvbit, avx, avx2, aes, erms, clmul, bmi1, bmi2, adx, avx512f, avx512dq, avx512cd, avx512bw, avx512vl, sha, fma, vzeroupper, avx512_vpopcntdq, avx512_vpclmulqdq, avx512_vaes, avx512_vnni, clflush, clflushopt, avx512_vbmi2, avx512_vbmi, rdtscp, rdpid, fsrm, gfni, avx512_bitalg, f16c, pku, avx512_ifma
Processor Information for the first 8 processors :
  Max Mhz: 1190, Current Mhz: 991, Mhz Limit: 987

Memory: 4k page, system-wide physical 12055M (2737M free)
TotalPageFile size 48919M (AvailPageFile size 8M)
current process WorkingSet (physical memory assigned to process): 299M, peak: 308M
current process commit charge ("private bytes"): 388M, peak: 398M

vm_info: OpenJDK 64-Bit Server VM (21.0.11+10-LTS) for windows-amd64 JRE (21.0.11+10-LTS), built on 2026-04-21T00:00:00Z by "admin" with MS VC++ 17.12 (VS2022)

END.
