#
# There is insufficient memory for the Java Runtime Environment to continue.
# Native memory allocation (mmap) failed to map 65536 bytes. Error detail: Failed to commit metaspace.
# Possible reasons:
#   The system is out of physical RAM or swap space
#   This process is running with CompressedOops enabled, and the Java Heap may be blocking the growth of the native heap
# Possible solutions:
#   Reduce memory load on the system
#   Increase physical memory or swap space
#   Check if swap backing store is full
#   Decrease Java heap size (-Xmx/-Xms)
#   Decrease number of Java threads
#   Decrease Java thread stack sizes (-Xss)
#   Set larger code cache with -XX:ReservedCodeCacheSize=
#   JVM is running with Unscaled Compressed Oops mode in which the Java heap is
#     placed in the first 4GB address space. The Java Heap base address is the
#     maximum limit for the native heap growth. Please use -XX:HeapBaseMinAddress
#     to set the Java Heap base and to place the Java Heap above 4GB virtual address.
# This output file may be truncated or incomplete.
#
#  Out of Memory Error (virtualSpaceNode.cpp:113), pid=13484, tid=8084
#
# JRE version: OpenJDK Runtime Environment Temurin-21.0.11+10 (21.0.11+10) (build 21.0.11+10-LTS)
# Java VM: OpenJDK 64-Bit Server VM Temurin-21.0.11+10 (21.0.11+10-LTS, mixed mode, sharing, tiered, compressed oops, compressed class ptrs, parallel gc, windows-amd64)
# No core dump will be written. Minidumps are not enabled by default on client versions of Windows
#

---------------  S U M M A R Y ------------

Command Line: --add-modules=ALL-SYSTEM --add-opens=java.base/java.util=ALL-UNNAMED --add-opens=java.base/java.lang=ALL-UNNAMED --add-opens=java.base/sun.nio.fs=ALL-UNNAMED -Declipse.application=org.eclipse.jdt.ls.core.id1 -Dosgi.bundles.defaultStartLevel=4 -Declipse.product=org.eclipse.jdt.ls.core.product -Djava.import.generatesMetadataFilesAtProjectRoot=false -DDetectVMInstallationsJob.disabled=true -Dfile.encoding=utf8 -XX:+UseParallelGC -XX:GCTimeRatio=4 -XX:AdaptiveSizePolicyWeight=90 -Dsun.zip.disableMemoryMapping=true -Xmx2G -Xms100m -Xlog:disable -javaagent:c:\Users\rinka\.vscode\extensions\redhat.java-1.55.0-win32-x64\lombok\lombok-1.18.39-4050.jar -XX:+HeapDumpOnOutOfMemoryError -XX:HeapDumpPath=c:\Users\rinka\AppData\Roaming\Code\User\workspaceStorage\49d6aa05faa5dee90abf6ba5c36567b8\redhat.java -Daether.dependencyCollector.impl=bf c:\Users\rinka\.vscode\extensions\redhat.java-1.55.0-win32-x64\server\plugins\org.eclipse.equinox.launcher_1.7.200.v20260619-2039.jar -configuration c:\Users\rinka\AppData\Roaming\Code\User\globalStorage\redhat.java\1.55.0\config_win -data c:\Users\rinka\AppData\Roaming\Code\User\workspaceStorage\49d6aa05faa5dee90abf6ba5c36567b8\redhat.java\jdt_ws --pipe=\\.\pipe\lsp-a7d60e8e2f9229b15365796e7a9c7528-sock

Host: Intel(R) Core(TM) i5-1035G1 CPU @ 1.00GHz, 8 cores, 11G,  Windows 11 , 64 bit Build 26100 (10.0.26100.8521)
Time: Fri Jul  3 14:07:02 2026 Pacific Daylight Time elapsed time: 4.433915 seconds (0d 0h 0m 4s)

---------------  T H R E A D  ---------------

Current thread (0x0000023d3a259f50):  JavaThread "C1 CompilerThread0" daemon [_thread_in_vm, id=8084, stack(0x000000e10b200000,0x000000e10b300000) (1024K)]


Current CompileTask:
C1:4434  540   !   3       java.lang.String::replace (258 bytes)

Stack: [0x000000e10b200000,0x000000e10b300000]
Native frames: (J=compiled Java code, j=interpreted, Vv=VM code, C=native code)
V  [jvm.dll+0x6d7e19]
V  [jvm.dll+0x8b5096]
V  [jvm.dll+0x8b764e]
V  [jvm.dll+0x8b7d33]
V  [jvm.dll+0x284596]
V  [jvm.dll+0x8b0dde]
V  [jvm.dll+0x6795e4]
V  [jvm.dll+0x67964a]
V  [jvm.dll+0x67be46]
V  [jvm.dll+0x67bd12]
V  [jvm.dll+0x679fbe]
V  [jvm.dll+0x68b3ca]
V  [jvm.dll+0x684542]
V  [jvm.dll+0x1f6540]
V  [jvm.dll+0x1f6728]
V  [jvm.dll+0x156cde]
V  [jvm.dll+0x156fe4]
V  [jvm.dll+0x1563fc]
V  [jvm.dll+0x15818d]
V  [jvm.dll+0x25baad]
V  [jvm.dll+0x25a03a]
V  [jvm.dll+0x3f868e]
V  [jvm.dll+0x85fb0d]
V  [jvm.dll+0x6d664d]
C  [ucrtbase.dll+0x2cd30]
C  [KERNEL32.DLL+0x2e957]
C  [ntdll.dll+0x87c1c]


---------------  P R O C E S S  ---------------

Threads class SMR info:
_java_thread_list=0x0000023d7cef5830, length=11, elements={
0x0000023d237cfa50, 0x0000023d3a2383d0, 0x0000023d2387e8d0, 0x0000023d3a245c90,
0x0000023d3a2466f0, 0x0000023d3a24cce0, 0x0000023d3a251f50, 0x0000023d3a257630,
0x0000023d3a259f50, 0x0000023d7cdbbce0, 0x0000023d7ce80210
}

Java Threads: ( => current thread )
  0x0000023d237cfa50 JavaThread "main"                              [_thread_in_vm, id=24644, stack(0x000000e10a700000,0x000000e10a800000) (1024K)]
  0x0000023d3a2383d0 JavaThread "Reference Handler"          daemon [_thread_blocked, id=30928, stack(0x000000e10ab00000,0x000000e10ac00000) (1024K)]
  0x0000023d2387e8d0 JavaThread "Finalizer"                  daemon [_thread_blocked, id=1000, stack(0x000000e10ac00000,0x000000e10ad00000) (1024K)]
  0x0000023d3a245c90 JavaThread "Signal Dispatcher"          daemon [_thread_blocked, id=9552, stack(0x000000e10ad00000,0x000000e10ae00000) (1024K)]
  0x0000023d3a2466f0 JavaThread "Attach Listener"            daemon [_thread_blocked, id=31652, stack(0x000000e10ae00000,0x000000e10af00000) (1024K)]
  0x0000023d3a24cce0 JavaThread "Service Thread"             daemon [_thread_blocked, id=23948, stack(0x000000e10af00000,0x000000e10b000000) (1024K)]
  0x0000023d3a251f50 JavaThread "Monitor Deflation Thread"   daemon [_thread_blocked, id=16160, stack(0x000000e10b000000,0x000000e10b100000) (1024K)]
  0x0000023d3a257630 JavaThread "C2 CompilerThread0"         daemon [_thread_blocked, id=20224, stack(0x000000e10b100000,0x000000e10b200000) (1024K)]
=>0x0000023d3a259f50 JavaThread "C1 CompilerThread0"         daemon [_thread_in_vm, id=8084, stack(0x000000e10b200000,0x000000e10b300000) (1024K)]
  0x0000023d7cdbbce0 JavaThread "Common-Cleaner"             daemon [_thread_blocked, id=27112, stack(0x000000e10b400000,0x000000e10b500000) (1024K)]
  0x0000023d7ce80210 JavaThread "Notification Thread"        daemon [_thread_blocked, id=20668, stack(0x000000e10b300000,0x000000e10b400000) (1024K)]
Total: 11

Other Threads:
  0x0000023d23865ca0 VMThread "VM Thread"                           [id=21692, stack(0x000000e10aa00000,0x000000e10ab00000) (1024K)] _threads_hazard_ptr=0x0000023d7cef5830
  0x0000023d23834f30 WatcherThread "VM Periodic Task Thread"        [id=19288, stack(0x000000e10a900000,0x000000e10aa00000) (1024K)]
  0x0000023d237e0d20 WorkerThread "GC Thread#0"                     [id=3076, stack(0x000000e10a800000,0x000000e10a900000) (1024K)]
Total: 3

Threads with active compile tasks:
C2 CompilerThread0  4525  518 %     4       java.lang.StringLatin1::replace @ 13 (198 bytes)
C1 CompilerThread0  4525  540   !   3       java.lang.String::replace (258 bytes)
Total: 2

VM state: synchronizing (normal execution)

VM Mutex/Monitor currently owned by a thread:  ([mutex/lock_event])
[0x00007ffb051ad4f0] Metaspace_lock - owner thread: 0x0000023d3a259f50
[0x00007ffb051af570] Threads_lock - owner thread: 0x0000023d23865ca0

Heap address: 0x0000000080000000, size: 2048 MB, Compressed Oops mode: 32-bit

CDS archive(s) mapped at: [0x0000023d3b000000-0x0000023d3bba0000-0x0000023d3bba0000), size 12189696, SharedBaseAddress: 0x0000023d3b000000, ArchiveRelocationMode: 1.
Compressed class space mapped at: 0x0000023d3c000000-0x0000023d7c000000, reserved size: 1073741824
Narrow klass base: 0x0000023d3b000000, Narrow klass shift: 0, Narrow klass range: 0x100000000

GC Precious Log:
 CardTable entry size: 512
 CPUs: 8 total, 8 available
 Memory: 12055M
 Large Page Support: Disabled
 NUMA Support: Disabled
 Compressed Oops: Enabled (32-bit)
 Alignments: Space 512K, Generation 512K, Heap 2M
 Heap Min Capacity: 100M
 Heap Initial Capacity: 100M
 Heap Max Capacity: 2G
 Pre-touch: Disabled
 Parallel Workers: 8

Heap:
 PSYoungGen      total 29696K, used 9741K [0x00000000d5580000, 0x00000000d7680000, 0x0000000100000000)
  eden space 25600K, 38% used [0x00000000d5580000,0x00000000d5f03530,0x00000000d6e80000)
  from space 4096K, 0% used [0x00000000d7280000,0x00000000d7280000,0x00000000d7680000)
  to   space 4096K, 0% used [0x00000000d6e80000,0x00000000d6e80000,0x00000000d7280000)
 ParOldGen       total 68608K, used 0K [0x0000000080000000, 0x0000000084300000, 0x00000000d5580000)
  object space 68608K, 0% used [0x0000000080000000,0x0000000080000000,0x0000000084300000)
 Metaspace       used 1103K, committed 1280K, reserved 1114112K
  class space    used 100K, committed 192K, reserved 1048576K

Card table byte_map: [0x0000023d23160000,0x0000023d23570000] _byte_map_base: 0x0000023d22d60000

Marking Bits: (ParMarkBitMap*) 0x00007ffb051b4460
 Begin Bits: [0x0000023d35c70000, 0x0000023d37c70000)
 End Bits:   [0x0000023d37c70000, 0x0000023d39c70000)

Polling page: 0x0000023d214a0000

Metaspace:

Usage:
  Non-class:   1002.40 KB used.
      Class:    100.66 KB used.
       Both:      1.08 MB used.

Virtual space:
  Non-class space:       64.00 MB reserved,       1.06 MB (  2%) committed,  1 nodes.
      Class space:        1.00 GB reserved,     192.00 KB ( <1%) committed,  1 nodes.
             Both:        1.06 GB reserved,       1.25 MB ( <1%) committed. 

Chunk freelists:
   Non-Class:  11.67 MB
       Class:  15.67 MB
        Both:  27.34 MB

MaxMetaspaceSize: unlimited
CompressedClassSpaceSize: 1.00 GB
Initial GC threshold: 21.00 MB
Current GC threshold: 21.00 MB
CDS: on
 - commit_granule_bytes: 65536.
 - commit_granule_words: 8192.
 - virtual_space_node_default_size: 8388608.
 - enlarge_chunks_in_place: 1.
 - use_allocation_guard: 0.


Internal statistics:

num_allocs_failed_limit: 0.
num_arena_births: 74.
num_arena_deaths: 0.
num_vsnodes_births: 2.
num_vsnodes_deaths: 0.
num_space_committed: 20.
num_space_uncommitted: 0.
num_chunks_returned_to_freelist: 0.
num_chunks_taken_from_freelist: 96.
num_chunk_merges: 0.
num_chunk_splits: 67.
num_chunks_enlarged: 42.
num_inconsistent_stats: 0.

CodeHeap 'non-profiled nmethods': size=120000Kb used=177Kb max_used=177Kb free=119822Kb
 bounds [0x0000023d2e490000, 0x0000023d2e700000, 0x0000023d359c0000]
CodeHeap 'profiled nmethods': size=120000Kb used=749Kb max_used=749Kb free=119250Kb
 bounds [0x0000023d269c0000, 0x0000023d26c30000, 0x0000023d2def0000]
CodeHeap 'non-nmethods': size=5760Kb used=1160Kb max_used=1175Kb free=4599Kb
 bounds [0x0000023d2def0000, 0x0000023d2e160000, 0x0000023d2e490000]
CodeCache: size=245760Kb, used=2086Kb, max_used=2101Kb, free=243671Kb
 total_blobs=934, nmethods=536, adapters=305, full_count=0
Compilation: enabled, stopped_count=0, restarted_count=0

Compilation events (20 events):
Event: 2.405 Thread 0x0000023d3a259f50 nmethod 532 0x0000023d26a76090 code [0x0000023d26a76280, 0x0000023d26a76818]
Event: 2.405 Thread 0x0000023d3a259f50  531       1       java.util.Collections$1::hasNext (5 bytes)
Event: 2.405 Thread 0x0000023d3a259f50 nmethod 531 0x0000023d2e4bc410 code [0x0000023d2e4bc5a0, 0x0000023d2e4bc670]
Event: 2.405 Thread 0x0000023d3a259f50  529       3       java.lang.ref.Reference::<init> (25 bytes)
Event: 2.405 Thread 0x0000023d3a259f50 nmethod 529 0x0000023d26a76a10 code [0x0000023d26a76bc0, 0x0000023d26a76db0]
Event: 2.405 Thread 0x0000023d3a259f50  533       3       lombok.patcher.Hook::toSpec (95 bytes)
Event: 2.406 Thread 0x0000023d3a259f50 nmethod 533 0x0000023d26a76e90 code [0x0000023d26a771c0, 0x0000023d26a78188]
Event: 2.406 Thread 0x0000023d3a259f50  536       3       java.lang.String::indexOf (64 bytes)
Event: 2.406 Thread 0x0000023d3a259f50 nmethod 536 0x0000023d26a78810 code [0x0000023d26a78a20, 0x0000023d26a78ed0]
Event: 2.406 Thread 0x0000023d3a259f50  537       3       java.lang.StringLatin1::indexOf (25 bytes)
Event: 2.406 Thread 0x0000023d3a259f50 nmethod 537 0x0000023d26a79090 code [0x0000023d26a79260, 0x0000023d26a79450]
Event: 2.406 Thread 0x0000023d3a259f50  538       3       java.util.Collections$UnmodifiableCollection::<init> (22 bytes)
Event: 2.407 Thread 0x0000023d3a259f50 nmethod 538 0x0000023d26a79510 code [0x0000023d26a796c0, 0x0000023d26a79940]
Event: 2.407 Thread 0x0000023d3a259f50  539       3       java.util.ArrayList::get (15 bytes)
Event: 2.407 Thread 0x0000023d3a259f50 nmethod 539 0x0000023d26a79a90 code [0x0000023d26a79c40, 0x0000023d26a79e98]
Event: 2.407 Thread 0x0000023d3a259f50  534       3       java.util.Collections::unmodifiableList (51 bytes)
Event: 2.407 Thread 0x0000023d3a259f50 nmethod 534 0x0000023d26a7a010 code [0x0000023d26a7a260, 0x0000023d26a7ac98]
Event: 2.407 Thread 0x0000023d3a259f50  535       3       java.util.Collections$UnmodifiableRandomAccessList::<init> (6 bytes)
Event: 2.407 Thread 0x0000023d3a259f50 nmethod 535 0x0000023d26a7af90 code [0x0000023d26a7b160, 0x0000023d26a7b4c0]
Event: 2.407 Thread 0x0000023d3a259f50  540   !   3       java.lang.String::replace (258 bytes)

GC Heap History (0 events):
No events

Dll operation events (8 events):
Event: 0.037 Loaded shared library c:\Users\rinka\.vscode\extensions\redhat.java-1.55.0-win32-x64\jre\21.0.11-win32-x86_64\bin\java.dll
Event: 0.144 Loaded shared library c:\Users\rinka\.vscode\extensions\redhat.java-1.55.0-win32-x64\jre\21.0.11-win32-x86_64\bin\zip.dll
Event: 0.166 Loaded shared library C:\Users\rinka\.vscode\extensions\redhat.java-1.55.0-win32-x64\jre\21.0.11-win32-x86_64\bin\instrument.dll
Event: 0.171 Loaded shared library C:\Users\rinka\.vscode\extensions\redhat.java-1.55.0-win32-x64\jre\21.0.11-win32-x86_64\bin\net.dll
Event: 0.175 Loaded shared library C:\Users\rinka\.vscode\extensions\redhat.java-1.55.0-win32-x64\jre\21.0.11-win32-x86_64\bin\nio.dll
Event: 0.178 Loaded shared library C:\Users\rinka\.vscode\extensions\redhat.java-1.55.0-win32-x64\jre\21.0.11-win32-x86_64\bin\zip.dll
Event: 0.206 Loaded shared library C:\Users\rinka\.vscode\extensions\redhat.java-1.55.0-win32-x64\jre\21.0.11-win32-x86_64\bin\jimage.dll
Event: 1.302 Loaded shared library c:\Users\rinka\.vscode\extensions\redhat.java-1.55.0-win32-x64\jre\21.0.11-win32-x86_64\bin\verify.dll

Deoptimization events (18 events):
Event: 0.216 Thread 0x0000023d237cfa50 DEOPT PACKING pc=0x0000023d269f2f49 sp=0x000000e10a7fe510
Event: 0.216 Thread 0x0000023d237cfa50 DEOPT UNPACKING pc=0x0000023d2df478e2 sp=0x000000e10a7fd998 mode 0
Event: 0.217 Thread 0x0000023d237cfa50 DEOPT PACKING pc=0x0000023d269f2f49 sp=0x000000e10a7fe510
Event: 0.217 Thread 0x0000023d237cfa50 DEOPT UNPACKING pc=0x0000023d2df478e2 sp=0x000000e10a7fd998 mode 0
Event: 0.217 Thread 0x0000023d237cfa50 DEOPT PACKING pc=0x0000023d269f2f49 sp=0x000000e10a7fe510
Event: 0.217 Thread 0x0000023d237cfa50 DEOPT UNPACKING pc=0x0000023d2df478e2 sp=0x000000e10a7fd998 mode 0
Event: 0.218 Thread 0x0000023d237cfa50 DEOPT PACKING pc=0x0000023d269f2f49 sp=0x000000e10a7fe510
Event: 0.218 Thread 0x0000023d237cfa50 DEOPT UNPACKING pc=0x0000023d2df478e2 sp=0x000000e10a7fd998 mode 0
Event: 0.219 Thread 0x0000023d237cfa50 DEOPT PACKING pc=0x0000023d269f2f49 sp=0x000000e10a7fe510
Event: 0.219 Thread 0x0000023d237cfa50 DEOPT UNPACKING pc=0x0000023d2df478e2 sp=0x000000e10a7fd998 mode 0
Event: 0.219 Thread 0x0000023d237cfa50 DEOPT PACKING pc=0x0000023d269f2f49 sp=0x000000e10a7fe510
Event: 0.219 Thread 0x0000023d237cfa50 DEOPT UNPACKING pc=0x0000023d2df478e2 sp=0x000000e10a7fd998 mode 0
Event: 2.398 Thread 0x0000023d237cfa50 Uncommon trap: trap_request=0xffffff45 fr.pc=0x0000023d2e4a02d4 relative=0x0000000000000694
Event: 2.398 Thread 0x0000023d237cfa50 Uncommon trap: reason=unstable_if action=reinterpret pc=0x0000023d2e4a02d4 method=java.util.HashMap.putVal(ILjava/lang/Object;Ljava/lang/Object;ZZ)Ljava/lang/Object; @ 69 c2
Event: 2.399 Thread 0x0000023d237cfa50 DEOPT PACKING pc=0x0000023d2e4a02d4 sp=0x000000e10a7fe390
Event: 2.399 Thread 0x0000023d237cfa50 DEOPT UNPACKING pc=0x0000023d2df46da2 sp=0x000000e10a7fe310 mode 2
Event: 2.404 Thread 0x0000023d237cfa50 DEOPT PACKING pc=0x0000023d26a5b70d sp=0x000000e10a7fa0f0
Event: 2.404 Thread 0x0000023d237cfa50 DEOPT UNPACKING pc=0x0000023d2df478e2 sp=0x000000e10a7f95a0 mode 0

Classes loaded (20 events):
Event: 1.312 Loading class java/lang/IllegalStateException
Event: 1.312 Loading class java/lang/IllegalStateException done
Event: 1.315 Loading class java/lang/instrument/ClassFileTransformer
Event: 1.315 Loading class java/lang/instrument/ClassFileTransformer done
Event: 1.316 Loading class java/lang/UnsupportedOperationException
Event: 1.316 Loading class java/lang/UnsupportedOperationException done
Event: 1.329 Loading class java/lang/instrument/UnmodifiableClassException
Event: 1.330 Loading class java/lang/instrument/UnmodifiableClassException done
Event: 1.330 Loading class java/lang/instrument/ClassDefinition
Event: 1.330 Loading class java/lang/instrument/ClassDefinition done
Event: 1.339 Loading class java/lang/invoke/WrongMethodTypeException
Event: 1.340 Loading class java/lang/invoke/WrongMethodTypeException done
Event: 1.345 Loading class java/net/URLClassLoader
Event: 1.345 Loading class java/net/URLClassLoader done
Event: 1.357 Loading class java/util/regex/Pattern$Loop
Event: 1.358 Loading class java/util/regex/Pattern$Loop done
Event: 1.358 Loading class java/util/regex/Pattern$Prolog
Event: 1.358 Loading class java/util/regex/Pattern$Prolog done
Event: 2.407 Loading class jdk/internal/vm/PostVMInitHook
Event: 2.407 Loading class jdk/internal/vm/PostVMInitHook done

Classes unloaded (0 events):
No events

Classes redefined (0 events):
No events

Internal exceptions (11 events):
Event: 0.137 Thread 0x0000023d237cfa50 Exception <a 'java/lang/NoSuchMethodError'{0x00000000d57a9278}: 'void java.lang.invoke.DirectMethodHandle$Holder.invokeStatic(java.lang.Object, java.lang.Object, java.lang.Object)'> (0x00000000d57a9278) 
thrown [s\src\hotspot\share\interpreter\linkResolver.cpp, line 773]
Event: 0.191 Thread 0x0000023d237cfa50 Exception <a 'java/lang/NoSuchMethodError'{0x00000000d5911cc8}: 'java.lang.Object java.lang.invoke.Invokers$Holder.invokeExact_MT(java.lang.Object, java.lang.Object, java.lang.Object, java.lang.Object, java.lang.Object)'> (0x00000000d5911cc8) 
thrown [s\src\hotspot\share\interpreter\linkResolver.cpp, line 773]
Event: 0.255 Thread 0x0000023d237cfa50 Exception <a 'java/lang/NoSuchMethodError'{0x00000000d59ca610}: 'int java.lang.invoke.DirectMethodHandle$Holder.invokeSpecial(java.lang.Object, java.lang.Object, java.lang.Object, int)'> (0x00000000d59ca610) 
thrown [s\src\hotspot\share\interpreter\linkResolver.cpp, line 773]
Event: 0.258 Thread 0x0000023d237cfa50 Exception <a 'java/lang/NoSuchMethodError'{0x00000000d59dcff8}: 'java.lang.Object java.lang.invoke.DirectMethodHandle$Holder.invokeStatic(java.lang.Object, java.lang.Object, java.lang.Object, java.lang.Object, int)'> (0x00000000d59dcff8) 
thrown [s\src\hotspot\share\interpreter\linkResolver.cpp, line 773]
Event: 0.259 Thread 0x0000023d237cfa50 Exception <a 'java/lang/NoSuchMethodError'{0x00000000d59e84a0}: 'void java.lang.invoke.DelegatingMethodHandle$Holder.reinvoke_L(java.lang.Object, java.lang.Object, java.lang.Object, int, java.lang.Object)'> (0x00000000d59e84a0) 
thrown [s\src\hotspot\share\interpreter\linkResolver.cpp, line 773]
Event: 0.261 Thread 0x0000023d237cfa50 Exception <a 'java/lang/NoSuchMethodError'{0x00000000d59f8df0}: 'int java.lang.invoke.DirectMethodHandle$Holder.invokeSpecial(java.lang.Object, java.lang.Object, java.lang.Object)'> (0x00000000d59f8df0) 
thrown [s\src\hotspot\share\interpreter\linkResolver.cpp, line 773]
Event: 0.263 Thread 0x0000023d237cfa50 Exception <a 'java/lang/NoSuchMethodError'{0x00000000d5a04ab0}: 'java.lang.Object java.lang.invoke.DirectMethodHandle$Holder.invokeStatic(java.lang.Object, java.lang.Object, int)'> (0x00000000d5a04ab0) 
thrown [s\src\hotspot\share\interpreter\linkResolver.cpp, line 773]
Event: 0.264 Thread 0x0000023d237cfa50 Exception <a 'java/lang/NoSuchMethodError'{0x00000000d5a09400}: 'void java.lang.invoke.DirectMethodHandle$Holder.invokeStatic(java.lang.Object, java.lang.Object, int, java.lang.Object)'> (0x00000000d5a09400) 
thrown [s\src\hotspot\share\interpreter\linkResolver.cpp, line 773]
Event: 0.264 Thread 0x0000023d237cfa50 Exception <a 'java/lang/NoSuchMethodError'{0x00000000d5a0cf90}: 'void java.lang.invoke.DirectMethodHandle$Holder.invokeSpecial(java.lang.Object, java.lang.Object, java.lang.Object, int, java.lang.Object)'> (0x00000000d5a0cf90) 
thrown [s\src\hotspot\share\interpreter\linkResolver.cpp, line 773]
Event: 0.264 Thread 0x0000023d237cfa50 Exception <a 'java/lang/NoSuchMethodError'{0x00000000d5a10400}: 'void java.lang.invoke.DelegatingMethodHandle$Holder.delegate(java.lang.Object, java.lang.Object, int, java.lang.Object)'> (0x00000000d5a10400) 
thrown [s\src\hotspot\share\interpreter\linkResolver.cpp, line 773]
Event: 1.334 Thread 0x0000023d237cfa50 Exception <a 'java/lang/NoSuchMethodError'{0x00000000d5bd0840}: 'void java.lang.invoke.DelegatingMethodHandle$Holder.reinvoke_L(java.lang.Object, java.lang.Object, java.lang.Object, int)'> (0x00000000d5bd0840) 
thrown [s\src\hotspot\share\interpreter\linkResolver.cpp, line 773]

ZGC Phase Switch (0 events):
No events

VM Operations (9 events):
Event: 0.140 Executing non-safepoint VM operation: HandshakeAllThreads (Deoptimize)
Event: 0.140 Executing non-safepoint VM operation: HandshakeAllThreads (Deoptimize) done
Event: 0.227 Executing non-safepoint VM operation: HandshakeAllThreads (Deoptimize)
Event: 0.227 Executing non-safepoint VM operation: HandshakeAllThreads (Deoptimize) done
Event: 1.227 Executing safepoint VM operation: Cleanup
Event: 1.227 Executing safepoint VM operation: Cleanup done
Event: 2.242 Executing safepoint VM operation: Cleanup
Event: 2.398 Executing safepoint VM operation: Cleanup done
Event: 3.405 Executing safepoint VM operation: Cleanup

Memory protections (0 events):
No events

Nmethod flushes (0 events):
No events

Events (13 events):
Event: 0.078 Thread 0x0000023d237cfa50 Thread added: 0x0000023d237cfa50
Event: 0.110 Thread 0x0000023d237cfa50 Thread added: 0x0000023d3a2383d0
Event: 0.110 Thread 0x0000023d237cfa50 Thread added: 0x0000023d2387e8d0
Event: 0.110 Thread 0x0000023d237cfa50 Thread added: 0x0000023d3a245c90
Event: 0.110 Thread 0x0000023d237cfa50 Thread added: 0x0000023d3a2466f0
Event: 0.111 Thread 0x0000023d237cfa50 Thread added: 0x0000023d3a24cce0
Event: 0.111 Thread 0x0000023d237cfa50 Thread added: 0x0000023d3a251f50
Event: 0.111 Thread 0x0000023d237cfa50 Thread added: 0x0000023d3a257630
Event: 0.111 Thread 0x0000023d237cfa50 Thread added: 0x0000023d3a259f50
Event: 0.153 Thread 0x0000023d3a259f50 Thread added: 0x0000023d7cd9d210
Event: 0.168 Thread 0x0000023d237cfa50 Thread added: 0x0000023d7cdbbce0
Event: 1.292 Thread 0x0000023d7cd9d210 Thread exited: 0x0000023d7cd9d210
Event: 2.407 Thread 0x0000023d237cfa50 Thread added: 0x0000023d7ce80210


Dynamic libraries:
0x00007ff6b6e50000 - 0x00007ff6b6e5e000 	c:\Users\rinka\.vscode\extensions\redhat.java-1.55.0-win32-x64\jre\21.0.11-win32-x86_64\bin\java.exe
0x00007ffb73660000 - 0x00007ffb738c6000 	C:\WINDOWS\SYSTEM32\ntdll.dll
0x00007ffb732f0000 - 0x00007ffb733b9000 	C:\WINDOWS\System32\KERNEL32.DLL
0x00007ffb70ef0000 - 0x00007ffb712ea000 	C:\WINDOWS\System32\KERNELBASE.dll
0x00007ffb6d5e0000 - 0x00007ffb6d680000 	C:\WINDOWS\SYSTEM32\apphelp.dll
0x00007ffb708f0000 - 0x00007ffb70a3c000 	C:\WINDOWS\System32\ucrtbase.dll
0x00007ffb6d4f0000 - 0x00007ffb6d508000 	c:\Users\rinka\.vscode\extensions\redhat.java-1.55.0-win32-x64\jre\21.0.11-win32-x86_64\bin\jli.dll
0x00007ffb6d3b0000 - 0x00007ffb6d3ce000 	c:\Users\rinka\.vscode\extensions\redhat.java-1.55.0-win32-x64\jre\21.0.11-win32-x86_64\bin\VCRUNTIME140.dll
0x00007ffb71b60000 - 0x00007ffb71d27000 	C:\WINDOWS\System32\USER32.dll
0x00007ffb555a0000 - 0x00007ffb55832000 	C:\WINDOWS\WinSxS\amd64_microsoft.windows.common-controls_6595b64144ccf1df_6.0.26100.8521_none_3e08b75ce33403b3\COMCTL32.dll
0x00007ffb713a0000 - 0x00007ffb713c7000 	C:\WINDOWS\System32\win32u.dll
0x00007ffb72160000 - 0x00007ffb7218b000 	C:\WINDOWS\System32\GDI32.dll
0x00007ffb72200000 - 0x00007ffb722a9000 	C:\WINDOWS\System32\msvcrt.dll
0x00007ffb70dc0000 - 0x00007ffb70eeb000 	C:\WINDOWS\System32\gdi32full.dll
0x00007ffb70a40000 - 0x00007ffb70ae3000 	C:\WINDOWS\System32\msvcp_win.dll
0x00007ffb72120000 - 0x00007ffb72152000 	C:\WINDOWS\System32\IMM32.DLL
0x00007ffb6d3a0000 - 0x00007ffb6d3ac000 	c:\Users\rinka\.vscode\extensions\redhat.java-1.55.0-win32-x64\jre\21.0.11-win32-x86_64\bin\vcruntime140_1.dll
0x00007ffb5a430000 - 0x00007ffb5a4bd000 	c:\Users\rinka\.vscode\extensions\redhat.java-1.55.0-win32-x64\jre\21.0.11-win32-x86_64\bin\msvcp140.dll
0x00007ffb044f0000 - 0x00007ffb05292000 	c:\Users\rinka\.vscode\extensions\redhat.java-1.55.0-win32-x64\jre\21.0.11-win32-x86_64\bin\server\jvm.dll
0x00007ffb71fe0000 - 0x00007ffb72096000 	C:\WINDOWS\System32\ADVAPI32.dll
0x00007ffb733c0000 - 0x00007ffb7346a000 	C:\WINDOWS\System32\sechost.dll
0x00007ffb73480000 - 0x00007ffb73598000 	C:\WINDOWS\System32\RPCRT4.dll
0x00007ffb72470000 - 0x00007ffb724f0000 	C:\WINDOWS\System32\WS2_32.dll
0x00007ffb70770000 - 0x00007ffb707ce000 	C:\WINDOWS\SYSTEM32\POWRPROF.dll
0x00007ffb5d6f0000 - 0x00007ffb5d726000 	C:\WINDOWS\SYSTEM32\WINMM.dll
0x00007ffb67bd0000 - 0x00007ffb67bdb000 	C:\WINDOWS\SYSTEM32\VERSION.dll
0x00007ffb70730000 - 0x00007ffb70744000 	C:\WINDOWS\SYSTEM32\UMPDC.dll
0x00007ffb6f680000 - 0x00007ffb6f69b000 	C:\WINDOWS\SYSTEM32\kernel.appcore.dll
0x00007ffb6d390000 - 0x00007ffb6d39a000 	c:\Users\rinka\.vscode\extensions\redhat.java-1.55.0-win32-x64\jre\21.0.11-win32-x86_64\bin\jimage.dll
0x00007ffb6df90000 - 0x00007ffb6e1d2000 	C:\WINDOWS\SYSTEM32\DBGHELP.DLL
0x00007ffb72ad0000 - 0x00007ffb72e53000 	C:\WINDOWS\System32\combase.dll
0x00007ffb72550000 - 0x00007ffb72629000 	C:\WINDOWS\System32\OLEAUT32.dll
0x00007ffb57210000 - 0x00007ffb5724b000 	C:\WINDOWS\SYSTEM32\dbgcore.DLL
0x00007ffb712f0000 - 0x00007ffb71398000 	C:\WINDOWS\System32\bcryptPrimitives.dll
0x00007ffb6d380000 - 0x00007ffb6d38f000 	c:\Users\rinka\.vscode\extensions\redhat.java-1.55.0-win32-x64\jre\21.0.11-win32-x86_64\bin\instrument.dll
0x00007ffb6d360000 - 0x00007ffb6d380000 	c:\Users\rinka\.vscode\extensions\redhat.java-1.55.0-win32-x64\jre\21.0.11-win32-x86_64\bin\java.dll
0x00007ffb713d0000 - 0x00007ffb71b54000 	C:\WINDOWS\System32\SHELL32.dll
0x00007ffb6e4f0000 - 0x00007ffb6ed70000 	C:\WINDOWS\SYSTEM32\windows.storage.dll
0x00007ffb71d50000 - 0x00007ffb71e46000 	C:\WINDOWS\System32\SHCORE.dll
0x00007ffb72190000 - 0x00007ffb721f7000 	C:\WINDOWS\System32\shlwapi.dll
0x00007ffb70810000 - 0x00007ffb70839000 	C:\WINDOWS\SYSTEM32\profapi.dll
0x00007ffb5fa10000 - 0x00007ffb5fa28000 	c:\Users\rinka\.vscode\extensions\redhat.java-1.55.0-win32-x64\jre\21.0.11-win32-x86_64\bin\zip.dll
0x00007ffb6d030000 - 0x00007ffb6d040000 	C:\Users\rinka\.vscode\extensions\redhat.java-1.55.0-win32-x64\jre\21.0.11-win32-x86_64\bin\net.dll
0x00007ffb640a0000 - 0x00007ffb641c9000 	C:\WINDOWS\SYSTEM32\WINHTTP.dll
0x00007ffb6fbf0000 - 0x00007ffb6fc5c000 	C:\WINDOWS\system32\mswsock.dll
0x00007ffb5f770000 - 0x00007ffb5f786000 	C:\Users\rinka\.vscode\extensions\redhat.java-1.55.0-win32-x64\jre\21.0.11-win32-x86_64\bin\nio.dll
0x00007ffb61670000 - 0x00007ffb61680000 	c:\Users\rinka\.vscode\extensions\redhat.java-1.55.0-win32-x64\jre\21.0.11-win32-x86_64\bin\verify.dll

JVMTI agents:
c:\Users\rinka\.vscode\extensions\redhat.java-1.55.0-win32-x64\lombok\lombok-1.18.39-4050.jar path:c:\Users\rinka\.vscode\extensions\redhat.java-1.55.0-win32-x64\jre\21.0.11-win32-x86_64\bin\instrument.dll, loaded, initialized, instrumentlib options:none

dbghelp: loaded successfully - version: 4.0.5 - missing functions: none
symbol engine: initialized successfully - sym options: 0x614 - pdb path: .;c:\Users\rinka\.vscode\extensions\redhat.java-1.55.0-win32-x64\jre\21.0.11-win32-x86_64\bin;C:\WINDOWS\SYSTEM32;C:\WINDOWS\WinSxS\amd64_microsoft.windows.common-controls_6595b64144ccf1df_6.0.26100.8521_none_3e08b75ce33403b3;c:\Users\rinka\.vscode\extensions\redhat.java-1.55.0-win32-x64\jre\21.0.11-win32-x86_64\bin\server

VM Arguments:
jvm_args: --add-modules=ALL-SYSTEM --add-opens=java.base/java.util=ALL-UNNAMED --add-opens=java.base/java.lang=ALL-UNNAMED --add-opens=java.base/sun.nio.fs=ALL-UNNAMED -Declipse.application=org.eclipse.jdt.ls.core.id1 -Dosgi.bundles.defaultStartLevel=4 -Declipse.product=org.eclipse.jdt.ls.core.product -Djava.import.generatesMetadataFilesAtProjectRoot=false -DDetectVMInstallationsJob.disabled=true -Dfile.encoding=utf8 -XX:+UseParallelGC -XX:GCTimeRatio=4 -XX:AdaptiveSizePolicyWeight=90 -Dsun.zip.disableMemoryMapping=true -Xmx2G -Xms100m -Xlog:disable -javaagent:c:\Users\rinka\.vscode\extensions\redhat.java-1.55.0-win32-x64\lombok\lombok-1.18.39-4050.jar -XX:+HeapDumpOnOutOfMemoryError -XX:HeapDumpPath=c:\Users\rinka\AppData\Roaming\Code\User\workspaceStorage\49d6aa05faa5dee90abf6ba5c36567b8\redhat.java -Daether.dependencyCollector.impl=bf 
java_command: c:\Users\rinka\.vscode\extensions\redhat.java-1.55.0-win32-x64\server\plugins\org.eclipse.equinox.launcher_1.7.200.v20260619-2039.jar -configuration c:\Users\rinka\AppData\Roaming\Code\User\globalStorage\redhat.java\1.55.0\config_win -data c:\Users\rinka\AppData\Roaming\Code\User\workspaceStorage\49d6aa05faa5dee90abf6ba5c36567b8\redhat.java\jdt_ws --pipe=\\.\pipe\lsp-a7d60e8e2f9229b15365796e7a9c7528-sock
java_class_path (initial): c:\Users\rinka\.vscode\extensions\redhat.java-1.55.0-win32-x64\server\plugins\org.eclipse.equinox.launcher_1.7.200.v20260619-2039.jar
Launcher Type: SUN_STANDARD

[Global flags]
    uintx AdaptiveSizePolicyWeight                 = 90                                        {product} {command line}
     intx CICompilerCount                          = 4                                         {product} {ergonomic}
    uintx GCTimeRatio                              = 4                                         {product} {command line}
     bool HeapDumpOnOutOfMemoryError               = true                                   {manageable} {command line}
    ccstr HeapDumpPath                             = c:\Users\rinka\AppData\Roaming\Code\User\workspaceStorage\49d6aa05faa5dee90abf6ba5c36567b8\redhat.java         {manageable} {command line}
   size_t InitialHeapSize                          = 104857600                                 {product} {command line}
   size_t MaxHeapSize                              = 2147483648                                {product} {command line}
   size_t MaxNewSize                               = 715653120                                 {product} {ergonomic}
   size_t MinHeapDeltaBytes                        = 524288                                    {product} {ergonomic}
   size_t MinHeapSize                              = 104857600                                 {product} {command line}
   size_t NewSize                                  = 34603008                                  {product} {ergonomic}
    uintx NonNMethodCodeHeapSize                   = 5839372                                {pd product} {ergonomic}
    uintx NonProfiledCodeHeapSize                  = 122909434                              {pd product} {ergonomic}
   size_t OldSize                                  = 70254592                                  {product} {ergonomic}
    uintx ProfiledCodeHeapSize                     = 122909434                              {pd product} {ergonomic}
    uintx ReservedCodeCacheSize                    = 251658240                              {pd product} {ergonomic}
     bool SegmentedCodeCache                       = true                                      {product} {ergonomic}
   size_t SoftMaxHeapSize                          = 2147483648                             {manageable} {ergonomic}
     bool UseCompressedOops                        = true                           {product lp64_product} {ergonomic}
     bool UseLargePagesIndividualAllocation        = false                                  {pd product} {ergonomic}
     bool UseParallelGC                            = true                                      {product} {command line}

Logging:
Log output configuration:
 #0: stdout all=off uptime,level,tags foldmultilines=false
 #1: stderr all=off uptime,level,tags foldmultilines=false

Release file:
JAVA_VERSION="21.0.11" 
MODULES="java.base java.compiler java.datatransfer java.xml java.prefs java.desktop java.instrument java.logging java.management java.security.sasl java.naming java.rmi java.management.rmi java.net.http java.scripting java.security.jgss java.transaction.xa java.sql java.sql.rowset java.xml.crypto java.se java.smartcardio jdk.accessibility jdk.internal.jvmstat jdk.attach jdk.charsets jdk.internal.opt jdk.zipfs jdk.compiler jdk.crypto.ec jdk.crypto.cryptoki jdk.crypto.mscapi jdk.dynalink jdk.internal.ed jdk.editpad jdk.hotspot.agent jdk.httpserver jdk.internal.le jdk.internal.vm.ci jdk.internal.vm.compiler jdk.internal.vm.compiler.management jdk.jartool jdk.javadoc jdk.jcmd jdk.management jdk.management.agent jdk.jconsole jdk.jdeps jdk.jdwp.agent jdk.jdi jdk.jfr jdk.jshell jdk.jsobject jdk.jstatd jdk.localedata jdk.management.jfr jdk.naming.dns jdk.naming.rmi jdk.net jdk.nio.mapmode jdk.random jdk.sctp jdk.security.auth jdk.security.jgss jdk.unsupported jdk.unsupported.desktop jdk.xml.dom" 

Environment Variables:
PATH=C:\Python313\Scripts\;C:\Python313\;C:\Program Files\Common Files\Oracle\Java\javapath;C:\Program Files (x86)\Common Files\Oracle\Java\java8path;C:\Program Files (x86)\Common Files\Oracle\Java\javapath;C:\WINDOWS\system32;C:\WINDOWS;C:\WINDOWS\System32\Wbem;C:\WINDOWS\System32\WindowsPowerShell\v1.0\;C:\WINDOWS\System32\OpenSSH\;C:\Program Files\dotnet\;C:\Program Files (x86)\Windows Kits\10\Windows Performance Toolkit\;C:\Program Files\Git\cmd;C:\ProgramData\chocolatey\bin;%NVM_HOME%;%NVM_SYMLINK%;C:\Users\rinka\AppData\Local\Microsoft\WindowsApps;C:\Program Files\JetBrains\PyCharm Community Edition 2021.2.2\bin;;C:\Users\rinka\.dotnet\tools;C:\Users\rinka\AppData\Local\Programs\Microsoft VS Code\bin;C:\Users\rinka\AppData\Roaming\npm;C:\Users\rinka\AppData\Local\GitHubDesktop\bin;C:\Users\rinka\AppData\Local\nvm;C:\nvm4w\nodejs;C:\Users\rinka\AppData\Local\Google\Cloud SDK\google-cloud-sdk\bin
USERNAME=rinka
OS=Windows_NT
PROCESSOR_IDENTIFIER=Intel64 Family 6 Model 126 Stepping 5, GenuineIntel
TMP=C:\Users\rinka\AppData\Local\Temp
TEMP=C:\Users\rinka\AppData\Local\Temp




Periodic native trim disabled

---------------  S Y S T E M  ---------------

OS:
 Windows 11 , 64 bit Build 26100 (10.0.26100.8521)
OS uptime: 13 days 4:04 hours

CPU: total 8 (initial active 8) (4 cores per cpu, 2 threads per core) family 6 model 126 stepping 5 microcode 0xc2, cx8, cmov, fxsr, ht, mmx, 3dnowpref, sse, sse2, sse3, ssse3, sse4.1, sse4.2, popcnt, lzcnt, tsc, tscinvbit, avx, avx2, aes, erms, clmul, bmi1, bmi2, adx, avx512f, avx512dq, avx512cd, avx512bw, avx512vl, sha, fma, vzeroupper, avx512_vpopcntdq, avx512_vpclmulqdq, avx512_vaes, avx512_vnni, clflush, clflushopt, avx512_vbmi2, avx512_vbmi, rdtscp, rdpid, fsrm, gfni, avx512_bitalg, f16c, pku, avx512_ifma
Processor Information for the first 8 processors :
  Max Mhz: 1190, Current Mhz: 991, Mhz Limit: 987

Memory: 4k page, system-wide physical 12055M (1302M free)
TotalPageFile size 48919M (AvailPageFile size 3M)
current process WorkingSet (physical memory assigned to process): 50M, peak: 50M
current process commit charge ("private bytes"): 224M, peak: 224M

vm_info: OpenJDK 64-Bit Server VM (21.0.11+10-LTS) for windows-amd64 JRE (21.0.11+10-LTS), built on 2026-04-21T00:00:00Z by "admin" with MS VC++ 17.12 (VS2022)

END.
