#
# There is insufficient memory for the Java Runtime Environment to continue.
# Native memory allocation (malloc) failed to allocate 1048576 bytes. Error detail: AllocateHeap
# Possible reasons:
#   The system is out of physical RAM or swap space
#   This process is running with CompressedOops enabled, and the Java Heap may be blocking the growth of the native heap
# Possible solutions:
#   Reduce memory load on the system
#   Increase physical memory or swap space
#   Check if swap backing store is full
#   Decrease Java heap size (-Xmx/-Xms)
#   Decrease number of Java threads
#   Decrease Java thread stack sizes (-Xss)
#   Set larger code cache with -XX:ReservedCodeCacheSize=
#   JVM is running with Unscaled Compressed Oops mode in which the Java heap is
#     placed in the first 4GB address space. The Java Heap base address is the
#     maximum limit for the native heap growth. Please use -XX:HeapBaseMinAddress
#     to set the Java Heap base and to place the Java Heap above 4GB virtual address.
# This output file may be truncated or incomplete.
#
#  Out of Memory Error (allocation.cpp:44), pid=25440, tid=17256
#
# JRE version:  (21.0.11+10) (build )
# Java VM: OpenJDK 64-Bit Server VM (21.0.11+10-LTS, mixed mode, sharing, tiered, compressed oops, compressed class ptrs, parallel gc, windows-amd64)
# No core dump will be written. Minidumps are not enabled by default on client versions of Windows
#

---------------  S U M M A R Y ------------

Command Line: --add-modules=ALL-SYSTEM --add-opens=java.base/java.util=ALL-UNNAMED --add-opens=java.base/java.lang=ALL-UNNAMED --add-opens=java.base/sun.nio.fs=ALL-UNNAMED -Declipse.application=org.eclipse.jdt.ls.core.id1 -Dosgi.bundles.defaultStartLevel=4 -Declipse.product=org.eclipse.jdt.ls.core.product -Djava.import.generatesMetadataFilesAtProjectRoot=false -DDetectVMInstallationsJob.disabled=true -Dfile.encoding=utf8 -XX:+UseParallelGC -XX:GCTimeRatio=4 -XX:AdaptiveSizePolicyWeight=90 -Dsun.zip.disableMemoryMapping=true -Xmx2G -Xms100m -Xlog:disable -javaagent:c:\Users\rinka\.vscode\extensions\redhat.java-1.55.0-win32-x64\lombok\lombok-1.18.39-4050.jar -XX:+HeapDumpOnOutOfMemoryError -XX:HeapDumpPath=c:\Users\rinka\AppData\Roaming\Code\User\workspaceStorage\49d6aa05faa5dee90abf6ba5c36567b8\redhat.java -Daether.dependencyCollector.impl=bf c:\Users\rinka\.vscode\extensions\redhat.java-1.55.0-win32-x64\server\plugins\org.eclipse.equinox.launcher_1.7.200.v20260619-2039.jar -configuration c:\Users\rinka\AppData\Roaming\Code\User\globalStorage\redhat.java\1.55.0\config_win -data c:\Users\rinka\AppData\Roaming\Code\User\workspaceStorage\49d6aa05faa5dee90abf6ba5c36567b8\redhat.java\jdt_ws --pipe=\\.\pipe\lsp-9bed4e509e47f2d6c6c95905f1c8820a-sock

Host: Intel(R) Core(TM) i5-1035G1 CPU @ 1.00GHz, 8 cores, 11G,  Windows 11 , 64 bit Build 26100 (10.0.26100.8521)
Time: Sat Jul  4 12:21:03 2026 Pacific Daylight Time elapsed time: 0.165821 seconds (0d 0h 0m 0s)

---------------  T H R E A D  ---------------

Current thread (0x000001932ad9eb50):  JavaThread "Unknown thread" [_thread_in_vm, id=17256, stack(0x0000000a56b00000,0x0000000a56c00000) (1024K)]

Stack: [0x0000000a56b00000,0x0000000a56c00000]
Native frames: (J=compiled Java code, j=interpreted, Vv=VM code, C=native code)
V  [jvm.dll+0x6d7e19]
V  [jvm.dll+0x8b5096]
V  [jvm.dll+0x8b764e]
V  [jvm.dll+0x8b7d33]
V  [jvm.dll+0x284596]
V  [jvm.dll+0xc13c7]
V  [jvm.dll+0x70bdc2]
V  [jvm.dll+0x70cafc]
V  [jvm.dll+0x6e69b3]
V  [jvm.dll+0x87f6ec]
V  [jvm.dll+0x3c4b2c]
V  [jvm.dll+0x8683db]
V  [jvm.dll+0x457c41]
V  [jvm.dll+0x459831]
C  [jli.dll+0x52dc]
C  [ucrtbase.dll+0x2cd30]
C  [KERNEL32.DLL+0x2e957]
C  [ntdll.dll+0x87c1c]


---------------  P R O C E S S  ---------------

Threads class SMR info:
_java_thread_list=0x000001932adc7630, length=1, elements={
0x000001932ad9eb50
}

Java Threads: ( => current thread )
=>0x000001932ad9eb50 JavaThread "Unknown thread"             [_thread_in_vm, id=17256, stack(0x0000000a56b00000,0x0000000a56c00000) (1024K)]
Total: 1

Other Threads:
  0x000001932ae0c990 WatcherThread "VM Periodic Task Thread"        [id=21132, stack(0x0000000a56d00000,0x0000000a56e00000) (1024K)]
  0x000001932adbd250 WorkerThread "GC Thread#0"                     [id=22188, stack(0x0000000a56c00000,0x0000000a56d00000) (1024K)]
Total: 2

Threads with active compile tasks:
Total: 0

VM state: not at safepoint (normal execution)

VM Mutex/Monitor currently owned by a thread: None

Heap address: 0x0000000080000000, size: 2048 MB, Compressed Oops mode: 32-bit

CDS archive(s) mapped at: [0x0000019342000000-0x0000019342ba0000-0x0000019342ba0000), size 12189696, SharedBaseAddress: 0x0000019342000000, ArchiveRelocationMode: 1.
Compressed class space mapped at: 0x0000019343000000-0x0000019383000000, reserved size: 1073741824
Narrow klass base: 0x0000019342000000, Narrow klass shift: 0, Narrow klass range: 0x100000000

GC Precious Log:
 CardTable entry size: 512
 CPUs: 8 total, 8 available
 Memory: 12055M
 Large Page Support: Disabled
 NUMA Support: Disabled
 Compressed Oops: Enabled (32-bit)
 Alignments: Space 512K, Generation 512K, Heap 2M
 Heap Min Capacity: 100M
 Heap Initial Capacity: 100M
 Heap Max Capacity: 2G
 Pre-touch: Disabled
 Parallel Workers: 8

Heap:
 PSYoungGen      total 29696K, used 512K [0x00000000d5580000, 0x00000000d7680000, 0x0000000100000000)
  eden space 25600K, 2% used [0x00000000d5580000,0x00000000d5600020,0x00000000d6e80000)
  from space 4096K, 0% used [0x00000000d7280000,0x00000000d7280000,0x00000000d7680000)
  to   space 4096K, 0% used [0x00000000d6e80000,0x00000000d6e80000,0x00000000d7280000)
 ParOldGen       total 68608K, used 0K [0x0000000080000000, 0x0000000084300000, 0x00000000d5580000)
  object space 68608K, 0% used [0x0000000080000000,0x0000000080000000,0x0000000084300000)
 Metaspace       used 0K, committed 0K, reserved 1048576K
  class space    used 0K, committed 0K, reserved 1048576K

Card table byte_map: [0x000001932a740000,0x000001932ab50000] _byte_map_base: 0x000001932a340000

Marking Bits: (ParMarkBitMap*) 0x00007ffb0ad54460
 Begin Bits: [0x000001933d250000, 0x000001933f250000)
 End Bits:   [0x000001933f250000, 0x0000019341250000)

Polling page: 0x0000019328bb0000

Metaspace:

Usage:
  Non-class:      0 bytes used.
      Class:      0 bytes used.
       Both:      0 bytes used.

Virtual space:
  Non-class space:        0 bytes reserved,       0 bytes (  ?%) committed,  0 nodes.
      Class space:        1.00 GB reserved,       0 bytes (  0%) committed,  1 nodes.
             Both:        1.00 GB reserved,       0 bytes (  0%) committed. 

Chunk freelists:
   Non-Class:  0 bytes
       Class:  16.00 MB
        Both:  16.00 MB

MaxMetaspaceSize: unlimited
CompressedClassSpaceSize: 1.00 GB
Initial GC threshold: 21.00 MB
Current GC threshold: 17179869184.00 GB
CDS: on
 - commit_granule_bytes: 65536.
 - commit_granule_words: 8192.
 - virtual_space_node_default_size: 8388608.
 - enlarge_chunks_in_place: 1.
 - use_allocation_guard: 0.


Internal statistics:

num_allocs_failed_limit: 0.
num_arena_births: 0.
num_arena_deaths: 0.
num_vsnodes_births: 1.
num_vsnodes_deaths: 0.
num_space_committed: 0.
num_space_uncommitted: 0.
num_chunks_returned_to_freelist: 0.
num_chunks_taken_from_freelist: 1.
num_chunk_merges: 0.
num_chunk_splits: 1.
num_chunks_enlarged: 0.
num_inconsistent_stats: 0.

CodeHeap 'non-profiled nmethods': size=120000Kb used=0Kb max_used=0Kb free=120000Kb
 bounds [0x0000019335a70000, 0x0000019335ce0000, 0x000001933cfa0000]
CodeHeap 'profiled nmethods': size=120000Kb used=0Kb max_used=0Kb free=120000Kb
 bounds [0x000001932dfa0000, 0x000001932e210000, 0x00000193354d0000]
CodeHeap 'non-nmethods': size=5760Kb used=199Kb max_used=348Kb free=5560Kb
 bounds [0x00000193354d0000, 0x0000019335740000, 0x0000019335a70000]
CodeCache: size=245760Kb, used=199Kb, max_used=348Kb, free=245560Kb
 total_blobs=70, nmethods=0, adapters=48, full_count=0
Compilation: enabled, stopped_count=0, restarted_count=0

Compilation events (0 events):
No events

GC Heap History (0 events):
No events

Dll operation events (1 events):
Event: 0.026 Loaded shared library c:\Users\rinka\.vscode\extensions\redhat.java-1.55.0-win32-x64\jre\21.0.11-win32-x86_64\bin\java.dll

Deoptimization events (0 events):
No events

Classes loaded (0 events):
No events

Classes unloaded (0 events):
No events

Classes redefined (0 events):
No events

Internal exceptions (0 events):
No events

ZGC Phase Switch (0 events):
No events

VM Operations (0 events):
No events

Memory protections (0 events):
No events

Nmethod flushes (0 events):
No events

Events (1 events):
Event: 0.077 Thread 0x000001932ad9eb50 Thread added: 0x000001932ad9eb50


Dynamic libraries:
0x00007ff611500000 - 0x00007ff61150e000 	c:\Users\rinka\.vscode\extensions\redhat.java-1.55.0-win32-x64\jre\21.0.11-win32-x86_64\bin\java.exe
0x00007ffb73660000 - 0x00007ffb738c6000 	C:\WINDOWS\SYSTEM32\ntdll.dll
0x00007ffb732f0000 - 0x00007ffb733b9000 	C:\WINDOWS\System32\KERNEL32.DLL
0x00007ffb70ef0000 - 0x00007ffb712ea000 	C:\WINDOWS\System32\KERNELBASE.dll
0x00007ffb708f0000 - 0x00007ffb70a3c000 	C:\WINDOWS\System32\ucrtbase.dll
0x00007ffb5fd70000 - 0x00007ffb5fd88000 	c:\Users\rinka\.vscode\extensions\redhat.java-1.55.0-win32-x64\jre\21.0.11-win32-x86_64\bin\jli.dll
0x00007ffb71b60000 - 0x00007ffb71d27000 	C:\WINDOWS\System32\USER32.dll
0x00007ffb5fd50000 - 0x00007ffb5fd6e000 	c:\Users\rinka\.vscode\extensions\redhat.java-1.55.0-win32-x64\jre\21.0.11-win32-x86_64\bin\VCRUNTIME140.dll
0x00007ffb713a0000 - 0x00007ffb713c7000 	C:\WINDOWS\System32\win32u.dll
0x00007ffb72160000 - 0x00007ffb7218b000 	C:\WINDOWS\System32\GDI32.dll
0x00007ffb70dc0000 - 0x00007ffb70eeb000 	C:\WINDOWS\System32\gdi32full.dll
0x00007ffb555a0000 - 0x00007ffb55832000 	C:\WINDOWS\WinSxS\amd64_microsoft.windows.common-controls_6595b64144ccf1df_6.0.26100.8521_none_3e08b75ce33403b3\COMCTL32.dll
0x00007ffb70a40000 - 0x00007ffb70ae3000 	C:\WINDOWS\System32\msvcp_win.dll
0x00007ffb72200000 - 0x00007ffb722a9000 	C:\WINDOWS\System32\msvcrt.dll
0x00007ffb72120000 - 0x00007ffb72152000 	C:\WINDOWS\System32\IMM32.DLL
0x00007ffb6d4f0000 - 0x00007ffb6d4fc000 	c:\Users\rinka\.vscode\extensions\redhat.java-1.55.0-win32-x64\jre\21.0.11-win32-x86_64\bin\vcruntime140_1.dll
0x00007ffb57bc0000 - 0x00007ffb57c4d000 	c:\Users\rinka\.vscode\extensions\redhat.java-1.55.0-win32-x64\jre\21.0.11-win32-x86_64\bin\msvcp140.dll
0x00007ffb0a090000 - 0x00007ffb0ae32000 	c:\Users\rinka\.vscode\extensions\redhat.java-1.55.0-win32-x64\jre\21.0.11-win32-x86_64\bin\server\jvm.dll
0x00007ffb71fe0000 - 0x00007ffb72096000 	C:\WINDOWS\System32\ADVAPI32.dll
0x00007ffb733c0000 - 0x00007ffb7346a000 	C:\WINDOWS\System32\sechost.dll
0x00007ffb73480000 - 0x00007ffb73598000 	C:\WINDOWS\System32\RPCRT4.dll
0x00007ffb72470000 - 0x00007ffb724f0000 	C:\WINDOWS\System32\WS2_32.dll
0x00007ffb70770000 - 0x00007ffb707ce000 	C:\WINDOWS\SYSTEM32\POWRPROF.dll
0x00007ffb5d6f0000 - 0x00007ffb5d726000 	C:\WINDOWS\SYSTEM32\WINMM.dll
0x00007ffb67bd0000 - 0x00007ffb67bdb000 	C:\WINDOWS\SYSTEM32\VERSION.dll
0x00007ffb70730000 - 0x00007ffb70744000 	C:\WINDOWS\SYSTEM32\UMPDC.dll
0x00007ffb6f680000 - 0x00007ffb6f69b000 	C:\WINDOWS\SYSTEM32\kernel.appcore.dll
0x00007ffb6d3c0000 - 0x00007ffb6d3ca000 	c:\Users\rinka\.vscode\extensions\redhat.java-1.55.0-win32-x64\jre\21.0.11-win32-x86_64\bin\jimage.dll
0x00007ffb6df90000 - 0x00007ffb6e1d2000 	C:\WINDOWS\SYSTEM32\DBGHELP.DLL
0x00007ffb72ad0000 - 0x00007ffb72e53000 	C:\WINDOWS\System32\combase.dll
0x00007ffb72550000 - 0x00007ffb72629000 	C:\WINDOWS\System32\OLEAUT32.dll
0x00007ffb57210000 - 0x00007ffb5724b000 	C:\WINDOWS\SYSTEM32\dbgcore.DLL
0x00007ffb712f0000 - 0x00007ffb71398000 	C:\WINDOWS\System32\bcryptPrimitives.dll
0x00007ffb6d390000 - 0x00007ffb6d39f000 	c:\Users\rinka\.vscode\extensions\redhat.java-1.55.0-win32-x64\jre\21.0.11-win32-x86_64\bin\instrument.dll
0x00007ffb5c6c0000 - 0x00007ffb5c6e0000 	c:\Users\rinka\.vscode\extensions\redhat.java-1.55.0-win32-x64\jre\21.0.11-win32-x86_64\bin\java.dll

JVMTI agents:
c:\Users\rinka\.vscode\extensions\redhat.java-1.55.0-win32-x64\lombok\lombok-1.18.39-4050.jar path:none, loaded, not initialized, instrumentlib options:none

dbghelp: loaded successfully - version: 4.0.5 - missing functions: none
symbol engine: initialized successfully - sym options: 0x614 - pdb path: .;c:\Users\rinka\.vscode\extensions\redhat.java-1.55.0-win32-x64\jre\21.0.11-win32-x86_64\bin;C:\WINDOWS\SYSTEM32;C:\WINDOWS\WinSxS\amd64_microsoft.windows.common-controls_6595b64144ccf1df_6.0.26100.8521_none_3e08b75ce33403b3;c:\Users\rinka\.vscode\extensions\redhat.java-1.55.0-win32-x64\jre\21.0.11-win32-x86_64\bin\server

VM Arguments:
jvm_args: --add-modules=ALL-SYSTEM --add-opens=java.base/java.util=ALL-UNNAMED --add-opens=java.base/java.lang=ALL-UNNAMED --add-opens=java.base/sun.nio.fs=ALL-UNNAMED -Declipse.application=org.eclipse.jdt.ls.core.id1 -Dosgi.bundles.defaultStartLevel=4 -Declipse.product=org.eclipse.jdt.ls.core.product -Djava.import.generatesMetadataFilesAtProjectRoot=false -DDetectVMInstallationsJob.disabled=true -Dfile.encoding=utf8 -XX:+UseParallelGC -XX:GCTimeRatio=4 -XX:AdaptiveSizePolicyWeight=90 -Dsun.zip.disableMemoryMapping=true -Xmx2G -Xms100m -Xlog:disable -javaagent:c:\Users\rinka\.vscode\extensions\redhat.java-1.55.0-win32-x64\lombok\lombok-1.18.39-4050.jar -XX:+HeapDumpOnOutOfMemoryError -XX:HeapDumpPath=c:\Users\rinka\AppData\Roaming\Code\User\workspaceStorage\49d6aa05faa5dee90abf6ba5c36567b8\redhat.java -Daether.dependencyCollector.impl=bf 
java_command: c:\Users\rinka\.vscode\extensions\redhat.java-1.55.0-win32-x64\server\plugins\org.eclipse.equinox.launcher_1.7.200.v20260619-2039.jar -configuration c:\Users\rinka\AppData\Roaming\Code\User\globalStorage\redhat.java\1.55.0\config_win -data c:\Users\rinka\AppData\Roaming\Code\User\workspaceStorage\49d6aa05faa5dee90abf6ba5c36567b8\redhat.java\jdt_ws --pipe=\\.\pipe\lsp-9bed4e509e47f2d6c6c95905f1c8820a-sock
java_class_path (initial): c:\Users\rinka\.vscode\extensions\redhat.java-1.55.0-win32-x64\server\plugins\org.eclipse.equinox.launcher_1.7.200.v20260619-2039.jar
Launcher Type: SUN_STANDARD

[Global flags]
    uintx AdaptiveSizePolicyWeight                 = 90                                        {product} {command line}
     intx CICompilerCount                          = 4                                         {product} {ergonomic}
    uintx GCTimeRatio                              = 4                                         {product} {command line}
     bool HeapDumpOnOutOfMemoryError               = true                                   {manageable} {command line}
    ccstr HeapDumpPath                             = c:\Users\rinka\AppData\Roaming\Code\User\workspaceStorage\49d6aa05faa5dee90abf6ba5c36567b8\redhat.java         {manageable} {command line}
   size_t InitialHeapSize                          = 104857600                                 {product} {command line}
   size_t MaxHeapSize                              = 2147483648                                {product} {command line}
   size_t MaxNewSize                               = 715653120                                 {product} {ergonomic}
   size_t MinHeapDeltaBytes                        = 524288                                    {product} {ergonomic}
   size_t MinHeapSize                              = 104857600                                 {product} {command line}
   size_t NewSize                                  = 34603008                                  {product} {ergonomic}
    uintx NonNMethodCodeHeapSize                   = 5839372                                {pd product} {ergonomic}
    uintx NonProfiledCodeHeapSize                  = 122909434                              {pd product} {ergonomic}
   size_t OldSize                                  = 70254592                                  {product} {ergonomic}
    uintx ProfiledCodeHeapSize                     = 122909434                              {pd product} {ergonomic}
    uintx ReservedCodeCacheSize                    = 251658240                              {pd product} {ergonomic}
     bool SegmentedCodeCache                       = true                                      {product} {ergonomic}
   size_t SoftMaxHeapSize                          = 2147483648                             {manageable} {ergonomic}
     bool UseCompressedOops                        = true                           {product lp64_product} {ergonomic}
     bool UseLargePagesIndividualAllocation        = false                                  {pd product} {ergonomic}
     bool UseParallelGC                            = true                                      {product} {command line}

Logging:
Log output configuration:
 #0: stdout all=off uptime,level,tags foldmultilines=false
 #1: stderr all=off uptime,level,tags foldmultilines=false

Release file:
<release file has not been read>
Environment Variables:
PATH=C:\Python313\Scripts\;C:\Python313\;C:\Program Files\Common Files\Oracle\Java\javapath;C:\Program Files (x86)\Common Files\Oracle\Java\java8path;C:\Program Files (x86)\Common Files\Oracle\Java\javapath;C:\WINDOWS\system32;C:\WINDOWS;C:\WINDOWS\System32\Wbem;C:\WINDOWS\System32\WindowsPowerShell\v1.0\;C:\WINDOWS\System32\OpenSSH\;C:\Program Files\dotnet\;C:\Program Files (x86)\Windows Kits\10\Windows Performance Toolkit\;C:\Program Files\Git\cmd;C:\ProgramData\chocolatey\bin;C:\Users\rinka\AppData\Local\nvm;C:\nvm4w\nodejs;C:\Users\rinka\AppData\Local\Microsoft\WindowsApps;C:\Program Files\JetBrains\PyCharm Community Edition 2021.2.2\bin;;C:\Users\rinka\.dotnet\tools;C:\Users\rinka\AppData\Local\Programs\Microsoft VS Code\bin;C:\Users\rinka\AppData\Roaming\npm;C:\Users\rinka\AppData\Local\GitHubDesktop\bin;C:\Users\rinka\AppData\Local\nvm;C:\nvm4w\nodejs;C:\Users\rinka\AppData\Local\Google\Cloud SDK\google-cloud-sdk\bin
USERNAME=rinka
OS=Windows_NT
PROCESSOR_IDENTIFIER=Intel64 Family 6 Model 126 Stepping 5, GenuineIntel
TMP=C:\Users\rinka\AppData\Local\Temp
TEMP=C:\Users\rinka\AppData\Local\Temp




Periodic native trim disabled

---------------  S Y S T E M  ---------------

OS:
 Windows 11 , 64 bit Build 26100 (10.0.26100.8521)
OS uptime: 14 days 2:18 hours

CPU: total 8 (initial active 8) (4 cores per cpu, 2 threads per core) family 6 model 126 stepping 5 microcode 0xc2, cx8, cmov, fxsr, ht, mmx, 3dnowpref, sse, sse2, sse3, ssse3, sse4.1, sse4.2, popcnt, lzcnt, tsc, tscinvbit, avx, avx2, aes, erms, clmul, bmi1, bmi2, adx, avx512f, avx512dq, avx512cd, avx512bw, avx512vl, sha, fma, vzeroupper, avx512_vpopcntdq, avx512_vpclmulqdq, avx512_vaes, avx512_vnni, clflush, clflushopt, avx512_vbmi2, avx512_vbmi, rdtscp, rdpid, fsrm, gfni, avx512_bitalg, f16c, pku, avx512_ifma
Processor Information for the first 8 processors :
  Max Mhz: 1190, Current Mhz: 991, Mhz Limit: 987

Memory: 4k page, system-wide physical 12055M (2645M free)
TotalPageFile size 48919M (AvailPageFile size 35M)
current process WorkingSet (physical memory assigned to process): 26M, peak: 26M
current process commit charge ("private bytes"): 203M, peak: 204M

vm_info: OpenJDK 64-Bit Server VM (21.0.11+10-LTS) for windows-amd64 JRE (21.0.11+10-LTS), built on 2026-04-21T00:00:00Z by "admin" with MS VC++ 17.12 (VS2022)

END.
