#
# There is insufficient memory for the Java Runtime Environment to continue.
# Native memory allocation (malloc) failed to allocate 1166416 bytes. Error detail: Chunk::new
# Possible reasons:
#   The system is out of physical RAM or swap space
#   This process is running with CompressedOops enabled, and the Java Heap may be blocking the growth of the native heap
# Possible solutions:
#   Reduce memory load on the system
#   Increase physical memory or swap space
#   Check if swap backing store is full
#   Decrease Java heap size (-Xmx/-Xms)
#   Decrease number of Java threads
#   Decrease Java thread stack sizes (-Xss)
#   Set larger code cache with -XX:ReservedCodeCacheSize=
#   JVM is running with Unscaled Compressed Oops mode in which the Java heap is
#     placed in the first 4GB address space. The Java Heap base address is the
#     maximum limit for the native heap growth. Please use -XX:HeapBaseMinAddress
#     to set the Java Heap base and to place the Java Heap above 4GB virtual address.
# This output file may be truncated or incomplete.
#
#  Out of Memory Error (arena.cpp:168), pid=23868, tid=27112
#
# JRE version: OpenJDK Runtime Environment Temurin-21.0.11+10 (21.0.11+10) (build 21.0.11+10-LTS)
# Java VM: OpenJDK 64-Bit Server VM Temurin-21.0.11+10 (21.0.11+10-LTS, mixed mode, sharing, tiered, compressed oops, compressed class ptrs, parallel gc, windows-amd64)
# No core dump will be written. Minidumps are not enabled by default on client versions of Windows
#

---------------  S U M M A R Y ------------

Command Line: --add-modules=ALL-SYSTEM --add-opens=java.base/java.util=ALL-UNNAMED --add-opens=java.base/java.lang=ALL-UNNAMED --add-opens=java.base/sun.nio.fs=ALL-UNNAMED -Declipse.application=org.eclipse.jdt.ls.core.id1 -Dosgi.bundles.defaultStartLevel=4 -Declipse.product=org.eclipse.jdt.ls.core.product -Djava.import.generatesMetadataFilesAtProjectRoot=false -DDetectVMInstallationsJob.disabled=true -Dfile.encoding=utf8 -XX:+UseParallelGC -XX:GCTimeRatio=4 -XX:AdaptiveSizePolicyWeight=90 -Dsun.zip.disableMemoryMapping=true -Xmx2G -Xms100m -Xlog:disable -javaagent:c:\Users\rinka\.vscode\extensions\redhat.java-1.55.0-win32-x64\lombok\lombok-1.18.39-4050.jar -XX:+HeapDumpOnOutOfMemoryError -XX:HeapDumpPath=c:\Users\rinka\AppData\Roaming\Code\User\workspaceStorage\49d6aa05faa5dee90abf6ba5c36567b8\redhat.java -Daether.dependencyCollector.impl=bf c:\Users\rinka\.vscode\extensions\redhat.java-1.55.0-win32-x64\server\plugins\org.eclipse.equinox.launcher_1.7.200.v20260619-2039.jar -configuration c:\Users\rinka\AppData\Roaming\Code\User\globalStorage\redhat.java\1.55.0\config_win -data c:\Users\rinka\AppData\Roaming\Code\User\workspaceStorage\49d6aa05faa5dee90abf6ba5c36567b8\redhat.java\jdt_ws --pipe=\\.\pipe\lsp-203d84de0dd6f6570f08333922153115-sock

Host: Intel(R) Core(TM) i5-1035G1 CPU @ 1.00GHz, 8 cores, 11G,  Windows 11 , 64 bit Build 26100 (10.0.26100.8521)
Time: Sun Jul  5 16:25:45 2026 Pacific Daylight Time elapsed time: 10.565598 seconds (0d 0h 0m 10s)

---------------  T H R E A D  ---------------

Current thread (0x000002622323d520):  JavaThread "C2 CompilerThread0" daemon [_thread_in_native, id=27112, stack(0x000000784bb00000,0x000000784bc00000) (1024K)]


Current CompileTask:
C2:10565 4190       4       org.lombokweb.asm.ClassReader::readMethod (1070 bytes)

Stack: [0x000000784bb00000,0x000000784bc00000]
Native frames: (J=compiled Java code, j=interpreted, Vv=VM code, C=native code)
V  [jvm.dll+0x6d7e19]
V  [jvm.dll+0x8b5096]
V  [jvm.dll+0x8b764e]
V  [jvm.dll+0x8b7d33]
V  [jvm.dll+0x284596]
V  [jvm.dll+0xc685d]
V  [jvm.dll+0xc6da1]
V  [jvm.dll+0x3bed31]
V  [jvm.dll+0x38b2b2]
V  [jvm.dll+0x38a6fa]
V  [jvm.dll+0x24c700]
V  [jvm.dll+0x24bce0]
V  [jvm.dll+0x1cb4ae]
V  [jvm.dll+0x25baad]
V  [jvm.dll+0x25a03a]
V  [jvm.dll+0x3f868e]
V  [jvm.dll+0x85fb0d]
V  [jvm.dll+0x6d664d]
C  [ucrtbase.dll+0x2cd30]
C  [KERNEL32.DLL+0x2e957]
C  [ntdll.dll+0x87c1c]


---------------  P R O C E S S  ---------------

Threads class SMR info:
_java_thread_list=0x000002627d3e22a0, length=24, elements={
0x00000262232acd80, 0x000002622321fa70, 0x0000026223222500, 0x0000026223227860,
0x000002622322a490, 0x000002622322e070, 0x0000026223235b20, 0x000002622323d520,
0x0000026223240fa0, 0x000002627c765360, 0x000002627c762c00, 0x000002627c764cd0,
0x000002627c763920, 0x000002627c764640, 0x000002627c763290, 0x000002627c763fb0,
0x000002627c7659f0, 0x000002627c766080, 0x000002627d1e10a0, 0x000002627d1e3800,
0x000002627d1e2450, 0x000002627d1e1730, 0x000002627d1e1dc0, 0x000002627d588a30
}

Java Threads: ( => current thread )
  0x00000262232acd80 JavaThread "main"                              [_thread_blocked, id=26480, stack(0x000000784b100000,0x000000784b200000) (1024K)]
  0x000002622321fa70 JavaThread "Reference Handler"          daemon [_thread_blocked, id=15820, stack(0x000000784b500000,0x000000784b600000) (1024K)]
  0x0000026223222500 JavaThread "Finalizer"                  daemon [_thread_blocked, id=26288, stack(0x000000784b600000,0x000000784b700000) (1024K)]
  0x0000026223227860 JavaThread "Signal Dispatcher"          daemon [_thread_blocked, id=12488, stack(0x000000784b700000,0x000000784b800000) (1024K)]
  0x000002622322a490 JavaThread "Attach Listener"            daemon [_thread_blocked, id=14836, stack(0x000000784b800000,0x000000784b900000) (1024K)]
  0x000002622322e070 JavaThread "Service Thread"             daemon [_thread_blocked, id=5156, stack(0x000000784b900000,0x000000784ba00000) (1024K)]
  0x0000026223235b20 JavaThread "Monitor Deflation Thread"   daemon [_thread_blocked, id=2908, stack(0x000000784ba00000,0x000000784bb00000) (1024K)]
=>0x000002622323d520 JavaThread "C2 CompilerThread0"         daemon [_thread_in_native, id=27112, stack(0x000000784bb00000,0x000000784bc00000) (1024K)]
  0x0000026223240fa0 JavaThread "C1 CompilerThread0"         daemon [_thread_blocked, id=17820, stack(0x000000784bc00000,0x000000784bd00000) (1024K)]
  0x000002627c765360 JavaThread "Common-Cleaner"             daemon [_thread_blocked, id=11708, stack(0x000000784be00000,0x000000784bf00000) (1024K)]
  0x000002627c762c00 JavaThread "Notification Thread"        daemon [_thread_blocked, id=22852, stack(0x000000784bf00000,0x000000784c000000) (1024K)]
  0x000002627c764cd0 JavaThread "Active Thread: Equinox Container: 383f1ea6-4985-4533-8bef-f81d526a4db7"        [_thread_blocked, id=31504, stack(0x000000784c700000,0x000000784c800000) (1024K)]
  0x000002627c763920 JavaThread "Refresh Thread: Equinox Container: 383f1ea6-4985-4533-8bef-f81d526a4db7" daemon [_thread_blocked, id=29984, stack(0x000000784c800000,0x000000784c900000) (1024K)]
  0x000002627c764640 JavaThread "Framework Event Dispatcher: Equinox Container: 383f1ea6-4985-4533-8bef-f81d526a4db7" daemon [_thread_blocked, id=15556, stack(0x000000784c900000,0x000000784ca00000) (1024K)]
  0x000002627c763290 JavaThread "Start Level: Equinox Container: 383f1ea6-4985-4533-8bef-f81d526a4db7" daemon [_thread_in_native, id=26804, stack(0x000000784ca00000,0x000000784cb00000) (1024K)]
  0x000002627c763fb0 JavaThread "Bundle File Closer"         daemon [_thread_blocked, id=10528, stack(0x000000784cc00000,0x000000784cd00000) (1024K)]
  0x000002627c7659f0 JavaThread "SCR Component Actor"        daemon [_thread_blocked, id=2336, stack(0x000000784bd00000,0x000000784be00000) (1024K)]
  0x000002627c766080 JavaThread "Worker-JM"                         [_thread_blocked, id=30908, stack(0x000000784ce00000,0x000000784cf00000) (1024K)]
  0x000002627d1e10a0 JavaThread "JNA Cleaner"                daemon [_thread_blocked, id=7012, stack(0x000000784cf00000,0x000000784d000000) (1024K)]
  0x000002627d1e3800 JavaThread "Worker-0: Updating Maven Dependencies"        [_thread_blocked, id=18876, stack(0x000000784d000000,0x000000784d100000) (1024K)]
  0x000002627d1e2450 JavaThread "Worker-1: Repository registry initialization"        [_thread_in_vm, id=11452, stack(0x000000784d100000,0x000000784d200000) (1024K)]
  0x000002627d1e1730 JavaThread "Worker-2: Building"                [_thread_blocked, id=6608, stack(0x000000784d200000,0x000000784d300000) (1024K)]
  0x000002627d1e1dc0 JavaThread "Worker-3"                          [_thread_blocked, id=13124, stack(0x000000784d300000,0x000000784d400000) (1024K)]
  0x000002627d588a30 JavaThread "C2 CompilerThread1"         daemon [_thread_in_native, id=31068, stack(0x000000784cb00000,0x000000784cc00000) (1024K)]
Total: 24

Other Threads:
  0x0000026223200be0 VMThread "VM Thread"                           [id=10336, stack(0x000000784b400000,0x000000784b500000) (1024K)]
  0x000002622313c950 WatcherThread "VM Periodic Task Thread"        [id=1452, stack(0x000000784b300000,0x000000784b400000) (1024K)]
  0x00000262232cb3b0 WorkerThread "GC Thread#0"                     [id=3408, stack(0x000000784b200000,0x000000784b300000) (1024K)]
  0x000002627d0d1360 WorkerThread "GC Thread#1"                     [id=32400, stack(0x000000784c100000,0x000000784c200000) (1024K)]
  0x000002627d032e00 WorkerThread "GC Thread#2"                     [id=21072, stack(0x000000784c200000,0x000000784c300000) (1024K)]
  0x000002627d0331b0 WorkerThread "GC Thread#3"                     [id=25940, stack(0x000000784c300000,0x000000784c400000) (1024K)]
  0x000002627d033560 WorkerThread "GC Thread#4"                     [id=29100, stack(0x000000784c400000,0x000000784c500000) (1024K)]
  0x000002627d08d770 WorkerThread "GC Thread#5"                     [id=17576, stack(0x000000784c500000,0x000000784c600000) (1024K)]
  0x000002627d08db20 WorkerThread "GC Thread#6"                     [id=30040, stack(0x000000784c600000,0x000000784c700000) (1024K)]
  0x000002627d31c3c0 WorkerThread "GC Thread#7"                     [id=9264, stack(0x000000784c000000,0x000000784c100000) (1024K)]
Total: 10

Threads with active compile tasks:
C2 CompilerThread0  10586 4190       4       org.lombokweb.asm.ClassReader::readMethod (1070 bytes)
C2 CompilerThread1  10586 4296       4       org.eclipse.osgi.internal.serviceregistry.ServiceRegistry::notifyHooksPrivileged (57 bytes)
Total: 2

VM state: not at safepoint (normal execution)

VM Mutex/Monitor currently owned by a thread: None

Heap address: 0x0000000080000000, size: 2048 MB, Compressed Oops mode: 32-bit

CDS archive(s) mapped at: [0x000002623a000000-0x000002623aba0000-0x000002623aba0000), size 12189696, SharedBaseAddress: 0x000002623a000000, ArchiveRelocationMode: 1.
Compressed class space mapped at: 0x000002623b000000-0x000002627b000000, reserved size: 1073741824
Narrow klass base: 0x000002623a000000, Narrow klass shift: 0, Narrow klass range: 0x100000000

GC Precious Log:
 CardTable entry size: 512
 CPUs: 8 total, 8 available
 Memory: 12055M
 Large Page Support: Disabled
 NUMA Support: Disabled
 Compressed Oops: Enabled (32-bit)
 Alignments: Space 512K, Generation 512K, Heap 2M
 Heap Min Capacity: 100M
 Heap Initial Capacity: 100M
 Heap Max Capacity: 2G
 Pre-touch: Disabled
 Parallel Workers: 8

Heap:
 PSYoungGen      total 26112K, used 24684K [0x00000000d5580000, 0x00000000d7300000, 0x0000000100000000)
  eden space 23552K, 94% used [0x00000000d5580000,0x00000000d6b223f0,0x00000000d6c80000)
  from space 2560K, 98% used [0x00000000d6e80000,0x00000000d70f8f78,0x00000000d7100000)
  to   space 2048K, 0% used [0x00000000d7100000,0x00000000d7100000,0x00000000d7300000)
 ParOldGen       total 68608K, used 13637K [0x0000000080000000, 0x0000000084300000, 0x00000000d5580000)
  object space 68608K, 19% used [0x0000000080000000,0x0000000080d51450,0x0000000084300000)
 Metaspace       used 27579K, committed 28480K, reserved 1114112K
  class space    used 2734K, committed 3136K, reserved 1048576K

Card table byte_map: [0x0000026222c50000,0x0000026223060000] _byte_map_base: 0x0000026222850000

Marking Bits: (ParMarkBitMap*) 0x00007ffb0b314460
 Begin Bits: [0x0000026235760000, 0x0000026237760000)
 End Bits:   [0x0000026237760000, 0x0000026239760000)

Polling page: 0x00000262210c0000

Metaspace:

Usage:
  Non-class:     24.26 MB used.
      Class:      2.67 MB used.
       Both:     26.93 MB used.

Virtual space:
  Non-class space:       64.00 MB reserved,      24.75 MB ( 39%) committed,  1 nodes.
      Class space:        1.00 GB reserved,       3.06 MB ( <1%) committed,  1 nodes.
             Both:        1.06 GB reserved,      27.81 MB (  3%) committed. 

Chunk freelists:
   Non-Class:  7.26 MB
       Class:  12.86 MB
        Both:  20.11 MB

MaxMetaspaceSize: unlimited
CompressedClassSpaceSize: 1.00 GB
Initial GC threshold: 21.00 MB
Current GC threshold: 35.00 MB
CDS: on
 - commit_granule_bytes: 65536.
 - commit_granule_words: 8192.
 - virtual_space_node_default_size: 8388608.
 - enlarge_chunks_in_place: 1.
 - use_allocation_guard: 0.


Internal statistics:

num_allocs_failed_limit: 3.
num_arena_births: 722.
num_arena_deaths: 14.
num_vsnodes_births: 2.
num_vsnodes_deaths: 0.
num_space_committed: 445.
num_space_uncommitted: 0.
num_chunks_returned_to_freelist: 17.
num_chunks_taken_from_freelist: 1881.
num_chunk_merges: 8.
num_chunk_splits: 1173.
num_chunks_enlarged: 715.
num_inconsistent_stats: 0.

CodeHeap 'non-profiled nmethods': size=120000Kb used=2031Kb max_used=2031Kb free=117968Kb
 bounds [0x000002622df80000, 0x000002622e1f0000, 0x00000262354b0000]
CodeHeap 'profiled nmethods': size=120000Kb used=8773Kb max_used=8773Kb free=111226Kb
 bounds [0x00000262264b0000, 0x0000026226d50000, 0x000002622d9e0000]
CodeHeap 'non-nmethods': size=5760Kb used=1348Kb max_used=1386Kb free=4411Kb
 bounds [0x000002622d9e0000, 0x000002622dc50000, 0x000002622df80000]
CodeCache: size=245760Kb, used=12152Kb, max_used=12190Kb, free=233605Kb
 total_blobs=4922, nmethods=4292, adapters=536, full_count=0
Compilation: enabled, stopped_count=0, restarted_count=0

Compilation events (20 events):
Event: 9.525 Thread 0x0000026223240fa0 4292       3       java.lang.invoke.MethodHandles$Lookup::getDirectMethodForConstant (72 bytes)
Event: 9.526 Thread 0x0000026223240fa0 nmethod 4292 0x0000026226d3e390 code [0x0000026226d3e6e0, 0x0000026226d3f7a0]
Event: 9.526 Thread 0x000002627d588a30 nmethod 4222 0x000002622e179c10 code [0x000002622e179e00, 0x000002622e17a430]
Event: 9.526 Thread 0x000002627d588a30 4219       4       java.lang.Long::stringSize (55 bytes)
Event: 9.528 Thread 0x0000026223240fa0 4293       3       java.lang.invoke.MethodHandle::isAncestorLoaderOf (35 bytes)
Event: 9.528 Thread 0x0000026223240fa0 nmethod 4293 0x0000026226d3fd90 code [0x0000026226d3ffc0, 0x0000026226d40730]
Event: 9.529 Thread 0x000002627d588a30 nmethod 4219 0x000002622e17a710 code [0x000002622e17a8a0, 0x000002622e17aa60]
Event: 9.529 Thread 0x000002627d588a30 4291       4       java.lang.ref.Reference::<init> (25 bytes)
Event: 9.530 Thread 0x000002627d588a30 nmethod 4291 0x000002622e17ab10 code [0x000002622e17aca0, 0x000002622e17ad68]
Event: 9.530 Thread 0x0000026223240fa0 4294       3       java.util.stream.ReduceOps$3ReducingSink::accept (15 bytes)
Event: 9.530 Thread 0x000002627d588a30 4288       4       org.codehaus.plexus.util.xml.pull.MXParser::more (106 bytes)
Event: 9.530 Thread 0x0000026223240fa0 nmethod 4294 0x0000026226d40990 code [0x0000026226d40b40, 0x0000026226d40d28]
Event: 9.531 Thread 0x000002627d588a30 nmethod 4288 0x000002622e17ae10 code [0x000002622e17afa0, 0x000002622e17b100]
Event: 9.532 Thread 0x000002627d588a30 4284       4       java.lang.Character::isHighSurrogate (18 bytes)
Event: 9.533 Thread 0x000002627d588a30 nmethod 4284 0x000002622e17b210 code [0x000002622e17b3a0, 0x000002622e17b428]
Event: 9.533 Thread 0x0000026223240fa0 4295       3       java.net.URL::<init> (7 bytes)
Event: 9.534 Thread 0x0000026223240fa0 nmethod 4295 0x0000026226d40e10 code [0x0000026226d40fc0, 0x0000026226d41170]
Event: 9.534 Thread 0x000002627d588a30 4296       4       org.eclipse.osgi.internal.serviceregistry.ServiceRegistry::notifyHooksPrivileged (57 bytes)
Event: 9.627 Thread 0x0000026223240fa0 4297       3       java.util.concurrent.locks.AbstractQueuedSynchronizer::casTail (13 bytes)
Event: 9.627 Thread 0x0000026223240fa0 nmethod 4297 0x0000026226d41290 code [0x0000026226d41420, 0x0000026226d41560]

GC Heap History (20 events):
Event: 1.004 GC heap before
{Heap before GC invocations=1 (full 0):
 PSYoungGen      total 29696K, used 25600K [0x00000000d5580000, 0x00000000d7680000, 0x0000000100000000)
  eden space 25600K, 100% used [0x00000000d5580000,0x00000000d6e80000,0x00000000d6e80000)
  from space 4096K, 0% used [0x00000000d7280000,0x00000000d7280000,0x00000000d7680000)
  to   space 4096K, 0% used [0x00000000d6e80000,0x00000000d6e80000,0x00000000d7280000)
 ParOldGen       total 68608K, used 0K [0x0000000080000000, 0x0000000084300000, 0x00000000d5580000)
  object space 68608K, 0% used [0x0000000080000000,0x0000000080000000,0x0000000084300000)
 Metaspace       used 4364K, committed 4608K, reserved 1114112K
  class space    used 475K, committed 576K, reserved 1048576K
}
Event: 1.010 GC heap after
{Heap after GC invocations=1 (full 0):
 PSYoungGen      total 29696K, used 3319K [0x00000000d5580000, 0x00000000d7680000, 0x0000000100000000)
  eden space 25600K, 0% used [0x00000000d5580000,0x00000000d5580000,0x00000000d6e80000)
  from space 4096K, 81% used [0x00000000d6e80000,0x00000000d71bdea8,0x00000000d7280000)
  to   space 4096K, 0% used [0x00000000d7280000,0x00000000d7280000,0x00000000d7680000)
 ParOldGen       total 68608K, used 16K [0x0000000080000000, 0x0000000084300000, 0x00000000d5580000)
  object space 68608K, 0% used [0x0000000080000000,0x0000000080004000,0x0000000084300000)
 Metaspace       used 4364K, committed 4608K, reserved 1114112K
  class space    used 475K, committed 576K, reserved 1048576K
}
Event: 1.780 GC heap before
{Heap before GC invocations=2 (full 0):
 PSYoungGen      total 29696K, used 28919K [0x00000000d5580000, 0x00000000d7680000, 0x0000000100000000)
  eden space 25600K, 100% used [0x00000000d5580000,0x00000000d6e80000,0x00000000d6e80000)
  from space 4096K, 81% used [0x00000000d6e80000,0x00000000d71bdea8,0x00000000d7280000)
  to   space 4096K, 0% used [0x00000000d7280000,0x00000000d7280000,0x00000000d7680000)
 ParOldGen       total 68608K, used 16K [0x0000000080000000, 0x0000000084300000, 0x00000000d5580000)
  object space 68608K, 0% used [0x0000000080000000,0x0000000080004000,0x0000000084300000)
 Metaspace       used 7992K, committed 8256K, reserved 1114112K
  class space    used 840K, committed 960K, reserved 1048576K
}
Event: 1.787 GC heap after
{Heap after GC invocations=2 (full 0):
 PSYoungGen      total 29696K, used 4086K [0x00000000d5580000, 0x00000000d7680000, 0x0000000100000000)
  eden space 25600K, 0% used [0x00000000d5580000,0x00000000d5580000,0x00000000d6e80000)
  from space 4096K, 99% used [0x00000000d7280000,0x00000000d767d810,0x00000000d7680000)
  to   space 4096K, 0% used [0x00000000d6e80000,0x00000000d6e80000,0x00000000d7280000)
 ParOldGen       total 68608K, used 1952K [0x0000000080000000, 0x0000000084300000, 0x00000000d5580000)
  object space 68608K, 2% used [0x0000000080000000,0x00000000801e8320,0x0000000084300000)
 Metaspace       used 7992K, committed 8256K, reserved 1114112K
  class space    used 840K, committed 960K, reserved 1048576K
}
Event: 2.136 GC heap before
{Heap before GC invocations=3 (full 0):
 PSYoungGen      total 29696K, used 29590K [0x00000000d5580000, 0x00000000d7680000, 0x0000000100000000)
  eden space 25600K, 99% used [0x00000000d5580000,0x00000000d6e68308,0x00000000d6e80000)
  from space 4096K, 99% used [0x00000000d7280000,0x00000000d767d810,0x00000000d7680000)
  to   space 4096K, 0% used [0x00000000d6e80000,0x00000000d6e80000,0x00000000d7280000)
 ParOldGen       total 68608K, used 1952K [0x0000000080000000, 0x0000000084300000, 0x00000000d5580000)
  object space 68608K, 2% used [0x0000000080000000,0x00000000801e8320,0x0000000084300000)
 Metaspace       used 9454K, committed 9792K, reserved 1114112K
  class space    used 1013K, committed 1152K, reserved 1048576K
}
Event: 2.143 GC heap after
{Heap after GC invocations=3 (full 0):
 PSYoungGen      total 29696K, used 4069K [0x00000000d5580000, 0x00000000d7680000, 0x0000000100000000)
  eden space 25600K, 0% used [0x00000000d5580000,0x00000000d5580000,0x00000000d6e80000)
  from space 4096K, 99% used [0x00000000d6e80000,0x00000000d7279688,0x00000000d7280000)
  to   space 4096K, 0% used [0x00000000d7280000,0x00000000d7280000,0x00000000d7680000)
 ParOldGen       total 68608K, used 5061K [0x0000000080000000, 0x0000000084300000, 0x00000000d5580000)
  object space 68608K, 7% used [0x0000000080000000,0x00000000804f1520,0x0000000084300000)
 Metaspace       used 9454K, committed 9792K, reserved 1114112K
  class space    used 1013K, committed 1152K, reserved 1048576K
}
Event: 4.428 GC heap before
{Heap before GC invocations=4 (full 0):
 PSYoungGen      total 29696K, used 29669K [0x00000000d5580000, 0x00000000d7680000, 0x0000000100000000)
  eden space 25600K, 100% used [0x00000000d5580000,0x00000000d6e80000,0x00000000d6e80000)
  from space 4096K, 99% used [0x00000000d6e80000,0x00000000d7279688,0x00000000d7280000)
  to   space 4096K, 0% used [0x00000000d7280000,0x00000000d7280000,0x00000000d7680000)
 ParOldGen       total 68608K, used 5061K [0x0000000080000000, 0x0000000084300000, 0x00000000d5580000)
  object space 68608K, 7% used [0x0000000080000000,0x00000000804f1520,0x0000000084300000)
 Metaspace       used 11689K, committed 12032K, reserved 1114112K
  class space    used 1242K, committed 1408K, reserved 1048576K
}
Event: 4.432 GC heap after
{Heap after GC invocations=4 (full 0):
 PSYoungGen      total 29696K, used 4073K [0x00000000d5580000, 0x00000000d7680000, 0x0000000100000000)
  eden space 25600K, 0% used [0x00000000d5580000,0x00000000d5580000,0x00000000d6e80000)
  from space 4096K, 99% used [0x00000000d7280000,0x00000000d767a720,0x00000000d7680000)
  to   space 4096K, 0% used [0x00000000d6e80000,0x00000000d6e80000,0x00000000d7280000)
 ParOldGen       total 68608K, used 6619K [0x0000000080000000, 0x0000000084300000, 0x00000000d5580000)
  object space 68608K, 9% used [0x0000000080000000,0x0000000080676d60,0x0000000084300000)
 Metaspace       used 11689K, committed 12032K, reserved 1114112K
  class space    used 1242K, committed 1408K, reserved 1048576K
}
Event: 5.006 GC heap before
{Heap before GC invocations=5 (full 0):
 PSYoungGen      total 29696K, used 29673K [0x00000000d5580000, 0x00000000d7680000, 0x0000000100000000)
  eden space 25600K, 100% used [0x00000000d5580000,0x00000000d6e80000,0x00000000d6e80000)
  from space 4096K, 99% used [0x00000000d7280000,0x00000000d767a720,0x00000000d7680000)
  to   space 4096K, 0% used [0x00000000d6e80000,0x00000000d6e80000,0x00000000d7280000)
 ParOldGen       total 68608K, used 6619K [0x0000000080000000, 0x0000000084300000, 0x00000000d5580000)
  object space 68608K, 9% used [0x0000000080000000,0x0000000080676d60,0x0000000084300000)
 Metaspace       used 15543K, committed 16192K, reserved 1114112K
  class space    used 1623K, committed 1920K, reserved 1048576K
}
Event: 5.012 GC heap after
{Heap after GC invocations=5 (full 0):
 PSYoungGen      total 29184K, used 4094K [0x00000000d5580000, 0x00000000d7900000, 0x0000000100000000)
  eden space 25088K, 0% used [0x00000000d5580000,0x00000000d5580000,0x00000000d6e00000)
  from space 4096K, 99% used [0x00000000d6e80000,0x00000000d727f9c8,0x00000000d7280000)
  to   space 5632K, 0% used [0x00000000d7380000,0x00000000d7380000,0x00000000d7900000)
 ParOldGen       total 68608K, used 7947K [0x0000000080000000, 0x0000000084300000, 0x00000000d5580000)
  object space 68608K, 11% used [0x0000000080000000,0x00000000807c2eb8,0x0000000084300000)
 Metaspace       used 15543K, committed 16192K, reserved 1114112K
  class space    used 1623K, committed 1920K, reserved 1048576K
}
Event: 5.603 GC heap before
{Heap before GC invocations=6 (full 0):
 PSYoungGen      total 29184K, used 29182K [0x00000000d5580000, 0x00000000d7900000, 0x0000000100000000)
  eden space 25088K, 100% used [0x00000000d5580000,0x00000000d6e00000,0x00000000d6e00000)
  from space 4096K, 99% used [0x00000000d6e80000,0x00000000d727f9c8,0x00000000d7280000)
  to   space 5632K, 0% used [0x00000000d7380000,0x00000000d7380000,0x00000000d7900000)
 ParOldGen       total 68608K, used 7947K [0x0000000080000000, 0x0000000084300000, 0x00000000d5580000)
  object space 68608K, 11% used [0x0000000080000000,0x00000000807c2eb8,0x0000000084300000)
 Metaspace       used 18615K, committed 19392K, reserved 1114112K
  class space    used 1966K, committed 2304K, reserved 1048576K
}
Event: 5.610 GC heap after
{Heap after GC invocations=6 (full 0):
 PSYoungGen      total 30208K, used 5327K [0x00000000d5580000, 0x00000000d7900000, 0x0000000100000000)
  eden space 24576K, 0% used [0x00000000d5580000,0x00000000d5580000,0x00000000d6d80000)
  from space 5632K, 94% used [0x00000000d7380000,0x00000000d78b3c38,0x00000000d7900000)
  to   space 5632K, 0% used [0x00000000d6e00000,0x00000000d6e00000,0x00000000d7380000)
 ParOldGen       total 68608K, used 7955K [0x0000000080000000, 0x0000000084300000, 0x00000000d5580000)
  object space 68608K, 11% used [0x0000000080000000,0x00000000807c4eb8,0x0000000084300000)
 Metaspace       used 18615K, committed 19392K, reserved 1114112K
  class space    used 1966K, committed 2304K, reserved 1048576K
}
Event: 5.883 GC heap before
{Heap before GC invocations=7 (full 0):
 PSYoungGen      total 30208K, used 26565K [0x00000000d5580000, 0x00000000d7900000, 0x0000000100000000)
  eden space 24576K, 86% used [0x00000000d5580000,0x00000000d6a3dbb8,0x00000000d6d80000)
  from space 5632K, 94% used [0x00000000d7380000,0x00000000d78b3c38,0x00000000d7900000)
  to   space 5632K, 0% used [0x00000000d6e00000,0x00000000d6e00000,0x00000000d7380000)
 ParOldGen       total 68608K, used 7955K [0x0000000080000000, 0x0000000084300000, 0x00000000d5580000)
  object space 68608K, 11% used [0x0000000080000000,0x00000000807c4eb8,0x0000000084300000)
 Metaspace       used 20676K, committed 21504K, reserved 1114112K
  class space    used 2210K, committed 2624K, reserved 1048576K
}
Event: 5.890 GC heap after
{Heap after GC invocations=7 (full 0):
 PSYoungGen      total 29184K, used 4230K [0x00000000d5580000, 0x00000000d7780000, 0x0000000100000000)
  eden space 24576K, 0% used [0x00000000d5580000,0x00000000d5580000,0x00000000d6d80000)
  from space 4608K, 91% used [0x00000000d6e00000,0x00000000d7221858,0x00000000d7280000)
  to   space 5120K, 0% used [0x00000000d7280000,0x00000000d7280000,0x00000000d7780000)
 ParOldGen       total 68608K, used 9649K [0x0000000080000000, 0x0000000084300000, 0x00000000d5580000)
  object space 68608K, 14% used [0x0000000080000000,0x000000008096c668,0x0000000084300000)
 Metaspace       used 20676K, committed 21504K, reserved 1114112K
  class space    used 2210K, committed 2624K, reserved 1048576K
}
Event: 5.890 GC heap before
{Heap before GC invocations=8 (full 1):
 PSYoungGen      total 29184K, used 4230K [0x00000000d5580000, 0x00000000d7780000, 0x0000000100000000)
  eden space 24576K, 0% used [0x00000000d5580000,0x00000000d5580000,0x00000000d6d80000)
  from space 4608K, 91% used [0x00000000d6e00000,0x00000000d7221858,0x00000000d7280000)
  to   space 5120K, 0% used [0x00000000d7280000,0x00000000d7280000,0x00000000d7780000)
 ParOldGen       total 68608K, used 9649K [0x0000000080000000, 0x0000000084300000, 0x00000000d5580000)
  object space 68608K, 14% used [0x0000000080000000,0x000000008096c668,0x0000000084300000)
 Metaspace       used 20676K, committed 21504K, reserved 1114112K
  class space    used 2210K, committed 2624K, reserved 1048576K
}
Event: 5.935 GC heap after
{Heap after GC invocations=8 (full 1):
 PSYoungGen      total 29184K, used 0K [0x00000000d5580000, 0x00000000d7780000, 0x0000000100000000)
  eden space 24576K, 0% used [0x00000000d5580000,0x00000000d5580000,0x00000000d6d80000)
  from space 4608K, 0% used [0x00000000d6e00000,0x00000000d6e00000,0x00000000d7280000)
  to   space 5120K, 0% used [0x00000000d7280000,0x00000000d7280000,0x00000000d7780000)
 ParOldGen       total 68608K, used 13312K [0x0000000080000000, 0x0000000084300000, 0x00000000d5580000)
  object space 68608K, 19% used [0x0000000080000000,0x0000000080d00378,0x0000000084300000)
 Metaspace       used 20664K, committed 21504K, reserved 1114112K
  class space    used 2206K, committed 2624K, reserved 1048576K
}
Event: 6.132 GC heap before
{Heap before GC invocations=9 (full 1):
 PSYoungGen      total 29184K, used 24575K [0x00000000d5580000, 0x00000000d7780000, 0x0000000100000000)
  eden space 24576K, 99% used [0x00000000d5580000,0x00000000d6d7ffc0,0x00000000d6d80000)
  from space 4608K, 0% used [0x00000000d6e00000,0x00000000d6e00000,0x00000000d7280000)
  to   space 5120K, 0% used [0x00000000d7280000,0x00000000d7280000,0x00000000d7780000)
 ParOldGen       total 68608K, used 13312K [0x0000000080000000, 0x0000000084300000, 0x00000000d5580000)
  object space 68608K, 19% used [0x0000000080000000,0x0000000080d00378,0x0000000084300000)
 Metaspace       used 22493K, committed 23232K, reserved 1114112K
  class space    used 2343K, committed 2688K, reserved 1048576K
}
Event: 6.134 GC heap after
{Heap after GC invocations=9 (full 1):
 PSYoungGen      total 25088K, used 664K [0x00000000d5580000, 0x00000000d7380000, 0x0000000100000000)
  eden space 24064K, 0% used [0x00000000d5580000,0x00000000d5580000,0x00000000d6d00000)
  from space 1024K, 64% used [0x00000000d7280000,0x00000000d7326338,0x00000000d7380000)
  to   space 2560K, 0% used [0x00000000d6e80000,0x00000000d6e80000,0x00000000d7100000)
 ParOldGen       total 68608K, used 13320K [0x0000000080000000, 0x0000000084300000, 0x00000000d5580000)
  object space 68608K, 19% used [0x0000000080000000,0x0000000080d02378,0x0000000084300000)
 Metaspace       used 22493K, committed 23232K, reserved 1114112K
  class space    used 2343K, committed 2688K, reserved 1048576K
}
Event: 6.366 GC heap before
{Heap before GC invocations=10 (full 1):
 PSYoungGen      total 25088K, used 24728K [0x00000000d5580000, 0x00000000d7380000, 0x0000000100000000)
  eden space 24064K, 100% used [0x00000000d5580000,0x00000000d6d00000,0x00000000d6d00000)
  from space 1024K, 64% used [0x00000000d7280000,0x00000000d7326338,0x00000000d7380000)
  to   space 2560K, 0% used [0x00000000d6e80000,0x00000000d6e80000,0x00000000d7100000)
 ParOldGen       total 68608K, used 13320K [0x0000000080000000, 0x0000000084300000, 0x00000000d5580000)
  object space 68608K, 19% used [0x0000000080000000,0x0000000080d02378,0x0000000084300000)
 Metaspace       used 25593K, committed 26432K, reserved 1114112K
  class space    used 2572K, committed 2944K, reserved 1048576K
}
Event: 6.371 GC heap after
{Heap after GC invocations=10 (full 1):
 PSYoungGen      total 26112K, used 2531K [0x00000000d5580000, 0x00000000d7300000, 0x0000000100000000)
  eden space 23552K, 0% used [0x00000000d5580000,0x00000000d5580000,0x00000000d6c80000)
  from space 2560K, 98% used [0x00000000d6e80000,0x00000000d70f8f78,0x00000000d7100000)
  to   space 2048K, 0% used [0x00000000d7100000,0x00000000d7100000,0x00000000d7300000)
 ParOldGen       total 68608K, used 13637K [0x0000000080000000, 0x0000000084300000, 0x00000000d5580000)
  object space 68608K, 19% used [0x0000000080000000,0x0000000080d51450,0x0000000084300000)
 Metaspace       used 25593K, committed 26432K, reserved 1114112K
  class space    used 2572K, committed 2944K, reserved 1048576K
}

Dll operation events (10 events):
Event: 0.011 Loaded shared library c:\Users\rinka\.vscode\extensions\redhat.java-1.55.0-win32-x64\jre\21.0.11-win32-x86_64\bin\java.dll
Event: 0.073 Loaded shared library c:\Users\rinka\.vscode\extensions\redhat.java-1.55.0-win32-x64\jre\21.0.11-win32-x86_64\bin\zip.dll
Event: 0.101 Loaded shared library C:\Users\rinka\.vscode\extensions\redhat.java-1.55.0-win32-x64\jre\21.0.11-win32-x86_64\bin\instrument.dll
Event: 0.107 Loaded shared library C:\Users\rinka\.vscode\extensions\redhat.java-1.55.0-win32-x64\jre\21.0.11-win32-x86_64\bin\net.dll
Event: 0.110 Loaded shared library C:\Users\rinka\.vscode\extensions\redhat.java-1.55.0-win32-x64\jre\21.0.11-win32-x86_64\bin\nio.dll
Event: 0.113 Loaded shared library C:\Users\rinka\.vscode\extensions\redhat.java-1.55.0-win32-x64\jre\21.0.11-win32-x86_64\bin\zip.dll
Event: 0.135 Loaded shared library C:\Users\rinka\.vscode\extensions\redhat.java-1.55.0-win32-x64\jre\21.0.11-win32-x86_64\bin\jimage.dll
Event: 0.207 Loaded shared library c:\Users\rinka\.vscode\extensions\redhat.java-1.55.0-win32-x64\jre\21.0.11-win32-x86_64\bin\verify.dll
Event: 1.794 Loaded shared library C:\Users\rinka\AppData\Roaming\Code\User\globalStorage\redhat.java\1.55.0\config_win\org.eclipse.equinox.launcher\org.eclipse.equinox.launcher.win32.win32.x86_64_1.3.100.v20260613-0559\eclipse_11924.dll
Event: 5.248 Loaded shared library C:\Users\rinka\AppData\Local\Temp\jna-108518573\jna8579238186701344324.dll

Deoptimization events (20 events):
Event: 9.505 Thread 0x000002627d1e2450 Uncommon trap: trap_request=0xffffffde fr.pc=0x000002622e165930 relative=0x00000000000002d0
Event: 9.505 Thread 0x000002627d1e2450 Uncommon trap: reason=class_check action=maybe_recompile pc=0x000002622e165930 method=java.util.regex.Pattern$Slice.match(Ljava/util/regex/Matcher;ILjava/lang/CharSequence;)Z @ 49 c2
Event: 9.505 Thread 0x000002627d1e2450 DEOPT PACKING pc=0x000002622e165930 sp=0x000000784d1febf0
Event: 9.505 Thread 0x000002627d1e2450 DEOPT UNPACKING pc=0x000002622da36da2 sp=0x000000784d1feb78 mode 2
Event: 9.505 Thread 0x000002627d1e2450 Uncommon trap: trap_request=0xffffffde fr.pc=0x000002622e165930 relative=0x00000000000002d0
Event: 9.505 Thread 0x000002627d1e2450 Uncommon trap: reason=class_check action=maybe_recompile pc=0x000002622e165930 method=java.util.regex.Pattern$Slice.match(Ljava/util/regex/Matcher;ILjava/lang/CharSequence;)Z @ 49 c2
Event: 9.505 Thread 0x000002627d1e2450 DEOPT PACKING pc=0x000002622e165930 sp=0x000000784d1febf0
Event: 9.505 Thread 0x000002627d1e2450 DEOPT UNPACKING pc=0x000002622da36da2 sp=0x000000784d1feb78 mode 2
Event: 9.505 Thread 0x000002627d1e2450 Uncommon trap: trap_request=0xffffffde fr.pc=0x000002622e165930 relative=0x00000000000002d0
Event: 9.505 Thread 0x000002627d1e2450 Uncommon trap: reason=class_check action=maybe_recompile pc=0x000002622e165930 method=java.util.regex.Pattern$Slice.match(Ljava/util/regex/Matcher;ILjava/lang/CharSequence;)Z @ 49 c2
Event: 9.505 Thread 0x000002627d1e2450 DEOPT PACKING pc=0x000002622e165930 sp=0x000000784d1febf0
Event: 9.505 Thread 0x000002627d1e2450 DEOPT UNPACKING pc=0x000002622da36da2 sp=0x000000784d1feb78 mode 2
Event: 9.505 Thread 0x000002627d1e2450 Uncommon trap: trap_request=0xffffffde fr.pc=0x000002622e165930 relative=0x00000000000002d0
Event: 9.505 Thread 0x000002627d1e2450 Uncommon trap: reason=class_check action=maybe_recompile pc=0x000002622e165930 method=java.util.regex.Pattern$Slice.match(Ljava/util/regex/Matcher;ILjava/lang/CharSequence;)Z @ 49 c2
Event: 9.505 Thread 0x000002627d1e2450 DEOPT PACKING pc=0x000002622e165930 sp=0x000000784d1febf0
Event: 9.505 Thread 0x000002627d1e2450 DEOPT UNPACKING pc=0x000002622da36da2 sp=0x000000784d1feb78 mode 2
Event: 9.505 Thread 0x000002627d1e2450 Uncommon trap: trap_request=0xffffff76 fr.pc=0x000002622e0d5280 relative=0x0000000000000380
Event: 9.505 Thread 0x000002627d1e2450 Uncommon trap: reason=predicate action=maybe_recompile pc=0x000002622e0d5280 method=java.util.regex.Pattern$BmpCharPropertyGreedy.match(Ljava/util/regex/Matcher;ILjava/lang/CharSequence;)Z @ 12 c2
Event: 9.505 Thread 0x000002627d1e2450 DEOPT PACKING pc=0x000002622e0d5280 sp=0x000000784d1feb50
Event: 9.506 Thread 0x000002627d1e2450 DEOPT UNPACKING pc=0x000002622da36da2 sp=0x000000784d1feaf8 mode 2

Classes loaded (20 events):
Event: 6.053 Loading class java/io/FileWriter
Event: 6.053 Loading class java/io/FileWriter done
Event: 7.457 Loading class java/lang/runtime/ObjectMethods
Event: 7.458 Loading class java/lang/runtime/ObjectMethods done
Event: 7.460 Loading class java/lang/invoke/MethodHandleImpl$Makers
Event: 7.461 Loading class java/lang/invoke/MethodHandleImpl$Makers done
Event: 7.461 Loading class java/lang/invoke/MethodHandleImpl$Makers$1
Event: 7.461 Loading class java/lang/invoke/MethodHandleImpl$Makers$1 done
Event: 7.461 Loading class java/lang/invoke/MethodHandleImpl$Makers$2
Event: 7.461 Loading class java/lang/invoke/MethodHandleImpl$Makers$2 done
Event: 7.461 Loading class java/lang/invoke/MethodHandleImpl$Makers$3
Event: 7.461 Loading class java/lang/invoke/MethodHandleImpl$Makers$3 done
Event: 7.465 Loading class java/lang/runtime/ObjectMethods$1
Event: 7.465 Loading class java/lang/runtime/ObjectMethods$1 done
Event: 8.487 Loading class java/lang/invoke/MethodHandleImpl$CountingWrapper
Event: 8.487 Loading class java/lang/invoke/MethodHandleImpl$CountingWrapper done
Event: 9.505 Loading class java/io/FileReader
Event: 9.505 Loading class java/io/FileReader done
Event: 9.527 Loading class org/w3c/dom/DOMException
Event: 9.527 Loading class org/w3c/dom/DOMException done

Classes unloaded (7 events):
Event: 5.896 Thread 0x0000026223200be0 Unloading class 0x000002623b1a4800 'java/lang/invoke/LambdaForm$MH+0x000002623b1a4800'
Event: 5.896 Thread 0x0000026223200be0 Unloading class 0x000002623b1a4400 'java/lang/invoke/LambdaForm$MH+0x000002623b1a4400'
Event: 5.896 Thread 0x0000026223200be0 Unloading class 0x000002623b1a4000 'java/lang/invoke/LambdaForm$MH+0x000002623b1a4000'
Event: 5.896 Thread 0x0000026223200be0 Unloading class 0x000002623b1a3c00 'java/lang/invoke/LambdaForm$MH+0x000002623b1a3c00'
Event: 5.896 Thread 0x0000026223200be0 Unloading class 0x000002623b1a3800 'java/lang/invoke/LambdaForm$BMH+0x000002623b1a3800'
Event: 5.896 Thread 0x0000026223200be0 Unloading class 0x000002623b1a3400 'java/lang/invoke/LambdaForm$DMH+0x000002623b1a3400'
Event: 5.896 Thread 0x0000026223200be0 Unloading class 0x000002623b1a2000 'java/lang/invoke/LambdaForm$DMH+0x000002623b1a2000'

Classes redefined (0 events):
No events

Internal exceptions (20 events):
Event: 5.974 Thread 0x000002627c763290 Exception <a 'java/lang/NoSuchMethodError'{0x00000000d5822830}: 'double java.lang.invoke.DirectMethodHandle$Holder.invokeStaticInit(java.lang.Object, java.lang.Object)'> (0x00000000d5822830) 
thrown [s\src\hotspot\share\interpreter\linkResolver.cpp, line 773]
Event: 6.243 Thread 0x000002627d1e2450 Exception <a 'java/lang/NoSuchMethodError'{0x00000000d6057ec0}: 'java.lang.Object java.lang.invoke.DirectMethodHandle$Holder.newInvokeSpecial(java.lang.Object, java.lang.Object, java.lang.Object, java.lang.Object, java.lang.Object)'> (0x00000000d6057ec0) 
thrown [s\src\hotspot\share\interpreter\linkResolver.cpp, line 773]
Event: 6.314 Thread 0x000002627c763290 Implicit null exception at 0x000002622e16c0f5 to 0x000002622e16c208
Event: 7.458 Thread 0x000002627d1e2450 Exception <a 'java/lang/NoSuchMethodError'{0x00000000d58d10e8}: 'java.lang.Object java.lang.invoke.DirectMethodHandle$Holder.invokeStaticInit(java.lang.Object, java.lang.Object, java.lang.Object, java.lang.Object, java.lang.Object, java.lang.Object, java.lang.Object)'> (0x00000000d58d10e8) 
thrown [s\src\hotspot\share\interpreter\linkResolver.cpp, line 773]
Event: 7.460 Thread 0x000002627d1e2450 Exception <a 'java/lang/NoSuchMethodError'{0x00000000d5943750}: 'java.lang.Object java.lang.invoke.Invokers$Holder.invoke_MT(java.lang.Object, java.lang.Object, java.lang.Object, java.lang.Object, java.lang.Object, java.lang.Object, java.lang.Object, java.lang.Object, java.lang.Object)'> (0x00000000d5943750) 
thrown [s\src\hotspot\share\interpreter\linkResolver.cpp, line 773]
Event: 7.466 Thread 0x000002627d1e2450 Exception <a 'java/lang/NoSuchMethodError'{0x00000000d59f4168}: 'int java.lang.invoke.DirectMethodHandle$Holder.invokeVirtual(java.lang.Object, java.lang.Object, java.lang.Object)'> (0x00000000d59f4168) 
thrown [s\src\hotspot\share\interpreter\linkResolver.cpp, line 773]
Event: 7.466 Thread 0x000002627d1e2450 Exception <a 'java/lang/NoSuchMethodError'{0x00000000d59f7e30}: 'int java.lang.invoke.DirectMethodHandle$Holder.invokeStaticInit(java.lang.Object, int, int)'> (0x00000000d59f7e30) 
thrown [s\src\hotspot\share\interpreter\linkResolver.cpp, line 773]
Event: 7.467 Thread 0x000002627d1e2450 Exception <a 'java/lang/NoSuchMethodError'{0x00000000d5a72330}: 'int java.lang.invoke.DirectMethodHandle$Holder.invokeStaticInit(java.lang.Object, long, long)'> (0x00000000d5a72330) 
thrown [s\src\hotspot\share\interpreter\linkResolver.cpp, line 773]
Event: 8.475 Thread 0x000002627d1e2450 Exception <a 'java/lang/NoSuchMethodError'{0x00000000d5a78a18}: 'int java.lang.invoke.DirectMethodHandle$Holder.invokeStaticInit(java.lang.Object, float, float)'> (0x00000000d5a78a18) 
thrown [s\src\hotspot\share\interpreter\linkResolver.cpp, line 773]
Event: 8.476 Thread 0x000002627d1e2450 Exception <a 'java/lang/NoSuchMethodError'{0x00000000d5aa49c8}: 'int java.lang.invoke.DirectMethodHandle$Holder.invokeStaticInit(java.lang.Object, double, double)'> (0x00000000d5aa49c8) 
thrown [s\src\hotspot\share\interpreter\linkResolver.cpp, line 773]
Event: 8.477 Thread 0x000002627d1e2450 Exception <a 'java/lang/NoSuchMethodError'{0x00000000d5aa8b10}: 'int java.lang.invoke.DirectMethodHandle$Holder.invokeStatic(java.lang.Object, long)'> (0x00000000d5aa8b10) 
thrown [s\src\hotspot\share\interpreter\linkResolver.cpp, line 773]
Event: 8.483 Thread 0x000002627d1e2450 Exception <a 'java/lang/NoSuchMethodError'{0x00000000d5ad5460}: 'int java.lang.invoke.Invokers$Holder.linkToTargetMethod(java.lang.Object, java.lang.Object)'> (0x00000000d5ad5460) 
thrown [s\src\hotspot\share\interpreter\linkResolver.cpp, line 773]
Event: 8.483 Thread 0x000002627d1e3800 Exception <a 'java/lang/NoSuchMethodError'{0x00000000d5ae2fb8}: 'int java.lang.invoke.Invokers$Holder.linkToTargetMethod(java.lang.Object, java.lang.Object)'> (0x00000000d5ae2fb8) 
thrown [s\src\hotspot\share\interpreter\linkResolver.cpp, line 773]
Event: 8.485 Thread 0x000002627d1e3800 Exception <a 'java/lang/NoSuchMethodError'{0x00000000d5ce7a00}: 'int java.lang.invoke.DirectMethodHandle$Holder.invokeSpecial(java.lang.Object, java.lang.Object, java.lang.Object, java.lang.Object)'> (0x00000000d5ce7a00) 
thrown [s\src\hotspot\share\interpreter\linkResolver.cpp, line 773]
Event: 8.486 Thread 0x000002627d1e3800 Exception <a 'java/lang/NoSuchMethodError'{0x00000000d5d08868}: 'java.lang.Object java.lang.invoke.DirectMethodHandle$Holder.invokeStatic(java.lang.Object, int, java.lang.Object, java.lang.Object)'> (0x00000000d5d08868) 
thrown [s\src\hotspot\share\interpreter\linkResolver.cpp, line 773]
Event: 8.487 Thread 0x000002627d1e3800 Exception <a 'java/lang/NoSuchMethodError'{0x00000000d5d0c2b8}: 'java.lang.Object java.lang.invoke.DelegatingMethodHandle$Holder.delegate(java.lang.Object, int, java.lang.Object, java.lang.Object)'> (0x00000000d5d0c2b8) 
thrown [s\src\hotspot\share\interpreter\linkResolver.cpp, line 773]
Event: 8.491 Thread 0x000002627d1e3800 Exception <a 'java/lang/NoSuchMethodError'{0x00000000d5d3e5c8}: 'int java.lang.invoke.Invokers$Holder.linkToTargetMethod(java.lang.Object, java.lang.Object, java.lang.Object)'> (0x00000000d5d3e5c8) 
thrown [s\src\hotspot\share\interpreter\linkResolver.cpp, line 773]
Event: 9.514 Thread 0x000002627c763290 Exception <a 'java/io/FileNotFoundException'{0x00000000d6823f90}> (0x00000000d6823f90) 
thrown [s\src\hotspot\share\prims\jni.cpp, line 520]
Event: 9.515 Thread 0x000002627c763290 Exception <a 'java/io/FileNotFoundException'{0x00000000d6824f88}> (0x00000000d6824f88) 
thrown [s\src\hotspot\share\prims\jni.cpp, line 520]
Event: 9.529 Thread 0x000002627d1e2450 Exception <a 'java/lang/NoSuchMethodError'{0x00000000d6986af0}: 'java.lang.Object java.lang.invoke.DirectMethodHandle$Holder.invokeSpecialIFC(java.lang.Object, java.lang.Object, java.lang.Object, java.lang.Object)'> (0x00000000d6986af0) 
thrown [s\src\hotspot\share\interpreter\linkResolver.cpp, line 773]

ZGC Phase Switch (0 events):
No events

VM Operations (20 events):
Event: 5.522 Executing safepoint VM operation: ICBufferFull done
Event: 5.602 Executing safepoint VM operation: ParallelGCFailedAllocation (Allocation Failure)
Event: 5.610 Executing safepoint VM operation: ParallelGCFailedAllocation (Allocation Failure) done
Event: 5.883 Executing safepoint VM operation: CollectForMetadataAllocation (Metadata GC Threshold)
Event: 5.935 Executing safepoint VM operation: CollectForMetadataAllocation (Metadata GC Threshold) done
Event: 5.954 Executing non-safepoint VM operation: HandshakeAllThreads (Deoptimize)
Event: 5.954 Executing non-safepoint VM operation: HandshakeAllThreads (Deoptimize) done
Event: 6.132 Executing safepoint VM operation: ParallelGCFailedAllocation (Allocation Failure)
Event: 6.134 Executing safepoint VM operation: ParallelGCFailedAllocation (Allocation Failure) done
Event: 6.366 Executing safepoint VM operation: ParallelGCFailedAllocation (Allocation Failure)
Event: 6.371 Executing safepoint VM operation: ParallelGCFailedAllocation (Allocation Failure) done
Event: 7.371 Executing safepoint VM operation: Cleanup
Event: 7.452 Executing safepoint VM operation: Cleanup done
Event: 8.492 Executing non-safepoint VM operation: HandshakeAllThreads (Deoptimize)
Event: 8.492 Executing non-safepoint VM operation: HandshakeAllThreads (Deoptimize) done
Event: 8.492 Executing safepoint VM operation: Cleanup
Event: 8.492 Executing safepoint VM operation: Cleanup done
Event: 9.502 Executing safepoint VM operation: Cleanup
Event: 9.502 Executing safepoint VM operation: Cleanup done
Event: 10.516 Executing safepoint VM operation: Cleanup

Memory protections (0 events):
No events

Nmethod flushes (0 events):
No events

Events (20 events):
Event: 1.543 Thread 0x000002627c9e4f60 Thread exited: 0x000002627c9e4f60
Event: 1.789 Thread 0x00000262232acd80 Thread added: 0x000002627c763920
Event: 1.824 Thread 0x000002627c763920 Thread added: 0x000002627c764640
Event: 1.826 Thread 0x00000262232acd80 Thread added: 0x000002627c763290
Event: 1.953 Thread 0x0000026223240fa0 Thread added: 0x000002627d309840
Event: 2.200 Thread 0x000002627c763290 Thread added: 0x000002627c763fb0
Event: 2.496 Thread 0x000002627d309840 Thread exited: 0x000002627d309840
Event: 2.496 Thread 0x000002627c7411f0 Thread exited: 0x000002627c7411f0
Event: 4.312 Thread 0x000002627c763290 Thread added: 0x000002627c7659f0
Event: 4.485 Thread 0x0000026223240fa0 Thread added: 0x000002627c7460f0
Event: 4.485 Thread 0x0000026223240fa0 Thread added: 0x000002627d67ea00
Event: 4.746 Thread 0x000002627c763290 Thread added: 0x000002627c766080
Event: 5.277 Thread 0x000002627c763290 Thread added: 0x000002627d1e10a0
Event: 5.323 Thread 0x000002627c763290 Thread added: 0x000002627d1e3800
Event: 5.353 Thread 0x000002627c763290 Thread added: 0x000002627d1e2450
Event: 5.554 Thread 0x000002627d1e2450 Thread added: 0x000002627d1e1730
Event: 7.452 Thread 0x000002627d67ea00 Thread exited: 0x000002627d67ea00
Event: 7.452 Thread 0x000002627c7460f0 Thread exited: 0x000002627c7460f0
Event: 7.452 Thread 0x000002627d1e2450 Thread added: 0x000002627d1e1dc0
Event: 9.520 Thread 0x0000026223240fa0 Thread added: 0x000002627d588a30


Dynamic libraries:
0x00007ff75a0b0000 - 0x00007ff75a0be000 	c:\Users\rinka\.vscode\extensions\redhat.java-1.55.0-win32-x64\jre\21.0.11-win32-x86_64\bin\java.exe
0x00007ffb73660000 - 0x00007ffb738c6000 	C:\WINDOWS\SYSTEM32\ntdll.dll
0x00007ffb732f0000 - 0x00007ffb733b9000 	C:\WINDOWS\System32\KERNEL32.DLL
0x00007ffb70ef0000 - 0x00007ffb712ea000 	C:\WINDOWS\System32\KERNELBASE.dll
0x00007ffb708f0000 - 0x00007ffb70a3c000 	C:\WINDOWS\System32\ucrtbase.dll
0x00007ffb6d360000 - 0x00007ffb6d37e000 	c:\Users\rinka\.vscode\extensions\redhat.java-1.55.0-win32-x64\jre\21.0.11-win32-x86_64\bin\VCRUNTIME140.dll
0x00007ffb6d190000 - 0x00007ffb6d1a8000 	c:\Users\rinka\.vscode\extensions\redhat.java-1.55.0-win32-x64\jre\21.0.11-win32-x86_64\bin\jli.dll
0x00007ffb71b60000 - 0x00007ffb71d27000 	C:\WINDOWS\System32\USER32.dll
0x00007ffb713a0000 - 0x00007ffb713c7000 	C:\WINDOWS\System32\win32u.dll
0x00007ffb555a0000 - 0x00007ffb55832000 	C:\WINDOWS\WinSxS\amd64_microsoft.windows.common-controls_6595b64144ccf1df_6.0.26100.8521_none_3e08b75ce33403b3\COMCTL32.dll
0x00007ffb72200000 - 0x00007ffb722a9000 	C:\WINDOWS\System32\msvcrt.dll
0x00007ffb72160000 - 0x00007ffb7218b000 	C:\WINDOWS\System32\GDI32.dll
0x00007ffb70dc0000 - 0x00007ffb70eeb000 	C:\WINDOWS\System32\gdi32full.dll
0x00007ffb70a40000 - 0x00007ffb70ae3000 	C:\WINDOWS\System32\msvcp_win.dll
0x00007ffb72120000 - 0x00007ffb72152000 	C:\WINDOWS\System32\IMM32.DLL
0x00007ffb6d5a0000 - 0x00007ffb6d5ac000 	c:\Users\rinka\.vscode\extensions\redhat.java-1.55.0-win32-x64\jre\21.0.11-win32-x86_64\bin\vcruntime140_1.dll
0x00007ffb6d040000 - 0x00007ffb6d0cd000 	c:\Users\rinka\.vscode\extensions\redhat.java-1.55.0-win32-x64\jre\21.0.11-win32-x86_64\bin\msvcp140.dll
0x00007ffb0a650000 - 0x00007ffb0b3f2000 	c:\Users\rinka\.vscode\extensions\redhat.java-1.55.0-win32-x64\jre\21.0.11-win32-x86_64\bin\server\jvm.dll
0x00007ffb71fe0000 - 0x00007ffb72096000 	C:\WINDOWS\System32\ADVAPI32.dll
0x00007ffb733c0000 - 0x00007ffb7346a000 	C:\WINDOWS\System32\sechost.dll
0x00007ffb73480000 - 0x00007ffb73598000 	C:\WINDOWS\System32\RPCRT4.dll
0x00007ffb72470000 - 0x00007ffb724f0000 	C:\WINDOWS\System32\WS2_32.dll
0x00007ffb70770000 - 0x00007ffb707ce000 	C:\WINDOWS\SYSTEM32\POWRPROF.dll
0x00007ffb5d6f0000 - 0x00007ffb5d726000 	C:\WINDOWS\SYSTEM32\WINMM.dll
0x00007ffb67bd0000 - 0x00007ffb67bdb000 	C:\WINDOWS\SYSTEM32\VERSION.dll
0x00007ffb70730000 - 0x00007ffb70744000 	C:\WINDOWS\SYSTEM32\UMPDC.dll
0x00007ffb6f680000 - 0x00007ffb6f69b000 	C:\WINDOWS\SYSTEM32\kernel.appcore.dll
0x00007ffb6d3a0000 - 0x00007ffb6d3aa000 	c:\Users\rinka\.vscode\extensions\redhat.java-1.55.0-win32-x64\jre\21.0.11-win32-x86_64\bin\jimage.dll
0x00007ffb6df90000 - 0x00007ffb6e1d2000 	C:\WINDOWS\SYSTEM32\DBGHELP.DLL
0x00007ffb72ad0000 - 0x00007ffb72e53000 	C:\WINDOWS\System32\combase.dll
0x00007ffb72550000 - 0x00007ffb72629000 	C:\WINDOWS\System32\OLEAUT32.dll
0x00007ffb57210000 - 0x00007ffb5724b000 	C:\WINDOWS\SYSTEM32\dbgcore.DLL
0x00007ffb712f0000 - 0x00007ffb71398000 	C:\WINDOWS\System32\bcryptPrimitives.dll
0x00007ffb6d4d0000 - 0x00007ffb6d4df000 	c:\Users\rinka\.vscode\extensions\redhat.java-1.55.0-win32-x64\jre\21.0.11-win32-x86_64\bin\instrument.dll
0x00007ffb6d140000 - 0x00007ffb6d160000 	c:\Users\rinka\.vscode\extensions\redhat.java-1.55.0-win32-x64\jre\21.0.11-win32-x86_64\bin\java.dll
0x00007ffb713d0000 - 0x00007ffb71b54000 	C:\WINDOWS\System32\SHELL32.dll
0x00007ffb6e4f0000 - 0x00007ffb6ed70000 	C:\WINDOWS\SYSTEM32\windows.storage.dll
0x00007ffb71d50000 - 0x00007ffb71e46000 	C:\WINDOWS\System32\SHCORE.dll
0x00007ffb72190000 - 0x00007ffb721f7000 	C:\WINDOWS\System32\shlwapi.dll
0x00007ffb70810000 - 0x00007ffb70839000 	C:\WINDOWS\SYSTEM32\profapi.dll
0x00007ffb6cf00000 - 0x00007ffb6cf18000 	c:\Users\rinka\.vscode\extensions\redhat.java-1.55.0-win32-x64\jre\21.0.11-win32-x86_64\bin\zip.dll
0x00007ffb6d4c0000 - 0x00007ffb6d4d0000 	C:\Users\rinka\.vscode\extensions\redhat.java-1.55.0-win32-x64\jre\21.0.11-win32-x86_64\bin\net.dll
0x00007ffb640a0000 - 0x00007ffb641c9000 	C:\WINDOWS\SYSTEM32\WINHTTP.dll
0x00007ffb6fbf0000 - 0x00007ffb6fc5c000 	C:\WINDOWS\system32\mswsock.dll
0x00007ffb6d340000 - 0x00007ffb6d356000 	C:\Users\rinka\.vscode\extensions\redhat.java-1.55.0-win32-x64\jre\21.0.11-win32-x86_64\bin\nio.dll
0x00007ffb6d330000 - 0x00007ffb6d340000 	c:\Users\rinka\.vscode\extensions\redhat.java-1.55.0-win32-x64\jre\21.0.11-win32-x86_64\bin\verify.dll
0x00007ffb616b0000 - 0x00007ffb616f5000 	C:\Users\rinka\AppData\Roaming\Code\User\globalStorage\redhat.java\1.55.0\config_win\org.eclipse.equinox.launcher\org.eclipse.equinox.launcher.win32.win32.x86_64_1.3.100.v20260613-0559\eclipse_11924.dll
0x00007ffb72810000 - 0x00007ffb729a8000 	C:\WINDOWS\System32\ole32.dll
0x00007ffb6fed0000 - 0x00007ffb6feeb000 	C:\WINDOWS\SYSTEM32\CRYPTSP.dll
0x00007ffb6f5e0000 - 0x00007ffb6f619000 	C:\WINDOWS\system32\rsaenh.dll
0x00007ffb6fca0000 - 0x00007ffb6fcd3000 	C:\WINDOWS\SYSTEM32\USERENV.dll
0x00007ffb707e0000 - 0x00007ffb7080a000 	C:\WINDOWS\SYSTEM32\bcrypt.dll
0x00007ffb6fef0000 - 0x00007ffb6fefc000 	C:\WINDOWS\SYSTEM32\CRYPTBASE.dll
0x00007ffb6f080000 - 0x00007ffb6f0b3000 	C:\WINDOWS\SYSTEM32\IPHLPAPI.DLL
0x00007ffb73470000 - 0x00007ffb7347a000 	C:\WINDOWS\System32\NSI.dll
0x00007ffb59b70000 - 0x00007ffb59bb9000 	C:\Users\rinka\AppData\Local\Temp\jna-108518573\jna8579238186701344324.dll
0x00007ffb73610000 - 0x00007ffb73618000 	C:\WINDOWS\System32\PSAPI.DLL

JVMTI agents:
c:\Users\rinka\.vscode\extensions\redhat.java-1.55.0-win32-x64\lombok\lombok-1.18.39-4050.jar path:c:\Users\rinka\.vscode\extensions\redhat.java-1.55.0-win32-x64\jre\21.0.11-win32-x86_64\bin\instrument.dll, loaded, initialized, instrumentlib options:none

dbghelp: loaded successfully - version: 4.0.5 - missing functions: none
symbol engine: initialized successfully - sym options: 0x614 - pdb path: .;c:\Users\rinka\.vscode\extensions\redhat.java-1.55.0-win32-x64\jre\21.0.11-win32-x86_64\bin;C:\WINDOWS\SYSTEM32;C:\WINDOWS\WinSxS\amd64_microsoft.windows.common-controls_6595b64144ccf1df_6.0.26100.8521_none_3e08b75ce33403b3;c:\Users\rinka\.vscode\extensions\redhat.java-1.55.0-win32-x64\jre\21.0.11-win32-x86_64\bin\server;C:\Users\rinka\AppData\Roaming\Code\User\globalStorage\redhat.java\1.55.0\config_win\org.eclipse.equinox.launcher\org.eclipse.equinox.launcher.win32.win32.x86_64_1.3.100.v20260613-0559;C:\Users\rinka\AppData\Local\Temp\jna-108518573

VM Arguments:
jvm_args: --add-modules=ALL-SYSTEM --add-opens=java.base/java.util=ALL-UNNAMED --add-opens=java.base/java.lang=ALL-UNNAMED --add-opens=java.base/sun.nio.fs=ALL-UNNAMED -Declipse.application=org.eclipse.jdt.ls.core.id1 -Dosgi.bundles.defaultStartLevel=4 -Declipse.product=org.eclipse.jdt.ls.core.product -Djava.import.generatesMetadataFilesAtProjectRoot=false -DDetectVMInstallationsJob.disabled=true -Dfile.encoding=utf8 -XX:+UseParallelGC -XX:GCTimeRatio=4 -XX:AdaptiveSizePolicyWeight=90 -Dsun.zip.disableMemoryMapping=true -Xmx2G -Xms100m -Xlog:disable -javaagent:c:\Users\rinka\.vscode\extensions\redhat.java-1.55.0-win32-x64\lombok\lombok-1.18.39-4050.jar -XX:+HeapDumpOnOutOfMemoryError -XX:HeapDumpPath=c:\Users\rinka\AppData\Roaming\Code\User\workspaceStorage\49d6aa05faa5dee90abf6ba5c36567b8\redhat.java -Daether.dependencyCollector.impl=bf 
java_command: c:\Users\rinka\.vscode\extensions\redhat.java-1.55.0-win32-x64\server\plugins\org.eclipse.equinox.launcher_1.7.200.v20260619-2039.jar -configuration c:\Users\rinka\AppData\Roaming\Code\User\globalStorage\redhat.java\1.55.0\config_win -data c:\Users\rinka\AppData\Roaming\Code\User\workspaceStorage\49d6aa05faa5dee90abf6ba5c36567b8\redhat.java\jdt_ws --pipe=\\.\pipe\lsp-203d84de0dd6f6570f08333922153115-sock
java_class_path (initial): c:\Users\rinka\.vscode\extensions\redhat.java-1.55.0-win32-x64\server\plugins\org.eclipse.equinox.launcher_1.7.200.v20260619-2039.jar
Launcher Type: SUN_STANDARD

[Global flags]
    uintx AdaptiveSizePolicyWeight                 = 90                                        {product} {command line}
     intx CICompilerCount                          = 4                                         {product} {ergonomic}
    uintx GCTimeRatio                              = 4                                         {product} {command line}
     bool HeapDumpOnOutOfMemoryError               = true                                   {manageable} {command line}
    ccstr HeapDumpPath                             = c:\Users\rinka\AppData\Roaming\Code\User\workspaceStorage\49d6aa05faa5dee90abf6ba5c36567b8\redhat.java         {manageable} {command line}
   size_t InitialHeapSize                          = 104857600                                 {product} {command line}
   size_t MaxHeapSize                              = 2147483648                                {product} {command line}
   size_t MaxNewSize                               = 715653120                                 {product} {ergonomic}
   size_t MinHeapDeltaBytes                        = 524288                                    {product} {ergonomic}
   size_t MinHeapSize                              = 104857600                                 {product} {command line}
   size_t NewSize                                  = 34603008                                  {product} {ergonomic}
    uintx NonNMethodCodeHeapSize                   = 5839372                                {pd product} {ergonomic}
    uintx NonProfiledCodeHeapSize                  = 122909434                              {pd product} {ergonomic}
   size_t OldSize                                  = 70254592                                  {product} {ergonomic}
    uintx ProfiledCodeHeapSize                     = 122909434                              {pd product} {ergonomic}
    uintx ReservedCodeCacheSize                    = 251658240                              {pd product} {ergonomic}
     bool SegmentedCodeCache                       = true                                      {product} {ergonomic}
   size_t SoftMaxHeapSize                          = 2147483648                             {manageable} {ergonomic}
     bool UseCompressedOops                        = true                           {product lp64_product} {ergonomic}
     bool UseLargePagesIndividualAllocation        = false                                  {pd product} {ergonomic}
     bool UseParallelGC                            = true                                      {product} {command line}

Logging:
Log output configuration:
 #0: stdout all=off uptime,level,tags foldmultilines=false
 #1: stderr all=off uptime,level,tags foldmultilines=false

Release file:
JAVA_VERSION="21.0.11" 
MODULES="java.base java.compiler java.datatransfer java.xml java.prefs java.desktop java.instrument java.logging java.management java.security.sasl java.naming java.rmi java.management.rmi java.net.http java.scripting java.security.jgss java.transaction.xa java.sql java.sql.rowset java.xml.crypto java.se java.smartcardio jdk.accessibility jdk.internal.jvmstat jdk.attach jdk.charsets jdk.internal.opt jdk.zipfs jdk.compiler jdk.crypto.ec jdk.crypto.cryptoki jdk.crypto.mscapi jdk.dynalink jdk.internal.ed jdk.editpad jdk.hotspot.agent jdk.httpserver jdk.internal.le jdk.internal.vm.ci jdk.internal.vm.compiler jdk.internal.vm.compiler.management jdk.jartool jdk.javadoc jdk.jcmd jdk.management jdk.management.agent jdk.jconsole jdk.jdeps jdk.jdwp.agent jdk.jdi jdk.jfr jdk.jshell jdk.jsobject jdk.jstatd jdk.localedata jdk.management.jfr jdk.naming.dns jdk.naming.rmi jdk.net jdk.nio.mapmode jdk.random jdk.sctp jdk.security.auth jdk.security.jgss jdk.unsupported jdk.unsupported.desktop jdk.xml.dom" 

Environment Variables:
PATH=C:\Python313\Scripts\;C:\Python313\;C:\Program Files\Common Files\Oracle\Java\javapath;C:\Program Files (x86)\Common Files\Oracle\Java\java8path;C:\Program Files (x86)\Common Files\Oracle\Java\javapath;C:\WINDOWS\system32;C:\WINDOWS;C:\WINDOWS\System32\Wbem;C:\WINDOWS\System32\WindowsPowerShell\v1.0\;C:\WINDOWS\System32\OpenSSH\;C:\Program Files\dotnet\;C:\Program Files (x86)\Windows Kits\10\Windows Performance Toolkit\;C:\Program Files\Git\cmd;C:\ProgramData\chocolatey\bin;C:\Users\rinka\AppData\Local\nvm;C:\nvm4w\nodejs;C:\Users\rinka\AppData\Local\Microsoft\WindowsApps;C:\Program Files\JetBrains\PyCharm Community Edition 2021.2.2\bin;;C:\Users\rinka\.dotnet\tools;C:\Users\rinka\AppData\Local\Programs\Microsoft VS Code\bin;C:\Users\rinka\AppData\Roaming\npm;C:\Users\rinka\AppData\Local\GitHubDesktop\bin;C:\Users\rinka\AppData\Local\nvm;C:\nvm4w\nodejs;C:\Users\rinka\AppData\Local\Google\Cloud SDK\google-cloud-sdk\bin
USERNAME=rinka
OS=Windows_NT
PROCESSOR_IDENTIFIER=Intel64 Family 6 Model 126 Stepping 5, GenuineIntel
TMP=C:\Users\rinka\AppData\Local\Temp
TEMP=C:\Users\rinka\AppData\Local\Temp




Periodic native trim disabled

---------------  S Y S T E M  ---------------

OS:
 Windows 11 , 64 bit Build 26100 (10.0.26100.8521)
OS uptime: 15 days 6:22 hours

CPU: total 8 (initial active 8) (4 cores per cpu, 2 threads per core) family 6 model 126 stepping 5 microcode 0xc2, cx8, cmov, fxsr, ht, mmx, 3dnowpref, sse, sse2, sse3, ssse3, sse4.1, sse4.2, popcnt, lzcnt, tsc, tscinvbit, avx, avx2, aes, erms, clmul, bmi1, bmi2, adx, avx512f, avx512dq, avx512cd, avx512bw, avx512vl, sha, fma, vzeroupper, avx512_vpopcntdq, avx512_vpclmulqdq, avx512_vaes, avx512_vnni, clflush, clflushopt, avx512_vbmi2, avx512_vbmi, rdtscp, rdpid, fsrm, gfni, avx512_bitalg, f16c, pku, avx512_ifma
Processor Information for the first 8 processors :
  Max Mhz: 1190, Current Mhz: 991, Mhz Limit: 987

Memory: 4k page, system-wide physical 12055M (2033M free)
TotalPageFile size 48919M (AvailPageFile size 74M)
current process WorkingSet (physical memory assigned to process): 163M, peak: 166M
current process commit charge ("private bytes"): 291M, peak: 295M

vm_info: OpenJDK 64-Bit Server VM (21.0.11+10-LTS) for windows-amd64 JRE (21.0.11+10-LTS), built on 2026-04-21T00:00:00Z by "admin" with MS VC++ 17.12 (VS2022)

END.
