#
# There is insufficient memory for the Java Runtime Environment to continue.
# Native memory allocation (malloc) failed to allocate 1667856 bytes. Error detail: Chunk::new
# Possible reasons:
#   The system is out of physical RAM or swap space
#   This process is running with CompressedOops enabled, and the Java Heap may be blocking the growth of the native heap
# Possible solutions:
#   Reduce memory load on the system
#   Increase physical memory or swap space
#   Check if swap backing store is full
#   Decrease Java heap size (-Xmx/-Xms)
#   Decrease number of Java threads
#   Decrease Java thread stack sizes (-Xss)
#   Set larger code cache with -XX:ReservedCodeCacheSize=
#   JVM is running with Unscaled Compressed Oops mode in which the Java heap is
#     placed in the first 4GB address space. The Java Heap base address is the
#     maximum limit for the native heap growth. Please use -XX:HeapBaseMinAddress
#     to set the Java Heap base and to place the Java Heap above 4GB virtual address.
# This output file may be truncated or incomplete.
#
#  Out of Memory Error (arena.cpp:168), pid=21564, tid=19316
#
# JRE version: OpenJDK Runtime Environment Temurin-21.0.11+10 (21.0.11+10) (build 21.0.11+10-LTS)
# Java VM: OpenJDK 64-Bit Server VM Temurin-21.0.11+10 (21.0.11+10-LTS, mixed mode, sharing, tiered, compressed oops, compressed class ptrs, parallel gc, windows-amd64)
# No core dump will be written. Minidumps are not enabled by default on client versions of Windows
#

---------------  S U M M A R Y ------------

Command Line: --add-modules=ALL-SYSTEM --add-opens=java.base/java.util=ALL-UNNAMED --add-opens=java.base/java.lang=ALL-UNNAMED --add-opens=java.base/sun.nio.fs=ALL-UNNAMED -Declipse.application=org.eclipse.jdt.ls.core.id1 -Dosgi.bundles.defaultStartLevel=4 -Declipse.product=org.eclipse.jdt.ls.core.product -Djava.import.generatesMetadataFilesAtProjectRoot=false -DDetectVMInstallationsJob.disabled=true -Dfile.encoding=utf8 -XX:+UseParallelGC -XX:GCTimeRatio=4 -XX:AdaptiveSizePolicyWeight=90 -Dsun.zip.disableMemoryMapping=true -Xmx2G -Xms100m -Xlog:disable -javaagent:c:\Users\rinka\.vscode\extensions\redhat.java-1.55.0-win32-x64\lombok\lombok-1.18.39-4050.jar -XX:+HeapDumpOnOutOfMemoryError -XX:HeapDumpPath=c:\Users\rinka\AppData\Roaming\Code\User\workspaceStorage\49d6aa05faa5dee90abf6ba5c36567b8\redhat.java -Daether.dependencyCollector.impl=bf c:\Users\rinka\.vscode\extensions\redhat.java-1.55.0-win32-x64\server\plugins\org.eclipse.equinox.launcher_1.7.200.v20260619-2039.jar -configuration c:\Users\rinka\AppData\Roaming\Code\User\globalStorage\redhat.java\1.55.0\config_win -data c:\Users\rinka\AppData\Roaming\Code\User\workspaceStorage\49d6aa05faa5dee90abf6ba5c36567b8\redhat.java\jdt_ws --pipe=\\.\pipe\lsp-b3c28ac41a5ba08d33d9e07f31231f55-sock

Host: Intel(R) Core(TM) i5-1035G1 CPU @ 1.00GHz, 8 cores, 11G,  Windows 11 , 64 bit Build 26100 (10.0.26100.8521)
Time: Sat Jul  4 12:21:02 2026 Pacific Daylight Time elapsed time: 12.574089 seconds (0d 0h 0m 12s)

---------------  T H R E A D  ---------------

Current thread (0x000002044f401b30):  JavaThread "C2 CompilerThread2" daemon [_thread_in_native, id=19316, stack(0x0000004e59700000,0x0000004e59800000) (1024K)]


Current CompileTask:
C2:12574 5845       4       java.lang.invoke.MethodType::makeImpl (109 bytes)

Stack: [0x0000004e59700000,0x0000004e59800000]
Native frames: (J=compiled Java code, j=interpreted, Vv=VM code, C=native code)
V  [jvm.dll+0x6d7e19]
V  [jvm.dll+0x8b5096]
V  [jvm.dll+0x8b764e]
V  [jvm.dll+0x8b7d33]
V  [jvm.dll+0x284596]
V  [jvm.dll+0xc685d]
V  [jvm.dll+0xc6da1]
V  [jvm.dll+0x3bed31]
V  [jvm.dll+0x38b2b2]
V  [jvm.dll+0x38a6fa]
V  [jvm.dll+0x24c700]
V  [jvm.dll+0x24bce0]
V  [jvm.dll+0x1cb4ae]
V  [jvm.dll+0x25baad]
V  [jvm.dll+0x25a03a]
V  [jvm.dll+0x3f868e]
V  [jvm.dll+0x85fb0d]
V  [jvm.dll+0x6d664d]
C  [ucrtbase.dll+0x2cd30]
C  [KERNEL32.DLL+0x2e957]
C  [ntdll.dll+0x87c1c]


---------------  P R O C E S S  ---------------

Threads class SMR info:
_java_thread_list=0x000002044e6d18b0, length=39, elements={
0x000002046d4ad2c0, 0x000002046d568aa0, 0x000002046d5699c0, 0x000002047ff26600,
0x000002047ff27410, 0x000002047ff2b380, 0x000002047ff31430, 0x000002047ff3b590,
0x000002047ff3d5a0, 0x0000020446a567a0, 0x0000020446bcabb0, 0x000002044b604b10,
0x000002044bb93260, 0x000002044b926ac0, 0x000002044b8d5860, 0x000002044be39c00,
0x000002044bafde50, 0x000002044b6e7df0, 0x000002044be459b0, 0x000002044be42530,
0x000002044be43250, 0x000002044be45320, 0x000002044be42bc0, 0x000002044be438e0,
0x000002044be43f70, 0x000002044be44600, 0x000002044ea0cd30, 0x000002044ea0c010,
0x000002044ea0b980, 0x000002044ea0da50, 0x000002044ea0e770, 0x000002044ea0f490,
0x000002044ea0d3c0, 0x000002044ea0ee00, 0x000002044ea0e0e0, 0x000002044ea0fb20,
0x000002044ea0c6a0, 0x000002044df5a6d0, 0x000002044f401b30
}

Java Threads: ( => current thread )
  0x000002046d4ad2c0 JavaThread "main"                              [_thread_blocked, id=30764, stack(0x0000004e57b00000,0x0000004e57c00000) (1024K)]
  0x000002046d568aa0 JavaThread "Reference Handler"          daemon [_thread_blocked, id=19864, stack(0x0000004e57f00000,0x0000004e58000000) (1024K)]
  0x000002046d5699c0 JavaThread "Finalizer"                  daemon [_thread_blocked, id=18192, stack(0x0000004e58000000,0x0000004e58100000) (1024K)]
  0x000002047ff26600 JavaThread "Signal Dispatcher"          daemon [_thread_blocked, id=17884, stack(0x0000004e58100000,0x0000004e58200000) (1024K)]
  0x000002047ff27410 JavaThread "Attach Listener"            daemon [_thread_blocked, id=28572, stack(0x0000004e58200000,0x0000004e58300000) (1024K)]
  0x000002047ff2b380 JavaThread "Service Thread"             daemon [_thread_blocked, id=24808, stack(0x0000004e58300000,0x0000004e58400000) (1024K)]
  0x000002047ff31430 JavaThread "Monitor Deflation Thread"   daemon [_thread_blocked, id=23688, stack(0x0000004e58400000,0x0000004e58500000) (1024K)]
  0x000002047ff3b590 JavaThread "C2 CompilerThread0"         daemon [_thread_blocked, id=3256, stack(0x0000004e58500000,0x0000004e58600000) (1024K)]
  0x000002047ff3d5a0 JavaThread "C1 CompilerThread0"         daemon [_thread_blocked, id=10540, stack(0x0000004e58600000,0x0000004e58700000) (1024K)]
  0x0000020446a567a0 JavaThread "Common-Cleaner"             daemon [_thread_blocked, id=9444, stack(0x0000004e58700000,0x0000004e58800000) (1024K)]
  0x0000020446bcabb0 JavaThread "Notification Thread"        daemon [_thread_blocked, id=20376, stack(0x0000004e58900000,0x0000004e58a00000) (1024K)]
  0x000002044b604b10 JavaThread "Active Thread: Equinox Container: d8e74230-05a0-422c-ad94-e5c3ebe94c68"        [_thread_blocked, id=28588, stack(0x0000004e59100000,0x0000004e59200000) (1024K)]
  0x000002044bb93260 JavaThread "Refresh Thread: Equinox Container: d8e74230-05a0-422c-ad94-e5c3ebe94c68" daemon [_thread_blocked, id=29396, stack(0x0000004e59300000,0x0000004e59400000) (1024K)]
  0x000002044b926ac0 JavaThread "Framework Event Dispatcher: Equinox Container: d8e74230-05a0-422c-ad94-e5c3ebe94c68" daemon [_thread_blocked, id=20612, stack(0x0000004e59400000,0x0000004e59500000) (1024K)]
  0x000002044b8d5860 JavaThread "Start Level: Equinox Container: d8e74230-05a0-422c-ad94-e5c3ebe94c68" daemon [_thread_blocked, id=19952, stack(0x0000004e59500000,0x0000004e59600000) (1024K)]
  0x000002044be39c00 JavaThread "Bundle File Closer"         daemon [_thread_blocked, id=14000, stack(0x0000004e59600000,0x0000004e59700000) (1024K)]
  0x000002044bafde50 JavaThread "SCR Component Actor"        daemon [_thread_blocked, id=21896, stack(0x0000004e58800000,0x0000004e58900000) (1024K)]
  0x000002044b6e7df0 JavaThread "Worker-JM"                         [_thread_blocked, id=14584, stack(0x0000004e59800000,0x0000004e59900000) (1024K)]
  0x000002044be459b0 JavaThread "JNA Cleaner"                daemon [_thread_blocked, id=28032, stack(0x0000004e59900000,0x0000004e59a00000) (1024K)]
  0x000002044be42530 JavaThread "Worker-0"                          [_thread_blocked, id=2656, stack(0x0000004e59a00000,0x0000004e59b00000) (1024K)]
  0x000002044be43250 JavaThread "Worker-1: Initialize After Load"        [_thread_in_vm, id=21196, stack(0x0000004e59b00000,0x0000004e59c00000) (1024K)]
  0x000002044be45320 JavaThread "Java indexing"              daemon [_thread_blocked, id=27384, stack(0x0000004e59c00000,0x0000004e59d00000) (1024K)]
  0x000002044be42bc0 JavaThread "Worker-2"                          [_thread_blocked, id=31248, stack(0x0000004e59f00000,0x0000004e5a000000) (1024K)]
  0x000002044be438e0 JavaThread "Worker-3"                          [_thread_blocked, id=22792, stack(0x0000004e5a000000,0x0000004e5a100000) (1024K)]
  0x000002044be43f70 JavaThread "Thread-1"                   daemon [_thread_in_native, id=24760, stack(0x0000004e5a100000,0x0000004e5a200000) (1024K)]
  0x000002044be44600 JavaThread "Thread-2"                   daemon [_thread_in_native, id=21232, stack(0x0000004e5a200000,0x0000004e5a300000) (1024K)]
  0x000002044ea0cd30 JavaThread "Thread-3"                   daemon [_thread_in_native, id=15028, stack(0x0000004e5a300000,0x0000004e5a400000) (1024K)]
  0x000002044ea0c010 JavaThread "Thread-4"                   daemon [_thread_in_native, id=26812, stack(0x0000004e5a400000,0x0000004e5a500000) (1024K)]
  0x000002044ea0b980 JavaThread "Thread-5"                   daemon [_thread_in_native, id=10568, stack(0x0000004e5a500000,0x0000004e5a600000) (1024K)]
  0x000002044ea0da50 JavaThread "Thread-6"                   daemon [_thread_in_native, id=24588, stack(0x0000004e5a600000,0x0000004e5a700000) (1024K)]
  0x000002044ea0e770 JavaThread "Thread-7"                   daemon [_thread_in_native, id=27336, stack(0x0000004e5a700000,0x0000004e5a800000) (1024K)]
  0x000002044ea0f490 JavaThread "Thread-8"                   daemon [_thread_in_native, id=26352, stack(0x0000004e5a800000,0x0000004e5a900000) (1024K)]
  0x000002044ea0d3c0 JavaThread "Thread-9"                   daemon [_thread_in_native, id=12964, stack(0x0000004e5a900000,0x0000004e5aa00000) (1024K)]
  0x000002044ea0ee00 JavaThread "pool-2-thread-1"                   [_thread_blocked, id=23964, stack(0x0000004e5aa00000,0x0000004e5ab00000) (1024K)]
  0x000002044ea0e0e0 JavaThread "Worker-4"                          [_thread_blocked, id=14292, stack(0x0000004e5ab00000,0x0000004e5ac00000) (1024K)]
  0x000002044ea0fb20 JavaThread "WorkspaceEventsHandler"            [_thread_blocked, id=14924, stack(0x0000004e5ac00000,0x0000004e5ad00000) (1024K)]
  0x000002044ea0c6a0 JavaThread "pool-1-thread-1"                   [_thread_blocked, id=7832, stack(0x0000004e5ad00000,0x0000004e5ae00000) (1024K)]
  0x000002044df5a6d0 JavaThread "C2 CompilerThread1"         daemon [_thread_in_native, id=4212, stack(0x0000004e58a00000,0x0000004e58b00000) (1024K)]
=>0x000002044f401b30 JavaThread "C2 CompilerThread2"         daemon [_thread_in_native, id=19316, stack(0x0000004e59700000,0x0000004e59800000) (1024K)]
Total: 39

Other Threads:
  0x000002047ff23600 VMThread "VM Thread"                           [id=19276, stack(0x0000004e57e00000,0x0000004e57f00000) (1024K)]
  0x000002046d51a1b0 WatcherThread "VM Periodic Task Thread"        [id=17296, stack(0x0000004e57d00000,0x0000004e57e00000) (1024K)]
  0x000002046d4ca5b0 WorkerThread "GC Thread#0"                     [id=12440, stack(0x0000004e57c00000,0x0000004e57d00000) (1024K)]
  0x000002044b8cae40 WorkerThread "GC Thread#1"                     [id=24356, stack(0x0000004e58b00000,0x0000004e58c00000) (1024K)]
  0x000002044b8c9470 WorkerThread "GC Thread#2"                     [id=23584, stack(0x0000004e58c00000,0x0000004e58d00000) (1024K)]
  0x000002044b8c9820 WorkerThread "GC Thread#3"                     [id=14404, stack(0x0000004e58d00000,0x0000004e58e00000) (1024K)]
  0x000002044b8caa90 WorkerThread "GC Thread#4"                     [id=2452, stack(0x0000004e58e00000,0x0000004e58f00000) (1024K)]
  0x000002044b8c9bd0 WorkerThread "GC Thread#5"                     [id=31152, stack(0x0000004e58f00000,0x0000004e59000000) (1024K)]
  0x000002044b8c9f80 WorkerThread "GC Thread#6"                     [id=10784, stack(0x0000004e59000000,0x0000004e59100000) (1024K)]
  0x000002044ba3a5f0 WorkerThread "GC Thread#7"                     [id=30508, stack(0x0000004e59200000,0x0000004e59300000) (1024K)]
Total: 10

Threads with active compile tasks:
C2 CompilerThread1  12601 5929       4       jdk.internal.org.objectweb.asm.SymbolTable::addConstantMemberReference (147 bytes)
C2 CompilerThread2  12601 5845       4       java.lang.invoke.MethodType::makeImpl (109 bytes)
Total: 2

VM state: not at safepoint (normal execution)

VM Mutex/Monitor currently owned by a thread: None

Heap address: 0x0000000080000000, size: 2048 MB, Compressed Oops mode: 32-bit

CDS archive(s) mapped at: [0x0000020404000000-0x0000020404ba0000-0x0000020404ba0000), size 12189696, SharedBaseAddress: 0x0000020404000000, ArchiveRelocationMode: 1.
Compressed class space mapped at: 0x0000020405000000-0x0000020445000000, reserved size: 1073741824
Narrow klass base: 0x0000020404000000, Narrow klass shift: 0, Narrow klass range: 0x100000000

GC Precious Log:
 CardTable entry size: 512
 CPUs: 8 total, 8 available
 Memory: 12055M
 Large Page Support: Disabled
 NUMA Support: Disabled
 Compressed Oops: Enabled (32-bit)
 Alignments: Space 512K, Generation 512K, Heap 2M
 Heap Min Capacity: 100M
 Heap Initial Capacity: 100M
 Heap Max Capacity: 2G
 Pre-touch: Disabled
 Parallel Workers: 8

Heap:
 PSYoungGen      total 23552K, used 14322K [0x00000000d5580000, 0x00000000d6e00000, 0x0000000100000000)
  eden space 22016K, 58% used [0x00000000d5580000,0x00000000d621ca08,0x00000000d6b00000)
  from space 1536K, 91% used [0x00000000d6b00000,0x00000000d6c60000,0x00000000d6c80000)
  to   space 1536K, 0% used [0x00000000d6c80000,0x00000000d6c80000,0x00000000d6e00000)
 ParOldGen       total 68608K, used 21526K [0x0000000080000000, 0x0000000084300000, 0x00000000d5580000)
  object space 68608K, 31% used [0x0000000080000000,0x0000000081505b90,0x0000000084300000)
 Metaspace       used 44607K, committed 45760K, reserved 1114112K
  class space    used 4880K, committed 5440K, reserved 1048576K

Card table byte_map: [0x000002046ce50000,0x000002046d260000] _byte_map_base: 0x000002046ca50000

Marking Bits: (ParMarkBitMap*) 0x00007ffb0ad54460
 Begin Bits: [0x0000020400000000, 0x0000020402000000)
 End Bits:   [0x0000020402000000, 0x0000020404000000)

Polling page: 0x000002046b370000

Metaspace:

Usage:
  Non-class:     38.80 MB used.
      Class:      4.77 MB used.
       Both:     43.56 MB used.

Virtual space:
  Non-class space:       64.00 MB reserved,      39.44 MB ( 62%) committed,  1 nodes.
      Class space:        1.00 GB reserved,       5.31 MB ( <1%) committed,  1 nodes.
             Both:        1.06 GB reserved,      44.75 MB (  4%) committed. 

Chunk freelists:
   Non-Class:  7.80 MB
       Class:  10.61 MB
        Both:  18.41 MB

MaxMetaspaceSize: unlimited
CompressedClassSpaceSize: 1.00 GB
Initial GC threshold: 21.00 MB
Current GC threshold: 58.38 MB
CDS: on
 - commit_granule_bytes: 65536.
 - commit_granule_words: 8192.
 - virtual_space_node_default_size: 8388608.
 - enlarge_chunks_in_place: 1.
 - use_allocation_guard: 0.


Internal statistics:

num_allocs_failed_limit: 6.
num_arena_births: 798.
num_arena_deaths: 14.
num_vsnodes_births: 2.
num_vsnodes_deaths: 0.
num_space_committed: 716.
num_space_uncommitted: 0.
num_chunks_returned_to_freelist: 20.
num_chunks_taken_from_freelist: 2714.
num_chunk_merges: 12.
num_chunk_splits: 1737.
num_chunks_enlarged: 1053.
num_inconsistent_stats: 0.

CodeHeap 'non-profiled nmethods': size=120000Kb used=2783Kb max_used=2783Kb free=117216Kb
 bounds [0x0000020478180000, 0x0000020478440000, 0x000002047f6b0000]
CodeHeap 'profiled nmethods': size=120000Kb used=11172Kb max_used=11172Kb free=108827Kb
 bounds [0x00000204706b0000, 0x00000204711a0000, 0x0000020477be0000]
CodeHeap 'non-nmethods': size=5760Kb used=1376Kb max_used=1444Kb free=4383Kb
 bounds [0x0000020477be0000, 0x0000020477e50000, 0x0000020478180000]
CodeCache: size=245760Kb, used=15331Kb, max_used=15399Kb, free=230426Kb
 total_blobs=6078, nmethods=5415, adapters=569, full_count=0
Compilation: enabled, stopped_count=0, restarted_count=0

Compilation events (20 events):
Event: 11.534 Thread 0x000002047ff3d5a0 5972       3       java.lang.reflect.Constructor::acquireConstructorAccessor (75 bytes)
Event: 11.535 Thread 0x000002047ff3d5a0 nmethod 5972 0x000002047118fb90 code [0x000002047118fda0, 0x0000020471190360]
Event: 11.540 Thread 0x000002047ff3d5a0 5973       3       java.util.LinkedList::<init> (10 bytes)
Event: 11.541 Thread 0x000002047ff3d5a0 nmethod 5973 0x0000020471190590 code [0x0000020471190740, 0x00000204711909d0]
Event: 11.549 Thread 0x000002047ff3d5a0 5974       3       sun.nio.fs.WindowsPath::getPathForWin32Calls (6 bytes)
Event: 11.550 Thread 0x000002047ff3d5a0 nmethod 5974 0x0000020471190b10 code [0x0000020471190cc0, 0x0000020471190e00]
Event: 11.550 Thread 0x000002047ff3d5a0 5975   !   3       sun.nio.fs.WindowsPath::getPathForWin32Calls (147 bytes)
Event: 11.551 Thread 0x000002047ff3d5a0 nmethod 5975 0x0000020471190e90 code [0x0000020471191140, 0x0000020471191fa8]
Event: 11.551 Thread 0x000002047ff3d5a0 5976   !   3       sun.nio.fs.WindowsFileAttributes::get (275 bytes)
Event: 11.554 Thread 0x000002047ff3d5a0 nmethod 5976 0x0000020471192410 code [0x00000204711928a0, 0x00000204711946a0]
Event: 11.555 Thread 0x000002047ff3d5a0 5977       3       sun.nio.fs.WindowsPath::checkRead (17 bytes)
Event: 11.555 Thread 0x000002047ff3d5a0 nmethod 5977 0x0000020471195710 code [0x00000204711958c0, 0x0000020471195ab0]
Event: 11.555 Thread 0x000002047ff3d5a0 5978       3       sun.nio.fs.WindowsFileSystemProvider::readAttributes (63 bytes)
Event: 11.556 Thread 0x000002047ff3d5a0 nmethod 5978 0x0000020471195b90 code [0x0000020471195e00, 0x00000204711967e0]
Event: 11.556 Thread 0x000002047ff3d5a0 5979       3       sun.nio.fs.WindowsFileSystemProvider::getFileAttributeView (118 bytes)
Event: 11.557 Thread 0x000002047ff3d5a0 nmethod 5979 0x0000020471196b90 code [0x0000020471196ea0, 0x0000020471197f50]
Event: 11.557 Thread 0x000002047ff3d5a0 5980       3       sun.nio.fs.Util::followLinks (66 bytes)
Event: 11.557 Thread 0x000002047ff3d5a0 nmethod 5980 0x0000020471198490 code [0x0000020471198680, 0x0000020471198ae8]
Event: 11.557 Thread 0x000002047ff3d5a0 5981       3       sun.nio.fs.WindowsFileAttributeViews::createBasicView (10 bytes)
Event: 11.558 Thread 0x000002047ff3d5a0 nmethod 5981 0x0000020471198c90 code [0x0000020471198e40, 0x00000204711990c8]

GC Heap History (20 events):
Event: 5.562 GC heap before
{Heap before GC invocations=10 (full 1):
 PSYoungGen      total 25088K, used 24586K [0x00000000d5580000, 0x00000000d7380000, 0x0000000100000000)
  eden space 24064K, 100% used [0x00000000d5580000,0x00000000d6d00000,0x00000000d6d00000)
  from space 1024K, 51% used [0x00000000d7280000,0x00000000d7302ab8,0x00000000d7380000)
  to   space 2560K, 0% used [0x00000000d6e80000,0x00000000d6e80000,0x00000000d7100000)
 ParOldGen       total 68608K, used 13636K [0x0000000080000000, 0x0000000084300000, 0x00000000d5580000)
  object space 68608K, 19% used [0x0000000080000000,0x0000000080d51380,0x0000000084300000)
 Metaspace       used 26397K, committed 27200K, reserved 1114112K
  class space    used 2614K, committed 2944K, reserved 1048576K
}
Event: 5.564 GC heap after
{Heap after GC invocations=10 (full 1):
 PSYoungGen      total 26112K, used 2346K [0x00000000d5580000, 0x00000000d7300000, 0x0000000100000000)
  eden space 23552K, 0% used [0x00000000d5580000,0x00000000d5580000,0x00000000d6c80000)
  from space 2560K, 91% used [0x00000000d6e80000,0x00000000d70ca870,0x00000000d7100000)
  to   space 2048K, 0% used [0x00000000d7100000,0x00000000d7100000,0x00000000d7300000)
 ParOldGen       total 68608K, used 13636K [0x0000000080000000, 0x0000000084300000, 0x00000000d5580000)
  object space 68608K, 19% used [0x0000000080000000,0x0000000080d51380,0x0000000084300000)
 Metaspace       used 26397K, committed 27200K, reserved 1114112K
  class space    used 2614K, committed 2944K, reserved 1048576K
}
Event: 5.871 GC heap before
{Heap before GC invocations=11 (full 1):
 PSYoungGen      total 26112K, used 25898K [0x00000000d5580000, 0x00000000d7300000, 0x0000000100000000)
  eden space 23552K, 100% used [0x00000000d5580000,0x00000000d6c80000,0x00000000d6c80000)
  from space 2560K, 91% used [0x00000000d6e80000,0x00000000d70ca870,0x00000000d7100000)
  to   space 2048K, 0% used [0x00000000d7100000,0x00000000d7100000,0x00000000d7300000)
 ParOldGen       total 68608K, used 13636K [0x0000000080000000, 0x0000000084300000, 0x00000000d5580000)
  object space 68608K, 19% used [0x0000000080000000,0x0000000080d51380,0x0000000084300000)
 Metaspace       used 28749K, committed 29760K, reserved 1114112K
  class space    used 2824K, committed 3264K, reserved 1048576K
}
Event: 5.872 GC heap after
{Heap after GC invocations=11 (full 1):
 PSYoungGen      total 25088K, used 2019K [0x00000000d5580000, 0x00000000d7300000, 0x0000000100000000)
  eden space 23040K, 0% used [0x00000000d5580000,0x00000000d5580000,0x00000000d6c00000)
  from space 2048K, 98% used [0x00000000d7100000,0x00000000d72f8fa0,0x00000000d7300000)
  to   space 3584K, 0% used [0x00000000d6c00000,0x00000000d6c00000,0x00000000d6f80000)
 ParOldGen       total 68608K, used 14872K [0x0000000080000000, 0x0000000084300000, 0x00000000d5580000)
  object space 68608K, 21% used [0x0000000080000000,0x0000000080e863e0,0x0000000084300000)
 Metaspace       used 28749K, committed 29760K, reserved 1114112K
  class space    used 2824K, committed 3264K, reserved 1048576K
}
Event: 6.102 GC heap before
{Heap before GC invocations=12 (full 1):
 PSYoungGen      total 25088K, used 25059K [0x00000000d5580000, 0x00000000d7300000, 0x0000000100000000)
  eden space 23040K, 100% used [0x00000000d5580000,0x00000000d6c00000,0x00000000d6c00000)
  from space 2048K, 98% used [0x00000000d7100000,0x00000000d72f8fa0,0x00000000d7300000)
  to   space 3584K, 0% used [0x00000000d6c00000,0x00000000d6c00000,0x00000000d6f80000)
 ParOldGen       total 68608K, used 14872K [0x0000000080000000, 0x0000000084300000, 0x00000000d5580000)
  object space 68608K, 21% used [0x0000000080000000,0x0000000080e863e0,0x0000000084300000)
 Metaspace       used 31749K, committed 32832K, reserved 1114112K
  class space    used 3194K, committed 3712K, reserved 1048576K
}
Event: 6.105 GC heap after
{Heap after GC invocations=12 (full 1):
 PSYoungGen      total 24576K, used 1758K [0x00000000d5580000, 0x00000000d7180000, 0x0000000100000000)
  eden space 22528K, 0% used [0x00000000d5580000,0x00000000d5580000,0x00000000d6b80000)
  from space 2048K, 85% used [0x00000000d6c00000,0x00000000d6db7880,0x00000000d6e00000)
  to   space 2560K, 0% used [0x00000000d6f00000,0x00000000d6f00000,0x00000000d7180000)
 ParOldGen       total 68608K, used 16883K [0x0000000080000000, 0x0000000084300000, 0x00000000d5580000)
  object space 68608K, 24% used [0x0000000080000000,0x000000008107cf98,0x0000000084300000)
 Metaspace       used 31749K, committed 32832K, reserved 1114112K
  class space    used 3194K, committed 3712K, reserved 1048576K
}
Event: 6.338 GC heap before
{Heap before GC invocations=13 (full 1):
 PSYoungGen      total 24576K, used 24286K [0x00000000d5580000, 0x00000000d7180000, 0x0000000100000000)
  eden space 22528K, 100% used [0x00000000d5580000,0x00000000d6b80000,0x00000000d6b80000)
  from space 2048K, 85% used [0x00000000d6c00000,0x00000000d6db7880,0x00000000d6e00000)
  to   space 2560K, 0% used [0x00000000d6f00000,0x00000000d6f00000,0x00000000d7180000)
 ParOldGen       total 68608K, used 16883K [0x0000000080000000, 0x0000000084300000, 0x00000000d5580000)
  object space 68608K, 24% used [0x0000000080000000,0x000000008107cf98,0x0000000084300000)
 Metaspace       used 34402K, committed 35456K, reserved 1114112K
  class space    used 3554K, committed 4032K, reserved 1048576K
}
Event: 6.340 GC heap after
{Heap after GC invocations=13 (full 1):
 PSYoungGen      total 24576K, used 2304K [0x00000000d5580000, 0x00000000d7180000, 0x0000000100000000)
  eden space 22016K, 0% used [0x00000000d5580000,0x00000000d5580000,0x00000000d6b00000)
  from space 2560K, 90% used [0x00000000d6f00000,0x00000000d7140000,0x00000000d7180000)
  to   space 2560K, 0% used [0x00000000d6c80000,0x00000000d6c80000,0x00000000d6f00000)
 ParOldGen       total 68608K, used 18051K [0x0000000080000000, 0x0000000084300000, 0x00000000d5580000)
  object space 68608K, 26% used [0x0000000080000000,0x00000000811a0f40,0x0000000084300000)
 Metaspace       used 34402K, committed 35456K, reserved 1114112K
  class space    used 3554K, committed 4032K, reserved 1048576K
}
Event: 6.368 GC heap before
{Heap before GC invocations=14 (full 1):
 PSYoungGen      total 24576K, used 5260K [0x00000000d5580000, 0x00000000d7180000, 0x0000000100000000)
  eden space 22016K, 13% used [0x00000000d5580000,0x00000000d58631a0,0x00000000d6b00000)
  from space 2560K, 90% used [0x00000000d6f00000,0x00000000d7140000,0x00000000d7180000)
  to   space 2560K, 0% used [0x00000000d6c80000,0x00000000d6c80000,0x00000000d6f00000)
 ParOldGen       total 68608K, used 18051K [0x0000000080000000, 0x0000000084300000, 0x00000000d5580000)
  object space 68608K, 26% used [0x0000000080000000,0x00000000811a0f40,0x0000000084300000)
 Metaspace       used 34776K, committed 35840K, reserved 1114112K
  class space    used 3600K, committed 4096K, reserved 1048576K
}
Event: 6.371 GC heap after
{Heap after GC invocations=14 (full 1):
 PSYoungGen      total 22528K, used 348K [0x00000000d5580000, 0x00000000d6f80000, 0x0000000100000000)
  eden space 22016K, 0% used [0x00000000d5580000,0x00000000d5580000,0x00000000d6b00000)
  from space 512K, 68% used [0x00000000d6c80000,0x00000000d6cd7208,0x00000000d6d00000)
  to   space 1536K, 0% used [0x00000000d6e00000,0x00000000d6e00000,0x00000000d6f80000)
 ParOldGen       total 68608K, used 20122K [0x0000000080000000, 0x0000000084300000, 0x00000000d5580000)
  object space 68608K, 29% used [0x0000000080000000,0x00000000813a6860,0x0000000084300000)
 Metaspace       used 34776K, committed 35840K, reserved 1114112K
  class space    used 3600K, committed 4096K, reserved 1048576K
}
Event: 6.371 GC heap before
{Heap before GC invocations=15 (full 2):
 PSYoungGen      total 22528K, used 348K [0x00000000d5580000, 0x00000000d6f80000, 0x0000000100000000)
  eden space 22016K, 0% used [0x00000000d5580000,0x00000000d5580000,0x00000000d6b00000)
  from space 512K, 68% used [0x00000000d6c80000,0x00000000d6cd7208,0x00000000d6d00000)
  to   space 1536K, 0% used [0x00000000d6e00000,0x00000000d6e00000,0x00000000d6f80000)
 ParOldGen       total 68608K, used 20122K [0x0000000080000000, 0x0000000084300000, 0x00000000d5580000)
  object space 68608K, 29% used [0x0000000080000000,0x00000000813a6860,0x0000000084300000)
 Metaspace       used 34776K, committed 35840K, reserved 1114112K
  class space    used 3600K, committed 4096K, reserved 1048576K
}
Event: 6.407 GC heap after
{Heap after GC invocations=15 (full 2):
 PSYoungGen      total 22528K, used 0K [0x00000000d5580000, 0x00000000d6f80000, 0x0000000100000000)
  eden space 22016K, 0% used [0x00000000d5580000,0x00000000d5580000,0x00000000d6b00000)
  from space 512K, 0% used [0x00000000d6c80000,0x00000000d6c80000,0x00000000d6d00000)
  to   space 1536K, 0% used [0x00000000d6e00000,0x00000000d6e00000,0x00000000d6f80000)
 ParOldGen       total 68608K, used 19407K [0x0000000080000000, 0x0000000084300000, 0x00000000d5580000)
  object space 68608K, 28% used [0x0000000080000000,0x00000000812f3e80,0x0000000084300000)
 Metaspace       used 34776K, committed 35840K, reserved 1114112K
  class space    used 3600K, committed 4096K, reserved 1048576K
}
Event: 6.787 GC heap before
{Heap before GC invocations=16 (full 2):
 PSYoungGen      total 22528K, used 22016K [0x00000000d5580000, 0x00000000d6f80000, 0x0000000100000000)
  eden space 22016K, 100% used [0x00000000d5580000,0x00000000d6b00000,0x00000000d6b00000)
  from space 512K, 0% used [0x00000000d6c80000,0x00000000d6c80000,0x00000000d6d00000)
  to   space 1536K, 0% used [0x00000000d6e00000,0x00000000d6e00000,0x00000000d6f80000)
 ParOldGen       total 68608K, used 19407K [0x0000000080000000, 0x0000000084300000, 0x00000000d5580000)
  object space 68608K, 28% used [0x0000000080000000,0x00000000812f3e80,0x0000000084300000)
 Metaspace       used 36718K, committed 37888K, reserved 1114112K
  class space    used 3865K, committed 4416K, reserved 1048576K
}
Event: 6.789 GC heap after
{Heap after GC invocations=16 (full 2):
 PSYoungGen      total 23552K, used 1117K [0x00000000d5580000, 0x00000000d6f80000, 0x0000000100000000)
  eden space 22016K, 0% used [0x00000000d5580000,0x00000000d5580000,0x00000000d6b00000)
  from space 1536K, 72% used [0x00000000d6e00000,0x00000000d6f17690,0x00000000d6f80000)
  to   space 1536K, 0% used [0x00000000d6c80000,0x00000000d6c80000,0x00000000d6e00000)
 ParOldGen       total 68608K, used 19415K [0x0000000080000000, 0x0000000084300000, 0x00000000d5580000)
  object space 68608K, 28% used [0x0000000080000000,0x00000000812f5e80,0x0000000084300000)
 Metaspace       used 36718K, committed 37888K, reserved 1114112K
  class space    used 3865K, committed 4416K, reserved 1048576K
}
Event: 7.122 GC heap before
{Heap before GC invocations=17 (full 2):
 PSYoungGen      total 23552K, used 23133K [0x00000000d5580000, 0x00000000d6f80000, 0x0000000100000000)
  eden space 22016K, 100% used [0x00000000d5580000,0x00000000d6b00000,0x00000000d6b00000)
  from space 1536K, 72% used [0x00000000d6e00000,0x00000000d6f17690,0x00000000d6f80000)
  to   space 1536K, 0% used [0x00000000d6c80000,0x00000000d6c80000,0x00000000d6e00000)
 ParOldGen       total 68608K, used 19415K [0x0000000080000000, 0x0000000084300000, 0x00000000d5580000)
  object space 68608K, 28% used [0x0000000080000000,0x00000000812f5e80,0x0000000084300000)
 Metaspace       used 38108K, committed 39296K, reserved 1114112K
  class space    used 4045K, committed 4608K, reserved 1048576K
}
Event: 7.123 GC heap after
{Heap after GC invocations=17 (full 2):
 PSYoungGen      total 23040K, used 608K [0x00000000d5580000, 0x00000000d6e80000, 0x0000000100000000)
  eden space 22016K, 0% used [0x00000000d5580000,0x00000000d5580000,0x00000000d6b00000)
  from space 1024K, 59% used [0x00000000d6c80000,0x00000000d6d18000,0x00000000d6d80000)
  to   space 1024K, 0% used [0x00000000d6d80000,0x00000000d6d80000,0x00000000d6e80000)
 ParOldGen       total 68608K, used 20279K [0x0000000080000000, 0x0000000084300000, 0x00000000d5580000)
  object space 68608K, 29% used [0x0000000080000000,0x00000000813cde90,0x0000000084300000)
 Metaspace       used 38108K, committed 39296K, reserved 1114112K
  class space    used 4045K, committed 4608K, reserved 1048576K
}
Event: 7.552 GC heap before
{Heap before GC invocations=18 (full 2):
 PSYoungGen      total 23040K, used 22624K [0x00000000d5580000, 0x00000000d6e80000, 0x0000000100000000)
  eden space 22016K, 100% used [0x00000000d5580000,0x00000000d6b00000,0x00000000d6b00000)
  from space 1024K, 59% used [0x00000000d6c80000,0x00000000d6d18000,0x00000000d6d80000)
  to   space 1024K, 0% used [0x00000000d6d80000,0x00000000d6d80000,0x00000000d6e80000)
 ParOldGen       total 68608K, used 20279K [0x0000000080000000, 0x0000000084300000, 0x00000000d5580000)
  object space 68608K, 29% used [0x0000000080000000,0x00000000813cde90,0x0000000084300000)
 Metaspace       used 40595K, committed 41792K, reserved 1114112K
  class space    used 4365K, committed 4928K, reserved 1048576K
}
Event: 7.554 GC heap after
{Heap after GC invocations=18 (full 2):
 PSYoungGen      total 23040K, used 1024K [0x00000000d5580000, 0x00000000d6f00000, 0x0000000100000000)
  eden space 22016K, 0% used [0x00000000d5580000,0x00000000d5580000,0x00000000d6b00000)
  from space 1024K, 100% used [0x00000000d6d80000,0x00000000d6e80000,0x00000000d6e80000)
  to   space 2048K, 0% used [0x00000000d6b00000,0x00000000d6b00000,0x00000000d6d00000)
 ParOldGen       total 68608K, used 20703K [0x0000000080000000, 0x0000000084300000, 0x00000000d5580000)
  object space 68608K, 30% used [0x0000000080000000,0x0000000081437e90,0x0000000084300000)
 Metaspace       used 40595K, committed 41792K, reserved 1114112K
  class space    used 4365K, committed 4928K, reserved 1048576K
}
Event: 11.316 GC heap before
{Heap before GC invocations=19 (full 2):
 PSYoungGen      total 23040K, used 23039K [0x00000000d5580000, 0x00000000d6f00000, 0x0000000100000000)
  eden space 22016K, 99% used [0x00000000d5580000,0x00000000d6affff8,0x00000000d6b00000)
  from space 1024K, 100% used [0x00000000d6d80000,0x00000000d6e80000,0x00000000d6e80000)
  to   space 2048K, 0% used [0x00000000d6b00000,0x00000000d6b00000,0x00000000d6d00000)
 ParOldGen       total 68608K, used 20703K [0x0000000080000000, 0x0000000084300000, 0x00000000d5580000)
  object space 68608K, 30% used [0x0000000080000000,0x0000000081437e90,0x0000000084300000)
 Metaspace       used 43114K, committed 44288K, reserved 1114112K
  class space    used 4710K, committed 5248K, reserved 1048576K
}
Event: 11.318 GC heap after
{Heap after GC invocations=19 (full 2):
 PSYoungGen      total 23552K, used 1408K [0x00000000d5580000, 0x00000000d6e00000, 0x0000000100000000)
  eden space 22016K, 0% used [0x00000000d5580000,0x00000000d5580000,0x00000000d6b00000)
  from space 1536K, 91% used [0x00000000d6b00000,0x00000000d6c60000,0x00000000d6c80000)
  to   space 1536K, 0% used [0x00000000d6c80000,0x00000000d6c80000,0x00000000d6e00000)
 ParOldGen       total 68608K, used 21526K [0x0000000080000000, 0x0000000084300000, 0x00000000d5580000)
  object space 68608K, 31% used [0x0000000080000000,0x0000000081505b90,0x0000000084300000)
 Metaspace       used 43114K, committed 44288K, reserved 1114112K
  class space    used 4710K, committed 5248K, reserved 1048576K
}

Dll operation events (10 events):
Event: 0.010 Loaded shared library c:\Users\rinka\.vscode\extensions\redhat.java-1.55.0-win32-x64\jre\21.0.11-win32-x86_64\bin\java.dll
Event: 0.071 Loaded shared library c:\Users\rinka\.vscode\extensions\redhat.java-1.55.0-win32-x64\jre\21.0.11-win32-x86_64\bin\zip.dll
Event: 0.088 Loaded shared library C:\Users\rinka\.vscode\extensions\redhat.java-1.55.0-win32-x64\jre\21.0.11-win32-x86_64\bin\instrument.dll
Event: 0.092 Loaded shared library C:\Users\rinka\.vscode\extensions\redhat.java-1.55.0-win32-x64\jre\21.0.11-win32-x86_64\bin\net.dll
Event: 0.094 Loaded shared library C:\Users\rinka\.vscode\extensions\redhat.java-1.55.0-win32-x64\jre\21.0.11-win32-x86_64\bin\nio.dll
Event: 0.097 Loaded shared library C:\Users\rinka\.vscode\extensions\redhat.java-1.55.0-win32-x64\jre\21.0.11-win32-x86_64\bin\zip.dll
Event: 0.110 Loaded shared library C:\Users\rinka\.vscode\extensions\redhat.java-1.55.0-win32-x64\jre\21.0.11-win32-x86_64\bin\jimage.dll
Event: 0.167 Loaded shared library c:\Users\rinka\.vscode\extensions\redhat.java-1.55.0-win32-x64\jre\21.0.11-win32-x86_64\bin\verify.dll
Event: 1.446 Loaded shared library C:\Users\rinka\AppData\Roaming\Code\User\globalStorage\redhat.java\1.55.0\config_win\org.eclipse.equinox.launcher\org.eclipse.equinox.launcher.win32.win32.x86_64_1.3.100.v20260613-0559\eclipse_11924.dll
Event: 4.611 Loaded shared library C:\Users\rinka\AppData\Local\Temp\jna-108518573\jna15061285885909444163.dll

Deoptimization events (20 events):
Event: 11.473 Thread 0x000002044be43250 DEOPT PACKING pc=0x00000204782372c0 sp=0x0000004e59bfe020
Event: 11.473 Thread 0x000002044be43250 DEOPT UNPACKING pc=0x0000020477c36da2 sp=0x0000004e59bfdf20 mode 2
Event: 11.484 Thread 0x000002044be43250 Uncommon trap: trap_request=0xffffff45 fr.pc=0x0000020478376db4 relative=0x0000000000002054
Event: 11.484 Thread 0x000002044be43250 Uncommon trap: reason=unstable_if action=reinterpret pc=0x0000020478376db4 method=sun.nio.fs.WindowsPathParser.nextNonSlash(Ljava/lang/String;II)I @ 2 c2
Event: 11.484 Thread 0x000002044be43250 DEOPT PACKING pc=0x0000020478376db4 sp=0x0000004e59bfdd70
Event: 11.484 Thread 0x000002044be43250 DEOPT UNPACKING pc=0x0000020477c36da2 sp=0x0000004e59bfdd00 mode 2
Event: 11.492 Thread 0x000002044be43250 DEOPT PACKING pc=0x00000204710258bc sp=0x0000004e59bfc640
Event: 11.492 Thread 0x000002044be43250 DEOPT UNPACKING pc=0x0000020477c378e2 sp=0x0000004e59bfbb60 mode 0
Event: 11.565 Thread 0x000002044be43250 Uncommon trap: trap_request=0xffffffc6 fr.pc=0x0000020478410864 relative=0x00000000000005e4
Event: 11.565 Thread 0x000002044be43250 Uncommon trap: reason=bimorphic_or_optimized_type_check action=maybe_recompile pc=0x0000020478410864 method=java.util.HashMap.removeNode(ILjava/lang/Object;Ljava/lang/Object;ZZ)Ljava/util/HashMap$Node; @ 68 c2
Event: 11.565 Thread 0x000002044be43250 DEOPT PACKING pc=0x0000020478410864 sp=0x0000004e59bff0a0
Event: 11.565 Thread 0x000002044be43250 DEOPT UNPACKING pc=0x0000020477c36da2 sp=0x0000004e59bfef98 mode 2
Event: 11.565 Thread 0x000002044be43250 Uncommon trap: trap_request=0xffffffc6 fr.pc=0x0000020478410864 relative=0x00000000000005e4
Event: 11.565 Thread 0x000002044be43250 Uncommon trap: reason=bimorphic_or_optimized_type_check action=maybe_recompile pc=0x0000020478410864 method=java.util.HashMap.removeNode(ILjava/lang/Object;Ljava/lang/Object;ZZ)Ljava/util/HashMap$Node; @ 68 c2
Event: 11.565 Thread 0x000002044be43250 DEOPT PACKING pc=0x0000020478410864 sp=0x0000004e59bff0a0
Event: 11.565 Thread 0x000002044be43250 DEOPT UNPACKING pc=0x0000020477c36da2 sp=0x0000004e59bfef98 mode 2
Event: 11.570 Thread 0x000002044be43250 Uncommon trap: trap_request=0xffffffde fr.pc=0x00000204783625bc relative=0x000000000000077c
Event: 11.570 Thread 0x000002044be43250 Uncommon trap: reason=class_check action=maybe_recompile pc=0x00000204783625bc method=java.util.Hashtable.put(Ljava/lang/Object;Ljava/lang/Object;)Ljava/lang/Object; @ 60 c2
Event: 11.570 Thread 0x000002044be43250 DEOPT PACKING pc=0x00000204783625bc sp=0x0000004e59bff400
Event: 11.570 Thread 0x000002044be43250 DEOPT UNPACKING pc=0x0000020477c36da2 sp=0x0000004e59bff3c0 mode 2

Classes loaded (20 events):
Event: 7.671 Loading class sun/misc/Unsafe
Event: 7.672 Loading class sun/misc/Unsafe done
Event: 7.688 Loading class jdk/internal/org/objectweb/asm/ClassReader
Event: 7.689 Loading class jdk/internal/org/objectweb/asm/ClassReader done
Event: 11.305 Loading class java/lang/ProcessEnvironment$CheckedKeySet
Event: 11.305 Loading class java/lang/ProcessEnvironment$CheckedKeySet done
Event: 11.435 Loading class java/util/regex/Pattern$Pos
Event: 11.436 Loading class java/util/regex/Pattern$Pos done
Event: 11.458 Loading class sun/security/provider/MD5
Event: 11.458 Loading class sun/security/provider/MD5 done
Event: 11.458 Loading class sun/security/provider/ByteArrayAccess$LE
Event: 11.458 Loading class sun/security/provider/ByteArrayAccess$LE done
Event: 11.506 Loading class sun/nio/fs/WindowsException
Event: 11.506 Loading class sun/nio/fs/WindowsException done
Event: 11.523 Loading class sun/net/www/protocol/https/Handler
Event: 11.523 Loading class sun/net/www/protocol/http/Handler
Event: 11.523 Loading class sun/net/www/protocol/http/Handler done
Event: 11.523 Loading class sun/net/www/protocol/https/Handler done
Event: 11.570 Loading class java/io/DataOutputStream
Event: 11.571 Loading class java/io/DataOutputStream done

Classes unloaded (7 events):
Event: 5.193 Thread 0x000002047ff23600 Unloading class 0x00000204051a8c00 'java/lang/invoke/LambdaForm$MH+0x00000204051a8c00'
Event: 5.193 Thread 0x000002047ff23600 Unloading class 0x00000204051a8800 'java/lang/invoke/LambdaForm$MH+0x00000204051a8800'
Event: 5.193 Thread 0x000002047ff23600 Unloading class 0x00000204051a8400 'java/lang/invoke/LambdaForm$MH+0x00000204051a8400'
Event: 5.193 Thread 0x000002047ff23600 Unloading class 0x00000204051a8000 'java/lang/invoke/LambdaForm$MH+0x00000204051a8000'
Event: 5.193 Thread 0x000002047ff23600 Unloading class 0x00000204051a7c00 'java/lang/invoke/LambdaForm$BMH+0x00000204051a7c00'
Event: 5.193 Thread 0x000002047ff23600 Unloading class 0x00000204051a7800 'java/lang/invoke/LambdaForm$DMH+0x00000204051a7800'
Event: 5.193 Thread 0x000002047ff23600 Unloading class 0x00000204051a6400 'java/lang/invoke/LambdaForm$DMH+0x00000204051a6400'

Classes redefined (0 events):
No events

Internal exceptions (20 events):
Event: 7.686 Thread 0x000002044be438e0 Exception <a 'java/lang/NoSuchMethodError'{0x00000000d5bd1f30}: 'long java.lang.invoke.DirectMethodHandle$Holder.invokeStatic(java.lang.Object, java.lang.Object, int)'> (0x00000000d5bd1f30) 
thrown [s\src\hotspot\share\interpreter\linkResolver.cpp, line 773]
Event: 7.690 Thread 0x000002044be438e0 Implicit null exception at 0x00000204782be3fe to 0x00000204782be670
Event: 7.690 Thread 0x000002044be438e0 Implicit null exception at 0x0000020478238a9c to 0x00000204782399bc
Event: 7.692 Thread 0x000002044be438e0 Exception <a 'java/lang/NoSuchMethodError'{0x00000000d5c11c20}: 'java.lang.Object java.lang.invoke.Invokers$Holder.invokeExact_MT(java.lang.Object, int, java.lang.Object)'> (0x00000000d5c11c20) 
thrown [s\src\hotspot\share\interpreter\linkResolver.cpp, line 773]
Event: 10.267 Thread 0x000002044be438e0 Exception <a 'java/lang/NoClassDefFoundError'{0x00000000d691f120}: com/google/inject/servlet/ServletModuleTargetVisitor> (0x00000000d691f120) 
thrown [s\src\hotspot\share\classfile\systemDictionary.cpp, line 302]
Event: 11.506 Thread 0x000002044be43250 Exception <a 'sun/nio/fs/WindowsException'{0x00000000d5f33708}> (0x00000000d5f33708) 
thrown [s\src\hotspot\share\prims\jni.cpp, line 520]
Event: 11.507 Thread 0x000002044be43250 Exception <a 'sun/nio/fs/WindowsException'{0x00000000d5f33d70}> (0x00000000d5f33d70) 
thrown [s\src\hotspot\share\prims\jni.cpp, line 520]
Event: 11.507 Thread 0x000002044be43250 Exception <a 'sun/nio/fs/WindowsException'{0x00000000d5f34780}> (0x00000000d5f34780) 
thrown [s\src\hotspot\share\prims\jni.cpp, line 520]
Event: 11.507 Thread 0x000002044be43250 Exception <a 'sun/nio/fs/WindowsException'{0x00000000d5f35020}> (0x00000000d5f35020) 
thrown [s\src\hotspot\share\prims\jni.cpp, line 520]
Event: 11.515 Thread 0x000002044be43250 Exception <a 'sun/nio/fs/WindowsException'{0x00000000d5f4d530}> (0x00000000d5f4d530) 
thrown [s\src\hotspot\share\prims\jni.cpp, line 520]
Event: 11.515 Thread 0x000002044be43250 Exception <a 'sun/nio/fs/WindowsException'{0x00000000d5f4db80}> (0x00000000d5f4db80) 
thrown [s\src\hotspot\share\prims\jni.cpp, line 520]
Event: 11.550 Thread 0x000002044be43250 Exception <a 'sun/nio/fs/WindowsException'{0x00000000d5fb6d10}> (0x00000000d5fb6d10) 
thrown [s\src\hotspot\share\prims\jni.cpp, line 520]
Event: 11.550 Thread 0x000002044be43250 Exception <a 'sun/nio/fs/WindowsException'{0x00000000d5fb7340}> (0x00000000d5fb7340) 
thrown [s\src\hotspot\share\prims\jni.cpp, line 520]
Event: 11.551 Thread 0x000002044be43250 Exception <a 'sun/nio/fs/WindowsException'{0x00000000d5fb7c60}> (0x00000000d5fb7c60) 
thrown [s\src\hotspot\share\prims\jni.cpp, line 520]
Event: 11.551 Thread 0x000002044be43250 Exception <a 'sun/nio/fs/WindowsException'{0x00000000d5fb84e0}> (0x00000000d5fb84e0) 
thrown [s\src\hotspot\share\prims\jni.cpp, line 520]
Event: 11.551 Thread 0x000002044be43250 Exception <a 'sun/nio/fs/WindowsException'{0x00000000d5fb8e60}> (0x00000000d5fb8e60) 
thrown [s\src\hotspot\share\prims\jni.cpp, line 520]
Event: 11.552 Thread 0x000002044be43250 Exception <a 'sun/nio/fs/WindowsException'{0x00000000d5fb9490}> (0x00000000d5fb9490) 
thrown [s\src\hotspot\share\prims\jni.cpp, line 520]
Event: 11.552 Thread 0x000002044be43250 Exception <a 'sun/nio/fs/WindowsException'{0x00000000d5fbad70}> (0x00000000d5fbad70) 
thrown [s\src\hotspot\share\prims\jni.cpp, line 520]
Event: 11.553 Thread 0x000002044be43250 Exception <a 'sun/nio/fs/WindowsException'{0x00000000d5fbb3a0}> (0x00000000d5fbb3a0) 
thrown [s\src\hotspot\share\prims\jni.cpp, line 520]
Event: 11.558 Thread 0x000002044be43250 Exception <a 'java/lang/NoSuchMethodError'{0x00000000d5fd19c0}: 'void java.lang.invoke.DirectMethodHandle$Holder.invokeVirtual(java.lang.Object, java.lang.Object, java.lang.Object, java.lang.Object)'> (0x00000000d5fd19c0) 
thrown [s\src\hotspot\share\interpreter\linkResolver.cpp, line 773]

ZGC Phase Switch (0 events):
No events

VM Operations (20 events):
Event: 6.786 Executing safepoint VM operation: ParallelGCFailedAllocation (Allocation Failure)
Event: 6.789 Executing safepoint VM operation: ParallelGCFailedAllocation (Allocation Failure) done
Event: 7.122 Executing safepoint VM operation: ParallelGCFailedAllocation (Allocation Failure)
Event: 7.123 Executing safepoint VM operation: ParallelGCFailedAllocation (Allocation Failure) done
Event: 7.205 Executing non-safepoint VM operation: HandshakeAllThreads (Deoptimize)
Event: 7.205 Executing non-safepoint VM operation: HandshakeAllThreads (Deoptimize) done
Event: 7.315 Executing non-safepoint VM operation: HandshakeAllThreads (Deoptimize)
Event: 7.315 Executing non-safepoint VM operation: HandshakeAllThreads (Deoptimize) done
Event: 7.552 Executing safepoint VM operation: ParallelGCFailedAllocation (Allocation Failure)
Event: 7.554 Executing safepoint VM operation: ParallelGCFailedAllocation (Allocation Failure) done
Event: 7.759 Executing non-safepoint VM operation: HandshakeAllThreads (Deoptimize)
Event: 7.759 Executing non-safepoint VM operation: HandshakeAllThreads (Deoptimize) done
Event: 8.766 Executing safepoint VM operation: Cleanup
Event: 9.217 Executing safepoint VM operation: Cleanup done
Event: 10.231 Executing safepoint VM operation: Cleanup
Event: 10.261 Executing safepoint VM operation: Cleanup done
Event: 11.276 Executing safepoint VM operation: Cleanup
Event: 11.276 Executing safepoint VM operation: Cleanup done
Event: 11.316 Executing safepoint VM operation: ParallelGCFailedAllocation (Allocation Failure)
Event: 11.318 Executing safepoint VM operation: ParallelGCFailedAllocation (Allocation Failure) done

Memory protections (0 events):
No events

Nmethod flushes (20 events):
Event: 6.388 Thread 0x000002047ff23600 flushing  nmethod 0x0000020470cf0710
Event: 6.388 Thread 0x000002047ff23600 flushing  nmethod 0x0000020470cf0f10
Event: 6.388 Thread 0x000002047ff23600 flushing  nmethod 0x0000020470cf1690
Event: 6.388 Thread 0x000002047ff23600 flushing  nmethod 0x0000020470cf2c10
Event: 6.388 Thread 0x000002047ff23600 flushing  nmethod 0x0000020470cf3790
Event: 6.388 Thread 0x000002047ff23600 flushing  nmethod 0x0000020470cf3c90
Event: 6.388 Thread 0x000002047ff23600 flushing  nmethod 0x0000020470cf4d90
Event: 6.388 Thread 0x000002047ff23600 flushing  nmethod 0x0000020470cf6090
Event: 6.388 Thread 0x000002047ff23600 flushing  nmethod 0x0000020470cf6590
Event: 6.388 Thread 0x000002047ff23600 flushing  nmethod 0x0000020470cf7810
Event: 6.388 Thread 0x000002047ff23600 flushing  nmethod 0x0000020470cf7b10
Event: 6.388 Thread 0x000002047ff23600 flushing  nmethod 0x0000020470d01610
Event: 6.388 Thread 0x000002047ff23600 flushing  nmethod 0x0000020470d13790
Event: 6.388 Thread 0x000002047ff23600 flushing  nmethod 0x0000020470d31710
Event: 6.388 Thread 0x000002047ff23600 flushing  nmethod 0x0000020470d32490
Event: 6.388 Thread 0x000002047ff23600 flushing  nmethod 0x0000020470d42e10
Event: 6.388 Thread 0x000002047ff23600 flushing  nmethod 0x0000020470d83190
Event: 6.388 Thread 0x000002047ff23600 flushing  nmethod 0x0000020470da6810
Event: 6.388 Thread 0x000002047ff23600 flushing  nmethod 0x0000020470db8310
Event: 6.388 Thread 0x000002047ff23600 flushing  nmethod 0x0000020470dde390

Events (20 events):
Event: 5.765 Thread 0x000002044b8d5860 Thread added: 0x000002044be45320
Event: 6.021 Thread 0x000002044be42530 Thread added: 0x000002044be42bc0
Event: 6.076 Thread 0x000002044be42bc0 Thread added: 0x000002044be438e0
Event: 6.108 Thread 0x000002046d4ad2c0 Thread added: 0x000002044be43f70
Event: 6.108 Thread 0x000002046d4ad2c0 Thread added: 0x000002044be44600
Event: 6.108 Thread 0x000002046d4ad2c0 Thread added: 0x000002044ea0cd30
Event: 6.109 Thread 0x000002046d4ad2c0 Thread added: 0x000002044ea0c010
Event: 6.109 Thread 0x000002046d4ad2c0 Thread added: 0x000002044ea0b980
Event: 6.109 Thread 0x000002046d4ad2c0 Thread added: 0x000002044ea0da50
Event: 6.109 Thread 0x000002046d4ad2c0 Thread added: 0x000002044ea0e770
Event: 6.109 Thread 0x000002046d4ad2c0 Thread added: 0x000002044ea0f490
Event: 6.109 Thread 0x000002046d4ad2c0 Thread added: 0x000002044ea0d3c0
Event: 6.145 Thread 0x000002046d4ad2c0 Thread added: 0x000002044ea0ee00
Event: 6.171 Thread 0x000002044be42bc0 Thread added: 0x000002044ea0e0e0
Event: 6.433 Thread 0x000002046d4ad2c0 Thread added: 0x000002044ea0fb20
Event: 6.434 Thread 0x000002046d4ad2c0 Thread added: 0x000002044ea0c6a0
Event: 8.549 Thread 0x000002044b2bd870 Thread exited: 0x000002044b2bd870
Event: 9.219 Thread 0x000002044b2bd1c0 Thread exited: 0x000002044b2bd1c0
Event: 9.228 Thread 0x000002047ff3d5a0 Thread added: 0x000002044df5a6d0
Event: 11.362 Thread 0x000002044df5a6d0 Thread added: 0x000002044f401b30


Dynamic libraries:
0x00007ff611500000 - 0x00007ff61150e000 	c:\Users\rinka\.vscode\extensions\redhat.java-1.55.0-win32-x64\jre\21.0.11-win32-x86_64\bin\java.exe
0x00007ffb73660000 - 0x00007ffb738c6000 	C:\WINDOWS\SYSTEM32\ntdll.dll
0x00007ffb732f0000 - 0x00007ffb733b9000 	C:\WINDOWS\System32\KERNEL32.DLL
0x00007ffb70ef0000 - 0x00007ffb712ea000 	C:\WINDOWS\System32\KERNELBASE.dll
0x00007ffb708f0000 - 0x00007ffb70a3c000 	C:\WINDOWS\System32\ucrtbase.dll
0x00007ffb5fd70000 - 0x00007ffb5fd88000 	c:\Users\rinka\.vscode\extensions\redhat.java-1.55.0-win32-x64\jre\21.0.11-win32-x86_64\bin\jli.dll
0x00007ffb5fd50000 - 0x00007ffb5fd6e000 	c:\Users\rinka\.vscode\extensions\redhat.java-1.55.0-win32-x64\jre\21.0.11-win32-x86_64\bin\VCRUNTIME140.dll
0x00007ffb71b60000 - 0x00007ffb71d27000 	C:\WINDOWS\System32\USER32.dll
0x00007ffb713a0000 - 0x00007ffb713c7000 	C:\WINDOWS\System32\win32u.dll
0x00007ffb555a0000 - 0x00007ffb55832000 	C:\WINDOWS\WinSxS\amd64_microsoft.windows.common-controls_6595b64144ccf1df_6.0.26100.8521_none_3e08b75ce33403b3\COMCTL32.dll
0x00007ffb72160000 - 0x00007ffb7218b000 	C:\WINDOWS\System32\GDI32.dll
0x00007ffb72200000 - 0x00007ffb722a9000 	C:\WINDOWS\System32\msvcrt.dll
0x00007ffb70dc0000 - 0x00007ffb70eeb000 	C:\WINDOWS\System32\gdi32full.dll
0x00007ffb70a40000 - 0x00007ffb70ae3000 	C:\WINDOWS\System32\msvcp_win.dll
0x00007ffb72120000 - 0x00007ffb72152000 	C:\WINDOWS\System32\IMM32.DLL
0x00007ffb6d4f0000 - 0x00007ffb6d4fc000 	c:\Users\rinka\.vscode\extensions\redhat.java-1.55.0-win32-x64\jre\21.0.11-win32-x86_64\bin\vcruntime140_1.dll
0x00007ffb57bc0000 - 0x00007ffb57c4d000 	c:\Users\rinka\.vscode\extensions\redhat.java-1.55.0-win32-x64\jre\21.0.11-win32-x86_64\bin\msvcp140.dll
0x00007ffb0a090000 - 0x00007ffb0ae32000 	c:\Users\rinka\.vscode\extensions\redhat.java-1.55.0-win32-x64\jre\21.0.11-win32-x86_64\bin\server\jvm.dll
0x00007ffb71fe0000 - 0x00007ffb72096000 	C:\WINDOWS\System32\ADVAPI32.dll
0x00007ffb733c0000 - 0x00007ffb7346a000 	C:\WINDOWS\System32\sechost.dll
0x00007ffb73480000 - 0x00007ffb73598000 	C:\WINDOWS\System32\RPCRT4.dll
0x00007ffb72470000 - 0x00007ffb724f0000 	C:\WINDOWS\System32\WS2_32.dll
0x00007ffb70770000 - 0x00007ffb707ce000 	C:\WINDOWS\SYSTEM32\POWRPROF.dll
0x00007ffb67bd0000 - 0x00007ffb67bdb000 	C:\WINDOWS\SYSTEM32\VERSION.dll
0x00007ffb5d6f0000 - 0x00007ffb5d726000 	C:\WINDOWS\SYSTEM32\WINMM.dll
0x00007ffb70730000 - 0x00007ffb70744000 	C:\WINDOWS\SYSTEM32\UMPDC.dll
0x00007ffb6f680000 - 0x00007ffb6f69b000 	C:\WINDOWS\SYSTEM32\kernel.appcore.dll
0x00007ffb6d3c0000 - 0x00007ffb6d3ca000 	c:\Users\rinka\.vscode\extensions\redhat.java-1.55.0-win32-x64\jre\21.0.11-win32-x86_64\bin\jimage.dll
0x00007ffb6df90000 - 0x00007ffb6e1d2000 	C:\WINDOWS\SYSTEM32\DBGHELP.DLL
0x00007ffb72ad0000 - 0x00007ffb72e53000 	C:\WINDOWS\System32\combase.dll
0x00007ffb72550000 - 0x00007ffb72629000 	C:\WINDOWS\System32\OLEAUT32.dll
0x00007ffb57210000 - 0x00007ffb5724b000 	C:\WINDOWS\SYSTEM32\dbgcore.DLL
0x00007ffb712f0000 - 0x00007ffb71398000 	C:\WINDOWS\System32\bcryptPrimitives.dll
0x00007ffb6d390000 - 0x00007ffb6d39f000 	c:\Users\rinka\.vscode\extensions\redhat.java-1.55.0-win32-x64\jre\21.0.11-win32-x86_64\bin\instrument.dll
0x00007ffb5c6c0000 - 0x00007ffb5c6e0000 	c:\Users\rinka\.vscode\extensions\redhat.java-1.55.0-win32-x64\jre\21.0.11-win32-x86_64\bin\java.dll
0x00007ffb713d0000 - 0x00007ffb71b54000 	C:\WINDOWS\System32\SHELL32.dll
0x00007ffb6e4f0000 - 0x00007ffb6ed70000 	C:\WINDOWS\SYSTEM32\windows.storage.dll
0x00007ffb71d50000 - 0x00007ffb71e46000 	C:\WINDOWS\System32\SHCORE.dll
0x00007ffb72190000 - 0x00007ffb721f7000 	C:\WINDOWS\System32\shlwapi.dll
0x00007ffb70810000 - 0x00007ffb70839000 	C:\WINDOWS\SYSTEM32\profapi.dll
0x00007ffb5c6a0000 - 0x00007ffb5c6b8000 	c:\Users\rinka\.vscode\extensions\redhat.java-1.55.0-win32-x64\jre\21.0.11-win32-x86_64\bin\zip.dll
0x00007ffb6aa70000 - 0x00007ffb6aa80000 	C:\Users\rinka\.vscode\extensions\redhat.java-1.55.0-win32-x64\jre\21.0.11-win32-x86_64\bin\net.dll
0x00007ffb640a0000 - 0x00007ffb641c9000 	C:\WINDOWS\SYSTEM32\WINHTTP.dll
0x00007ffb6fbf0000 - 0x00007ffb6fc5c000 	C:\WINDOWS\system32\mswsock.dll
0x00007ffb5c560000 - 0x00007ffb5c576000 	C:\Users\rinka\.vscode\extensions\redhat.java-1.55.0-win32-x64\jre\21.0.11-win32-x86_64\bin\nio.dll
0x00007ffb61750000 - 0x00007ffb61760000 	c:\Users\rinka\.vscode\extensions\redhat.java-1.55.0-win32-x64\jre\21.0.11-win32-x86_64\bin\verify.dll
0x00007ffb57fe0000 - 0x00007ffb58025000 	C:\Users\rinka\AppData\Roaming\Code\User\globalStorage\redhat.java\1.55.0\config_win\org.eclipse.equinox.launcher\org.eclipse.equinox.launcher.win32.win32.x86_64_1.3.100.v20260613-0559\eclipse_11924.dll
0x00007ffb72810000 - 0x00007ffb729a8000 	C:\WINDOWS\System32\ole32.dll
0x00007ffb6fed0000 - 0x00007ffb6feeb000 	C:\WINDOWS\SYSTEM32\CRYPTSP.dll
0x00007ffb6f5e0000 - 0x00007ffb6f619000 	C:\WINDOWS\system32\rsaenh.dll
0x00007ffb6fca0000 - 0x00007ffb6fcd3000 	C:\WINDOWS\SYSTEM32\USERENV.dll
0x00007ffb707e0000 - 0x00007ffb7080a000 	C:\WINDOWS\SYSTEM32\bcrypt.dll
0x00007ffb6fef0000 - 0x00007ffb6fefc000 	C:\WINDOWS\SYSTEM32\CRYPTBASE.dll
0x00007ffb6f080000 - 0x00007ffb6f0b3000 	C:\WINDOWS\SYSTEM32\IPHLPAPI.DLL
0x00007ffb73470000 - 0x00007ffb7347a000 	C:\WINDOWS\System32\NSI.dll
0x00007ffb57ec0000 - 0x00007ffb57f09000 	C:\Users\rinka\AppData\Local\Temp\jna-108518573\jna15061285885909444163.dll
0x00007ffb73610000 - 0x00007ffb73618000 	C:\WINDOWS\System32\PSAPI.DLL
0x00007ffb67cc0000 - 0x00007ffb67cdd000 	C:\WINDOWS\SYSTEM32\dhcpcsvc6.DLL
0x00007ffb64280000 - 0x00007ffb642a5000 	C:\WINDOWS\SYSTEM32\dhcpcsvc.DLL

JVMTI agents:
c:\Users\rinka\.vscode\extensions\redhat.java-1.55.0-win32-x64\lombok\lombok-1.18.39-4050.jar path:c:\Users\rinka\.vscode\extensions\redhat.java-1.55.0-win32-x64\jre\21.0.11-win32-x86_64\bin\instrument.dll, loaded, initialized, instrumentlib options:none

dbghelp: loaded successfully - version: 4.0.5 - missing functions: none
symbol engine: initialized successfully - sym options: 0x614 - pdb path: .;c:\Users\rinka\.vscode\extensions\redhat.java-1.55.0-win32-x64\jre\21.0.11-win32-x86_64\bin;C:\WINDOWS\SYSTEM32;C:\WINDOWS\WinSxS\amd64_microsoft.windows.common-controls_6595b64144ccf1df_6.0.26100.8521_none_3e08b75ce33403b3;c:\Users\rinka\.vscode\extensions\redhat.java-1.55.0-win32-x64\jre\21.0.11-win32-x86_64\bin\server;C:\Users\rinka\AppData\Roaming\Code\User\globalStorage\redhat.java\1.55.0\config_win\org.eclipse.equinox.launcher\org.eclipse.equinox.launcher.win32.win32.x86_64_1.3.100.v20260613-0559;C:\Users\rinka\AppData\Local\Temp\jna-108518573

VM Arguments:
jvm_args: --add-modules=ALL-SYSTEM --add-opens=java.base/java.util=ALL-UNNAMED --add-opens=java.base/java.lang=ALL-UNNAMED --add-opens=java.base/sun.nio.fs=ALL-UNNAMED -Declipse.application=org.eclipse.jdt.ls.core.id1 -Dosgi.bundles.defaultStartLevel=4 -Declipse.product=org.eclipse.jdt.ls.core.product -Djava.import.generatesMetadataFilesAtProjectRoot=false -DDetectVMInstallationsJob.disabled=true -Dfile.encoding=utf8 -XX:+UseParallelGC -XX:GCTimeRatio=4 -XX:AdaptiveSizePolicyWeight=90 -Dsun.zip.disableMemoryMapping=true -Xmx2G -Xms100m -Xlog:disable -javaagent:c:\Users\rinka\.vscode\extensions\redhat.java-1.55.0-win32-x64\lombok\lombok-1.18.39-4050.jar -XX:+HeapDumpOnOutOfMemoryError -XX:HeapDumpPath=c:\Users\rinka\AppData\Roaming\Code\User\workspaceStorage\49d6aa05faa5dee90abf6ba5c36567b8\redhat.java -Daether.dependencyCollector.impl=bf 
java_command: c:\Users\rinka\.vscode\extensions\redhat.java-1.55.0-win32-x64\server\plugins\org.eclipse.equinox.launcher_1.7.200.v20260619-2039.jar -configuration c:\Users\rinka\AppData\Roaming\Code\User\globalStorage\redhat.java\1.55.0\config_win -data c:\Users\rinka\AppData\Roaming\Code\User\workspaceStorage\49d6aa05faa5dee90abf6ba5c36567b8\redhat.java\jdt_ws --pipe=\\.\pipe\lsp-b3c28ac41a5ba08d33d9e07f31231f55-sock
java_class_path (initial): c:\Users\rinka\.vscode\extensions\redhat.java-1.55.0-win32-x64\server\plugins\org.eclipse.equinox.launcher_1.7.200.v20260619-2039.jar
Launcher Type: SUN_STANDARD

[Global flags]
    uintx AdaptiveSizePolicyWeight                 = 90                                        {product} {command line}
     intx CICompilerCount                          = 4                                         {product} {ergonomic}
    uintx GCTimeRatio                              = 4                                         {product} {command line}
     bool HeapDumpOnOutOfMemoryError               = true                                   {manageable} {command line}
    ccstr HeapDumpPath                             = c:\Users\rinka\AppData\Roaming\Code\User\workspaceStorage\49d6aa05faa5dee90abf6ba5c36567b8\redhat.java         {manageable} {command line}
   size_t InitialHeapSize                          = 104857600                                 {product} {command line}
   size_t MaxHeapSize                              = 2147483648                                {product} {command line}
   size_t MaxNewSize                               = 715653120                                 {product} {ergonomic}
   size_t MinHeapDeltaBytes                        = 524288                                    {product} {ergonomic}
   size_t MinHeapSize                              = 104857600                                 {product} {command line}
   size_t NewSize                                  = 34603008                                  {product} {ergonomic}
    uintx NonNMethodCodeHeapSize                   = 5839372                                {pd product} {ergonomic}
    uintx NonProfiledCodeHeapSize                  = 122909434                              {pd product} {ergonomic}
   size_t OldSize                                  = 70254592                                  {product} {ergonomic}
    uintx ProfiledCodeHeapSize                     = 122909434                              {pd product} {ergonomic}
    uintx ReservedCodeCacheSize                    = 251658240                              {pd product} {ergonomic}
     bool SegmentedCodeCache                       = true                                      {product} {ergonomic}
   size_t SoftMaxHeapSize                          = 2147483648                             {manageable} {ergonomic}
     bool UseCompressedOops                        = true                           {product lp64_product} {ergonomic}
     bool UseLargePagesIndividualAllocation        = false                                  {pd product} {ergonomic}
     bool UseParallelGC                            = true                                      {product} {command line}

Logging:
Log output configuration:
 #0: stdout all=off uptime,level,tags foldmultilines=false
 #1: stderr all=off uptime,level,tags foldmultilines=false

Release file:
JAVA_VERSION="21.0.11" 
MODULES="java.base java.compiler java.datatransfer java.xml java.prefs java.desktop java.instrument java.logging java.management java.security.sasl java.naming java.rmi java.management.rmi java.net.http java.scripting java.security.jgss java.transaction.xa java.sql java.sql.rowset java.xml.crypto java.se java.smartcardio jdk.accessibility jdk.internal.jvmstat jdk.attach jdk.charsets jdk.internal.opt jdk.zipfs jdk.compiler jdk.crypto.ec jdk.crypto.cryptoki jdk.crypto.mscapi jdk.dynalink jdk.internal.ed jdk.editpad jdk.hotspot.agent jdk.httpserver jdk.internal.le jdk.internal.vm.ci jdk.internal.vm.compiler jdk.internal.vm.compiler.management jdk.jartool jdk.javadoc jdk.jcmd jdk.management jdk.management.agent jdk.jconsole jdk.jdeps jdk.jdwp.agent jdk.jdi jdk.jfr jdk.jshell jdk.jsobject jdk.jstatd jdk.localedata jdk.management.jfr jdk.naming.dns jdk.naming.rmi jdk.net jdk.nio.mapmode jdk.random jdk.sctp jdk.security.auth jdk.security.jgss jdk.unsupported jdk.unsupported.desktop jdk.xml.dom" 

Environment Variables:
PATH=C:\Python313\Scripts\;C:\Python313\;C:\Program Files\Common Files\Oracle\Java\javapath;C:\Program Files (x86)\Common Files\Oracle\Java\java8path;C:\Program Files (x86)\Common Files\Oracle\Java\javapath;C:\WINDOWS\system32;C:\WINDOWS;C:\WINDOWS\System32\Wbem;C:\WINDOWS\System32\WindowsPowerShell\v1.0\;C:\WINDOWS\System32\OpenSSH\;C:\Program Files\dotnet\;C:\Program Files (x86)\Windows Kits\10\Windows Performance Toolkit\;C:\Program Files\Git\cmd;C:\ProgramData\chocolatey\bin;C:\Users\rinka\AppData\Local\nvm;C:\nvm4w\nodejs;C:\Users\rinka\AppData\Local\Microsoft\WindowsApps;C:\Program Files\JetBrains\PyCharm Community Edition 2021.2.2\bin;;C:\Users\rinka\.dotnet\tools;C:\Users\rinka\AppData\Local\Programs\Microsoft VS Code\bin;C:\Users\rinka\AppData\Roaming\npm;C:\Users\rinka\AppData\Local\GitHubDesktop\bin;C:\Users\rinka\AppData\Local\nvm;C:\nvm4w\nodejs;C:\Users\rinka\AppData\Local\Google\Cloud SDK\google-cloud-sdk\bin
USERNAME=rinka
OS=Windows_NT
PROCESSOR_IDENTIFIER=Intel64 Family 6 Model 126 Stepping 5, GenuineIntel
TMP=C:\Users\rinka\AppData\Local\Temp
TEMP=C:\Users\rinka\AppData\Local\Temp




Periodic native trim disabled

---------------  S Y S T E M  ---------------

OS:
 Windows 11 , 64 bit Build 26100 (10.0.26100.8521)
OS uptime: 14 days 2:18 hours

CPU: total 8 (initial active 8) (4 cores per cpu, 2 threads per core) family 6 model 126 stepping 5 microcode 0xc2, cx8, cmov, fxsr, ht, mmx, 3dnowpref, sse, sse2, sse3, ssse3, sse4.1, sse4.2, popcnt, lzcnt, tsc, tscinvbit, avx, avx2, aes, erms, clmul, bmi1, bmi2, adx, avx512f, avx512dq, avx512cd, avx512bw, avx512vl, sha, fma, vzeroupper, avx512_vpopcntdq, avx512_vpclmulqdq, avx512_vaes, avx512_vnni, clflush, clflushopt, avx512_vbmi2, avx512_vbmi, rdtscp, rdpid, fsrm, gfni, avx512_bitalg, f16c, pku, avx512_ifma
Processor Information for the first 8 processors :
  Max Mhz: 1190, Current Mhz: 991, Mhz Limit: 987

Memory: 4k page, system-wide physical 12055M (2555M free)
TotalPageFile size 48919M (AvailPageFile size 8M)
current process WorkingSet (physical memory assigned to process): 215M, peak: 220M
current process commit charge ("private bytes"): 333M, peak: 341M

vm_info: OpenJDK 64-Bit Server VM (21.0.11+10-LTS) for windows-amd64 JRE (21.0.11+10-LTS), built on 2026-04-21T00:00:00Z by "admin" with MS VC++ 17.12 (VS2022)

END.
