#
# There is insufficient memory for the Java Runtime Environment to continue.
# Native memory allocation (malloc) failed to allocate 523968 bytes. Error detail: Chunk::new
# Possible reasons:
#   The system is out of physical RAM or swap space
#   This process is running with CompressedOops enabled, and the Java Heap may be blocking the growth of the native heap
# Possible solutions:
#   Reduce memory load on the system
#   Increase physical memory or swap space
#   Check if swap backing store is full
#   Decrease Java heap size (-Xmx/-Xms)
#   Decrease number of Java threads
#   Decrease Java thread stack sizes (-Xss)
#   Set larger code cache with -XX:ReservedCodeCacheSize=
#   JVM is running with Unscaled Compressed Oops mode in which the Java heap is
#     placed in the first 4GB address space. The Java Heap base address is the
#     maximum limit for the native heap growth. Please use -XX:HeapBaseMinAddress
#     to set the Java Heap base and to place the Java Heap above 4GB virtual address.
# This output file may be truncated or incomplete.
#
#  Out of Memory Error (arena.cpp:168), pid=30492, tid=31964
#
# JRE version: OpenJDK Runtime Environment Temurin-21.0.11+10 (21.0.11+10) (build 21.0.11+10-LTS)
# Java VM: OpenJDK 64-Bit Server VM Temurin-21.0.11+10 (21.0.11+10-LTS, mixed mode, sharing, tiered, compressed oops, compressed class ptrs, parallel gc, windows-amd64)
# No core dump will be written. Minidumps are not enabled by default on client versions of Windows
#

---------------  S U M M A R Y ------------

Command Line: --add-modules=ALL-SYSTEM --add-opens=java.base/java.util=ALL-UNNAMED --add-opens=java.base/java.lang=ALL-UNNAMED --add-opens=java.base/sun.nio.fs=ALL-UNNAMED -Declipse.application=org.eclipse.jdt.ls.core.id1 -Dosgi.bundles.defaultStartLevel=4 -Declipse.product=org.eclipse.jdt.ls.core.product -Djava.import.generatesMetadataFilesAtProjectRoot=false -DDetectVMInstallationsJob.disabled=true -Dfile.encoding=utf8 -XX:+UseParallelGC -XX:GCTimeRatio=4 -XX:AdaptiveSizePolicyWeight=90 -Dsun.zip.disableMemoryMapping=true -Xmx2G -Xms100m -Xlog:disable -javaagent:c:\Users\rinka\.vscode\extensions\redhat.java-1.55.0-win32-x64\lombok\lombok-1.18.39-4050.jar -XX:+HeapDumpOnOutOfMemoryError -XX:HeapDumpPath=c:\Users\rinka\AppData\Roaming\Code\User\workspaceStorage\49d6aa05faa5dee90abf6ba5c36567b8\redhat.java -Daether.dependencyCollector.impl=bf c:\Users\rinka\.vscode\extensions\redhat.java-1.55.0-win32-x64\server\plugins\org.eclipse.equinox.launcher_1.7.200.v20260619-2039.jar -configuration c:\Users\rinka\AppData\Roaming\Code\User\globalStorage\redhat.java\1.55.0\config_win -data c:\Users\rinka\AppData\Roaming\Code\User\workspaceStorage\49d6aa05faa5dee90abf6ba5c36567b8\redhat.java\jdt_ws --pipe=\\.\pipe\lsp-9c47e6da24d15656bd099b7925b7ac92-sock

Host: Intel(R) Core(TM) i5-1035G1 CPU @ 1.00GHz, 8 cores, 11G,  Windows 11 , 64 bit Build 26100 (10.0.26100.8521)
Time: Sun Jul  5 16:25:28 2026 Pacific Daylight Time elapsed time: 19.367807 seconds (0d 0h 0m 19s)

---------------  T H R E A D  ---------------

Current thread (0x000001ccee16d080):  JavaThread "C2 CompilerThread2" daemon [_thread_in_native, id=31964, stack(0x0000001cf8200000,0x0000001cf8300000) (1024K)]


Current CompileTask:
C2:19367 10414   !   4       java.nio.file.FileTreeWalker::visit (204 bytes)

Stack: [0x0000001cf8200000,0x0000001cf8300000]
Native frames: (J=compiled Java code, j=interpreted, Vv=VM code, C=native code)
V  [jvm.dll+0x6d7e19]
V  [jvm.dll+0x8b5096]
V  [jvm.dll+0x8b764e]
V  [jvm.dll+0x8b7d33]
V  [jvm.dll+0x284596]
V  [jvm.dll+0xc685d]
V  [jvm.dll+0xc6da1]
V  [jvm.dll+0x3bed6b]
V  [jvm.dll+0x1e3f42]
V  [jvm.dll+0x24c853]
V  [jvm.dll+0x24bce0]
V  [jvm.dll+0x1cb4ae]
V  [jvm.dll+0x25baad]
V  [jvm.dll+0x25a03a]
V  [jvm.dll+0x3f868e]
V  [jvm.dll+0x85fb0d]
V  [jvm.dll+0x6d664d]
C  [ucrtbase.dll+0x2cd30]
C  [KERNEL32.DLL+0x2e957]
C  [ntdll.dll+0x87c1c]


---------------  P R O C E S S  ---------------

Threads class SMR info:
_java_thread_list=0x000001ccee7121e0, length=66, elements={
0x000001ccd06cd950, 0x000001ccd063f340, 0x000001ccd0641820, 0x000001ccd0644c70,
0x000001ccd0646a10, 0x000001ccd064cdf0, 0x000001ccd0659770, 0x000001ccd0664310,
0x000001ccd0668280, 0x000001cce8b10840, 0x000001cce8b0fb20, 0x000001cce8b0e0e0,
0x000001cce8b101b0, 0x000001cce8b10ed0, 0x000001cce8b0e770, 0x000001cce8b11560,
0x000001cce8b0f490, 0x000001ccedfb8080, 0x000001cce8b0ee00, 0x000001ccee194900,
0x000001ccee193be0, 0x000001ccee192ec0, 0x000001ccee193550, 0x000001ccee16d080,
0x000001ccee191480, 0x000001ccee191b10, 0x000001ccee192830, 0x000001ccee194f90,
0x000001ccee195620, 0x000001ccee1921a0, 0x000001ccee196340, 0x000001ccee197d80,
0x000001ccee197060, 0x000001ccee195cb0, 0x000001ccee198aa0, 0x000001ccee1976f0,
0x000001ccee198410, 0x000001ccee1969d0, 0x000001ccf8924760, 0x000001ccf8923a40,
0x000001ccf8926830, 0x000001ccf89261a0, 0x000001ccf8925b10, 0x000001ccf8924df0,
0x000001ccf8926ec0, 0x000001ccf8925480, 0x000001ccf8927550, 0x000001ccf89240d0,
0x000001ccf8929620, 0x000001ccf8928270, 0x000001ccf8929cb0, 0x000001ccf8928900,
0x000001ccf8928f90, 0x000001ccf892a340, 0x000001ccf892a9d0, 0x000001ccf009d990,
0x000001ccf009e6b0, 0x000001ccf009d300, 0x000001ccf00a00f0, 0x000001ccf009cc70,
0x000001ccf00a1b30, 0x000001ccf00a0780, 0x000001ccf00a0e10, 0x000001ccf00a14a0,
0x000001ccf00a2850, 0x000001ccf009f3d0
}

Java Threads: ( => current thread )
  0x000001ccd06cd950 JavaThread "main"                              [_thread_blocked, id=31760, stack(0x0000001cf6100000,0x0000001cf6200000) (1024K)]
  0x000001ccd063f340 JavaThread "Reference Handler"          daemon [_thread_blocked, id=3492, stack(0x0000001cf6500000,0x0000001cf6600000) (1024K)]
  0x000001ccd0641820 JavaThread "Finalizer"                  daemon [_thread_blocked, id=28300, stack(0x0000001cf6600000,0x0000001cf6700000) (1024K)]
  0x000001ccd0644c70 JavaThread "Signal Dispatcher"          daemon [_thread_blocked, id=23980, stack(0x0000001cf6700000,0x0000001cf6800000) (1024K)]
  0x000001ccd0646a10 JavaThread "Attach Listener"            daemon [_thread_blocked, id=20560, stack(0x0000001cf6800000,0x0000001cf6900000) (1024K)]
  0x000001ccd064cdf0 JavaThread "Service Thread"             daemon [_thread_blocked, id=17352, stack(0x0000001cf6900000,0x0000001cf6a00000) (1024K)]
  0x000001ccd0659770 JavaThread "Monitor Deflation Thread"   daemon [_thread_blocked, id=26368, stack(0x0000001cf6a00000,0x0000001cf6b00000) (1024K)]
  0x000001ccd0664310 JavaThread "C2 CompilerThread0"         daemon [_thread_in_native, id=21260, stack(0x0000001cf6b00000,0x0000001cf6c00000) (1024K)]
  0x000001ccd0668280 JavaThread "C1 CompilerThread0"         daemon [_thread_blocked, id=28736, stack(0x0000001cf6c00000,0x0000001cf6d00000) (1024K)]
  0x000001cce8b10840 JavaThread "Common-Cleaner"             daemon [_thread_blocked, id=11336, stack(0x0000001cf6e00000,0x0000001cf6f00000) (1024K)]
  0x000001cce8b0fb20 JavaThread "Notification Thread"        daemon [_thread_blocked, id=28000, stack(0x0000001cf6f00000,0x0000001cf7000000) (1024K)]
  0x000001cce8b0e0e0 JavaThread "Active Thread: Equinox Container: c8ec9bd8-a19e-4d21-b8bf-445a8ab05b43"        [_thread_blocked, id=25704, stack(0x0000001cf7700000,0x0000001cf7800000) (1024K)]
  0x000001cce8b101b0 JavaThread "Refresh Thread: Equinox Container: c8ec9bd8-a19e-4d21-b8bf-445a8ab05b43" daemon [_thread_blocked, id=17916, stack(0x0000001cf7900000,0x0000001cf7a00000) (1024K)]
  0x000001cce8b10ed0 JavaThread "Framework Event Dispatcher: Equinox Container: c8ec9bd8-a19e-4d21-b8bf-445a8ab05b43" daemon [_thread_blocked, id=2428, stack(0x0000001cf7a00000,0x0000001cf7b00000) (1024K)]
  0x000001cce8b0e770 JavaThread "Start Level: Equinox Container: c8ec9bd8-a19e-4d21-b8bf-445a8ab05b43" daemon [_thread_blocked, id=28588, stack(0x0000001cf7b00000,0x0000001cf7c00000) (1024K)]
  0x000001cce8b11560 JavaThread "Bundle File Closer"         daemon [_thread_blocked, id=4044, stack(0x0000001cf7c00000,0x0000001cf7d00000) (1024K)]
  0x000001cce8b0f490 JavaThread "SCR Component Actor"        daemon [_thread_blocked, id=1624, stack(0x0000001cf6d00000,0x0000001cf6e00000) (1024K)]
  0x000001ccedfb8080 JavaThread "C2 CompilerThread1"         daemon [_thread_in_native, id=16376, stack(0x0000001cf7000000,0x0000001cf7100000) (1024K)]
  0x000001cce8b0ee00 JavaThread "Worker-JM"                         [_thread_blocked, id=5756, stack(0x0000001cf7e00000,0x0000001cf7f00000) (1024K)]
  0x000001ccee194900 JavaThread "JNA Cleaner"                daemon [_thread_blocked, id=14332, stack(0x0000001cf7f00000,0x0000001cf8000000) (1024K)]
  0x000001ccee193be0 JavaThread "Worker-0: Initialize Workspace"        [_thread_in_native, id=14952, stack(0x0000001cf7d00000,0x0000001cf7e00000) (1024K)]
  0x000001ccee192ec0 JavaThread "Worker-1"                          [_thread_blocked, id=13528, stack(0x0000001cf8000000,0x0000001cf8100000) (1024K)]
  0x000001ccee193550 JavaThread "Worker-2"                          [_thread_blocked, id=2772, stack(0x0000001cf8100000,0x0000001cf8200000) (1024K)]
=>0x000001ccee16d080 JavaThread "C2 CompilerThread2"         daemon [_thread_in_native, id=31964, stack(0x0000001cf8200000,0x0000001cf8300000) (1024K)]
  0x000001ccee191480 JavaThread "Java indexing"              daemon [_thread_blocked, id=24028, stack(0x0000001cf8300000,0x0000001cf8400000) (1024K)]
  0x000001ccee191b10 JavaThread "Worker-3"                          [_thread_blocked, id=20696, stack(0x0000001cf8400000,0x0000001cf8500000) (1024K)]
  0x000001ccee192830 JavaThread "Worker-4"                          [_thread_blocked, id=31328, stack(0x0000001cf8500000,0x0000001cf8600000) (1024K)]
  0x000001ccee194f90 JavaThread "Worker-5"                          [_thread_blocked, id=9772, stack(0x0000001cf8800000,0x0000001cf8900000) (1024K)]
  0x000001ccee195620 JavaThread "Worker-6"                          [_thread_blocked, id=26780, stack(0x0000001cf8900000,0x0000001cf8a00000) (1024K)]
  0x000001ccee1921a0 JavaThread "Thread-1"                   daemon [_thread_in_native, id=22580, stack(0x0000001cf8a00000,0x0000001cf8b00000) (1024K)]
  0x000001ccee196340 JavaThread "Thread-2"                   daemon [_thread_in_native, id=13536, stack(0x0000001cf8b00000,0x0000001cf8c00000) (1024K)]
  0x000001ccee197d80 JavaThread "Thread-3"                   daemon [_thread_in_native, id=32152, stack(0x0000001cf8c00000,0x0000001cf8d00000) (1024K)]
  0x000001ccee197060 JavaThread "Thread-4"                   daemon [_thread_in_native, id=31564, stack(0x0000001cf8d00000,0x0000001cf8e00000) (1024K)]
  0x000001ccee195cb0 JavaThread "Thread-5"                   daemon [_thread_in_native, id=28348, stack(0x0000001cf8e00000,0x0000001cf8f00000) (1024K)]
  0x000001ccee198aa0 JavaThread "Thread-6"                   daemon [_thread_in_native, id=16980, stack(0x0000001cf8f00000,0x0000001cf9000000) (1024K)]
  0x000001ccee1976f0 JavaThread "Thread-7"                   daemon [_thread_in_native, id=15028, stack(0x0000001cf9000000,0x0000001cf9100000) (1024K)]
  0x000001ccee198410 JavaThread "Thread-8"                   daemon [_thread_in_native, id=25416, stack(0x0000001cf9100000,0x0000001cf9200000) (1024K)]
  0x000001ccee1969d0 JavaThread "Thread-9"                   daemon [_thread_in_native, id=11116, stack(0x0000001cf9200000,0x0000001cf9300000) (1024K)]
  0x000001ccf8924760 JavaThread "pool-2-thread-1"                   [_thread_blocked, id=17276, stack(0x0000001cf9300000,0x0000001cf9400000) (1024K)]
  0x000001ccf8923a40 JavaThread "WorkspaceEventsHandler"            [_thread_blocked, id=17832, stack(0x0000001cf9400000,0x0000001cf9500000) (1024K)]
  0x000001ccf8926830 JavaThread "pool-1-thread-1"                   [_thread_blocked, id=23596, stack(0x0000001cf9500000,0x0000001cf9600000) (1024K)]
  0x000001ccf89261a0 JavaThread "LocalFile Deleter"          daemon [_thread_blocked, id=7680, stack(0x0000001cf9600000,0x0000001cf9700000) (1024K)]
  0x000001ccf8925b10 JavaThread "LocalFile Deleter"          daemon [_thread_blocked, id=1532, stack(0x0000001cf9700000,0x0000001cf9800000) (1024K)]
  0x000001ccf8924df0 JavaThread "LocalFile Deleter"          daemon [_thread_blocked, id=11144, stack(0x0000001cf9800000,0x0000001cf9900000) (1024K)]
  0x000001ccf8926ec0 JavaThread "LocalFile Deleter"          daemon [_thread_blocked, id=23960, stack(0x0000001cf9900000,0x0000001cf9a00000) (1024K)]
  0x000001ccf8925480 JavaThread "LocalFile Deleter"          daemon [_thread_blocked, id=26260, stack(0x0000001cf9a00000,0x0000001cf9b00000) (1024K)]
  0x000001ccf8927550 JavaThread "LocalFile Deleter"          daemon [_thread_blocked, id=16952, stack(0x0000001cf9b00000,0x0000001cf9c00000) (1024K)]
  0x000001ccf89240d0 JavaThread "LocalFile Deleter"          daemon [_thread_blocked, id=2956, stack(0x0000001cf9c00000,0x0000001cf9d00000) (1024K)]
  0x000001ccf8929620 JavaThread "LocalFile Deleter"          daemon [_thread_blocked, id=14740, stack(0x0000001cf9d00000,0x0000001cf9e00000) (1024K)]
  0x000001ccf8928270 JavaThread "Compiler Source File Reader" daemon [_thread_blocked, id=32628, stack(0x0000001cf9e00000,0x0000001cf9f00000) (1024K)]
  0x000001ccf8929cb0 JavaThread "Compiler Source File Reader" daemon [_thread_blocked, id=22428, stack(0x0000001cf9f00000,0x0000001cfa000000) (1024K)]
  0x000001ccf8928900 JavaThread "Compiler Source File Reader" daemon [_thread_blocked, id=20100, stack(0x0000001cfa000000,0x0000001cfa100000) (1024K)]
  0x000001ccf8928f90 JavaThread "Compiler Source File Reader" daemon [_thread_blocked, id=22272, stack(0x0000001cfa100000,0x0000001cfa200000) (1024K)]
  0x000001ccf892a340 JavaThread "Compiler Source File Reader" daemon [_thread_blocked, id=14576, stack(0x0000001cfa200000,0x0000001cfa300000) (1024K)]
  0x000001ccf892a9d0 JavaThread "Compiler Source File Reader" daemon [_thread_blocked, id=11200, stack(0x0000001cfa300000,0x0000001cfa400000) (1024K)]
  0x000001ccf009d990 JavaThread "PatternSearchJob-worker-1"  daemon [_thread_blocked, id=22024, stack(0x0000001cfa400000,0x0000001cfa500000) (1024K)]
  0x000001ccf009e6b0 JavaThread "PatternSearchJob-worker-2"  daemon [_thread_blocked, id=15176, stack(0x0000001cfa500000,0x0000001cfa600000) (1024K)]
  0x000001ccf009d300 JavaThread "PatternSearchJob-worker-3"  daemon [_thread_blocked, id=23160, stack(0x0000001cfa600000,0x0000001cfa700000) (1024K)]
  0x000001ccf00a00f0 JavaThread "Compiler Processing Task"   daemon [_thread_blocked, id=10664, stack(0x0000001cfa700000,0x0000001cfa800000) (1024K)]
  0x000001ccf009cc70 JavaThread "Compiler Class File Writer" daemon [_thread_blocked, id=28416, stack(0x0000001cfa800000,0x0000001cfa900000) (1024K)]
  0x000001ccf00a1b30 JavaThread "Compiler Class File Writer" daemon [_thread_blocked, id=3020, stack(0x0000001cfa900000,0x0000001cfaa00000) (1024K)]
  0x000001ccf00a0780 JavaThread "Compiler Class File Writer" daemon [_thread_blocked, id=28388, stack(0x0000001cfaa00000,0x0000001cfab00000) (1024K)]
  0x000001ccf00a0e10 JavaThread "Compiler Class File Writer" daemon [_thread_blocked, id=6616, stack(0x0000001cfab00000,0x0000001cfac00000) (1024K)]
  0x000001ccf00a14a0 JavaThread "Compiler Class File Writer" daemon [_thread_blocked, id=24548, stack(0x0000001cfac00000,0x0000001cfad00000) (1024K)]
  0x000001ccf00a2850 JavaThread "Compiler Class File Writer" daemon [_thread_blocked, id=27656, stack(0x0000001cfad00000,0x0000001cfae00000) (1024K)]
  0x000001ccf009f3d0 JavaThread "ProjectImportProgressReporter" daemon [_thread_blocked, id=7728, stack(0x0000001cfae00000,0x0000001cfaf00000) (1024K)]
Total: 66

Other Threads:
  0x000001ccd078e950 VMThread "VM Thread"                           [id=29492, stack(0x0000001cf6400000,0x0000001cf6500000) (1024K)]
  0x000001ccd055c950 WatcherThread "VM Periodic Task Thread"        [id=27480, stack(0x0000001cf6300000,0x0000001cf6400000) (1024K)]
  0x000001ccd06ec2b0 WorkerThread "GC Thread#0"                     [id=19412, stack(0x0000001cf6200000,0x0000001cf6300000) (1024K)]
  0x000001cced2df480 WorkerThread "GC Thread#1"                     [id=1932, stack(0x0000001cf7100000,0x0000001cf7200000) (1024K)]
  0x000001cced829850 WorkerThread "GC Thread#2"                     [id=3420, stack(0x0000001cf7200000,0x0000001cf7300000) (1024K)]
  0x000001cced829c00 WorkerThread "GC Thread#3"                     [id=32488, stack(0x0000001cf7300000,0x0000001cf7400000) (1024K)]
  0x000001cced4e2a60 WorkerThread "GC Thread#4"                     [id=23300, stack(0x0000001cf7400000,0x0000001cf7500000) (1024K)]
  0x000001cced4e2e10 WorkerThread "GC Thread#5"                     [id=23808, stack(0x0000001cf7500000,0x0000001cf7600000) (1024K)]
  0x000001cced38d3f0 WorkerThread "GC Thread#6"                     [id=27500, stack(0x0000001cf7600000,0x0000001cf7700000) (1024K)]
  0x000001cced717080 WorkerThread "GC Thread#7"                     [id=6324, stack(0x0000001cf7800000,0x0000001cf7900000) (1024K)]
Total: 10

Threads with active compile tasks:
C2 CompilerThread0  19396 10451       4       java.util.regex.Pattern::atom (422 bytes)
C2 CompilerThread1  19396 10450       4       java.util.regex.Pattern::newSlice (181 bytes)
C2 CompilerThread2  19396 10414   !   4       java.nio.file.FileTreeWalker::visit (204 bytes)
Total: 3

VM state: not at safepoint (normal execution)

VM Mutex/Monitor currently owned by a thread: None

Heap address: 0x0000000080000000, size: 2048 MB, Compressed Oops mode: 32-bit

CDS archive(s) mapped at: [0x000001cc80000000-0x000001cc80ba0000-0x000001cc80ba0000), size 12189696, SharedBaseAddress: 0x000001cc80000000, ArchiveRelocationMode: 1.
Compressed class space mapped at: 0x000001cc81000000-0x000001ccc1000000, reserved size: 1073741824
Narrow klass base: 0x000001cc80000000, Narrow klass shift: 0, Narrow klass range: 0x100000000

GC Precious Log:
 CardTable entry size: 512
 CPUs: 8 total, 8 available
 Memory: 12055M
 Large Page Support: Disabled
 NUMA Support: Disabled
 Compressed Oops: Enabled (32-bit)
 Alignments: Space 512K, Generation 512K, Heap 2M
 Heap Min Capacity: 100M
 Heap Initial Capacity: 100M
 Heap Max Capacity: 2G
 Pre-touch: Disabled
 Parallel Workers: 8

Heap:
 PSYoungGen      total 24576K, used 13402K [0x00000000d5580000, 0x00000000d7300000, 0x0000000100000000)
  eden space 22016K, 50% used [0x00000000d5580000,0x00000000d605e9a0,0x00000000d6b00000)
  from space 2560K, 88% used [0x00000000d7080000,0x00000000d72b8000,0x00000000d7300000)
  to   space 3072K, 0% used [0x00000000d6d00000,0x00000000d6d00000,0x00000000d7000000)
 ParOldGen       total 68608K, used 55873K [0x0000000080000000, 0x0000000084300000, 0x00000000d5580000)
  object space 68608K, 81% used [0x0000000080000000,0x00000000836906a8,0x0000000084300000)
 Metaspace       used 58478K, committed 59712K, reserved 1114112K
  class space    used 6063K, committed 6592K, reserved 1048576K

Card table byte_map: [0x000001ccd0070000,0x000001ccd0480000] _byte_map_base: 0x000001cccfc70000

Marking Bits: (ParMarkBitMap*) 0x00007ffb0b314460
 Begin Bits: [0x000001cce2b80000, 0x000001cce4b80000)
 End Bits:   [0x000001cce4b80000, 0x000001cce6b80000)

Polling page: 0x000001ccce660000

Metaspace:

Usage:
  Non-class:     51.19 MB used.
      Class:      5.92 MB used.
       Both:     57.11 MB used.

Virtual space:
  Non-class space:       64.00 MB reserved,      51.88 MB ( 81%) committed,  1 nodes.
      Class space:        1.00 GB reserved,       6.44 MB ( <1%) committed,  1 nodes.
             Both:        1.06 GB reserved,      58.31 MB (  5%) committed. 

Chunk freelists:
   Non-Class:  11.75 MB
       Class:  9.38 MB
        Both:  21.13 MB

MaxMetaspaceSize: unlimited
CompressedClassSpaceSize: 1.00 GB
Initial GC threshold: 21.00 MB
Current GC threshold: 58.38 MB
CDS: on
 - commit_granule_bytes: 65536.
 - commit_granule_words: 8192.
 - virtual_space_node_default_size: 8388608.
 - enlarge_chunks_in_place: 1.
 - use_allocation_guard: 0.


Internal statistics:

num_allocs_failed_limit: 8.
num_arena_births: 1058.
num_arena_deaths: 26.
num_vsnodes_births: 2.
num_vsnodes_deaths: 0.
num_space_committed: 933.
num_space_uncommitted: 0.
num_chunks_returned_to_freelist: 37.
num_chunks_taken_from_freelist: 3849.
num_chunk_merges: 14.
num_chunk_splits: 2300.
num_chunks_enlarged: 1271.
num_inconsistent_stats: 0.

CodeHeap 'non-profiled nmethods': size=120000Kb used=5862Kb max_used=5862Kb free=114137Kb
 bounds [0x000001ccdb3a0000, 0x000001ccdb960000, 0x000001cce28d0000]
CodeHeap 'profiled nmethods': size=120000Kb used=23578Kb max_used=23578Kb free=96421Kb
 bounds [0x000001ccd38d0000, 0x000001ccd4fe0000, 0x000001ccdae00000]
CodeHeap 'non-nmethods': size=5760Kb used=1429Kb max_used=1526Kb free=4330Kb
 bounds [0x000001ccdae00000, 0x000001ccdb070000, 0x000001ccdb3a0000]
CodeCache: size=245760Kb, used=30869Kb, max_used=30966Kb, free=214888Kb
 total_blobs=10595, nmethods=9866, adapters=634, full_count=0
Compilation: enabled, stopped_count=0, restarted_count=0

Compilation events (20 events):
Event: 17.405 Thread 0x000001ccd0668280 10440   !   3       sun.nio.fs.WindowsDirectoryStream::close (59 bytes)
Event: 17.405 Thread 0x000001ccd0668280 nmethod 10440 0x000001ccd4fcfc10 code [0x000001ccd4fcfe20, 0x000001ccd4fd02c0]
Event: 17.413 Thread 0x000001ccd0668280 10441       3       java.util.ArrayDeque::iterator (9 bytes)
Event: 17.413 Thread 0x000001ccd0668280 nmethod 10441 0x000001ccd4fd0490 code [0x000001ccd4fd0660, 0x000001ccd4fd09d0]
Event: 17.413 Thread 0x000001ccd0668280 10442       3       java.util.ArrayDeque$DeqIterator::<init> (34 bytes)
Event: 17.413 Thread 0x000001ccd0668280 nmethod 10442 0x000001ccd4fd0b90 code [0x000001ccd4fd0d40, 0x000001ccd4fd0fe8]
Event: 17.424 Thread 0x000001ccd0668280 10444   !   3       java.nio.file.FileTreeWalker::wouldLoop (79 bytes)
Event: 17.424 Thread 0x000001ccd0668280 nmethod 10444 0x000001ccd4fd1190 code [0x000001ccd4fd1400, 0x000001ccd4fd1e20]
Event: 17.424 Thread 0x000001ccd0668280 10445       3       org.eclipse.jdt.ls.core.internal.managers.BasicFileDetector$1::preVisitDirectory (10 bytes)
Event: 17.424 Thread 0x000001ccd0668280 nmethod 10445 0x000001ccd4fd2210 code [0x000001ccd4fd23c0, 0x000001ccd4fd2620]
Event: 17.424 Thread 0x000001ccd0668280 10446       3       org.eclipse.jdt.ls.core.internal.managers.BasicFileDetector$1::preVisitDirectory (98 bytes)
Event: 17.425 Thread 0x000001ccd0668280 nmethod 10446 0x000001ccd4fd2710 code [0x000001ccd4fd2960, 0x000001ccd4fd3050]
Event: 17.435 Thread 0x000001ccd0668280 10447       3       java.util.regex.Pattern$SliceU::match (99 bytes)
Event: 17.436 Thread 0x000001ccd0668280 nmethod 10447 0x000001ccd4fd3290 code [0x000001ccd4fd34c0, 0x000001ccd4fd3c38]
Event: 17.469 Thread 0x000001ccd0668280 10452       3       org.eclipse.jdt.ls.core.internal.managers.BasicFileDetector::hasTargetFile (53 bytes)
Event: 17.469 Thread 0x000001ccd0668280 nmethod 10452 0x000001ccd4fd3f10 code [0x000001ccd4fd4120, 0x000001ccd4fd4838]
Event: 17.501 Thread 0x000001ccd0668280 10453       3       sun.nio.fs.WindowsFileAttributes::getBufferForFindData (7 bytes)
Event: 17.501 Thread 0x000001ccd0668280 nmethod 10453 0x000001ccd4fd4a10 code [0x000001ccd4fd4be0, 0x000001ccd4fd4f00]
Event: 17.501 Thread 0x000001ccd0668280 10454       3       sun.nio.fs.WindowsPath::needsSlashWhenResolving (37 bytes)
Event: 17.502 Thread 0x000001ccd0668280 nmethod 10454 0x000001ccd4fd5090 code [0x000001ccd4fd52c0, 0x000001ccd4fd5928]

GC Heap History (20 events):
Event: 9.105 GC heap before
{Heap before GC invocations=25 (full 2):
 PSYoungGen      total 24064K, used 23744K [0x00000000d5580000, 0x00000000d7180000, 0x0000000100000000)
  eden space 22016K, 100% used [0x00000000d5580000,0x00000000d6b00000,0x00000000d6b00000)
  from space 2048K, 84% used [0x00000000d6f80000,0x00000000d7130000,0x00000000d7180000)
  to   space 2560K, 0% used [0x00000000d6c80000,0x00000000d6c80000,0x00000000d6f00000)
 ParOldGen       total 68608K, used 34717K [0x0000000080000000, 0x0000000084300000, 0x00000000d5580000)
  object space 68608K, 50% used [0x0000000080000000,0x00000000821e7440,0x0000000084300000)
 Metaspace       used 45492K, committed 46784K, reserved 1114112K
  class space    used 4867K, committed 5376K, reserved 1048576K
}
Event: 9.108 GC heap after
{Heap after GC invocations=25 (full 2):
 PSYoungGen      total 23552K, used 1208K [0x00000000d5580000, 0x00000000d7000000, 0x0000000100000000)
  eden space 22016K, 0% used [0x00000000d5580000,0x00000000d5580000,0x00000000d6b00000)
  from space 1536K, 78% used [0x00000000d6c80000,0x00000000d6dae308,0x00000000d6e00000)
  to   space 1536K, 0% used [0x00000000d6e80000,0x00000000d6e80000,0x00000000d7000000)
 ParOldGen       total 68608K, used 36245K [0x0000000080000000, 0x0000000084300000, 0x00000000d5580000)
  object space 68608K, 52% used [0x0000000080000000,0x0000000082365478,0x0000000084300000)
 Metaspace       used 45492K, committed 46784K, reserved 1114112K
  class space    used 4867K, committed 5376K, reserved 1048576K
}
Event: 9.791 GC heap before
{Heap before GC invocations=26 (full 2):
 PSYoungGen      total 23552K, used 23224K [0x00000000d5580000, 0x00000000d7000000, 0x0000000100000000)
  eden space 22016K, 100% used [0x00000000d5580000,0x00000000d6b00000,0x00000000d6b00000)
  from space 1536K, 78% used [0x00000000d6c80000,0x00000000d6dae308,0x00000000d6e00000)
  to   space 1536K, 0% used [0x00000000d6e80000,0x00000000d6e80000,0x00000000d7000000)
 ParOldGen       total 68608K, used 36245K [0x0000000080000000, 0x0000000084300000, 0x00000000d5580000)
  object space 68608K, 52% used [0x0000000080000000,0x0000000082365478,0x0000000084300000)
 Metaspace       used 47573K, committed 48832K, reserved 1114112K
  class space    used 5156K, committed 5696K, reserved 1048576K
}
Event: 9.794 GC heap after
{Heap after GC invocations=26 (full 2):
 PSYoungGen      total 23552K, used 1120K [0x00000000d5580000, 0x00000000d7000000, 0x0000000100000000)
  eden space 22016K, 0% used [0x00000000d5580000,0x00000000d5580000,0x00000000d6b00000)
  from space 1536K, 72% used [0x00000000d6e80000,0x00000000d6f98000,0x00000000d7000000)
  to   space 1536K, 0% used [0x00000000d6c80000,0x00000000d6c80000,0x00000000d6e00000)
 ParOldGen       total 68608K, used 37319K [0x0000000080000000, 0x0000000084300000, 0x00000000d5580000)
  object space 68608K, 54% used [0x0000000080000000,0x0000000082471ec0,0x0000000084300000)
 Metaspace       used 47573K, committed 48832K, reserved 1114112K
  class space    used 5156K, committed 5696K, reserved 1048576K
}
Event: 10.290 GC heap before
{Heap before GC invocations=27 (full 2):
 PSYoungGen      total 23552K, used 23136K [0x00000000d5580000, 0x00000000d7000000, 0x0000000100000000)
  eden space 22016K, 100% used [0x00000000d5580000,0x00000000d6b00000,0x00000000d6b00000)
  from space 1536K, 72% used [0x00000000d6e80000,0x00000000d6f98000,0x00000000d7000000)
  to   space 1536K, 0% used [0x00000000d6c80000,0x00000000d6c80000,0x00000000d6e00000)
 ParOldGen       total 68608K, used 37319K [0x0000000080000000, 0x0000000084300000, 0x00000000d5580000)
  object space 68608K, 54% used [0x0000000080000000,0x0000000082471ec0,0x0000000084300000)
 Metaspace       used 49312K, committed 50624K, reserved 1114112K
  class space    used 5382K, committed 5888K, reserved 1048576K
}
Event: 10.294 GC heap after
{Heap after GC invocations=27 (full 2):
 PSYoungGen      total 23552K, used 1056K [0x00000000d5580000, 0x00000000d6f00000, 0x0000000100000000)
  eden space 22016K, 0% used [0x00000000d5580000,0x00000000d5580000,0x00000000d6b00000)
  from space 1536K, 68% used [0x00000000d6c80000,0x00000000d6d88000,0x00000000d6e00000)
  to   space 1024K, 0% used [0x00000000d6e00000,0x00000000d6e00000,0x00000000d6f00000)
 ParOldGen       total 68608K, used 38279K [0x0000000080000000, 0x0000000084300000, 0x00000000d5580000)
  object space 68608K, 55% used [0x0000000080000000,0x0000000082561ee0,0x0000000084300000)
 Metaspace       used 49312K, committed 50624K, reserved 1114112K
  class space    used 5382K, committed 5888K, reserved 1048576K
}
Event: 10.820 GC heap before
{Heap before GC invocations=28 (full 2):
 PSYoungGen      total 23552K, used 23072K [0x00000000d5580000, 0x00000000d6f00000, 0x0000000100000000)
  eden space 22016K, 100% used [0x00000000d5580000,0x00000000d6b00000,0x00000000d6b00000)
  from space 1536K, 68% used [0x00000000d6c80000,0x00000000d6d88000,0x00000000d6e00000)
  to   space 1024K, 0% used [0x00000000d6e00000,0x00000000d6e00000,0x00000000d6f00000)
 ParOldGen       total 68608K, used 38279K [0x0000000080000000, 0x0000000084300000, 0x00000000d5580000)
  object space 68608K, 55% used [0x0000000080000000,0x0000000082561ee0,0x0000000084300000)
 Metaspace       used 50811K, committed 52032K, reserved 1114112K
  class space    used 5509K, committed 6016K, reserved 1048576K
}
Event: 10.822 GC heap after
{Heap after GC invocations=28 (full 2):
 PSYoungGen      total 23040K, used 608K [0x00000000d5580000, 0x00000000d6f00000, 0x0000000100000000)
  eden space 22016K, 0% used [0x00000000d5580000,0x00000000d5580000,0x00000000d6b00000)
  from space 1024K, 59% used [0x00000000d6e00000,0x00000000d6e98040,0x00000000d6f00000)
  to   space 1024K, 0% used [0x00000000d6d00000,0x00000000d6d00000,0x00000000d6e00000)
 ParOldGen       total 68608K, used 39227K [0x0000000080000000, 0x0000000084300000, 0x00000000d5580000)
  object space 68608K, 57% used [0x0000000080000000,0x000000008264ef98,0x0000000084300000)
 Metaspace       used 50811K, committed 52032K, reserved 1114112K
  class space    used 5509K, committed 6016K, reserved 1048576K
}
Event: 11.559 GC heap before
{Heap before GC invocations=29 (full 2):
 PSYoungGen      total 23040K, used 22624K [0x00000000d5580000, 0x00000000d6f00000, 0x0000000100000000)
  eden space 22016K, 100% used [0x00000000d5580000,0x00000000d6b00000,0x00000000d6b00000)
  from space 1024K, 59% used [0x00000000d6e00000,0x00000000d6e98040,0x00000000d6f00000)
  to   space 1024K, 0% used [0x00000000d6d00000,0x00000000d6d00000,0x00000000d6e00000)
 ParOldGen       total 68608K, used 39227K [0x0000000080000000, 0x0000000084300000, 0x00000000d5580000)
  object space 68608K, 57% used [0x0000000080000000,0x000000008264ef98,0x0000000084300000)
 Metaspace       used 52614K, committed 53888K, reserved 1114112K
  class space    used 5661K, committed 6208K, reserved 1048576K
}
Event: 11.562 GC heap after
{Heap after GC invocations=29 (full 2):
 PSYoungGen      total 23040K, used 1024K [0x00000000d5580000, 0x00000000d7300000, 0x0000000100000000)
  eden space 22016K, 0% used [0x00000000d5580000,0x00000000d5580000,0x00000000d6b00000)
  from space 1024K, 100% used [0x00000000d6d00000,0x00000000d6e00000,0x00000000d6e00000)
  to   space 4096K, 0% used [0x00000000d6f00000,0x00000000d6f00000,0x00000000d7300000)
 ParOldGen       total 68608K, used 41377K [0x0000000080000000, 0x0000000084300000, 0x00000000d5580000)
  object space 68608K, 60% used [0x0000000080000000,0x0000000082868448,0x0000000084300000)
 Metaspace       used 52614K, committed 53888K, reserved 1114112K
  class space    used 5661K, committed 6208K, reserved 1048576K
}
Event: 12.483 GC heap before
{Heap before GC invocations=30 (full 2):
 PSYoungGen      total 23040K, used 23040K [0x00000000d5580000, 0x00000000d7300000, 0x0000000100000000)
  eden space 22016K, 100% used [0x00000000d5580000,0x00000000d6b00000,0x00000000d6b00000)
  from space 1024K, 100% used [0x00000000d6d00000,0x00000000d6e00000,0x00000000d6e00000)
  to   space 4096K, 0% used [0x00000000d6f00000,0x00000000d6f00000,0x00000000d7300000)
 ParOldGen       total 68608K, used 41377K [0x0000000080000000, 0x0000000084300000, 0x00000000d5580000)
  object space 68608K, 60% used [0x0000000080000000,0x0000000082868448,0x0000000084300000)
 Metaspace       used 53828K, committed 55104K, reserved 1114112K
  class space    used 5780K, committed 6336K, reserved 1048576K
}
Event: 12.489 GC heap after
{Heap after GC invocations=30 (full 2):
 PSYoungGen      total 24064K, used 1936K [0x00000000d5580000, 0x00000000d7100000, 0x0000000100000000)
  eden space 22016K, 0% used [0x00000000d5580000,0x00000000d5580000,0x00000000d6b00000)
  from space 2048K, 94% used [0x00000000d6f00000,0x00000000d70e4040,0x00000000d7100000)
  to   space 2560K, 0% used [0x00000000d6c00000,0x00000000d6c00000,0x00000000d6e80000)
 ParOldGen       total 68608K, used 42401K [0x0000000080000000, 0x0000000084300000, 0x00000000d5580000)
  object space 68608K, 61% used [0x0000000080000000,0x0000000082968658,0x0000000084300000)
 Metaspace       used 53828K, committed 55104K, reserved 1114112K
  class space    used 5780K, committed 6336K, reserved 1048576K
}
Event: 13.258 GC heap before
{Heap before GC invocations=31 (full 2):
 PSYoungGen      total 24064K, used 23952K [0x00000000d5580000, 0x00000000d7100000, 0x0000000100000000)
  eden space 22016K, 100% used [0x00000000d5580000,0x00000000d6b00000,0x00000000d6b00000)
  from space 2048K, 94% used [0x00000000d6f00000,0x00000000d70e4040,0x00000000d7100000)
  to   space 2560K, 0% used [0x00000000d6c00000,0x00000000d6c00000,0x00000000d6e80000)
 ParOldGen       total 68608K, used 42401K [0x0000000080000000, 0x0000000084300000, 0x00000000d5580000)
  object space 68608K, 61% used [0x0000000080000000,0x0000000082968658,0x0000000084300000)
 Metaspace       used 55490K, committed 56704K, reserved 1114112K
  class space    used 5935K, committed 6464K, reserved 1048576K
}
Event: 13.263 GC heap after
{Heap after GC invocations=31 (full 2):
 PSYoungGen      total 24576K, used 2538K [0x00000000d5580000, 0x00000000d7900000, 0x0000000100000000)
  eden space 22016K, 0% used [0x00000000d5580000,0x00000000d5580000,0x00000000d6b00000)
  from space 2560K, 99% used [0x00000000d6c00000,0x00000000d6e7aaf0,0x00000000d6e80000)
  to   space 7168K, 0% used [0x00000000d7200000,0x00000000d7200000,0x00000000d7900000)
 ParOldGen       total 68608K, used 45825K [0x0000000080000000, 0x0000000084300000, 0x00000000d5580000)
  object space 68608K, 66% used [0x0000000080000000,0x0000000082cc0730,0x0000000084300000)
 Metaspace       used 55490K, committed 56704K, reserved 1114112K
  class space    used 5935K, committed 6464K, reserved 1048576K
}
Event: 14.217 GC heap before
{Heap before GC invocations=32 (full 2):
 PSYoungGen      total 24576K, used 24554K [0x00000000d5580000, 0x00000000d7900000, 0x0000000100000000)
  eden space 22016K, 100% used [0x00000000d5580000,0x00000000d6b00000,0x00000000d6b00000)
  from space 2560K, 99% used [0x00000000d6c00000,0x00000000d6e7aaf0,0x00000000d6e80000)
  to   space 7168K, 0% used [0x00000000d7200000,0x00000000d7200000,0x00000000d7900000)
 ParOldGen       total 68608K, used 45825K [0x0000000080000000, 0x0000000084300000, 0x00000000d5580000)
  object space 68608K, 66% used [0x0000000080000000,0x0000000082cc0730,0x0000000084300000)
 Metaspace       used 56913K, committed 58176K, reserved 1114112K
  class space    used 5973K, committed 6528K, reserved 1048576K
}
Event: 14.226 GC heap after
{Heap after GC invocations=32 (full 2):
 PSYoungGen      total 26112K, used 3989K [0x00000000d5580000, 0x00000000d7600000, 0x0000000100000000)
  eden space 22016K, 0% used [0x00000000d5580000,0x00000000d5580000,0x00000000d6b00000)
  from space 4096K, 97% used [0x00000000d7200000,0x00000000d75e54d8,0x00000000d7600000)
  to   space 5120K, 0% used [0x00000000d6c00000,0x00000000d6c00000,0x00000000d7100000)
 ParOldGen       total 68608K, used 48183K [0x0000000080000000, 0x0000000084300000, 0x00000000d5580000)
  object space 68608K, 70% used [0x0000000080000000,0x0000000082f0df00,0x0000000084300000)
 Metaspace       used 56913K, committed 58176K, reserved 1114112K
  class space    used 5973K, committed 6528K, reserved 1048576K
}
Event: 15.296 GC heap before
{Heap before GC invocations=33 (full 2):
 PSYoungGen      total 26112K, used 26005K [0x00000000d5580000, 0x00000000d7600000, 0x0000000100000000)
  eden space 22016K, 100% used [0x00000000d5580000,0x00000000d6b00000,0x00000000d6b00000)
  from space 4096K, 97% used [0x00000000d7200000,0x00000000d75e54d8,0x00000000d7600000)
  to   space 5120K, 0% used [0x00000000d6c00000,0x00000000d6c00000,0x00000000d7100000)
 ParOldGen       total 68608K, used 48183K [0x0000000080000000, 0x0000000084300000, 0x00000000d5580000)
  object space 68608K, 70% used [0x0000000080000000,0x0000000082f0df00,0x0000000084300000)
 Metaspace       used 57697K, committed 59008K, reserved 1114112K
  class space    used 6013K, committed 6592K, reserved 1048576K
}
Event: 15.308 GC heap after
{Heap after GC invocations=33 (full 2):
 PSYoungGen      total 26624K, used 4112K [0x00000000d5580000, 0x00000000d7400000, 0x0000000100000000)
  eden space 22016K, 0% used [0x00000000d5580000,0x00000000d5580000,0x00000000d6b00000)
  from space 4608K, 89% used [0x00000000d6c00000,0x00000000d7004198,0x00000000d7080000)
  to   space 3584K, 0% used [0x00000000d7080000,0x00000000d7080000,0x00000000d7400000)
 ParOldGen       total 68608K, used 51962K [0x0000000080000000, 0x0000000084300000, 0x00000000d5580000)
  object space 68608K, 75% used [0x0000000080000000,0x00000000832beb38,0x0000000084300000)
 Metaspace       used 57697K, committed 59008K, reserved 1114112K
  class space    used 6013K, committed 6592K, reserved 1048576K
}
Event: 17.416 GC heap before
{Heap before GC invocations=34 (full 2):
 PSYoungGen      total 26624K, used 26128K [0x00000000d5580000, 0x00000000d7400000, 0x0000000100000000)
  eden space 22016K, 100% used [0x00000000d5580000,0x00000000d6b00000,0x00000000d6b00000)
  from space 4608K, 89% used [0x00000000d6c00000,0x00000000d7004198,0x00000000d7080000)
  to   space 3584K, 0% used [0x00000000d7080000,0x00000000d7080000,0x00000000d7400000)
 ParOldGen       total 68608K, used 51962K [0x0000000080000000, 0x0000000084300000, 0x00000000d5580000)
  object space 68608K, 75% used [0x0000000080000000,0x00000000832beb38,0x0000000084300000)
 Metaspace       used 58469K, committed 59712K, reserved 1114112K
  class space    used 6061K, committed 6592K, reserved 1048576K
}
Event: 17.419 GC heap after
{Heap after GC invocations=34 (full 2):
 PSYoungGen      total 24576K, used 2272K [0x00000000d5580000, 0x00000000d7300000, 0x0000000100000000)
  eden space 22016K, 0% used [0x00000000d5580000,0x00000000d5580000,0x00000000d6b00000)
  from space 2560K, 88% used [0x00000000d7080000,0x00000000d72b8000,0x00000000d7300000)
  to   space 3072K, 0% used [0x00000000d6d00000,0x00000000d6d00000,0x00000000d7000000)
 ParOldGen       total 68608K, used 55873K [0x0000000080000000, 0x0000000084300000, 0x00000000d5580000)
  object space 68608K, 81% used [0x0000000080000000,0x00000000836906a8,0x0000000084300000)
 Metaspace       used 58469K, committed 59712K, reserved 1114112K
  class space    used 6061K, committed 6592K, reserved 1048576K
}

Dll operation events (10 events):
Event: 0.014 Loaded shared library c:\Users\rinka\.vscode\extensions\redhat.java-1.55.0-win32-x64\jre\21.0.11-win32-x86_64\bin\java.dll
Event: 0.095 Loaded shared library c:\Users\rinka\.vscode\extensions\redhat.java-1.55.0-win32-x64\jre\21.0.11-win32-x86_64\bin\zip.dll
Event: 0.127 Loaded shared library C:\Users\rinka\.vscode\extensions\redhat.java-1.55.0-win32-x64\jre\21.0.11-win32-x86_64\bin\instrument.dll
Event: 0.133 Loaded shared library C:\Users\rinka\.vscode\extensions\redhat.java-1.55.0-win32-x64\jre\21.0.11-win32-x86_64\bin\net.dll
Event: 0.136 Loaded shared library C:\Users\rinka\.vscode\extensions\redhat.java-1.55.0-win32-x64\jre\21.0.11-win32-x86_64\bin\nio.dll
Event: 0.139 Loaded shared library C:\Users\rinka\.vscode\extensions\redhat.java-1.55.0-win32-x64\jre\21.0.11-win32-x86_64\bin\zip.dll
Event: 0.159 Loaded shared library C:\Users\rinka\.vscode\extensions\redhat.java-1.55.0-win32-x64\jre\21.0.11-win32-x86_64\bin\jimage.dll
Event: 0.248 Loaded shared library c:\Users\rinka\.vscode\extensions\redhat.java-1.55.0-win32-x64\jre\21.0.11-win32-x86_64\bin\verify.dll
Event: 1.728 Loaded shared library C:\Users\rinka\AppData\Roaming\Code\User\globalStorage\redhat.java\1.55.0\config_win\org.eclipse.equinox.launcher\org.eclipse.equinox.launcher.win32.win32.x86_64_1.3.100.v20260613-0559\eclipse_11924.dll
Event: 5.265 Loaded shared library C:\Users\rinka\AppData\Local\Temp\jna-108518573\jna7578179292191997354.dll

Deoptimization events (20 events):
Event: 17.532 Thread 0x000001ccee193be0 DEOPT PACKING pc=0x000001ccd3c75281 sp=0x0000001cf7dfeb00
Event: 17.532 Thread 0x000001ccee193be0 DEOPT UNPACKING pc=0x000001ccdae578e2 sp=0x0000001cf7dfe020 mode 0
Event: 17.545 Thread 0x000001ccee193be0 DEOPT PACKING pc=0x000001ccd3c75281 sp=0x0000001cf7dfeb00
Event: 17.545 Thread 0x000001ccee193be0 DEOPT UNPACKING pc=0x000001ccdae578e2 sp=0x0000001cf7dfe020 mode 0
Event: 17.559 Thread 0x000001ccee193be0 DEOPT PACKING pc=0x000001ccd3c75281 sp=0x0000001cf7dfeb00
Event: 17.559 Thread 0x000001ccee193be0 DEOPT UNPACKING pc=0x000001ccdae578e2 sp=0x0000001cf7dfe020 mode 0
Event: 17.572 Thread 0x000001ccee193be0 DEOPT PACKING pc=0x000001ccd3c75281 sp=0x0000001cf7dfeb00
Event: 17.572 Thread 0x000001ccee193be0 DEOPT UNPACKING pc=0x000001ccdae578e2 sp=0x0000001cf7dfe020 mode 0
Event: 17.586 Thread 0x000001ccee193be0 DEOPT PACKING pc=0x000001ccd3c75281 sp=0x0000001cf7dfeb00
Event: 17.586 Thread 0x000001ccee193be0 DEOPT UNPACKING pc=0x000001ccdae578e2 sp=0x0000001cf7dfe020 mode 0
Event: 17.596 Thread 0x000001ccee193be0 DEOPT PACKING pc=0x000001ccd3c75281 sp=0x0000001cf7dfeb00
Event: 17.596 Thread 0x000001ccee193be0 DEOPT UNPACKING pc=0x000001ccdae578e2 sp=0x0000001cf7dfe020 mode 0
Event: 17.609 Thread 0x000001ccee193be0 DEOPT PACKING pc=0x000001ccd3c75281 sp=0x0000001cf7dfeb00
Event: 17.609 Thread 0x000001ccee193be0 DEOPT UNPACKING pc=0x000001ccdae578e2 sp=0x0000001cf7dfe020 mode 0
Event: 17.621 Thread 0x000001ccee193be0 DEOPT PACKING pc=0x000001ccd3c75281 sp=0x0000001cf7dfeb00
Event: 17.621 Thread 0x000001ccee193be0 DEOPT UNPACKING pc=0x000001ccdae578e2 sp=0x0000001cf7dfe020 mode 0
Event: 17.631 Thread 0x000001ccee193be0 DEOPT PACKING pc=0x000001ccd3c75281 sp=0x0000001cf7dfeb00
Event: 17.631 Thread 0x000001ccee193be0 DEOPT UNPACKING pc=0x000001ccdae578e2 sp=0x0000001cf7dfe020 mode 0
Event: 17.641 Thread 0x000001ccee193be0 DEOPT PACKING pc=0x000001ccd3c75281 sp=0x0000001cf7dfeb00
Event: 17.641 Thread 0x000001ccee193be0 DEOPT UNPACKING pc=0x000001ccdae578e2 sp=0x0000001cf7dfe020 mode 0

Classes loaded (20 events):
Event: 15.902 Loading class java/util/TreeMap$ValueSpliterator
Event: 15.902 Loading class java/util/TreeMap$TreeMapSpliterator
Event: 15.902 Loading class java/util/TreeMap$TreeMapSpliterator done
Event: 15.902 Loading class java/util/TreeMap$ValueSpliterator done
Event: 15.908 Loading class java/util/concurrent/Executors$DelegatedScheduledExecutorService
Event: 15.909 Loading class java/util/concurrent/Executors$DelegatedExecutorService
Event: 15.909 Loading class java/util/concurrent/Executors$DelegatedExecutorService done
Event: 15.909 Loading class java/util/concurrent/Executors$DelegatedScheduledExecutorService done
Event: 15.935 Loading class java/util/concurrent/CompletionException
Event: 15.935 Loading class java/util/concurrent/CompletionException done
Event: 15.943 Loading class java/nio/file/FileTreeWalker$1
Event: 15.943 Loading class java/nio/file/FileTreeWalker$1 done
Event: 15.944 Loading class sun/nio/fs/Globs
Event: 15.945 Loading class sun/nio/fs/Globs done
Event: 15.945 Loading class java/util/regex/Pattern$SliceU
Event: 15.945 Loading class java/util/regex/Pattern$SliceU done
Event: 15.945 Loading class sun/nio/fs/WindowsFileSystem$2
Event: 15.945 Loading class java/nio/file/PathMatcher
Event: 15.945 Loading class java/nio/file/PathMatcher done
Event: 15.945 Loading class sun/nio/fs/WindowsFileSystem$2 done

Classes unloaded (13 events):
Event: 5.896 Thread 0x000001ccd078e950 Unloading class 0x000001cc811a2800 'java/lang/invoke/LambdaForm$MH+0x000001cc811a2800'
Event: 5.896 Thread 0x000001ccd078e950 Unloading class 0x000001cc811a2400 'java/lang/invoke/LambdaForm$MH+0x000001cc811a2400'
Event: 5.896 Thread 0x000001ccd078e950 Unloading class 0x000001cc811a2000 'java/lang/invoke/LambdaForm$MH+0x000001cc811a2000'
Event: 5.896 Thread 0x000001ccd078e950 Unloading class 0x000001cc811a1c00 'java/lang/invoke/LambdaForm$MH+0x000001cc811a1c00'
Event: 5.896 Thread 0x000001ccd078e950 Unloading class 0x000001cc811a1800 'java/lang/invoke/LambdaForm$BMH+0x000001cc811a1800'
Event: 5.896 Thread 0x000001ccd078e950 Unloading class 0x000001cc811a1400 'java/lang/invoke/LambdaForm$DMH+0x000001cc811a1400'
Event: 5.896 Thread 0x000001ccd078e950 Unloading class 0x000001cc811a0000 'java/lang/invoke/LambdaForm$DMH+0x000001cc811a0000'
Event: 7.285 Thread 0x000001ccd078e950 Unloading class 0x000001cc81353000 'java/lang/invoke/LambdaForm$MH+0x000001cc81353000'
Event: 7.285 Thread 0x000001ccd078e950 Unloading class 0x000001cc81352400 'java/lang/invoke/LambdaForm$MH+0x000001cc81352400'
Event: 7.285 Thread 0x000001ccd078e950 Unloading class 0x000001cc81351c00 'java/lang/invoke/LambdaForm$MH+0x000001cc81351c00'
Event: 7.285 Thread 0x000001ccd078e950 Unloading class 0x000001cc81351400 'java/lang/invoke/LambdaForm$MH+0x000001cc81351400'
Event: 7.285 Thread 0x000001ccd078e950 Unloading class 0x000001cc81351000 'java/lang/invoke/LambdaForm$DMH+0x000001cc81351000'
Event: 7.285 Thread 0x000001ccd078e950 Unloading class 0x000001cc81350800 'java/lang/invoke/LambdaForm$MH+0x000001cc81350800'

Classes redefined (0 events):
No events

Internal exceptions (20 events):
Event: 17.639 Thread 0x000001ccee193be0 Exception <a 'sun/nio/fs/WindowsException'{0x00000000d5f764e0}> (0x00000000d5f764e0) 
thrown [s\src\hotspot\share\prims\jni.cpp, line 520]
Event: 17.639 Thread 0x000001ccee193be0 Exception <a 'sun/nio/fs/WindowsException'{0x00000000d5f76b78}> (0x00000000d5f76b78) 
thrown [s\src\hotspot\share\prims\jni.cpp, line 520]
Event: 17.639 Thread 0x000001ccee193be0 Exception <a 'sun/nio/fs/WindowsException'{0x00000000d5f80c40}> (0x00000000d5f80c40) 
thrown [s\src\hotspot\share\prims\jni.cpp, line 520]
Event: 17.639 Thread 0x000001ccee193be0 Exception <a 'sun/nio/fs/WindowsException'{0x00000000d5f812c8}> (0x00000000d5f812c8) 
thrown [s\src\hotspot\share\prims\jni.cpp, line 520]
Event: 17.639 Thread 0x000001ccee193be0 Exception <a 'sun/nio/fs/WindowsException'{0x00000000d5f81958}> (0x00000000d5f81958) 
thrown [s\src\hotspot\share\prims\jni.cpp, line 520]
Event: 17.639 Thread 0x000001ccee193be0 Exception <a 'sun/nio/fs/WindowsException'{0x00000000d5f81ff8}> (0x00000000d5f81ff8) 
thrown [s\src\hotspot\share\prims\jni.cpp, line 520]
Event: 17.639 Thread 0x000001ccee193be0 Exception <a 'sun/nio/fs/WindowsException'{0x00000000d5f8e4e8}> (0x00000000d5f8e4e8) 
thrown [s\src\hotspot\share\prims\jni.cpp, line 520]
Event: 17.639 Thread 0x000001ccee193be0 Exception <a 'sun/nio/fs/WindowsException'{0x00000000d5f8eb68}> (0x00000000d5f8eb68) 
thrown [s\src\hotspot\share\prims\jni.cpp, line 520]
Event: 17.639 Thread 0x000001ccee193be0 Exception <a 'sun/nio/fs/WindowsException'{0x00000000d5f8f1e8}> (0x00000000d5f8f1e8) 
thrown [s\src\hotspot\share\prims\jni.cpp, line 520]
Event: 17.639 Thread 0x000001ccee193be0 Exception <a 'sun/nio/fs/WindowsException'{0x00000000d5f8f880}> (0x00000000d5f8f880) 
thrown [s\src\hotspot\share\prims\jni.cpp, line 520]
Event: 17.640 Thread 0x000001ccee193be0 Exception <a 'sun/nio/fs/WindowsException'{0x00000000d5f94978}> (0x00000000d5f94978) 
thrown [s\src\hotspot\share\prims\jni.cpp, line 520]
Event: 17.640 Thread 0x000001ccee193be0 Exception <a 'sun/nio/fs/WindowsException'{0x00000000d5f95008}> (0x00000000d5f95008) 
thrown [s\src\hotspot\share\prims\jni.cpp, line 520]
Event: 17.640 Thread 0x000001ccee193be0 Exception <a 'sun/nio/fs/WindowsException'{0x00000000d5f95698}> (0x00000000d5f95698) 
thrown [s\src\hotspot\share\prims\jni.cpp, line 520]
Event: 17.640 Thread 0x000001ccee193be0 Exception <a 'sun/nio/fs/WindowsException'{0x00000000d5f95d48}> (0x00000000d5f95d48) 
thrown [s\src\hotspot\share\prims\jni.cpp, line 520]
Event: 17.640 Thread 0x000001ccee193be0 Exception <a 'sun/nio/fs/WindowsException'{0x00000000d5f9ef60}> (0x00000000d5f9ef60) 
thrown [s\src\hotspot\share\prims\jni.cpp, line 520]
Event: 17.641 Thread 0x000001ccee193be0 Exception <a 'sun/nio/fs/WindowsException'{0x00000000d5fa3c10}> (0x00000000d5fa3c10) 
thrown [s\src\hotspot\share\prims\jni.cpp, line 520]
Event: 17.641 Thread 0x000001ccee193be0 Exception <a 'sun/nio/fs/WindowsException'{0x00000000d5fa9920}> (0x00000000d5fa9920) 
thrown [s\src\hotspot\share\prims\jni.cpp, line 520]
Event: 17.641 Thread 0x000001ccee193be0 Exception <a 'sun/nio/fs/WindowsException'{0x00000000d5fb1790}> (0x00000000d5fb1790) 
thrown [s\src\hotspot\share\prims\jni.cpp, line 520]
Event: 17.642 Thread 0x000001ccee193be0 Exception <a 'sun/nio/fs/WindowsException'{0x00000000d5fb68c8}> (0x00000000d5fb68c8) 
thrown [s\src\hotspot\share\prims\jni.cpp, line 520]
Event: 17.642 Thread 0x000001ccee193be0 Exception <a 'sun/nio/fs/WindowsException'{0x00000000d5fbbc70}> (0x00000000d5fbbc70) 
thrown [s\src\hotspot\share\prims\jni.cpp, line 520]

ZGC Phase Switch (0 events):
No events

VM Operations (20 events):
Event: 14.835 Executing non-safepoint VM operation: HandshakeAllThreads (Deoptimize) done
Event: 14.961 Executing non-safepoint VM operation: HandshakeAllThreads (Deoptimize)
Event: 14.961 Executing non-safepoint VM operation: HandshakeAllThreads (Deoptimize) done
Event: 14.968 Executing non-safepoint VM operation: HandshakeAllThreads (Deoptimize)
Event: 14.969 Executing non-safepoint VM operation: HandshakeAllThreads (Deoptimize) done
Event: 15.007 Executing safepoint VM operation: ICBufferFull
Event: 15.007 Executing safepoint VM operation: ICBufferFull done
Event: 15.295 Executing safepoint VM operation: ParallelGCFailedAllocation (Allocation Failure)
Event: 15.308 Executing safepoint VM operation: ParallelGCFailedAllocation (Allocation Failure) done
Event: 15.473 Executing safepoint VM operation: ICBufferFull
Event: 15.473 Executing safepoint VM operation: ICBufferFull done
Event: 15.842 Executing non-safepoint VM operation: HandshakeAllThreads (Deoptimize)
Event: 15.842 Executing non-safepoint VM operation: HandshakeAllThreads (Deoptimize) done
Event: 16.066 Executing safepoint VM operation: ICBufferFull
Event: 16.066 Executing safepoint VM operation: ICBufferFull done
Event: 17.071 Executing safepoint VM operation: Cleanup
Event: 17.365 Executing safepoint VM operation: Cleanup done
Event: 17.415 Executing safepoint VM operation: ParallelGCFailedAllocation (Allocation Failure)
Event: 17.419 Executing safepoint VM operation: ParallelGCFailedAllocation (Allocation Failure) done
Event: 18.428 Executing safepoint VM operation: Cleanup

Memory protections (0 events):
No events

Nmethod flushes (20 events):
Event: 7.302 Thread 0x000001ccd078e950 flushing  nmethod 0x000001ccd3f2f390
Event: 7.302 Thread 0x000001ccd078e950 flushing  nmethod 0x000001ccd3f30c90
Event: 7.302 Thread 0x000001ccd078e950 flushing  nmethod 0x000001ccd3f31590
Event: 7.302 Thread 0x000001ccd078e950 flushing  nmethod 0x000001ccd3f32790
Event: 7.302 Thread 0x000001ccd078e950 flushing  nmethod 0x000001ccd3f32f90
Event: 7.302 Thread 0x000001ccd078e950 flushing  nmethod 0x000001ccd3f33710
Event: 7.302 Thread 0x000001ccd078e950 flushing  nmethod 0x000001ccd3f34c90
Event: 7.302 Thread 0x000001ccd078e950 flushing  nmethod 0x000001ccd3f35190
Event: 7.302 Thread 0x000001ccd078e950 flushing  nmethod 0x000001ccd3f35590
Event: 7.302 Thread 0x000001ccd078e950 flushing  nmethod 0x000001ccd3f36690
Event: 7.302 Thread 0x000001ccd078e950 flushing  nmethod 0x000001ccd3f36b10
Event: 7.302 Thread 0x000001ccd078e950 flushing  nmethod 0x000001ccd3f37810
Event: 7.302 Thread 0x000001ccd078e950 flushing  nmethod 0x000001ccd3f40810
Event: 7.302 Thread 0x000001ccd078e950 flushing  nmethod 0x000001ccd3f41390
Event: 7.302 Thread 0x000001ccd078e950 flushing  nmethod 0x000001ccd3f43310
Event: 7.302 Thread 0x000001ccd078e950 flushing  nmethod 0x000001ccd3f57610
Event: 7.302 Thread 0x000001ccd078e950 flushing  nmethod 0x000001ccd3f6bb10
Event: 7.302 Thread 0x000001ccd078e950 flushing  nmethod 0x000001ccd3f71090
Event: 7.302 Thread 0x000001ccd078e950 flushing  nmethod 0x000001ccd3f71d90
Event: 7.302 Thread 0x000001ccd078e950 flushing  nmethod 0x000001ccd3fc1b10

Events (20 events):
Event: 9.140 Thread 0x000001ccf8925b10 Thread added: 0x000001ccf8927550
Event: 9.155 Thread 0x000001ccf8925480 Thread added: 0x000001ccf89240d0
Event: 9.164 Thread 0x000001ccf8925b10 Thread added: 0x000001ccf8929620
Event: 10.026 Thread 0x000001ccee192ec0 Thread added: 0x000001ccf8928270
Event: 10.027 Thread 0x000001ccee192ec0 Thread added: 0x000001ccf8929cb0
Event: 10.027 Thread 0x000001ccee192ec0 Thread added: 0x000001ccf8928900
Event: 10.028 Thread 0x000001ccee192ec0 Thread added: 0x000001ccf8928f90
Event: 10.029 Thread 0x000001ccee192ec0 Thread added: 0x000001ccf892a340
Event: 10.029 Thread 0x000001ccee192ec0 Thread added: 0x000001ccf892a9d0
Event: 11.774 Thread 0x000001ccee193550 Thread added: 0x000001ccf009d990
Event: 11.775 Thread 0x000001ccf009d990 Thread added: 0x000001ccf009e6b0
Event: 11.776 Thread 0x000001ccf009e6b0 Thread added: 0x000001ccf009d300
Event: 12.929 Thread 0x000001ccee191b10 Thread added: 0x000001ccf00a00f0
Event: 13.073 Thread 0x000001ccee191b10 Thread added: 0x000001ccf009cc70
Event: 13.073 Thread 0x000001ccee191b10 Thread added: 0x000001ccf00a1b30
Event: 13.074 Thread 0x000001ccee191b10 Thread added: 0x000001ccf00a0780
Event: 13.074 Thread 0x000001ccee191b10 Thread added: 0x000001ccf00a0e10
Event: 13.074 Thread 0x000001ccee191b10 Thread added: 0x000001ccf00a14a0
Event: 13.083 Thread 0x000001ccee191b10 Thread added: 0x000001ccf00a2850
Event: 15.909 Thread 0x000001ccee193be0 Thread added: 0x000001ccf009f3d0


Dynamic libraries:
0x00007ff75a0b0000 - 0x00007ff75a0be000 	c:\Users\rinka\.vscode\extensions\redhat.java-1.55.0-win32-x64\jre\21.0.11-win32-x86_64\bin\java.exe
0x00007ffb73660000 - 0x00007ffb738c6000 	C:\WINDOWS\SYSTEM32\ntdll.dll
0x00007ffb732f0000 - 0x00007ffb733b9000 	C:\WINDOWS\System32\KERNEL32.DLL
0x00007ffb70ef0000 - 0x00007ffb712ea000 	C:\WINDOWS\System32\KERNELBASE.dll
0x00007ffb708f0000 - 0x00007ffb70a3c000 	C:\WINDOWS\System32\ucrtbase.dll
0x00007ffb6d360000 - 0x00007ffb6d37e000 	c:\Users\rinka\.vscode\extensions\redhat.java-1.55.0-win32-x64\jre\21.0.11-win32-x86_64\bin\VCRUNTIME140.dll
0x00007ffb6d190000 - 0x00007ffb6d1a8000 	c:\Users\rinka\.vscode\extensions\redhat.java-1.55.0-win32-x64\jre\21.0.11-win32-x86_64\bin\jli.dll
0x00007ffb71b60000 - 0x00007ffb71d27000 	C:\WINDOWS\System32\USER32.dll
0x00007ffb555a0000 - 0x00007ffb55832000 	C:\WINDOWS\WinSxS\amd64_microsoft.windows.common-controls_6595b64144ccf1df_6.0.26100.8521_none_3e08b75ce33403b3\COMCTL32.dll
0x00007ffb713a0000 - 0x00007ffb713c7000 	C:\WINDOWS\System32\win32u.dll
0x00007ffb72200000 - 0x00007ffb722a9000 	C:\WINDOWS\System32\msvcrt.dll
0x00007ffb72160000 - 0x00007ffb7218b000 	C:\WINDOWS\System32\GDI32.dll
0x00007ffb70dc0000 - 0x00007ffb70eeb000 	C:\WINDOWS\System32\gdi32full.dll
0x00007ffb70a40000 - 0x00007ffb70ae3000 	C:\WINDOWS\System32\msvcp_win.dll
0x00007ffb72120000 - 0x00007ffb72152000 	C:\WINDOWS\System32\IMM32.DLL
0x00007ffb6d5a0000 - 0x00007ffb6d5ac000 	c:\Users\rinka\.vscode\extensions\redhat.java-1.55.0-win32-x64\jre\21.0.11-win32-x86_64\bin\vcruntime140_1.dll
0x00007ffb6d040000 - 0x00007ffb6d0cd000 	c:\Users\rinka\.vscode\extensions\redhat.java-1.55.0-win32-x64\jre\21.0.11-win32-x86_64\bin\msvcp140.dll
0x00007ffb0a650000 - 0x00007ffb0b3f2000 	c:\Users\rinka\.vscode\extensions\redhat.java-1.55.0-win32-x64\jre\21.0.11-win32-x86_64\bin\server\jvm.dll
0x00007ffb71fe0000 - 0x00007ffb72096000 	C:\WINDOWS\System32\ADVAPI32.dll
0x00007ffb733c0000 - 0x00007ffb7346a000 	C:\WINDOWS\System32\sechost.dll
0x00007ffb73480000 - 0x00007ffb73598000 	C:\WINDOWS\System32\RPCRT4.dll
0x00007ffb72470000 - 0x00007ffb724f0000 	C:\WINDOWS\System32\WS2_32.dll
0x00007ffb70770000 - 0x00007ffb707ce000 	C:\WINDOWS\SYSTEM32\POWRPROF.dll
0x00007ffb5d6f0000 - 0x00007ffb5d726000 	C:\WINDOWS\SYSTEM32\WINMM.dll
0x00007ffb67bd0000 - 0x00007ffb67bdb000 	C:\WINDOWS\SYSTEM32\VERSION.dll
0x00007ffb70730000 - 0x00007ffb70744000 	C:\WINDOWS\SYSTEM32\UMPDC.dll
0x00007ffb6f680000 - 0x00007ffb6f69b000 	C:\WINDOWS\SYSTEM32\kernel.appcore.dll
0x00007ffb6d3a0000 - 0x00007ffb6d3aa000 	c:\Users\rinka\.vscode\extensions\redhat.java-1.55.0-win32-x64\jre\21.0.11-win32-x86_64\bin\jimage.dll
0x00007ffb6df90000 - 0x00007ffb6e1d2000 	C:\WINDOWS\SYSTEM32\DBGHELP.DLL
0x00007ffb72ad0000 - 0x00007ffb72e53000 	C:\WINDOWS\System32\combase.dll
0x00007ffb72550000 - 0x00007ffb72629000 	C:\WINDOWS\System32\OLEAUT32.dll
0x00007ffb57210000 - 0x00007ffb5724b000 	C:\WINDOWS\SYSTEM32\dbgcore.DLL
0x00007ffb712f0000 - 0x00007ffb71398000 	C:\WINDOWS\System32\bcryptPrimitives.dll
0x00007ffb6d4d0000 - 0x00007ffb6d4df000 	c:\Users\rinka\.vscode\extensions\redhat.java-1.55.0-win32-x64\jre\21.0.11-win32-x86_64\bin\instrument.dll
0x00007ffb6d140000 - 0x00007ffb6d160000 	c:\Users\rinka\.vscode\extensions\redhat.java-1.55.0-win32-x64\jre\21.0.11-win32-x86_64\bin\java.dll
0x00007ffb713d0000 - 0x00007ffb71b54000 	C:\WINDOWS\System32\SHELL32.dll
0x00007ffb6e4f0000 - 0x00007ffb6ed70000 	C:\WINDOWS\SYSTEM32\windows.storage.dll
0x00007ffb71d50000 - 0x00007ffb71e46000 	C:\WINDOWS\System32\SHCORE.dll
0x00007ffb72190000 - 0x00007ffb721f7000 	C:\WINDOWS\System32\shlwapi.dll
0x00007ffb70810000 - 0x00007ffb70839000 	C:\WINDOWS\SYSTEM32\profapi.dll
0x00007ffb6cf00000 - 0x00007ffb6cf18000 	c:\Users\rinka\.vscode\extensions\redhat.java-1.55.0-win32-x64\jre\21.0.11-win32-x86_64\bin\zip.dll
0x00007ffb6d4c0000 - 0x00007ffb6d4d0000 	C:\Users\rinka\.vscode\extensions\redhat.java-1.55.0-win32-x64\jre\21.0.11-win32-x86_64\bin\net.dll
0x00007ffb640a0000 - 0x00007ffb641c9000 	C:\WINDOWS\SYSTEM32\WINHTTP.dll
0x00007ffb6fbf0000 - 0x00007ffb6fc5c000 	C:\WINDOWS\system32\mswsock.dll
0x00007ffb6d340000 - 0x00007ffb6d356000 	C:\Users\rinka\.vscode\extensions\redhat.java-1.55.0-win32-x64\jre\21.0.11-win32-x86_64\bin\nio.dll
0x00007ffb6d330000 - 0x00007ffb6d340000 	c:\Users\rinka\.vscode\extensions\redhat.java-1.55.0-win32-x64\jre\21.0.11-win32-x86_64\bin\verify.dll
0x00007ffb57cc0000 - 0x00007ffb57d05000 	C:\Users\rinka\AppData\Roaming\Code\User\globalStorage\redhat.java\1.55.0\config_win\org.eclipse.equinox.launcher\org.eclipse.equinox.launcher.win32.win32.x86_64_1.3.100.v20260613-0559\eclipse_11924.dll
0x00007ffb72810000 - 0x00007ffb729a8000 	C:\WINDOWS\System32\ole32.dll
0x00007ffb6fed0000 - 0x00007ffb6feeb000 	C:\WINDOWS\SYSTEM32\CRYPTSP.dll
0x00007ffb6f5e0000 - 0x00007ffb6f619000 	C:\WINDOWS\system32\rsaenh.dll
0x00007ffb6fca0000 - 0x00007ffb6fcd3000 	C:\WINDOWS\SYSTEM32\USERENV.dll
0x00007ffb707e0000 - 0x00007ffb7080a000 	C:\WINDOWS\SYSTEM32\bcrypt.dll
0x00007ffb6fef0000 - 0x00007ffb6fefc000 	C:\WINDOWS\SYSTEM32\CRYPTBASE.dll
0x00007ffb6f080000 - 0x00007ffb6f0b3000 	C:\WINDOWS\SYSTEM32\IPHLPAPI.DLL
0x00007ffb73470000 - 0x00007ffb7347a000 	C:\WINDOWS\System32\NSI.dll
0x00007ffb51f80000 - 0x00007ffb51fc9000 	C:\Users\rinka\AppData\Local\Temp\jna-108518573\jna7578179292191997354.dll
0x00007ffb73610000 - 0x00007ffb73618000 	C:\WINDOWS\System32\PSAPI.DLL
0x00007ffb67cc0000 - 0x00007ffb67cdd000 	C:\WINDOWS\SYSTEM32\dhcpcsvc6.DLL
0x00007ffb64280000 - 0x00007ffb642a5000 	C:\WINDOWS\SYSTEM32\dhcpcsvc.DLL
0x00007ffb6f7a0000 - 0x00007ffb6f7d6000 	C:\WINDOWS\SYSTEM32\ntmarta.dll

JVMTI agents:
c:\Users\rinka\.vscode\extensions\redhat.java-1.55.0-win32-x64\lombok\lombok-1.18.39-4050.jar path:c:\Users\rinka\.vscode\extensions\redhat.java-1.55.0-win32-x64\jre\21.0.11-win32-x86_64\bin\instrument.dll, loaded, initialized, instrumentlib options:none

dbghelp: loaded successfully - version: 4.0.5 - missing functions: none
symbol engine: initialized successfully - sym options: 0x614 - pdb path: .;c:\Users\rinka\.vscode\extensions\redhat.java-1.55.0-win32-x64\jre\21.0.11-win32-x86_64\bin;C:\WINDOWS\SYSTEM32;C:\WINDOWS\WinSxS\amd64_microsoft.windows.common-controls_6595b64144ccf1df_6.0.26100.8521_none_3e08b75ce33403b3;c:\Users\rinka\.vscode\extensions\redhat.java-1.55.0-win32-x64\jre\21.0.11-win32-x86_64\bin\server;C:\Users\rinka\AppData\Roaming\Code\User\globalStorage\redhat.java\1.55.0\config_win\org.eclipse.equinox.launcher\org.eclipse.equinox.launcher.win32.win32.x86_64_1.3.100.v20260613-0559;C:\Users\rinka\AppData\Local\Temp\jna-108518573

VM Arguments:
jvm_args: --add-modules=ALL-SYSTEM --add-opens=java.base/java.util=ALL-UNNAMED --add-opens=java.base/java.lang=ALL-UNNAMED --add-opens=java.base/sun.nio.fs=ALL-UNNAMED -Declipse.application=org.eclipse.jdt.ls.core.id1 -Dosgi.bundles.defaultStartLevel=4 -Declipse.product=org.eclipse.jdt.ls.core.product -Djava.import.generatesMetadataFilesAtProjectRoot=false -DDetectVMInstallationsJob.disabled=true -Dfile.encoding=utf8 -XX:+UseParallelGC -XX:GCTimeRatio=4 -XX:AdaptiveSizePolicyWeight=90 -Dsun.zip.disableMemoryMapping=true -Xmx2G -Xms100m -Xlog:disable -javaagent:c:\Users\rinka\.vscode\extensions\redhat.java-1.55.0-win32-x64\lombok\lombok-1.18.39-4050.jar -XX:+HeapDumpOnOutOfMemoryError -XX:HeapDumpPath=c:\Users\rinka\AppData\Roaming\Code\User\workspaceStorage\49d6aa05faa5dee90abf6ba5c36567b8\redhat.java -Daether.dependencyCollector.impl=bf 
java_command: c:\Users\rinka\.vscode\extensions\redhat.java-1.55.0-win32-x64\server\plugins\org.eclipse.equinox.launcher_1.7.200.v20260619-2039.jar -configuration c:\Users\rinka\AppData\Roaming\Code\User\globalStorage\redhat.java\1.55.0\config_win -data c:\Users\rinka\AppData\Roaming\Code\User\workspaceStorage\49d6aa05faa5dee90abf6ba5c36567b8\redhat.java\jdt_ws --pipe=\\.\pipe\lsp-9c47e6da24d15656bd099b7925b7ac92-sock
java_class_path (initial): c:\Users\rinka\.vscode\extensions\redhat.java-1.55.0-win32-x64\server\plugins\org.eclipse.equinox.launcher_1.7.200.v20260619-2039.jar
Launcher Type: SUN_STANDARD

[Global flags]
    uintx AdaptiveSizePolicyWeight                 = 90                                        {product} {command line}
     intx CICompilerCount                          = 4                                         {product} {ergonomic}
    uintx GCTimeRatio                              = 4                                         {product} {command line}
     bool HeapDumpOnOutOfMemoryError               = true                                   {manageable} {command line}
    ccstr HeapDumpPath                             = c:\Users\rinka\AppData\Roaming\Code\User\workspaceStorage\49d6aa05faa5dee90abf6ba5c36567b8\redhat.java         {manageable} {command line}
   size_t InitialHeapSize                          = 104857600                                 {product} {command line}
   size_t MaxHeapSize                              = 2147483648                                {product} {command line}
   size_t MaxNewSize                               = 715653120                                 {product} {ergonomic}
   size_t MinHeapDeltaBytes                        = 524288                                    {product} {ergonomic}
   size_t MinHeapSize                              = 104857600                                 {product} {command line}
   size_t NewSize                                  = 34603008                                  {product} {ergonomic}
    uintx NonNMethodCodeHeapSize                   = 5839372                                {pd product} {ergonomic}
    uintx NonProfiledCodeHeapSize                  = 122909434                              {pd product} {ergonomic}
   size_t OldSize                                  = 70254592                                  {product} {ergonomic}
    uintx ProfiledCodeHeapSize                     = 122909434                              {pd product} {ergonomic}
    uintx ReservedCodeCacheSize                    = 251658240                              {pd product} {ergonomic}
     bool SegmentedCodeCache                       = true                                      {product} {ergonomic}
   size_t SoftMaxHeapSize                          = 2147483648                             {manageable} {ergonomic}
     bool UseCompressedOops                        = true                           {product lp64_product} {ergonomic}
     bool UseLargePagesIndividualAllocation        = false                                  {pd product} {ergonomic}
     bool UseParallelGC                            = true                                      {product} {command line}

Logging:
Log output configuration:
 #0: stdout all=off uptime,level,tags foldmultilines=false
 #1: stderr all=off uptime,level,tags foldmultilines=false

Release file:
JAVA_VERSION="21.0.11" 
MODULES="java.base java.compiler java.datatransfer java.xml java.prefs java.desktop java.instrument java.logging java.management java.security.sasl java.naming java.rmi java.management.rmi java.net.http java.scripting java.security.jgss java.transaction.xa java.sql java.sql.rowset java.xml.crypto java.se java.smartcardio jdk.accessibility jdk.internal.jvmstat jdk.attach jdk.charsets jdk.internal.opt jdk.zipfs jdk.compiler jdk.crypto.ec jdk.crypto.cryptoki jdk.crypto.mscapi jdk.dynalink jdk.internal.ed jdk.editpad jdk.hotspot.agent jdk.httpserver jdk.internal.le jdk.internal.vm.ci jdk.internal.vm.compiler jdk.internal.vm.compiler.management jdk.jartool jdk.javadoc jdk.jcmd jdk.management jdk.management.agent jdk.jconsole jdk.jdeps jdk.jdwp.agent jdk.jdi jdk.jfr jdk.jshell jdk.jsobject jdk.jstatd jdk.localedata jdk.management.jfr jdk.naming.dns jdk.naming.rmi jdk.net jdk.nio.mapmode jdk.random jdk.sctp jdk.security.auth jdk.security.jgss jdk.unsupported jdk.unsupported.desktop jdk.xml.dom" 

Environment Variables:
PATH=C:\Python313\Scripts\;C:\Python313\;C:\Program Files\Common Files\Oracle\Java\javapath;C:\Program Files (x86)\Common Files\Oracle\Java\java8path;C:\Program Files (x86)\Common Files\Oracle\Java\javapath;C:\WINDOWS\system32;C:\WINDOWS;C:\WINDOWS\System32\Wbem;C:\WINDOWS\System32\WindowsPowerShell\v1.0\;C:\WINDOWS\System32\OpenSSH\;C:\Program Files\dotnet\;C:\Program Files (x86)\Windows Kits\10\Windows Performance Toolkit\;C:\Program Files\Git\cmd;C:\ProgramData\chocolatey\bin;C:\Users\rinka\AppData\Local\nvm;C:\nvm4w\nodejs;C:\Users\rinka\AppData\Local\Microsoft\WindowsApps;C:\Program Files\JetBrains\PyCharm Community Edition 2021.2.2\bin;;C:\Users\rinka\.dotnet\tools;C:\Users\rinka\AppData\Local\Programs\Microsoft VS Code\bin;C:\Users\rinka\AppData\Roaming\npm;C:\Users\rinka\AppData\Local\GitHubDesktop\bin;C:\Users\rinka\AppData\Local\nvm;C:\nvm4w\nodejs;C:\Users\rinka\AppData\Local\Google\Cloud SDK\google-cloud-sdk\bin
USERNAME=rinka
OS=Windows_NT
PROCESSOR_IDENTIFIER=Intel64 Family 6 Model 126 Stepping 5, GenuineIntel
TMP=C:\Users\rinka\AppData\Local\Temp
TEMP=C:\Users\rinka\AppData\Local\Temp




Periodic native trim disabled

---------------  S Y S T E M  ---------------

OS:
 Windows 11 , 64 bit Build 26100 (10.0.26100.8521)
OS uptime: 15 days 6:22 hours

CPU: total 8 (initial active 8) (4 cores per cpu, 2 threads per core) family 6 model 126 stepping 5 microcode 0xc2, cx8, cmov, fxsr, ht, mmx, 3dnowpref, sse, sse2, sse3, ssse3, sse4.1, sse4.2, popcnt, lzcnt, tsc, tscinvbit, avx, avx2, aes, erms, clmul, bmi1, bmi2, adx, avx512f, avx512dq, avx512cd, avx512bw, avx512vl, sha, fma, vzeroupper, avx512_vpopcntdq, avx512_vpclmulqdq, avx512_vaes, avx512_vnni, clflush, clflushopt, avx512_vbmi2, avx512_vbmi, rdtscp, rdpid, fsrm, gfni, avx512_bitalg, f16c, pku, avx512_ifma
Processor Information for the first 8 processors :
  Max Mhz: 1190, Current Mhz: 991, Mhz Limit: 987

Memory: 4k page, system-wide physical 12055M (1912M free)
TotalPageFile size 48919M (AvailPageFile size 7M)
current process WorkingSet (physical memory assigned to process): 311M, peak: 344M
current process commit charge ("private bytes"): 395M, peak: 433M

vm_info: OpenJDK 64-Bit Server VM (21.0.11+10-LTS) for windows-amd64 JRE (21.0.11+10-LTS), built on 2026-04-21T00:00:00Z by "admin" with MS VC++ 17.12 (VS2022)

END.
