#
# There is insufficient memory for the Java Runtime Environment to continue.
# Native memory allocation (malloc) failed to allocate 1852016 bytes. Error detail: Chunk::new
# Possible reasons:
#   The system is out of physical RAM or swap space
#   This process is running with CompressedOops enabled, and the Java Heap may be blocking the growth of the native heap
# Possible solutions:
#   Reduce memory load on the system
#   Increase physical memory or swap space
#   Check if swap backing store is full
#   Decrease Java heap size (-Xmx/-Xms)
#   Decrease number of Java threads
#   Decrease Java thread stack sizes (-Xss)
#   Set larger code cache with -XX:ReservedCodeCacheSize=
#   JVM is running with Unscaled Compressed Oops mode in which the Java heap is
#     placed in the first 4GB address space. The Java Heap base address is the
#     maximum limit for the native heap growth. Please use -XX:HeapBaseMinAddress
#     to set the Java Heap base and to place the Java Heap above 4GB virtual address.
# This output file may be truncated or incomplete.
#
#  Out of Memory Error (arena.cpp:168), pid=5340, tid=13768
#
# JRE version: OpenJDK Runtime Environment Temurin-21.0.11+10 (21.0.11+10) (build 21.0.11+10-LTS)
# Java VM: OpenJDK 64-Bit Server VM Temurin-21.0.11+10 (21.0.11+10-LTS, mixed mode, sharing, tiered, compressed oops, compressed class ptrs, parallel gc, windows-amd64)
# No core dump will be written. Minidumps are not enabled by default on client versions of Windows
#

---------------  S U M M A R Y ------------

Command Line: --add-modules=ALL-SYSTEM --add-opens=java.base/java.util=ALL-UNNAMED --add-opens=java.base/java.lang=ALL-UNNAMED --add-opens=java.base/sun.nio.fs=ALL-UNNAMED -Declipse.application=org.eclipse.jdt.ls.core.id1 -Dosgi.bundles.defaultStartLevel=4 -Declipse.product=org.eclipse.jdt.ls.core.product -Djava.import.generatesMetadataFilesAtProjectRoot=false -DDetectVMInstallationsJob.disabled=true -Dfile.encoding=utf8 -XX:+UseParallelGC -XX:GCTimeRatio=4 -XX:AdaptiveSizePolicyWeight=90 -Dsun.zip.disableMemoryMapping=true -Xmx2G -Xms100m -Xlog:disable -javaagent:c:\Users\rinka\.vscode\extensions\redhat.java-1.55.0-win32-x64\lombok\lombok-1.18.39-4050.jar -XX:+HeapDumpOnOutOfMemoryError -XX:HeapDumpPath=c:\Users\rinka\AppData\Roaming\Code\User\workspaceStorage\49d6aa05faa5dee90abf6ba5c36567b8\redhat.java -Daether.dependencyCollector.impl=bf c:\Users\rinka\.vscode\extensions\redhat.java-1.55.0-win32-x64\server\plugins\org.eclipse.equinox.launcher_1.7.200.v20260619-2039.jar -configuration c:\Users\rinka\AppData\Roaming\Code\User\globalStorage\redhat.java\1.55.0\config_win -data c:\Users\rinka\AppData\Roaming\Code\User\workspaceStorage\49d6aa05faa5dee90abf6ba5c36567b8\redhat.java\jdt_ws --pipe=\\.\pipe\lsp-edcaa090e91cf4a3111bf572fbf1c0a3-sock

Host: Intel(R) Core(TM) i5-1035G1 CPU @ 1.00GHz, 8 cores, 11G,  Windows 11 , 64 bit Build 26100 (10.0.26100.8521)
Time: Sun Jul  5 16:22:57 2026 Pacific Daylight Time elapsed time: 28.427088 seconds (0d 0h 0m 28s)

---------------  T H R E A D  ---------------

Current thread (0x00000223d931bb90):  JavaThread "C2 CompilerThread0" daemon [_thread_in_native, id=13768, stack(0x000000bc1d300000,0x000000bc1d400000) (1024K)]


Current CompileTask:
C2:28427 6838   !   4       org.eclipse.osgi.internal.loader.classpath.ClasspathManager::defineClass (636 bytes)

Stack: [0x000000bc1d300000,0x000000bc1d400000]
Native frames: (J=compiled Java code, j=interpreted, Vv=VM code, C=native code)
V  [jvm.dll+0x6d7e19]
V  [jvm.dll+0x8b5096]
V  [jvm.dll+0x8b764e]
V  [jvm.dll+0x8b7d33]
V  [jvm.dll+0x284596]
V  [jvm.dll+0xc685d]
V  [jvm.dll+0xc6da1]
V  [jvm.dll+0x3bed31]
V  [jvm.dll+0x38b2b2]
V  [jvm.dll+0x38a6fa]
V  [jvm.dll+0x24c700]
V  [jvm.dll+0x24bce0]
V  [jvm.dll+0x1cb4ae]
V  [jvm.dll+0x25baad]
V  [jvm.dll+0x25a03a]
V  [jvm.dll+0x3f868e]
V  [jvm.dll+0x85fb0d]
V  [jvm.dll+0x6d664d]
C  [ucrtbase.dll+0x2cd30]
C  [KERNEL32.DLL+0x2e957]
C  [ntdll.dll+0x87c1c]


---------------  P R O C E S S  ---------------

Threads class SMR info:
_java_thread_list=0x00000223f97e4720, length=55, elements={
0x00000223d93a0140, 0x00000223d9459ba0, 0x00000223d945c080, 0x00000223d9314860,
0x00000223d9315870, 0x00000223d93182e0, 0x00000223d9318d40, 0x00000223d931bb90,
0x00000223f161e690, 0x00000223f1790290, 0x00000223f18ed770, 0x00000223f680a0b0,
0x00000223f6521c10, 0x00000223f69aab20, 0x00000223f68895f0, 0x00000223f6b464c0,
0x00000223f6f068a0, 0x00000223f18d3b70, 0x00000223f69185a0, 0x00000223f6919950,
0x00000223f69164d0, 0x00000223f69192c0, 0x00000223f7798f80, 0x00000223f6917880,
0x00000223f6918c30, 0x00000223f69171f0, 0x00000223f6084dc0, 0x00000223f6084730,
0x00000223f6083380, 0x00000223f6085450, 0x00000223f60840a0, 0x00000223f6086170,
0x00000223f6086800, 0x00000223f6083a10, 0x00000223f6085ae0, 0x00000223f954cdf0,
0x00000223f954eec0, 0x00000223f954f550, 0x00000223f954fbe0, 0x00000223f9550270,
0x00000223f9550900, 0x00000223f954d480, 0x00000223f9550f90, 0x00000223f954db10,
0x00000223f9551620, 0x00000223f954e1a0, 0x00000223f9554410, 0x00000223f9552340,
0x00000223f95536f0, 0x00000223f95529d0, 0x00000223f9553d80, 0x00000223f9553060,
0x00000223f8f86490, 0x00000223f8f85770, 0x00000223f707e4f0
}
_to_delete_list=0x00000223fa368d40, length=54, elements={
0x00000223d93a0140, 0x00000223d9459ba0, 0x00000223d945c080, 0x00000223d9314860,
0x00000223d9315870, 0x00000223d93182e0, 0x00000223d9318d40, 0x00000223d931bb90,
0x00000223f161e690, 0x00000223f1790290, 0x00000223f18ed770, 0x00000223f680a0b0,
0x00000223f6521c10, 0x00000223f69aab20, 0x00000223f68895f0, 0x00000223f6b464c0,
0x00000223f6f068a0, 0x00000223f18d3b70, 0x00000223f69185a0, 0x00000223f6919950,
0x00000223f69164d0, 0x00000223f69192c0, 0x00000223f7798f80, 0x00000223f6917880,
0x00000223f6918c30, 0x00000223f69171f0, 0x00000223f6084dc0, 0x00000223f6084730,
0x00000223f6083380, 0x00000223f6085450, 0x00000223f60840a0, 0x00000223f6086170,
0x00000223f6086800, 0x00000223f6083a10, 0x00000223f6085ae0, 0x00000223f954cdf0,
0x00000223f954eec0, 0x00000223f954f550, 0x00000223f954fbe0, 0x00000223f9550270,
0x00000223f9550900, 0x00000223f954d480, 0x00000223f9550f90, 0x00000223f954db10,
0x00000223f9551620, 0x00000223f954e1a0, 0x00000223f9554410, 0x00000223f9552340,
0x00000223f95536f0, 0x00000223f95529d0, 0x00000223f9553d80, 0x00000223f9553060,
0x00000223f8f86490, 0x00000223f8f85770
}

Java Threads: ( => current thread )
  0x00000223d93a0140 JavaThread "main"                              [_thread_blocked, id=3036, stack(0x000000bc1c900000,0x000000bc1ca00000) (1024K)]
  0x00000223d9459ba0 JavaThread "Reference Handler"          daemon [_thread_blocked, id=1532, stack(0x000000bc1cd00000,0x000000bc1ce00000) (1024K)]
  0x00000223d945c080 JavaThread "Finalizer"                  daemon [_thread_blocked, id=7144, stack(0x000000bc1ce00000,0x000000bc1cf00000) (1024K)]
  0x00000223d9314860 JavaThread "Signal Dispatcher"          daemon [_thread_blocked, id=26532, stack(0x000000bc1cf00000,0x000000bc1d000000) (1024K)]
  0x00000223d9315870 JavaThread "Attach Listener"            daemon [_thread_blocked, id=4160, stack(0x000000bc1d000000,0x000000bc1d100000) (1024K)]
  0x00000223d93182e0 JavaThread "Service Thread"             daemon [_thread_blocked, id=11144, stack(0x000000bc1d100000,0x000000bc1d200000) (1024K)]
  0x00000223d9318d40 JavaThread "Monitor Deflation Thread"   daemon [_thread_blocked, id=7680, stack(0x000000bc1d200000,0x000000bc1d300000) (1024K)]
=>0x00000223d931bb90 JavaThread "C2 CompilerThread0"         daemon [_thread_in_native, id=13768, stack(0x000000bc1d300000,0x000000bc1d400000) (1024K)]
  0x00000223f161e690 JavaThread "C1 CompilerThread0"         daemon [_thread_in_native, id=11828, stack(0x000000bc1d400000,0x000000bc1d500000) (1024K)]
  0x00000223f1790290 JavaThread "Common-Cleaner"             daemon [_thread_blocked, id=2028, stack(0x000000bc1d500000,0x000000bc1d600000) (1024K)]
  0x00000223f18ed770 JavaThread "Notification Thread"        daemon [_thread_blocked, id=25588, stack(0x000000bc1d600000,0x000000bc1d700000) (1024K)]
  0x00000223f680a0b0 JavaThread "Active Thread: Equinox Container: 1c9b155b-c581-4caf-8c09-dbd83b61690f"        [_thread_blocked, id=31148, stack(0x000000bc1de00000,0x000000bc1df00000) (1024K)]
  0x00000223f6521c10 JavaThread "Refresh Thread: Equinox Container: 1c9b155b-c581-4caf-8c09-dbd83b61690f" daemon [_thread_blocked, id=24208, stack(0x000000bc1df00000,0x000000bc1e000000) (1024K)]
  0x00000223f69aab20 JavaThread "Framework Event Dispatcher: Equinox Container: 1c9b155b-c581-4caf-8c09-dbd83b61690f" daemon [_thread_blocked, id=26324, stack(0x000000bc1e000000,0x000000bc1e100000) (1024K)]
  0x00000223f68895f0 JavaThread "Start Level: Equinox Container: 1c9b155b-c581-4caf-8c09-dbd83b61690f" daemon [_thread_blocked, id=30996, stack(0x000000bc1e100000,0x000000bc1e200000) (1024K)]
  0x00000223f6b464c0 JavaThread "Bundle File Closer"         daemon [_thread_blocked, id=31364, stack(0x000000bc1e400000,0x000000bc1e500000) (1024K)]
  0x00000223f6f068a0 JavaThread "SCR Component Actor"        daemon [_thread_blocked, id=29736, stack(0x000000bc1e200000,0x000000bc1e300000) (1024K)]
  0x00000223f18d3b70 JavaThread "Worker-JM"                         [_thread_blocked, id=30204, stack(0x000000bc1e600000,0x000000bc1e700000) (1024K)]
  0x00000223f69185a0 JavaThread "JNA Cleaner"                daemon [_thread_blocked, id=16376, stack(0x000000bc1e300000,0x000000bc1e400000) (1024K)]
  0x00000223f6919950 JavaThread "Worker-0: Updating Maven Dependencies"        [_thread_in_vm, id=6264, stack(0x000000bc1e500000,0x000000bc1e600000) (1024K)]
  0x00000223f69164d0 JavaThread "Worker-1: Repository registry initialization"        [_thread_blocked, id=20604, stack(0x000000bc1e700000,0x000000bc1e800000) (1024K)]
  0x00000223f69192c0 JavaThread "Worker-2: Initialize After Load"        [_thread_blocked, id=32728, stack(0x000000bc1e800000,0x000000bc1e900000) (1024K)]
  0x00000223f7798f80 JavaThread "C2 CompilerThread1"         daemon [_thread_in_native, id=13908, stack(0x000000bc1e900000,0x000000bc1ea00000) (1024K)]
  0x00000223f6917880 JavaThread "Worker-3: Building"                [_thread_in_vm, id=26268, stack(0x000000bc1eb00000,0x000000bc1ec00000) (1024K)]
  0x00000223f6918c30 JavaThread "Java indexing"              daemon [_thread_in_vm, id=19092, stack(0x000000bc1ec00000,0x000000bc1ed00000) (1024K)]
  0x00000223f69171f0 JavaThread "Worker-4: Java indexing... "        [_thread_blocked, id=15768, stack(0x000000bc1ed00000,0x000000bc1ee00000) (1024K)]
  0x00000223f6084dc0 JavaThread "Worker-5"                          [_thread_blocked, id=21220, stack(0x000000bc1f000000,0x000000bc1f100000) (1024K)]
  0x00000223f6084730 JavaThread "Worker-6"                          [_thread_blocked, id=17720, stack(0x000000bc1f100000,0x000000bc1f200000) (1024K)]
  0x00000223f6083380 JavaThread "Thread-1"                   daemon [_thread_in_native, id=19228, stack(0x000000bc1f200000,0x000000bc1f300000) (1024K)]
  0x00000223f6085450 JavaThread "Thread-2"                   daemon [_thread_in_native, id=10584, stack(0x000000bc1f300000,0x000000bc1f400000) (1024K)]
  0x00000223f60840a0 JavaThread "Thread-3"                   daemon [_thread_in_native, id=2924, stack(0x000000bc1f400000,0x000000bc1f500000) (1024K)]
  0x00000223f6086170 JavaThread "Thread-4"                   daemon [_thread_in_native, id=15460, stack(0x000000bc1f500000,0x000000bc1f600000) (1024K)]
  0x00000223f6086800 JavaThread "Thread-5"                   daemon [_thread_in_native, id=30932, stack(0x000000bc1f600000,0x000000bc1f700000) (1024K)]
  0x00000223f6083a10 JavaThread "Thread-6"                   daemon [_thread_in_native, id=22024, stack(0x000000bc1f700000,0x000000bc1f800000) (1024K)]
  0x00000223f6085ae0 JavaThread "Thread-7"                   daemon [_thread_in_native, id=28416, stack(0x000000bc1f800000,0x000000bc1f900000) (1024K)]
  0x00000223f954cdf0 JavaThread "Thread-8"                   daemon [_thread_in_native, id=10664, stack(0x000000bc1f900000,0x000000bc1fa00000) (1024K)]
  0x00000223f954eec0 JavaThread "Thread-9"                   daemon [_thread_in_native, id=16288, stack(0x000000bc1fa00000,0x000000bc1fb00000) (1024K)]
  0x00000223f954f550 JavaThread "pool-2-thread-1"                   [_thread_blocked, id=1512, stack(0x000000bc1fb00000,0x000000bc1fc00000) (1024K)]
  0x00000223f954fbe0 JavaThread "LocalFile Deleter"          daemon [_thread_blocked, id=1720, stack(0x000000bc1fc00000,0x000000bc1fd00000) (1024K)]
  0x00000223f9550270 JavaThread "LocalFile Deleter"          daemon [_thread_blocked, id=11892, stack(0x000000bc1fd00000,0x000000bc1fe00000) (1024K)]
  0x00000223f9550900 JavaThread "LocalFile Deleter"          daemon [_thread_blocked, id=30948, stack(0x000000bc1fe00000,0x000000bc1ff00000) (1024K)]
  0x00000223f954d480 JavaThread "LocalFile Deleter"          daemon [_thread_blocked, id=32484, stack(0x000000bc1ff00000,0x000000bc20000000) (1024K)]
  0x00000223f9550f90 JavaThread "LocalFile Deleter"          daemon [_thread_blocked, id=29816, stack(0x000000bc20000000,0x000000bc20100000) (1024K)]
  0x00000223f954db10 JavaThread "LocalFile Deleter"          daemon [_thread_blocked, id=21272, stack(0x000000bc20100000,0x000000bc20200000) (1024K)]
  0x00000223f9551620 JavaThread "LocalFile Deleter"          daemon [_thread_blocked, id=20740, stack(0x000000bc20200000,0x000000bc20300000) (1024K)]
  0x00000223f954e1a0 JavaThread "LocalFile Deleter"          daemon [_thread_blocked, id=28100, stack(0x000000bc20300000,0x000000bc20400000) (1024K)]
  0x00000223f9554410 JavaThread "WorkspaceEventsHandler"            [_thread_blocked, id=7816, stack(0x000000bc20400000,0x000000bc20500000) (1024K)]
  0x00000223f9552340 JavaThread "pool-1-thread-1"                   [_thread_blocked, id=15880, stack(0x000000bc20500000,0x000000bc20600000) (1024K)]
  0x00000223f95536f0 JavaThread "Compiler Source File Reader" daemon [_thread_blocked, id=25584, stack(0x000000bc20600000,0x000000bc20700000) (1024K)]
  0x00000223f95529d0 JavaThread "Compiler Source File Reader" daemon [_thread_blocked, id=172, stack(0x000000bc20700000,0x000000bc20800000) (1024K)]
  0x00000223f9553d80 JavaThread "Compiler Source File Reader" daemon [_thread_blocked, id=27256, stack(0x000000bc20800000,0x000000bc20900000) (1024K)]
  0x00000223f9553060 JavaThread "Compiler Source File Reader" daemon [_thread_blocked, id=25728, stack(0x000000bc20900000,0x000000bc20a00000) (1024K)]
  0x00000223f8f86490 JavaThread "Compiler Source File Reader" daemon [_thread_blocked, id=26276, stack(0x000000bc20a00000,0x000000bc20b00000) (1024K)]
  0x00000223f8f85770 JavaThread "Compiler Source File Reader" daemon [_thread_blocked, id=25900, stack(0x000000bc20b00000,0x000000bc20c00000) (1024K)]
  0x00000223f707e4f0 JavaThread "C2 CompilerThread2"         daemon [_thread_in_native, id=22272, stack(0x000000bc1ea00000,0x000000bc1eb00000) (1024K)]
Total: 55

Other Threads:
  0x00000223d943fa60 VMThread "VM Thread"                           [id=8248, stack(0x000000bc1cc00000,0x000000bc1cd00000) (1024K)]
  0x00000223d940b020 WatcherThread "VM Periodic Task Thread"        [id=13216, stack(0x000000bc1cb00000,0x000000bc1cc00000) (1024K)]
  0x00000223d93bd830 WorkerThread "GC Thread#0"                     [id=4092, stack(0x000000bc1ca00000,0x000000bc1cb00000) (1024K)]
  0x00000223f63f6bc0 WorkerThread "GC Thread#1"                     [id=31756, stack(0x000000bc1d800000,0x000000bc1d900000) (1024K)]
  0x00000223f640ee50 WorkerThread "GC Thread#2"                     [id=15472, stack(0x000000bc1d900000,0x000000bc1da00000) (1024K)]
  0x00000223f640f200 WorkerThread "GC Thread#3"                     [id=2588, stack(0x000000bc1da00000,0x000000bc1db00000) (1024K)]
  0x00000223f640f5b0 WorkerThread "GC Thread#4"                     [id=9260, stack(0x000000bc1db00000,0x000000bc1dc00000) (1024K)]
  0x00000223f640f960 WorkerThread "GC Thread#5"                     [id=2660, stack(0x000000bc1dc00000,0x000000bc1dd00000) (1024K)]
  0x00000223f640fd10 WorkerThread "GC Thread#6"                     [id=1992, stack(0x000000bc1dd00000,0x000000bc1de00000) (1024K)]
  0x00000223f68b21d0 WorkerThread "GC Thread#7"                     [id=25848, stack(0x000000bc1d700000,0x000000bc1d800000) (1024K)]
Total: 10

Threads with active compile tasks:
C2 CompilerThread0  28477 6838   !   4       org.eclipse.osgi.internal.loader.classpath.ClasspathManager::defineClass (636 bytes)
C2 CompilerThread1  28480 7375       4       org.eclipse.jdt.internal.compiler.parser.Parser::consumeRule (7843 bytes)
C2 CompilerThread2  28483 7418       4       org.objectweb.asm.ByteVector::putUTF8 (144 bytes)
Total: 3

VM state: not at safepoint (normal execution)

VM Mutex/Monitor currently owned by a thread: None

Heap address: 0x0000000080000000, size: 2048 MB, Compressed Oops mode: 32-bit

CDS archive(s) mapped at: [0x0000022380000000-0x0000022380ba0000-0x0000022380ba0000), size 12189696, SharedBaseAddress: 0x0000022380000000, ArchiveRelocationMode: 1.
Compressed class space mapped at: 0x0000022381000000-0x00000223c1000000, reserved size: 1073741824
Narrow klass base: 0x0000022380000000, Narrow klass shift: 0, Narrow klass range: 0x100000000

GC Precious Log:
 CardTable entry size: 512
 CPUs: 8 total, 8 available
 Memory: 12055M
 Large Page Support: Disabled
 NUMA Support: Disabled
 Compressed Oops: Enabled (32-bit)
 Alignments: Space 512K, Generation 512K, Heap 2M
 Heap Min Capacity: 100M
 Heap Initial Capacity: 100M
 Heap Max Capacity: 2G
 Pre-touch: Disabled
 Parallel Workers: 8

Heap:
 PSYoungGen      total 19968K, used 9916K [0x00000000d5580000, 0x00000000d7300000, 0x0000000100000000)
  eden space 19456K, 48% used [0x00000000d5580000,0x00000000d5eaf058,0x00000000d6880000)
  from space 512K, 100% used [0x00000000d6d00000,0x00000000d6d80000,0x00000000d6d80000)
  to   space 4608K, 0% used [0x00000000d6880000,0x00000000d6880000,0x00000000d6d00000)
 ParOldGen       total 68608K, used 40822K [0x0000000080000000, 0x0000000084300000, 0x00000000d5580000)
  object space 68608K, 59% used [0x0000000080000000,0x00000000827dd8b8,0x0000000084300000)
 Metaspace       used 51283K, committed 52544K, reserved 1114112K
  class space    used 5474K, committed 6016K, reserved 1048576K

Card table byte_map: [0x00000223d8d40000,0x00000223d9150000] _byte_map_base: 0x00000223d8940000

Marking Bits: (ParMarkBitMap*) 0x00007ffb0b314460
 Begin Bits: [0x00000223eb850000, 0x00000223ed850000)
 End Bits:   [0x00000223ed850000, 0x00000223ef850000)

Polling page: 0x00000223d71d0000

Metaspace:

Usage:
  Non-class:     44.74 MB used.
      Class:      5.35 MB used.
       Both:     50.08 MB used.

Virtual space:
  Non-class space:       64.00 MB reserved,      45.44 MB ( 71%) committed,  1 nodes.
      Class space:        1.00 GB reserved,       5.88 MB ( <1%) committed,  1 nodes.
             Both:        1.06 GB reserved,      51.31 MB (  5%) committed. 

Chunk freelists:
   Non-Class:  1.98 MB
       Class:  10.03 MB
        Both:  12.02 MB

MaxMetaspaceSize: unlimited
CompressedClassSpaceSize: 1.00 GB
Initial GC threshold: 21.00 MB
Current GC threshold: 58.38 MB
CDS: on
 - commit_granule_bytes: 65536.
 - commit_granule_words: 8192.
 - virtual_space_node_default_size: 8388608.
 - enlarge_chunks_in_place: 1.
 - use_allocation_guard: 0.


Internal statistics:

num_allocs_failed_limit: 6.
num_arena_births: 890.
num_arena_deaths: 14.
num_vsnodes_births: 2.
num_vsnodes_deaths: 0.
num_space_committed: 821.
num_space_uncommitted: 0.
num_chunks_returned_to_freelist: 20.
num_chunks_taken_from_freelist: 3335.
num_chunk_merges: 12.
num_chunk_splits: 1993.
num_chunks_enlarged: 1021.
num_inconsistent_stats: 0.

CodeHeap 'non-profiled nmethods': size=120000Kb used=3950Kb max_used=3950Kb free=116049Kb
 bounds [0x00000223e4070000, 0x00000223e4450000, 0x00000223eb5a0000]
CodeHeap 'profiled nmethods': size=120000Kb used=15370Kb max_used=15370Kb free=104629Kb
 bounds [0x00000223dc5a0000, 0x00000223dd4b0000, 0x00000223e3ad0000]
CodeHeap 'non-nmethods': size=5760Kb used=1458Kb max_used=1472Kb free=4301Kb
 bounds [0x00000223e3ad0000, 0x00000223e3d40000, 0x00000223e4070000]
CodeCache: size=245760Kb, used=20778Kb, max_used=20792Kb, free=224979Kb
 total_blobs=7694, nmethods=6982, adapters=616, full_count=0
Compilation: enabled, stopped_count=0, restarted_count=0

Compilation events (20 events):
Event: 24.391 Thread 0x00000223f161e690 nmethod 7564 0x00000223dd496410 code [0x00000223dd4965e0, 0x00000223dd4968e0]
Event: 24.391 Thread 0x00000223f161e690 7565       2       org.eclipse.jdt.internal.compiler.util.SortedCharArrays$$Lambda/0x00000223815c6fb0::compare (12 bytes)
Event: 24.392 Thread 0x00000223f161e690 nmethod 7565 0x00000223dd496a10 code [0x00000223dd496bc0, 0x00000223dd496d60]
Event: 24.392 Thread 0x00000223f161e690 7557       2       org.eclipse.jdt.internal.core.JavaModelManager::getOption (159 bytes)
Event: 27.418 Thread 0x00000223f707e4f0 nmethod 7390% 0x00000223e4445c10 code [0x00000223e4446120, 0x00000223e44489d8]
Event: 27.419 Thread 0x00000223f707e4f0 7541       4       jdk.internal.util.ArraysSupport::hashCode (33 bytes)
Event: 27.420 Thread 0x00000223f161e690 nmethod 7557 0x00000223dd496e90 code [0x00000223dd497160, 0x00000223dd497918]
Event: 27.420 Thread 0x00000223f161e690 7570 %     3       java.util.regex.Pattern::sequence @ 4 (647 bytes)
Event: 27.423 Thread 0x00000223f161e690 nmethod 7570% 0x00000223dd497e90 code [0x00000223dd498480, 0x00000223dd49b4d8]
Event: 27.423 Thread 0x00000223f161e690 7569       3       java.util.regex.Pattern$Node::study (21 bytes)
Event: 27.423 Thread 0x00000223f161e690 nmethod 7569 0x00000223dd49c390 code [0x00000223dd49c540, 0x00000223dd49c780]
Event: 27.423 Thread 0x00000223f161e690 7571       2       java.net.JarURLConnection::parseSpecs (140 bytes)
Event: 27.424 Thread 0x00000223f161e690 nmethod 7571 0x00000223dd49c890 code [0x00000223dd49cb00, 0x00000223dd49d200]
Event: 27.424 Thread 0x00000223f161e690 7572       2       sun.net.www.protocol.jar.JarURLConnection::getInputStream (96 bytes)
Event: 27.425 Thread 0x00000223f161e690 nmethod 7572 0x00000223dd49d610 code [0x00000223dd49d860, 0x00000223dd49de00]
Event: 27.425 Thread 0x00000223f161e690 7551       1       org.objectweb.asm.SymbolTable::getConstantPoolCount (5 bytes)
Event: 27.425 Thread 0x00000223f161e690 nmethod 7551 0x00000223e444a510 code [0x00000223e444a6a0, 0x00000223e444a768]
Event: 27.425 Thread 0x00000223f161e690 7568       1       java.lang.ClassValue$ClassValueMap::getCache (5 bytes)
Event: 27.425 Thread 0x00000223f161e690 nmethod 7568 0x00000223e444a810 code [0x00000223e444a9a0, 0x00000223e444aa68]
Event: 28.078 Thread 0x00000223f161e690 7574   !   2       org.eclipse.core.internal.jobs.JobManager::select (160 bytes)

GC Heap History (20 events):
Event: 18.456 GC heap before
{Heap before GC invocations=19 (full 2):
 PSYoungGen      total 22528K, used 22516K [0x00000000d5580000, 0x00000000d7400000, 0x0000000100000000)
  eden space 20992K, 100% used [0x00000000d5580000,0x00000000d6a00000,0x00000000d6a00000)
  from space 1536K, 99% used [0x00000000d6e80000,0x00000000d6ffd2a8,0x00000000d7000000)
  to   space 4608K, 0% used [0x00000000d6a00000,0x00000000d6a00000,0x00000000d6e80000)
 ParOldGen       total 68608K, used 23526K [0x0000000080000000, 0x0000000084300000, 0x00000000d5580000)
  object space 68608K, 34% used [0x0000000080000000,0x00000000816f98a0,0x0000000084300000)
 Metaspace       used 36756K, committed 37888K, reserved 1114112K
  class space    used 3821K, committed 4288K, reserved 1048576K
}
Event: 18.461 GC heap after
{Heap after GC invocations=19 (full 2):
 PSYoungGen      total 23552K, used 2465K [0x00000000d5580000, 0x00000000d7100000, 0x0000000100000000)
  eden space 20992K, 0% used [0x00000000d5580000,0x00000000d5580000,0x00000000d6a00000)
  from space 2560K, 96% used [0x00000000d6a00000,0x00000000d6c686e0,0x00000000d6c80000)
  to   space 3584K, 0% used [0x00000000d6d80000,0x00000000d6d80000,0x00000000d7100000)
 ParOldGen       total 68608K, used 24920K [0x0000000080000000, 0x0000000084300000, 0x00000000d5580000)
  object space 68608K, 36% used [0x0000000080000000,0x0000000081856268,0x0000000084300000)
 Metaspace       used 36756K, committed 37888K, reserved 1114112K
  class space    used 3821K, committed 4288K, reserved 1048576K
}
Event: 18.637 GC heap before
{Heap before GC invocations=20 (full 2):
 PSYoungGen      total 23552K, used 23457K [0x00000000d5580000, 0x00000000d7100000, 0x0000000100000000)
  eden space 20992K, 100% used [0x00000000d5580000,0x00000000d6a00000,0x00000000d6a00000)
  from space 2560K, 96% used [0x00000000d6a00000,0x00000000d6c686e0,0x00000000d6c80000)
  to   space 3584K, 0% used [0x00000000d6d80000,0x00000000d6d80000,0x00000000d7100000)
 ParOldGen       total 68608K, used 24920K [0x0000000080000000, 0x0000000084300000, 0x00000000d5580000)
  object space 68608K, 36% used [0x0000000080000000,0x0000000081856268,0x0000000084300000)
 Metaspace       used 37304K, committed 38528K, reserved 1114112K
  class space    used 3887K, committed 4416K, reserved 1048576K
}
Event: 18.642 GC heap after
{Heap after GC invocations=20 (full 2):
 PSYoungGen      total 23040K, used 1824K [0x00000000d5580000, 0x00000000d6f80000, 0x0000000100000000)
  eden space 20992K, 0% used [0x00000000d5580000,0x00000000d5580000,0x00000000d6a00000)
  from space 2048K, 89% used [0x00000000d6d80000,0x00000000d6f48000,0x00000000d6f80000)
  to   space 2560K, 0% used [0x00000000d6a80000,0x00000000d6a80000,0x00000000d6d00000)
 ParOldGen       total 68608K, used 27228K [0x0000000080000000, 0x0000000084300000, 0x00000000d5580000)
  object space 68608K, 39% used [0x0000000080000000,0x0000000081a97088,0x0000000084300000)
 Metaspace       used 37304K, committed 38528K, reserved 1114112K
  class space    used 3887K, committed 4416K, reserved 1048576K
}
Event: 18.854 GC heap before
{Heap before GC invocations=21 (full 2):
 PSYoungGen      total 23040K, used 22816K [0x00000000d5580000, 0x00000000d6f80000, 0x0000000100000000)
  eden space 20992K, 100% used [0x00000000d5580000,0x00000000d6a00000,0x00000000d6a00000)
  from space 2048K, 89% used [0x00000000d6d80000,0x00000000d6f48000,0x00000000d6f80000)
  to   space 2560K, 0% used [0x00000000d6a80000,0x00000000d6a80000,0x00000000d6d00000)
 ParOldGen       total 68608K, used 27314K [0x0000000080000000, 0x0000000084300000, 0x00000000d5580000)
  object space 68608K, 39% used [0x0000000080000000,0x0000000081aac8b8,0x0000000084300000)
 Metaspace       used 37677K, committed 38912K, reserved 1114112K
  class space    used 3933K, committed 4480K, reserved 1048576K
}
Event: 18.860 GC heap after
{Heap after GC invocations=21 (full 2):
 PSYoungGen      total 23552K, used 2486K [0x00000000d5580000, 0x00000000d7000000, 0x0000000100000000)
  eden space 20992K, 0% used [0x00000000d5580000,0x00000000d5580000,0x00000000d6a00000)
  from space 2560K, 97% used [0x00000000d6a80000,0x00000000d6ceda38,0x00000000d6d00000)
  to   space 3072K, 0% used [0x00000000d6d00000,0x00000000d6d00000,0x00000000d7000000)
 ParOldGen       total 68608K, used 28930K [0x0000000080000000, 0x0000000084300000, 0x00000000d5580000)
  object space 68608K, 42% used [0x0000000080000000,0x0000000081c408b8,0x0000000084300000)
 Metaspace       used 37677K, committed 38912K, reserved 1114112K
  class space    used 3933K, committed 4480K, reserved 1048576K
}
Event: 19.150 GC heap before
{Heap before GC invocations=22 (full 2):
 PSYoungGen      total 23552K, used 23478K [0x00000000d5580000, 0x00000000d7000000, 0x0000000100000000)
  eden space 20992K, 100% used [0x00000000d5580000,0x00000000d6a00000,0x00000000d6a00000)
  from space 2560K, 97% used [0x00000000d6a80000,0x00000000d6ceda38,0x00000000d6d00000)
  to   space 3072K, 0% used [0x00000000d6d00000,0x00000000d6d00000,0x00000000d7000000)
 ParOldGen       total 68608K, used 28958K [0x0000000080000000, 0x0000000084300000, 0x00000000d5580000)
  object space 68608K, 42% used [0x0000000080000000,0x0000000081c479b8,0x0000000084300000)
 Metaspace       used 39264K, committed 40512K, reserved 1114112K
  class space    used 4106K, committed 4672K, reserved 1048576K
}
Event: 19.156 GC heap after
{Heap after GC invocations=22 (full 2):
 PSYoungGen      total 23040K, used 1713K [0x00000000d5580000, 0x00000000d6f00000, 0x0000000100000000)
  eden space 20992K, 0% used [0x00000000d5580000,0x00000000d5580000,0x00000000d6a00000)
  from space 2048K, 83% used [0x00000000d6d00000,0x00000000d6eac5f0,0x00000000d6f00000)
  to   space 2048K, 0% used [0x00000000d6b00000,0x00000000d6b00000,0x00000000d6d00000)
 ParOldGen       total 68608K, used 31323K [0x0000000080000000, 0x0000000084300000, 0x00000000d5580000)
  object space 68608K, 45% used [0x0000000080000000,0x0000000081e96f50,0x0000000084300000)
 Metaspace       used 39264K, committed 40512K, reserved 1114112K
  class space    used 4106K, committed 4672K, reserved 1048576K
}
Event: 19.615 GC heap before
{Heap before GC invocations=23 (full 2):
 PSYoungGen      total 23040K, used 22705K [0x00000000d5580000, 0x00000000d6f00000, 0x0000000100000000)
  eden space 20992K, 100% used [0x00000000d5580000,0x00000000d6a00000,0x00000000d6a00000)
  from space 2048K, 83% used [0x00000000d6d00000,0x00000000d6eac5f0,0x00000000d6f00000)
  to   space 2048K, 0% used [0x00000000d6b00000,0x00000000d6b00000,0x00000000d6d00000)
 ParOldGen       total 68608K, used 31323K [0x0000000080000000, 0x0000000084300000, 0x00000000d5580000)
  object space 68608K, 45% used [0x0000000080000000,0x0000000081e96f80,0x0000000084300000)
 Metaspace       used 41900K, committed 43072K, reserved 1114112K
  class space    used 4407K, committed 4928K, reserved 1048576K
}
Event: 19.620 GC heap after
{Heap after GC invocations=23 (full 2):
 PSYoungGen      total 23040K, used 2024K [0x00000000d5580000, 0x00000000d7200000, 0x0000000100000000)
  eden space 20992K, 0% used [0x00000000d5580000,0x00000000d5580000,0x00000000d6a00000)
  from space 2048K, 98% used [0x00000000d6b00000,0x00000000d6cfa2f8,0x00000000d6d00000)
  to   space 4096K, 0% used [0x00000000d6e00000,0x00000000d6e00000,0x00000000d7200000)
 ParOldGen       total 68608K, used 32827K [0x0000000080000000, 0x0000000084300000, 0x00000000d5580000)
  object space 68608K, 47% used [0x0000000080000000,0x000000008200efb8,0x0000000084300000)
 Metaspace       used 41900K, committed 43072K, reserved 1114112K
  class space    used 4407K, committed 4928K, reserved 1048576K
}
Event: 20.827 GC heap before
{Heap before GC invocations=24 (full 2):
 PSYoungGen      total 23040K, used 23016K [0x00000000d5580000, 0x00000000d7200000, 0x0000000100000000)
  eden space 20992K, 100% used [0x00000000d5580000,0x00000000d6a00000,0x00000000d6a00000)
  from space 2048K, 98% used [0x00000000d6b00000,0x00000000d6cfa2f8,0x00000000d6d00000)
  to   space 4096K, 0% used [0x00000000d6e00000,0x00000000d6e00000,0x00000000d7200000)
 ParOldGen       total 68608K, used 32829K [0x0000000080000000, 0x0000000084300000, 0x00000000d5580000)
  object space 68608K, 47% used [0x0000000080000000,0x000000008200f760,0x0000000084300000)
 Metaspace       used 43728K, committed 44992K, reserved 1114112K
  class space    used 4630K, committed 5184K, reserved 1048576K
}
Event: 20.831 GC heap after
{Heap after GC invocations=24 (full 2):
 PSYoungGen      total 22016K, used 928K [0x00000000d5580000, 0x00000000d6f00000, 0x0000000100000000)
  eden space 20992K, 0% used [0x00000000d5580000,0x00000000d5580000,0x00000000d6a00000)
  from space 1024K, 90% used [0x00000000d6e00000,0x00000000d6ee8000,0x00000000d6f00000)
  to   space 2048K, 0% used [0x00000000d6b00000,0x00000000d6b00000,0x00000000d6d00000)
 ParOldGen       total 68608K, used 34800K [0x0000000080000000, 0x0000000084300000, 0x00000000d5580000)
  object space 68608K, 50% used [0x0000000080000000,0x00000000821fc330,0x0000000084300000)
 Metaspace       used 43728K, committed 44992K, reserved 1114112K
  class space    used 4630K, committed 5184K, reserved 1048576K
}
Event: 21.645 GC heap before
{Heap before GC invocations=25 (full 2):
 PSYoungGen      total 22016K, used 21920K [0x00000000d5580000, 0x00000000d6f00000, 0x0000000100000000)
  eden space 20992K, 100% used [0x00000000d5580000,0x00000000d6a00000,0x00000000d6a00000)
  from space 1024K, 90% used [0x00000000d6e00000,0x00000000d6ee8000,0x00000000d6f00000)
  to   space 2048K, 0% used [0x00000000d6b00000,0x00000000d6b00000,0x00000000d6d00000)
 ParOldGen       total 68608K, used 34800K [0x0000000080000000, 0x0000000084300000, 0x00000000d5580000)
  object space 68608K, 50% used [0x0000000080000000,0x00000000821fc330,0x0000000084300000)
 Metaspace       used 45548K, committed 46720K, reserved 1114112K
  class space    used 4850K, committed 5376K, reserved 1048576K
}
Event: 21.648 GC heap after
{Heap after GC invocations=25 (full 2):
 PSYoungGen      total 23040K, used 992K [0x00000000d5580000, 0x00000000d6e80000, 0x0000000100000000)
  eden space 20992K, 0% used [0x00000000d5580000,0x00000000d5580000,0x00000000d6a00000)
  from space 2048K, 48% used [0x00000000d6b00000,0x00000000d6bf8020,0x00000000d6d00000)
  to   space 1536K, 0% used [0x00000000d6d00000,0x00000000d6d00000,0x00000000d6e80000)
 ParOldGen       total 68608K, used 35544K [0x0000000080000000, 0x0000000084300000, 0x00000000d5580000)
  object space 68608K, 51% used [0x0000000080000000,0x00000000822b6360,0x0000000084300000)
 Metaspace       used 45548K, committed 46720K, reserved 1114112K
  class space    used 4850K, committed 5376K, reserved 1048576K
}
Event: 22.268 GC heap before
{Heap before GC invocations=26 (full 2):
 PSYoungGen      total 23040K, used 21984K [0x00000000d5580000, 0x00000000d6e80000, 0x0000000100000000)
  eden space 20992K, 100% used [0x00000000d5580000,0x00000000d6a00000,0x00000000d6a00000)
  from space 2048K, 48% used [0x00000000d6b00000,0x00000000d6bf8020,0x00000000d6d00000)
  to   space 1536K, 0% used [0x00000000d6d00000,0x00000000d6d00000,0x00000000d6e80000)
 ParOldGen       total 68608K, used 35544K [0x0000000080000000, 0x0000000084300000, 0x00000000d5580000)
  object space 68608K, 51% used [0x0000000080000000,0x00000000822b6360,0x0000000084300000)
 Metaspace       used 46559K, committed 47808K, reserved 1114112K
  class space    used 4974K, committed 5568K, reserved 1048576K
}
Event: 22.271 GC heap after
{Heap after GC invocations=26 (full 2):
 PSYoungGen      total 22528K, used 1280K [0x00000000d5580000, 0x00000000d6e80000, 0x0000000100000000)
  eden space 20992K, 0% used [0x00000000d5580000,0x00000000d5580000,0x00000000d6a00000)
  from space 1536K, 83% used [0x00000000d6d00000,0x00000000d6e40010,0x00000000d6e80000)
  to   space 1536K, 0% used [0x00000000d6b80000,0x00000000d6b80000,0x00000000d6d00000)
 ParOldGen       total 68608K, used 36440K [0x0000000080000000, 0x0000000084300000, 0x00000000d5580000)
  object space 68608K, 53% used [0x0000000080000000,0x0000000082396380,0x0000000084300000)
 Metaspace       used 46559K, committed 47808K, reserved 1114112K
  class space    used 4974K, committed 5568K, reserved 1048576K
}
Event: 22.798 GC heap before
{Heap before GC invocations=27 (full 2):
 PSYoungGen      total 22528K, used 22272K [0x00000000d5580000, 0x00000000d6e80000, 0x0000000100000000)
  eden space 20992K, 100% used [0x00000000d5580000,0x00000000d6a00000,0x00000000d6a00000)
  from space 1536K, 83% used [0x00000000d6d00000,0x00000000d6e40010,0x00000000d6e80000)
  to   space 1536K, 0% used [0x00000000d6b80000,0x00000000d6b80000,0x00000000d6d00000)
 ParOldGen       total 68608K, used 36440K [0x0000000080000000, 0x0000000084300000, 0x00000000d5580000)
  object space 68608K, 53% used [0x0000000080000000,0x0000000082396380,0x0000000084300000)
 Metaspace       used 48440K, committed 49664K, reserved 1114112K
  class space    used 5166K, committed 5696K, reserved 1048576K
}
Event: 22.802 GC heap after
{Heap after GC invocations=27 (full 2):
 PSYoungGen      total 22528K, used 1024K [0x00000000d5580000, 0x00000000d6d80000, 0x0000000100000000)
  eden space 20992K, 0% used [0x00000000d5580000,0x00000000d5580000,0x00000000d6a00000)
  from space 1536K, 66% used [0x00000000d6b80000,0x00000000d6c80030,0x00000000d6d00000)
  to   space 512K, 0% used [0x00000000d6d00000,0x00000000d6d00000,0x00000000d6d80000)
 ParOldGen       total 68608K, used 37490K [0x0000000080000000, 0x0000000084300000, 0x00000000d5580000)
  object space 68608K, 54% used [0x0000000080000000,0x000000008249cbf0,0x0000000084300000)
 Metaspace       used 48440K, committed 49664K, reserved 1114112K
  class space    used 5166K, committed 5696K, reserved 1048576K
}
Event: 24.098 GC heap before
{Heap before GC invocations=28 (full 2):
 PSYoungGen      total 22528K, used 22016K [0x00000000d5580000, 0x00000000d6d80000, 0x0000000100000000)
  eden space 20992K, 100% used [0x00000000d5580000,0x00000000d6a00000,0x00000000d6a00000)
  from space 1536K, 66% used [0x00000000d6b80000,0x00000000d6c80030,0x00000000d6d00000)
  to   space 512K, 0% used [0x00000000d6d00000,0x00000000d6d00000,0x00000000d6d80000)
 ParOldGen       total 68608K, used 37490K [0x0000000080000000, 0x0000000084300000, 0x00000000d5580000)
  object space 68608K, 54% used [0x0000000080000000,0x000000008249cbf0,0x0000000084300000)
 Metaspace       used 50386K, committed 51648K, reserved 1114112K
  class space    used 5362K, committed 5888K, reserved 1048576K
}
Event: 24.103 GC heap after
{Heap after GC invocations=28 (full 2):
 PSYoungGen      total 19968K, used 512K [0x00000000d5580000, 0x00000000d7300000, 0x0000000100000000)
  eden space 19456K, 0% used [0x00000000d5580000,0x00000000d5580000,0x00000000d6880000)
  from space 512K, 100% used [0x00000000d6d00000,0x00000000d6d80000,0x00000000d6d80000)
  to   space 4608K, 0% used [0x00000000d6880000,0x00000000d6880000,0x00000000d6d00000)
 ParOldGen       total 68608K, used 40822K [0x0000000080000000, 0x0000000084300000, 0x00000000d5580000)
  object space 68608K, 59% used [0x0000000080000000,0x00000000827dd8b8,0x0000000084300000)
 Metaspace       used 50386K, committed 51648K, reserved 1114112K
  class space    used 5362K, committed 5888K, reserved 1048576K
}

Dll operation events (10 events):
Event: 0.358 Loaded shared library c:\Users\rinka\.vscode\extensions\redhat.java-1.55.0-win32-x64\jre\21.0.11-win32-x86_64\bin\java.dll
Event: 0.625 Loaded shared library c:\Users\rinka\.vscode\extensions\redhat.java-1.55.0-win32-x64\jre\21.0.11-win32-x86_64\bin\zip.dll
Event: 1.720 Loaded shared library C:\Users\rinka\.vscode\extensions\redhat.java-1.55.0-win32-x64\jre\21.0.11-win32-x86_64\bin\instrument.dll
Event: 1.765 Loaded shared library C:\Users\rinka\.vscode\extensions\redhat.java-1.55.0-win32-x64\jre\21.0.11-win32-x86_64\bin\net.dll
Event: 1.773 Loaded shared library C:\Users\rinka\.vscode\extensions\redhat.java-1.55.0-win32-x64\jre\21.0.11-win32-x86_64\bin\nio.dll
Event: 1.782 Loaded shared library C:\Users\rinka\.vscode\extensions\redhat.java-1.55.0-win32-x64\jre\21.0.11-win32-x86_64\bin\zip.dll
Event: 1.834 Loaded shared library C:\Users\rinka\.vscode\extensions\redhat.java-1.55.0-win32-x64\jre\21.0.11-win32-x86_64\bin\jimage.dll
Event: 2.198 Loaded shared library c:\Users\rinka\.vscode\extensions\redhat.java-1.55.0-win32-x64\jre\21.0.11-win32-x86_64\bin\verify.dll
Event: 6.632 Loaded shared library C:\Users\rinka\AppData\Roaming\Code\User\globalStorage\redhat.java\1.55.0\config_win\org.eclipse.equinox.launcher\org.eclipse.equinox.launcher.win32.win32.x86_64_1.3.100.v20260613-0559\eclipse_11924.dll
Event: 12.012 Loaded shared library C:\Users\rinka\AppData\Local\Temp\jna-108518573\jna5421704987794055960.dll

Deoptimization events (20 events):
Event: 24.244 Thread 0x00000223f6917880 Uncommon trap: trap_request=0xffffff45 fr.pc=0x00000223e42f15ec relative=0x000000000000030c
Event: 24.244 Thread 0x00000223f6917880 Uncommon trap: reason=unstable_if action=reinterpret pc=0x00000223e42f15ec method=jdk.internal.jimage.ImageStringsReader.stringFromByteBufferMatches(Ljava/nio/ByteBuffer;ILjava/lang/String;I)I @ 59 c2
Event: 24.244 Thread 0x00000223f6917880 DEOPT PACKING pc=0x00000223e42f15ec sp=0x000000bc1ebfd2f0
Event: 24.244 Thread 0x00000223f6917880 DEOPT UNPACKING pc=0x00000223e3b26da2 sp=0x000000bc1ebfd268 mode 2
Event: 24.244 Thread 0x00000223f6917880 Uncommon trap: trap_request=0xffffff45 fr.pc=0x00000223e414a26c relative=0x000000000000086c
Event: 24.244 Thread 0x00000223f6917880 Uncommon trap: reason=unstable_if action=reinterpret pc=0x00000223e414a26c method=jdk.internal.jrtfs.JrtFileSystem.checkNode(Ljdk/internal/jrtfs/JrtPath;)Ljdk/internal/jimage/ImageReader$Node; @ 16 c2
Event: 24.244 Thread 0x00000223f6917880 DEOPT PACKING pc=0x00000223e414a26c sp=0x000000bc1ebfd5e0
Event: 24.244 Thread 0x00000223f6917880 DEOPT UNPACKING pc=0x00000223e3b26da2 sp=0x000000bc1ebfd5f0 mode 2
Event: 24.258 Thread 0x00000223f6917880 Uncommon trap: trap_request=0xffffffde fr.pc=0x00000223e42abeb4 relative=0x0000000000000774
Event: 24.258 Thread 0x00000223f6917880 Uncommon trap: reason=class_check action=maybe_recompile pc=0x00000223e42abeb4 method=java.util.HashMap.putVal(ILjava/lang/Object;Ljava/lang/Object;ZZ)Ljava/lang/Object; @ 203 c2
Event: 24.258 Thread 0x00000223f6917880 DEOPT PACKING pc=0x00000223e42abeb4 sp=0x000000bc1ebfe160
Event: 24.258 Thread 0x00000223f6917880 DEOPT UNPACKING pc=0x00000223e3b26da2 sp=0x000000bc1ebfe0d0 mode 2
Event: 24.259 Thread 0x00000223f6917880 Uncommon trap: trap_request=0xffffffde fr.pc=0x00000223e42abeb4 relative=0x0000000000000774
Event: 24.259 Thread 0x00000223f6917880 Uncommon trap: reason=class_check action=maybe_recompile pc=0x00000223e42abeb4 method=java.util.HashMap.putVal(ILjava/lang/Object;Ljava/lang/Object;ZZ)Ljava/lang/Object; @ 203 c2
Event: 24.259 Thread 0x00000223f6917880 DEOPT PACKING pc=0x00000223e42abeb4 sp=0x000000bc1ebfe160
Event: 24.259 Thread 0x00000223f6917880 DEOPT UNPACKING pc=0x00000223e3b26da2 sp=0x000000bc1ebfe0d0 mode 2
Event: 24.365 Thread 0x00000223f6919950 DEOPT PACKING pc=0x00000223dd40dfa7 sp=0x000000bc1e5fd7e0
Event: 24.365 Thread 0x00000223f6919950 DEOPT UNPACKING pc=0x00000223e3b278e2 sp=0x000000bc1e5fcce0 mode 0
Event: 27.819 Thread 0x00000223f69192c0 DEOPT PACKING pc=0x00000223dc8b923f sp=0x000000bc1e8ff1d0
Event: 27.819 Thread 0x00000223f69192c0 DEOPT UNPACKING pc=0x00000223e3b278e2 sp=0x000000bc1e8fe698 mode 0

Classes loaded (20 events):
Event: 22.805 Loading class java/util/regex/Pattern$Caret
Event: 22.805 Loading class java/util/regex/Pattern$Caret done
Event: 22.893 Loading class jdk/internal/org/objectweb/asm/ClassReader
Event: 22.894 Loading class jdk/internal/org/objectweb/asm/ClassReader done
Event: 24.238 Loading class java/util/stream/ReferencePipeline$4
Event: 24.239 Loading class java/util/stream/ReferencePipeline$4 done
Event: 24.242 Loading class java/util/stream/Nodes$IntFixedNodeBuilder
Event: 24.243 Loading class java/util/stream/Node$Builder$OfInt
Event: 24.243 Loading class java/util/stream/Node$Builder$OfInt done
Event: 24.243 Loading class java/util/stream/Nodes$IntArrayNode
Event: 24.243 Loading class java/util/stream/Nodes$IntArrayNode done
Event: 24.243 Loading class java/util/stream/Nodes$IntFixedNodeBuilder done
Event: 24.243 Loading class java/util/stream/ReferencePipeline$4$1
Event: 24.244 Loading class java/util/stream/ReferencePipeline$4$1 done
Event: 24.248 Loading class java/util/stream/ReduceOps$4
Event: 24.248 Loading class java/util/stream/ReduceOps$4 done
Event: 24.248 Loading class java/util/stream/ReduceOps$4ReducingSink
Event: 24.248 Loading class java/util/stream/ReduceOps$4ReducingSink done
Event: 24.254 Loading class java/nio/file/Files$2
Event: 24.254 Loading class java/nio/file/Files$2 done

Classes unloaded (7 events):
Event: 13.899 Thread 0x00000223d943fa60 Unloading class 0x00000223811a5400 'java/lang/invoke/LambdaForm$MH+0x00000223811a5400'
Event: 13.899 Thread 0x00000223d943fa60 Unloading class 0x00000223811a5000 'java/lang/invoke/LambdaForm$MH+0x00000223811a5000'
Event: 13.899 Thread 0x00000223d943fa60 Unloading class 0x00000223811a4c00 'java/lang/invoke/LambdaForm$MH+0x00000223811a4c00'
Event: 13.899 Thread 0x00000223d943fa60 Unloading class 0x00000223811a4800 'java/lang/invoke/LambdaForm$MH+0x00000223811a4800'
Event: 13.899 Thread 0x00000223d943fa60 Unloading class 0x00000223811a4400 'java/lang/invoke/LambdaForm$BMH+0x00000223811a4400'
Event: 13.899 Thread 0x00000223d943fa60 Unloading class 0x00000223811a4000 'java/lang/invoke/LambdaForm$DMH+0x00000223811a4000'
Event: 13.899 Thread 0x00000223d943fa60 Unloading class 0x00000223811a2c00 'java/lang/invoke/LambdaForm$DMH+0x00000223811a2c00'

Classes redefined (0 events):
No events

Internal exceptions (20 events):
Event: 23.683 Thread 0x00000223f6917880 Exception <a 'java/lang/NullPointerException'{0x00000000d63cb520}> (0x00000000d63cb520) 
thrown [s\src\hotspot\share\interpreter\linkResolver.cpp, line 1372]
Event: 23.794 Thread 0x00000223f6917880 Exception <a 'java/lang/NullPointerException'{0x00000000d6528798}> (0x00000000d6528798) 
thrown [s\src\hotspot\share\interpreter\linkResolver.cpp, line 1372]
Event: 23.961 Thread 0x00000223f6917880 Exception <a 'java/lang/NullPointerException'{0x00000000d672c9b8}> (0x00000000d672c9b8) 
thrown [s\src\hotspot\share\interpreter\linkResolver.cpp, line 1372]
Event: 23.961 Thread 0x00000223f6917880 Exception <a 'java/lang/NullPointerException'{0x00000000d672d0a8}> (0x00000000d672d0a8) 
thrown [s\src\hotspot\share\interpreter\linkResolver.cpp, line 1372]
Event: 23.964 Thread 0x00000223f6917880 Exception <a 'java/lang/NullPointerException'{0x00000000d67397c8}> (0x00000000d67397c8) 
thrown [s\src\hotspot\share\interpreter\linkResolver.cpp, line 1372]
Event: 23.964 Thread 0x00000223f6917880 Exception <a 'java/lang/NullPointerException'{0x00000000d6739fb0}> (0x00000000d6739fb0) 
thrown [s\src\hotspot\share\interpreter\linkResolver.cpp, line 1372]
Event: 23.968 Thread 0x00000223f6917880 Exception <a 'java/lang/NullPointerException'{0x00000000d6741b30}> (0x00000000d6741b30) 
thrown [s\src\hotspot\share\interpreter\linkResolver.cpp, line 1372]
Event: 23.973 Thread 0x00000223f6917880 Exception <a 'java/lang/NullPointerException'{0x00000000d674cc18}> (0x00000000d674cc18) 
thrown [s\src\hotspot\share\interpreter\linkResolver.cpp, line 1372]
Event: 23.973 Thread 0x00000223f6917880 Exception <a 'java/lang/NullPointerException'{0x00000000d674d410}> (0x00000000d674d410) 
thrown [s\src\hotspot\share\interpreter\linkResolver.cpp, line 1372]
Event: 23.977 Thread 0x00000223f6917880 Exception <a 'java/lang/NullPointerException'{0x00000000d67cc6e8}> (0x00000000d67cc6e8) 
thrown [s\src\hotspot\share\interpreter\linkResolver.cpp, line 1372]
Event: 24.061 Thread 0x00000223f6917880 Exception <a 'java/lang/NullPointerException'{0x00000000d6920150}> (0x00000000d6920150) 
thrown [s\src\hotspot\share\interpreter\linkResolver.cpp, line 1372]
Event: 24.067 Thread 0x00000223f6917880 Exception <a 'java/lang/NullPointerException'{0x00000000d692b430}> (0x00000000d692b430) 
thrown [s\src\hotspot\share\interpreter\linkResolver.cpp, line 1372]
Event: 24.202 Thread 0x00000223f6918c30 Exception <a 'java/lang/NullPointerException'{0x00000000d55d5150}> (0x00000000d55d5150) 
thrown [s\src\hotspot\share\interpreter\linkResolver.cpp, line 1372]
Event: 24.205 Thread 0x00000223f6918c30 Exception <a 'java/lang/NullPointerException'{0x00000000d55d5710}> (0x00000000d55d5710) 
thrown [s\src\hotspot\share\interpreter\linkResolver.cpp, line 1372]
Event: 24.211 Thread 0x00000223f6918c30 Exception <a 'java/lang/NullPointerException'{0x00000000d57adb48}> (0x00000000d57adb48) 
thrown [s\src\hotspot\share\interpreter\linkResolver.cpp, line 1372]
Event: 24.215 Thread 0x00000223f6918c30 Exception <a 'java/lang/NullPointerException'{0x00000000d57b4ab0}> (0x00000000d57b4ab0) 
thrown [s\src\hotspot\share\interpreter\linkResolver.cpp, line 1372]
Event: 24.257 Thread 0x00000223f6917880 Exception <a 'java/lang/NoSuchMethodError'{0x00000000d58d46e0}: 'int java.lang.invoke.DirectMethodHandle$Holder.invokeSpecialIFC(java.lang.Object, java.lang.Object, java.lang.Object)'> (0x00000000d58d46e0) 
thrown [s\src\hotspot\share\interpreter\linkResolver.cpp, line 773]
Event: 24.297 Thread 0x00000223f6918c30 Exception <a 'java/lang/NullPointerException'{0x00000000d5a1ee58}> (0x00000000d5a1ee58) 
thrown [s\src\hotspot\share\interpreter\linkResolver.cpp, line 1372]
Event: 24.297 Thread 0x00000223f6918c30 Exception <a 'java/lang/NullPointerException'{0x00000000d5a1f448}> (0x00000000d5a1f448) 
thrown [s\src\hotspot\share\interpreter\linkResolver.cpp, line 1372]
Event: 24.335 Thread 0x00000223f6918c30 Exception <a 'java/lang/NullPointerException'{0x00000000d5a25148}> (0x00000000d5a25148) 
thrown [s\src\hotspot\share\interpreter\linkResolver.cpp, line 1372]

ZGC Phase Switch (0 events):
No events

VM Operations (20 events):
Event: 19.610 Executing safepoint VM operation: ParallelGCFailedAllocation (Allocation Failure)
Event: 19.613 Executing safepoint VM operation: ParallelGCFailedAllocation (Allocation Failure) done
Event: 19.615 Executing safepoint VM operation: ParallelGCSystemGC (GCLocker Initiated GC)
Event: 19.620 Executing safepoint VM operation: ParallelGCSystemGC (GCLocker Initiated GC) done
Event: 20.822 Executing safepoint VM operation: ParallelGCFailedAllocation (Allocation Failure)
Event: 20.831 Executing safepoint VM operation: ParallelGCFailedAllocation (Allocation Failure) done
Event: 21.197 Executing non-safepoint VM operation: HandshakeAllThreads (Deoptimize)
Event: 21.321 Executing non-safepoint VM operation: HandshakeAllThreads (Deoptimize) done
Event: 21.623 Executing safepoint VM operation: ParallelGCFailedAllocation (Allocation Failure)
Event: 21.648 Executing safepoint VM operation: ParallelGCFailedAllocation (Allocation Failure) done
Event: 22.267 Executing safepoint VM operation: ParallelGCFailedAllocation (Allocation Failure)
Event: 22.271 Executing safepoint VM operation: ParallelGCFailedAllocation (Allocation Failure) done
Event: 22.792 Executing safepoint VM operation: ParallelGCFailedAllocation (Allocation Failure)
Event: 22.802 Executing safepoint VM operation: ParallelGCFailedAllocation (Allocation Failure) done
Event: 23.139 Executing non-safepoint VM operation: HandshakeAllThreads (Deoptimize)
Event: 23.436 Executing non-safepoint VM operation: HandshakeAllThreads (Deoptimize) done
Event: 24.097 Executing safepoint VM operation: ParallelGCFailedAllocation (Allocation Failure)
Event: 24.103 Executing safepoint VM operation: ParallelGCFailedAllocation (Allocation Failure) done
Event: 25.104 Executing safepoint VM operation: Cleanup
Event: 26.423 Executing safepoint VM operation: Cleanup done

Memory protections (0 events):
No events

Nmethod flushes (20 events):
Event: 17.668 Thread 0x00000223d943fa60 flushing  nmethod 0x00000223dcbfa390
Event: 17.668 Thread 0x00000223d943fa60 flushing  nmethod 0x00000223dcbfd690
Event: 17.668 Thread 0x00000223d943fa60 flushing  nmethod 0x00000223dcc38610
Event: 17.668 Thread 0x00000223d943fa60 flushing  nmethod 0x00000223dcc38e90
Event: 17.668 Thread 0x00000223d943fa60 flushing  nmethod 0x00000223dcc3a810
Event: 17.668 Thread 0x00000223d943fa60 flushing  nmethod 0x00000223dcc3ba10
Event: 17.668 Thread 0x00000223d943fa60 flushing  nmethod 0x00000223dcc3c210
Event: 17.668 Thread 0x00000223d943fa60 flushing  nmethod 0x00000223dcc3c990
Event: 17.668 Thread 0x00000223d943fa60 flushing  nmethod 0x00000223dcc3df10
Event: 17.668 Thread 0x00000223d943fa60 flushing  nmethod 0x00000223dcc3e310
Event: 17.668 Thread 0x00000223d943fa60 flushing  nmethod 0x00000223dcc3ee90
Event: 17.668 Thread 0x00000223d943fa60 flushing  nmethod 0x00000223dcc3f790
Event: 17.668 Thread 0x00000223d943fa60 flushing  nmethod 0x00000223dcc40490
Event: 17.668 Thread 0x00000223d943fa60 flushing  nmethod 0x00000223dcc41110
Event: 17.668 Thread 0x00000223d943fa60 flushing  nmethod 0x00000223dcc41810
Event: 17.668 Thread 0x00000223d943fa60 flushing  nmethod 0x00000223dcc41d10
Event: 17.668 Thread 0x00000223d943fa60 flushing  nmethod 0x00000223dcc8df90
Event: 17.668 Thread 0x00000223d943fa60 flushing  nmethod 0x00000223dcc91810
Event: 17.668 Thread 0x00000223d943fa60 flushing  nmethod 0x00000223dcce9210
Event: 17.668 Thread 0x00000223d943fa60 flushing  nmethod 0x00000223dcceca90

Events (20 events):
Event: 18.788 Thread 0x00000223d93a0140 Thread added: 0x00000223f954eec0
Event: 18.862 Thread 0x00000223d93a0140 Thread added: 0x00000223f954f550
Event: 19.697 Thread 0x00000223f6917880 Thread added: 0x00000223f954fbe0
Event: 19.702 Thread 0x00000223f954fbe0 Thread added: 0x00000223f9550270
Event: 19.731 Thread 0x00000223f954fbe0 Thread added: 0x00000223f9550900
Event: 19.791 Thread 0x00000223f954fbe0 Thread added: 0x00000223f954d480
Event: 19.792 Thread 0x00000223f954d480 Thread added: 0x00000223f9550f90
Event: 19.798 Thread 0x00000223f9550f90 Thread added: 0x00000223f954db10
Event: 19.808 Thread 0x00000223f954fbe0 Thread added: 0x00000223f9551620
Event: 19.830 Thread 0x00000223f9550270 Thread added: 0x00000223f954e1a0
Event: 20.637 Thread 0x00000223d93a0140 Thread added: 0x00000223f9554410
Event: 20.637 Thread 0x00000223d93a0140 Thread added: 0x00000223f9552340
Event: 20.941 Thread 0x00000223f6917880 Thread added: 0x00000223f95536f0
Event: 20.941 Thread 0x00000223f6917880 Thread added: 0x00000223f95529d0
Event: 20.941 Thread 0x00000223f6917880 Thread added: 0x00000223f9553d80
Event: 20.941 Thread 0x00000223f6917880 Thread added: 0x00000223f9553060
Event: 20.942 Thread 0x00000223f6917880 Thread added: 0x00000223f8f86490
Event: 20.942 Thread 0x00000223f6917880 Thread added: 0x00000223f8f85770
Event: 22.752 Thread 0x00000223f7a4c530 Thread exited: 0x00000223f7a4c530
Event: 23.230 Thread 0x00000223f161e690 Thread added: 0x00000223f707e4f0


Dynamic libraries:
0x00007ff75a0b0000 - 0x00007ff75a0be000 	c:\Users\rinka\.vscode\extensions\redhat.java-1.55.0-win32-x64\jre\21.0.11-win32-x86_64\bin\java.exe
0x00007ffb73660000 - 0x00007ffb738c6000 	C:\WINDOWS\SYSTEM32\ntdll.dll
0x00007ffb732f0000 - 0x00007ffb733b9000 	C:\WINDOWS\System32\KERNEL32.DLL
0x00007ffb70ef0000 - 0x00007ffb712ea000 	C:\WINDOWS\System32\KERNELBASE.dll
0x00007ffb6d190000 - 0x00007ffb6d1a8000 	c:\Users\rinka\.vscode\extensions\redhat.java-1.55.0-win32-x64\jre\21.0.11-win32-x86_64\bin\jli.dll
0x00007ffb71b60000 - 0x00007ffb71d27000 	C:\WINDOWS\System32\USER32.dll
0x00007ffb708f0000 - 0x00007ffb70a3c000 	C:\WINDOWS\System32\ucrtbase.dll
0x00007ffb713a0000 - 0x00007ffb713c7000 	C:\WINDOWS\System32\win32u.dll
0x00007ffb72160000 - 0x00007ffb7218b000 	C:\WINDOWS\System32\GDI32.dll
0x00007ffb555a0000 - 0x00007ffb55832000 	C:\WINDOWS\WinSxS\amd64_microsoft.windows.common-controls_6595b64144ccf1df_6.0.26100.8521_none_3e08b75ce33403b3\COMCTL32.dll
0x00007ffb6d360000 - 0x00007ffb6d37e000 	c:\Users\rinka\.vscode\extensions\redhat.java-1.55.0-win32-x64\jre\21.0.11-win32-x86_64\bin\VCRUNTIME140.dll
0x00007ffb72200000 - 0x00007ffb722a9000 	C:\WINDOWS\System32\msvcrt.dll
0x00007ffb70dc0000 - 0x00007ffb70eeb000 	C:\WINDOWS\System32\gdi32full.dll
0x00007ffb70a40000 - 0x00007ffb70ae3000 	C:\WINDOWS\System32\msvcp_win.dll
0x00007ffb72120000 - 0x00007ffb72152000 	C:\WINDOWS\System32\IMM32.DLL
0x00007ffb6d5a0000 - 0x00007ffb6d5ac000 	c:\Users\rinka\.vscode\extensions\redhat.java-1.55.0-win32-x64\jre\21.0.11-win32-x86_64\bin\vcruntime140_1.dll
0x00007ffb6d040000 - 0x00007ffb6d0cd000 	c:\Users\rinka\.vscode\extensions\redhat.java-1.55.0-win32-x64\jre\21.0.11-win32-x86_64\bin\msvcp140.dll
0x00007ffb0a650000 - 0x00007ffb0b3f2000 	c:\Users\rinka\.vscode\extensions\redhat.java-1.55.0-win32-x64\jre\21.0.11-win32-x86_64\bin\server\jvm.dll
0x00007ffb71fe0000 - 0x00007ffb72096000 	C:\WINDOWS\System32\ADVAPI32.dll
0x00007ffb733c0000 - 0x00007ffb7346a000 	C:\WINDOWS\System32\sechost.dll
0x00007ffb73480000 - 0x00007ffb73598000 	C:\WINDOWS\System32\RPCRT4.dll
0x00007ffb72470000 - 0x00007ffb724f0000 	C:\WINDOWS\System32\WS2_32.dll
0x00007ffb70770000 - 0x00007ffb707ce000 	C:\WINDOWS\SYSTEM32\POWRPROF.dll
0x00007ffb5d6f0000 - 0x00007ffb5d726000 	C:\WINDOWS\SYSTEM32\WINMM.dll
0x00007ffb67bd0000 - 0x00007ffb67bdb000 	C:\WINDOWS\SYSTEM32\VERSION.dll
0x00007ffb70730000 - 0x00007ffb70744000 	C:\WINDOWS\SYSTEM32\UMPDC.dll
0x00007ffb6f680000 - 0x00007ffb6f69b000 	C:\WINDOWS\SYSTEM32\kernel.appcore.dll
0x00007ffb6d3a0000 - 0x00007ffb6d3aa000 	c:\Users\rinka\.vscode\extensions\redhat.java-1.55.0-win32-x64\jre\21.0.11-win32-x86_64\bin\jimage.dll
0x00007ffb6df90000 - 0x00007ffb6e1d2000 	C:\WINDOWS\SYSTEM32\DBGHELP.DLL
0x00007ffb72ad0000 - 0x00007ffb72e53000 	C:\WINDOWS\System32\combase.dll
0x00007ffb72550000 - 0x00007ffb72629000 	C:\WINDOWS\System32\OLEAUT32.dll
0x00007ffb57210000 - 0x00007ffb5724b000 	C:\WINDOWS\SYSTEM32\dbgcore.DLL
0x00007ffb712f0000 - 0x00007ffb71398000 	C:\WINDOWS\System32\bcryptPrimitives.dll
0x00007ffb6d180000 - 0x00007ffb6d18f000 	c:\Users\rinka\.vscode\extensions\redhat.java-1.55.0-win32-x64\jre\21.0.11-win32-x86_64\bin\instrument.dll
0x00007ffb6d140000 - 0x00007ffb6d160000 	c:\Users\rinka\.vscode\extensions\redhat.java-1.55.0-win32-x64\jre\21.0.11-win32-x86_64\bin\java.dll
0x00007ffb713d0000 - 0x00007ffb71b54000 	C:\WINDOWS\System32\SHELL32.dll
0x00007ffb6e4f0000 - 0x00007ffb6ed70000 	C:\WINDOWS\SYSTEM32\windows.storage.dll
0x00007ffb71d50000 - 0x00007ffb71e46000 	C:\WINDOWS\System32\SHCORE.dll
0x00007ffb72190000 - 0x00007ffb721f7000 	C:\WINDOWS\System32\shlwapi.dll
0x00007ffb70810000 - 0x00007ffb70839000 	C:\WINDOWS\SYSTEM32\profapi.dll
0x00007ffb6cf00000 - 0x00007ffb6cf18000 	c:\Users\rinka\.vscode\extensions\redhat.java-1.55.0-win32-x64\jre\21.0.11-win32-x86_64\bin\zip.dll
0x00007ffb6d170000 - 0x00007ffb6d180000 	C:\Users\rinka\.vscode\extensions\redhat.java-1.55.0-win32-x64\jre\21.0.11-win32-x86_64\bin\net.dll
0x00007ffb640a0000 - 0x00007ffb641c9000 	C:\WINDOWS\SYSTEM32\WINHTTP.dll
0x00007ffb6fbf0000 - 0x00007ffb6fc5c000 	C:\WINDOWS\system32\mswsock.dll
0x00007ffb6b460000 - 0x00007ffb6b476000 	C:\Users\rinka\.vscode\extensions\redhat.java-1.55.0-win32-x64\jre\21.0.11-win32-x86_64\bin\nio.dll
0x00007ffb6d110000 - 0x00007ffb6d120000 	c:\Users\rinka\.vscode\extensions\redhat.java-1.55.0-win32-x64\jre\21.0.11-win32-x86_64\bin\verify.dll
0x00007ffb616b0000 - 0x00007ffb616f5000 	C:\Users\rinka\AppData\Roaming\Code\User\globalStorage\redhat.java\1.55.0\config_win\org.eclipse.equinox.launcher\org.eclipse.equinox.launcher.win32.win32.x86_64_1.3.100.v20260613-0559\eclipse_11924.dll
0x00007ffb72810000 - 0x00007ffb729a8000 	C:\WINDOWS\System32\ole32.dll
0x00007ffb6fed0000 - 0x00007ffb6feeb000 	C:\WINDOWS\SYSTEM32\CRYPTSP.dll
0x00007ffb6f5e0000 - 0x00007ffb6f619000 	C:\WINDOWS\system32\rsaenh.dll
0x00007ffb6fca0000 - 0x00007ffb6fcd3000 	C:\WINDOWS\SYSTEM32\USERENV.dll
0x00007ffb707e0000 - 0x00007ffb7080a000 	C:\WINDOWS\SYSTEM32\bcrypt.dll
0x00007ffb6fef0000 - 0x00007ffb6fefc000 	C:\WINDOWS\SYSTEM32\CRYPTBASE.dll
0x00007ffb6f080000 - 0x00007ffb6f0b3000 	C:\WINDOWS\SYSTEM32\IPHLPAPI.DLL
0x00007ffb73470000 - 0x00007ffb7347a000 	C:\WINDOWS\System32\NSI.dll
0x00007ffb5ce80000 - 0x00007ffb5cec9000 	C:\Users\rinka\AppData\Local\Temp\jna-108518573\jna5421704987794055960.dll
0x00007ffb73610000 - 0x00007ffb73618000 	C:\WINDOWS\System32\PSAPI.DLL
0x00007ffb67cc0000 - 0x00007ffb67cdd000 	C:\WINDOWS\SYSTEM32\dhcpcsvc6.DLL
0x00007ffb64280000 - 0x00007ffb642a5000 	C:\WINDOWS\SYSTEM32\dhcpcsvc.DLL
0x00007ffb6f7a0000 - 0x00007ffb6f7d6000 	C:\WINDOWS\SYSTEM32\ntmarta.dll

JVMTI agents:
c:\Users\rinka\.vscode\extensions\redhat.java-1.55.0-win32-x64\lombok\lombok-1.18.39-4050.jar path:c:\Users\rinka\.vscode\extensions\redhat.java-1.55.0-win32-x64\jre\21.0.11-win32-x86_64\bin\instrument.dll, loaded, initialized, instrumentlib options:none

dbghelp: loaded successfully - version: 4.0.5 - missing functions: none
symbol engine: initialized successfully - sym options: 0x614 - pdb path: .;c:\Users\rinka\.vscode\extensions\redhat.java-1.55.0-win32-x64\jre\21.0.11-win32-x86_64\bin;C:\WINDOWS\SYSTEM32;C:\WINDOWS\WinSxS\amd64_microsoft.windows.common-controls_6595b64144ccf1df_6.0.26100.8521_none_3e08b75ce33403b3;c:\Users\rinka\.vscode\extensions\redhat.java-1.55.0-win32-x64\jre\21.0.11-win32-x86_64\bin\server;C:\Users\rinka\AppData\Roaming\Code\User\globalStorage\redhat.java\1.55.0\config_win\org.eclipse.equinox.launcher\org.eclipse.equinox.launcher.win32.win32.x86_64_1.3.100.v20260613-0559;C:\Users\rinka\AppData\Local\Temp\jna-108518573

VM Arguments:
jvm_args: --add-modules=ALL-SYSTEM --add-opens=java.base/java.util=ALL-UNNAMED --add-opens=java.base/java.lang=ALL-UNNAMED --add-opens=java.base/sun.nio.fs=ALL-UNNAMED -Declipse.application=org.eclipse.jdt.ls.core.id1 -Dosgi.bundles.defaultStartLevel=4 -Declipse.product=org.eclipse.jdt.ls.core.product -Djava.import.generatesMetadataFilesAtProjectRoot=false -DDetectVMInstallationsJob.disabled=true -Dfile.encoding=utf8 -XX:+UseParallelGC -XX:GCTimeRatio=4 -XX:AdaptiveSizePolicyWeight=90 -Dsun.zip.disableMemoryMapping=true -Xmx2G -Xms100m -Xlog:disable -javaagent:c:\Users\rinka\.vscode\extensions\redhat.java-1.55.0-win32-x64\lombok\lombok-1.18.39-4050.jar -XX:+HeapDumpOnOutOfMemoryError -XX:HeapDumpPath=c:\Users\rinka\AppData\Roaming\Code\User\workspaceStorage\49d6aa05faa5dee90abf6ba5c36567b8\redhat.java -Daether.dependencyCollector.impl=bf 
java_command: c:\Users\rinka\.vscode\extensions\redhat.java-1.55.0-win32-x64\server\plugins\org.eclipse.equinox.launcher_1.7.200.v20260619-2039.jar -configuration c:\Users\rinka\AppData\Roaming\Code\User\globalStorage\redhat.java\1.55.0\config_win -data c:\Users\rinka\AppData\Roaming\Code\User\workspaceStorage\49d6aa05faa5dee90abf6ba5c36567b8\redhat.java\jdt_ws --pipe=\\.\pipe\lsp-edcaa090e91cf4a3111bf572fbf1c0a3-sock
java_class_path (initial): c:\Users\rinka\.vscode\extensions\redhat.java-1.55.0-win32-x64\server\plugins\org.eclipse.equinox.launcher_1.7.200.v20260619-2039.jar
Launcher Type: SUN_STANDARD

[Global flags]
    uintx AdaptiveSizePolicyWeight                 = 90                                        {product} {command line}
     intx CICompilerCount                          = 4                                         {product} {ergonomic}
    uintx GCTimeRatio                              = 4                                         {product} {command line}
     bool HeapDumpOnOutOfMemoryError               = true                                   {manageable} {command line}
    ccstr HeapDumpPath                             = c:\Users\rinka\AppData\Roaming\Code\User\workspaceStorage\49d6aa05faa5dee90abf6ba5c36567b8\redhat.java         {manageable} {command line}
   size_t InitialHeapSize                          = 104857600                                 {product} {command line}
   size_t MaxHeapSize                              = 2147483648                                {product} {command line}
   size_t MaxNewSize                               = 715653120                                 {product} {ergonomic}
   size_t MinHeapDeltaBytes                        = 524288                                    {product} {ergonomic}
   size_t MinHeapSize                              = 104857600                                 {product} {command line}
   size_t NewSize                                  = 34603008                                  {product} {ergonomic}
    uintx NonNMethodCodeHeapSize                   = 5839372                                {pd product} {ergonomic}
    uintx NonProfiledCodeHeapSize                  = 122909434                              {pd product} {ergonomic}
   size_t OldSize                                  = 70254592                                  {product} {ergonomic}
    uintx ProfiledCodeHeapSize                     = 122909434                              {pd product} {ergonomic}
    uintx ReservedCodeCacheSize                    = 251658240                              {pd product} {ergonomic}
     bool SegmentedCodeCache                       = true                                      {product} {ergonomic}
   size_t SoftMaxHeapSize                          = 2147483648                             {manageable} {ergonomic}
     bool UseCompressedOops                        = true                           {product lp64_product} {ergonomic}
     bool UseLargePagesIndividualAllocation        = false                                  {pd product} {ergonomic}
     bool UseParallelGC                            = true                                      {product} {command line}

Logging:
Log output configuration:
 #0: stdout all=off uptime,level,tags foldmultilines=false
 #1: stderr all=off uptime,level,tags foldmultilines=false

Release file:
JAVA_VERSION="21.0.11" 
MODULES="java.base java.compiler java.datatransfer java.xml java.prefs java.desktop java.instrument java.logging java.management java.security.sasl java.naming java.rmi java.management.rmi java.net.http java.scripting java.security.jgss java.transaction.xa java.sql java.sql.rowset java.xml.crypto java.se java.smartcardio jdk.accessibility jdk.internal.jvmstat jdk.attach jdk.charsets jdk.internal.opt jdk.zipfs jdk.compiler jdk.crypto.ec jdk.crypto.cryptoki jdk.crypto.mscapi jdk.dynalink jdk.internal.ed jdk.editpad jdk.hotspot.agent jdk.httpserver jdk.internal.le jdk.internal.vm.ci jdk.internal.vm.compiler jdk.internal.vm.compiler.management jdk.jartool jdk.javadoc jdk.jcmd jdk.management jdk.management.agent jdk.jconsole jdk.jdeps jdk.jdwp.agent jdk.jdi jdk.jfr jdk.jshell jdk.jsobject jdk.jstatd jdk.localedata jdk.management.jfr jdk.naming.dns jdk.naming.rmi jdk.net jdk.nio.mapmode jdk.random jdk.sctp jdk.security.auth jdk.security.jgss jdk.unsupported jdk.unsupported.desktop jdk.xml.dom" 

Environment Variables:
PATH=C:\Python313\Scripts\;C:\Python313\;C:\Program Files\Common Files\Oracle\Java\javapath;C:\Program Files (x86)\Common Files\Oracle\Java\java8path;C:\Program Files (x86)\Common Files\Oracle\Java\javapath;C:\WINDOWS\system32;C:\WINDOWS;C:\WINDOWS\System32\Wbem;C:\WINDOWS\System32\WindowsPowerShell\v1.0\;C:\WINDOWS\System32\OpenSSH\;C:\Program Files\dotnet\;C:\Program Files (x86)\Windows Kits\10\Windows Performance Toolkit\;C:\Program Files\Git\cmd;C:\ProgramData\chocolatey\bin;C:\Users\rinka\AppData\Local\nvm;C:\nvm4w\nodejs;C:\Users\rinka\AppData\Local\Microsoft\WindowsApps;C:\Program Files\JetBrains\PyCharm Community Edition 2021.2.2\bin;;C:\Users\rinka\.dotnet\tools;C:\Users\rinka\AppData\Local\Programs\Microsoft VS Code\bin;C:\Users\rinka\AppData\Roaming\npm;C:\Users\rinka\AppData\Local\GitHubDesktop\bin;C:\Users\rinka\AppData\Local\nvm;C:\nvm4w\nodejs;C:\Users\rinka\AppData\Local\Google\Cloud SDK\google-cloud-sdk\bin
USERNAME=rinka
OS=Windows_NT
PROCESSOR_IDENTIFIER=Intel64 Family 6 Model 126 Stepping 5, GenuineIntel
TMP=C:\Users\rinka\AppData\Local\Temp
TEMP=C:\Users\rinka\AppData\Local\Temp




Periodic native trim disabled

---------------  S Y S T E M  ---------------

OS:
 Windows 11 , 64 bit Build 26100 (10.0.26100.8521)
OS uptime: 15 days 6:20 hours

CPU: total 8 (initial active 8) (4 cores per cpu, 2 threads per core) family 6 model 126 stepping 5 microcode 0xc2, cx8, cmov, fxsr, ht, mmx, 3dnowpref, sse, sse2, sse3, ssse3, sse4.1, sse4.2, popcnt, lzcnt, tsc, tscinvbit, avx, avx2, aes, erms, clmul, bmi1, bmi2, adx, avx512f, avx512dq, avx512cd, avx512bw, avx512vl, sha, fma, vzeroupper, avx512_vpopcntdq, avx512_vpclmulqdq, avx512_vaes, avx512_vnni, clflush, clflushopt, avx512_vbmi2, avx512_vbmi, rdtscp, rdpid, fsrm, gfni, avx512_bitalg, f16c, pku, avx512_ifma
Processor Information for the first 8 processors :
  Max Mhz: 1190, Current Mhz: 991, Mhz Limit: 987

Memory: 4k page, system-wide physical 12055M (1916M free)
TotalPageFile size 48919M (AvailPageFile size 9M)
current process WorkingSet (physical memory assigned to process): 257M, peak: 261M
current process commit charge ("private bytes"): 361M, peak: 367M

vm_info: OpenJDK 64-Bit Server VM (21.0.11+10-LTS) for windows-amd64 JRE (21.0.11+10-LTS), built on 2026-04-21T00:00:00Z by "admin" with MS VC++ 17.12 (VS2022)

END.
