#
# There is insufficient memory for the Java Runtime Environment to continue.
# Native memory allocation (malloc) failed to allocate 1101456 bytes. Error detail: Chunk::new
# Possible reasons:
#   The system is out of physical RAM or swap space
#   This process is running with CompressedOops enabled, and the Java Heap may be blocking the growth of the native heap
# Possible solutions:
#   Reduce memory load on the system
#   Increase physical memory or swap space
#   Check if swap backing store is full
#   Decrease Java heap size (-Xmx/-Xms)
#   Decrease number of Java threads
#   Decrease Java thread stack sizes (-Xss)
#   Set larger code cache with -XX:ReservedCodeCacheSize=
#   JVM is running with Unscaled Compressed Oops mode in which the Java heap is
#     placed in the first 4GB address space. The Java Heap base address is the
#     maximum limit for the native heap growth. Please use -XX:HeapBaseMinAddress
#     to set the Java Heap base and to place the Java Heap above 4GB virtual address.
# This output file may be truncated or incomplete.
#
#  Out of Memory Error (arena.cpp:168), pid=3832, tid=24388
#
# JRE version: OpenJDK Runtime Environment Temurin-21.0.11+10 (21.0.11+10) (build 21.0.11+10-LTS)
# Java VM: OpenJDK 64-Bit Server VM Temurin-21.0.11+10 (21.0.11+10-LTS, mixed mode, sharing, tiered, compressed oops, compressed class ptrs, parallel gc, windows-amd64)
# No core dump will be written. Minidumps are not enabled by default on client versions of Windows
#

---------------  S U M M A R Y ------------

Command Line: --add-modules=ALL-SYSTEM --add-opens=java.base/java.util=ALL-UNNAMED --add-opens=java.base/java.lang=ALL-UNNAMED --add-opens=java.base/sun.nio.fs=ALL-UNNAMED -Declipse.application=org.eclipse.jdt.ls.core.id1 -Dosgi.bundles.defaultStartLevel=4 -Declipse.product=org.eclipse.jdt.ls.core.product -Djava.import.generatesMetadataFilesAtProjectRoot=false -DDetectVMInstallationsJob.disabled=true -Dfile.encoding=utf8 -XX:+UseParallelGC -XX:GCTimeRatio=4 -XX:AdaptiveSizePolicyWeight=90 -Dsun.zip.disableMemoryMapping=true -Xmx2G -Xms100m -Xlog:disable -javaagent:c:\Users\rinka\.vscode\extensions\redhat.java-1.55.0-win32-x64\lombok\lombok-1.18.39-4050.jar -XX:+HeapDumpOnOutOfMemoryError -XX:HeapDumpPath=c:\Users\rinka\AppData\Roaming\Code\User\workspaceStorage\49d6aa05faa5dee90abf6ba5c36567b8\redhat.java -Daether.dependencyCollector.impl=bf c:\Users\rinka\.vscode\extensions\redhat.java-1.55.0-win32-x64\server\plugins\org.eclipse.equinox.launcher_1.7.200.v20260619-2039.jar -configuration c:\Users\rinka\AppData\Roaming\Code\User\globalStorage\redhat.java\1.55.0\config_win -data c:\Users\rinka\AppData\Roaming\Code\User\workspaceStorage\49d6aa05faa5dee90abf6ba5c36567b8\redhat.java\jdt_ws --pipe=\\.\pipe\lsp-ace6efaba8e6c12b10058e0304a93d95-sock

Host: Intel(R) Core(TM) i5-1035G1 CPU @ 1.00GHz, 8 cores, 11G,  Windows 11 , 64 bit Build 26100 (10.0.26100.8521)
Time: Sun Jul  5 16:24:38 2026 Pacific Daylight Time elapsed time: 30.785905 seconds (0d 0h 0m 30s)

---------------  T H R E A D  ---------------

Current thread (0x000001dcfa6f9c30):  JavaThread "C2 CompilerThread2" daemon [_thread_in_native, id=24388, stack(0x0000003115000000,0x0000003115100000) (1024K)]


Current CompileTask:
C2:30786 11634       4       org.eclipse.jdt.internal.compiler.lookup.BinaryTypeBinding::createMethod (1666 bytes)

Stack: [0x0000003115000000,0x0000003115100000]
Native frames: (J=compiled Java code, j=interpreted, Vv=VM code, C=native code)
V  [jvm.dll+0x6d7e19]
V  [jvm.dll+0x8b5096]
V  [jvm.dll+0x8b764e]
V  [jvm.dll+0x8b7d33]
V  [jvm.dll+0x284596]
V  [jvm.dll+0xc685d]
V  [jvm.dll+0xc6da1]
V  [jvm.dll+0x3bed31]
V  [jvm.dll+0x1e3b4e]
V  [jvm.dll+0x24c853]
V  [jvm.dll+0x24bce0]
V  [jvm.dll+0x1cb4ae]
V  [jvm.dll+0x25baad]
V  [jvm.dll+0x25a03a]
V  [jvm.dll+0x3f868e]
V  [jvm.dll+0x85fb0d]
V  [jvm.dll+0x6d664d]
C  [ucrtbase.dll+0x2cd30]
C  [KERNEL32.DLL+0x2e957]
C  [ntdll.dll+0x87c1c]


---------------  P R O C E S S  ---------------

Threads class SMR info:
_java_thread_list=0x000001dcfc49fd60, length=71, elements={
0x000001dc997dad70, 0x000001dc9bc4a160, 0x000001dc9bc4c9d0, 0x000001dc9bb07a70,
0x000001dc9bb086d0, 0x000001dc9bb0b540, 0x000001dc9bb0bfa0, 0x000001dc9bb0f150,
0x000001dcf9042150, 0x000001dcf9234d30, 0x000001dcf9306570, 0x000001dcf9c75da0,
0x000001dcf9a226c0, 0x000001dcf9e55110, 0x000001dcf9e55780, 0x000001dcfa364530,
0x000001dcfa4adc50, 0x000001dcfa33a470, 0x000001dcf9a8c6f0, 0x000001dcf9a8ee50,
0x000001dcf9a8f4e0, 0x000001dcf9a8cd80, 0x000001dcf9a8d410, 0x000001dcf9a8e130,
0x000001dcf9a8e7c0, 0x000001dcf9a8c060, 0x000001dcfaa9f760, 0x000001dcfaa9f0d0,
0x000001dcfaaa0480, 0x000001dcfaaa0b10, 0x000001dcfaa9fdf0, 0x000001dcfaa9ea40,
0x000001dcfaaa11a0, 0x000001dcfaa9dd20, 0x000001dcfaaa1830, 0x000001dcfaa9e3b0,
0x000001dcfaaa5340, 0x000001dcfaaa4cb0, 0x000001dcfaaa1ec0, 0x000001dcfaaa3900,
0x000001dcfaaa2be0, 0x000001dcfaaa3270, 0x000001dcfaaa4620, 0x000001dcfaaa3f90,
0x000001dcfc931ae0, 0x000001dcfc932170, 0x000001dcfc932800, 0x000001dcfc933bb0,
0x000001dcfc931450, 0x000001dcfd9b1380, 0x000001dcfd9affd0, 0x000001dcfd9af940,
0x000001dcfd9af2b0, 0x000001dcfd9b0cf0, 0x000001dcfd9b1a10, 0x000001dcfd9aec20,
0x000001dcfd9b5520, 0x000001dcfd9b2730, 0x000001dcfd9b4170, 0x000001dcfd9b4800,
0x000001dcfd9b5bb0, 0x000001dcfd9b4e90, 0x000001dcfa6f87c0, 0x000001dcfa6f9c30,
0x000001dcfc3be090, 0x000001dcfc3bb930, 0x000001dcfc3bb2a0, 0x000001dcfc3c0160,
0x000001dcfc3c07f0, 0x000001dcfc3c0e80, 0x000001dcfc3bedb0
}

Java Threads: ( => current thread )
  0x000001dc997dad70 JavaThread "main"                              [_thread_blocked, id=29792, stack(0x0000003110500000,0x0000003110600000) (1024K)]
  0x000001dc9bc4a160 JavaThread "Reference Handler"          daemon [_thread_blocked, id=23300, stack(0x0000003110900000,0x0000003110a00000) (1024K)]
  0x000001dc9bc4c9d0 JavaThread "Finalizer"                  daemon [_thread_blocked, id=23808, stack(0x0000003110a00000,0x0000003110b00000) (1024K)]
  0x000001dc9bb07a70 JavaThread "Signal Dispatcher"          daemon [_thread_blocked, id=27500, stack(0x0000003110b00000,0x0000003110c00000) (1024K)]
  0x000001dc9bb086d0 JavaThread "Attach Listener"            daemon [_thread_blocked, id=24072, stack(0x0000003110c00000,0x0000003110d00000) (1024K)]
  0x000001dc9bb0b540 JavaThread "Service Thread"             daemon [_thread_blocked, id=29456, stack(0x0000003110d00000,0x0000003110e00000) (1024K)]
  0x000001dc9bb0bfa0 JavaThread "Monitor Deflation Thread"   daemon [_thread_blocked, id=5652, stack(0x0000003110e00000,0x0000003110f00000) (1024K)]
  0x000001dc9bb0f150 JavaThread "C2 CompilerThread0"         daemon [_thread_in_native, id=4176, stack(0x0000003110f00000,0x0000003111000000) (1024K)]
  0x000001dcf9042150 JavaThread "C1 CompilerThread0"         daemon [_thread_blocked, id=29912, stack(0x0000003111000000,0x0000003111100000) (1024K)]
  0x000001dcf9234d30 JavaThread "Common-Cleaner"             daemon [_thread_blocked, id=10988, stack(0x0000003111100000,0x0000003111200000) (1024K)]
  0x000001dcf9306570 JavaThread "Notification Thread"        daemon [_thread_blocked, id=5664, stack(0x0000003111200000,0x0000003111300000) (1024K)]
  0x000001dcf9c75da0 JavaThread "Active Thread: Equinox Container: f612dc8c-1815-423a-ae33-6d3eebbcac2f"        [_thread_blocked, id=17636, stack(0x0000003111300000,0x0000003111400000) (1024K)]
  0x000001dcf9a226c0 JavaThread "Refresh Thread: Equinox Container: f612dc8c-1815-423a-ae33-6d3eebbcac2f" daemon [_thread_blocked, id=22544, stack(0x0000003111c00000,0x0000003111d00000) (1024K)]
  0x000001dcf9e55110 JavaThread "Framework Event Dispatcher: Equinox Container: f612dc8c-1815-423a-ae33-6d3eebbcac2f" daemon [_thread_blocked, id=18588, stack(0x0000003111d00000,0x0000003111e00000) (1024K)]
  0x000001dcf9e55780 JavaThread "Start Level: Equinox Container: f612dc8c-1815-423a-ae33-6d3eebbcac2f" daemon [_thread_blocked, id=23600, stack(0x0000003111e00000,0x0000003111f00000) (1024K)]
  0x000001dcfa364530 JavaThread "Bundle File Closer"         daemon [_thread_blocked, id=4056, stack(0x0000003112000000,0x0000003112100000) (1024K)]
  0x000001dcfa4adc50 JavaThread "SCR Component Actor"        daemon [_thread_blocked, id=10904, stack(0x0000003111400000,0x0000003111500000) (1024K)]
  0x000001dcfa33a470 JavaThread "Worker-JM"                         [_thread_blocked, id=29784, stack(0x0000003112200000,0x0000003112300000) (1024K)]
  0x000001dcf9a8c6f0 JavaThread "JNA Cleaner"                daemon [_thread_blocked, id=32616, stack(0x0000003112100000,0x0000003112200000) (1024K)]
  0x000001dcf9a8ee50 JavaThread "Worker-0"                          [_thread_blocked, id=8348, stack(0x0000003112300000,0x0000003112400000) (1024K)]
  0x000001dcf9a8f4e0 JavaThread "Worker-1"                          [_thread_blocked, id=14080, stack(0x0000003112400000,0x0000003112500000) (1024K)]
  0x000001dcf9a8cd80 JavaThread "Worker-2"                          [_thread_blocked, id=2428, stack(0x0000003112500000,0x0000003112600000) (1024K)]
  0x000001dcf9a8d410 JavaThread "Worker-3"                          [_thread_blocked, id=26172, stack(0x0000003112600000,0x0000003112700000) (1024K)]
  0x000001dcf9a8e130 JavaThread "Java indexing"              daemon [_thread_blocked, id=22436, stack(0x0000003112800000,0x0000003112900000) (1024K)]
  0x000001dcf9a8e7c0 JavaThread "Worker-4: Initialize workspace"        [_thread_blocked, id=30840, stack(0x0000003112900000,0x0000003112a00000) (1024K)]
  0x000001dcf9a8c060 JavaThread "Worker-5: Publish Diagnostics"        [_thread_in_Java, id=19168, stack(0x0000003112c00000,0x0000003112d00000) (1024K)]
  0x000001dcfaa9f760 JavaThread "Worker-6: Building"                [_thread_blocked, id=23268, stack(0x0000003112d00000,0x0000003112e00000) (1024K)]
  0x000001dcfaa9f0d0 JavaThread "Thread-1"                   daemon [_thread_in_native, id=20644, stack(0x0000003112e00000,0x0000003112f00000) (1024K)]
  0x000001dcfaaa0480 JavaThread "Thread-2"                   daemon [_thread_in_native, id=10388, stack(0x0000003112f00000,0x0000003113000000) (1024K)]
  0x000001dcfaaa0b10 JavaThread "Thread-3"                   daemon [_thread_in_native, id=21372, stack(0x0000003113000000,0x0000003113100000) (1024K)]
  0x000001dcfaa9fdf0 JavaThread "Thread-4"                   daemon [_thread_in_native, id=13756, stack(0x0000003113100000,0x0000003113200000) (1024K)]
  0x000001dcfaa9ea40 JavaThread "Thread-5"                   daemon [_thread_in_native, id=25284, stack(0x0000003113200000,0x0000003113300000) (1024K)]
  0x000001dcfaaa11a0 JavaThread "Thread-6"                   daemon [_thread_in_native, id=14644, stack(0x0000003113300000,0x0000003113400000) (1024K)]
  0x000001dcfaa9dd20 JavaThread "Thread-7"                   daemon [_thread_in_native, id=8396, stack(0x0000003113400000,0x0000003113500000) (1024K)]
  0x000001dcfaaa1830 JavaThread "Thread-8"                   daemon [_thread_in_native, id=20160, stack(0x0000003113500000,0x0000003113600000) (1024K)]
  0x000001dcfaa9e3b0 JavaThread "Thread-9"                   daemon [_thread_in_native, id=17120, stack(0x0000003113600000,0x0000003113700000) (1024K)]
  0x000001dcfaaa5340 JavaThread "pool-2-thread-1"                   [_thread_blocked, id=18692, stack(0x0000003113700000,0x0000003113800000) (1024K)]
  0x000001dcfaaa4cb0 JavaThread "WorkspaceEventsHandler"            [_thread_blocked, id=24988, stack(0x0000003113800000,0x0000003113900000) (1024K)]
  0x000001dcfaaa1ec0 JavaThread "pool-1-thread-1"                   [_thread_in_vm, id=17324, stack(0x0000003113900000,0x0000003113a00000) (1024K)]
  0x000001dcfaaa3900 JavaThread "LocalFile Deleter"          daemon [_thread_blocked, id=26204, stack(0x0000003113a00000,0x0000003113b00000) (1024K)]
  0x000001dcfaaa2be0 JavaThread "LocalFile Deleter"          daemon [_thread_blocked, id=13964, stack(0x0000003113b00000,0x0000003113c00000) (1024K)]
  0x000001dcfaaa3270 JavaThread "LocalFile Deleter"          daemon [_thread_blocked, id=24256, stack(0x0000003113c00000,0x0000003113d00000) (1024K)]
  0x000001dcfaaa4620 JavaThread "LocalFile Deleter"          daemon [_thread_blocked, id=19832, stack(0x0000003113d00000,0x0000003113e00000) (1024K)]
  0x000001dcfaaa3f90 JavaThread "LocalFile Deleter"          daemon [_thread_blocked, id=24720, stack(0x0000003113e00000,0x0000003113f00000) (1024K)]
  0x000001dcfc931ae0 JavaThread "LocalFile Deleter"          daemon [_thread_blocked, id=6036, stack(0x0000003113f00000,0x0000003114000000) (1024K)]
  0x000001dcfc932170 JavaThread "LocalFile Deleter"          daemon [_thread_blocked, id=17112, stack(0x0000003114000000,0x0000003114100000) (1024K)]
  0x000001dcfc932800 JavaThread "LocalFile Deleter"          daemon [_thread_blocked, id=22476, stack(0x0000003114100000,0x0000003114200000) (1024K)]
  0x000001dcfc933bb0 JavaThread "Compiler Source File Reader" daemon [_thread_blocked, id=21656, stack(0x0000003114200000,0x0000003114300000) (1024K)]
  0x000001dcfc931450 JavaThread "Compiler Source File Reader" daemon [_thread_blocked, id=12992, stack(0x0000003114300000,0x0000003114400000) (1024K)]
  0x000001dcfd9b1380 JavaThread "Compiler Source File Reader" daemon [_thread_blocked, id=19344, stack(0x0000003114400000,0x0000003114500000) (1024K)]
  0x000001dcfd9affd0 JavaThread "Compiler Source File Reader" daemon [_thread_blocked, id=11176, stack(0x0000003114500000,0x0000003114600000) (1024K)]
  0x000001dcfd9af940 JavaThread "Compiler Source File Reader" daemon [_thread_blocked, id=31072, stack(0x0000003114600000,0x0000003114700000) (1024K)]
  0x000001dcfd9af2b0 JavaThread "Compiler Source File Reader" daemon [_thread_blocked, id=3968, stack(0x0000003114700000,0x0000003114800000) (1024K)]
  0x000001dcfd9b0cf0 JavaThread "PatternSearchJob-worker-1"  daemon [_thread_blocked, id=17612, stack(0x0000003114800000,0x0000003114900000) (1024K)]
  0x000001dcfd9b1a10 JavaThread "PatternSearchJob-worker-2"  daemon [_thread_blocked, id=29284, stack(0x0000003114900000,0x0000003114a00000) (1024K)]
  0x000001dcfd9aec20 JavaThread "Compiler Processing Task"   daemon [_thread_blocked, id=9628, stack(0x0000003111f00000,0x0000003112000000) (1024K)]
  0x000001dcfd9b5520 JavaThread "Compiler Class File Writer" daemon [_thread_blocked, id=12972, stack(0x0000003112700000,0x0000003112800000) (1024K)]
  0x000001dcfd9b2730 JavaThread "Compiler Class File Writer" daemon [_thread_blocked, id=26420, stack(0x0000003114a00000,0x0000003114b00000) (1024K)]
  0x000001dcfd9b4170 JavaThread "Compiler Class File Writer" daemon [_thread_blocked, id=23176, stack(0x0000003114b00000,0x0000003114c00000) (1024K)]
  0x000001dcfd9b4800 JavaThread "Compiler Class File Writer" daemon [_thread_blocked, id=1520, stack(0x0000003114c00000,0x0000003114d00000) (1024K)]
  0x000001dcfd9b5bb0 JavaThread "Compiler Class File Writer" daemon [_thread_blocked, id=28588, stack(0x0000003114d00000,0x0000003114e00000) (1024K)]
  0x000001dcfd9b4e90 JavaThread "Compiler Class File Writer" daemon [_thread_blocked, id=1460, stack(0x0000003114f00000,0x0000003115000000) (1024K)]
  0x000001dcfa6f87c0 JavaThread "C2 CompilerThread1"         daemon [_thread_in_native, id=4196, stack(0x0000003114e00000,0x0000003114f00000) (1024K)]
=>0x000001dcfa6f9c30 JavaThread "C2 CompilerThread2"         daemon [_thread_in_native, id=24388, stack(0x0000003115000000,0x0000003115100000) (1024K)]
  0x000001dcfc3be090 JavaThread "ForkJoinPool.commonPool-worker-1" daemon [_thread_blocked, id=27740, stack(0x0000003115100000,0x0000003115200000) (1024K)]
  0x000001dcfc3bb930 JavaThread "ForkJoinPool.commonPool-worker-2" daemon [_thread_blocked, id=14448, stack(0x0000003115200000,0x0000003115300000) (1024K)]
  0x000001dcfc3bb2a0 JavaThread "ForkJoinPool.commonPool-worker-3" daemon [_thread_blocked, id=21144, stack(0x0000003115300000,0x0000003115400000) (1024K)]
  0x000001dcfc3c0160 JavaThread "ForkJoinPool.commonPool-worker-4" daemon [_thread_blocked, id=13240, stack(0x0000003115400000,0x0000003115500000) (1024K)]
  0x000001dcfc3c07f0 JavaThread "ForkJoinPool.commonPool-worker-5" daemon [_thread_blocked, id=14984, stack(0x0000003115500000,0x0000003115600000) (1024K)]
  0x000001dcfc3c0e80 JavaThread "ForkJoinPool.commonPool-worker-6" daemon [_thread_blocked, id=28520, stack(0x0000003115600000,0x0000003115700000) (1024K)]
  0x000001dcfc3bedb0 JavaThread "ForkJoinPool.commonPool-worker-7" daemon [_thread_blocked, id=29620, stack(0x0000003115700000,0x0000003115800000) (1024K)]
Total: 71

Other Threads:
  0x000001dc9bc2fa10 VMThread "VM Thread"                           [id=32488, stack(0x0000003110800000,0x0000003110900000) (1024K)]
  0x000001dc9ba1c950 WatcherThread "VM Periodic Task Thread"        [id=3420, stack(0x0000003110700000,0x0000003110800000) (1024K)]
  0x000001dc9bbab400 WorkerThread "GC Thread#0"                     [id=1932, stack(0x0000003110600000,0x0000003110700000) (1024K)]
  0x000001dcf92e9170 WorkerThread "GC Thread#1"                     [id=6324, stack(0x0000003111500000,0x0000003111600000) (1024K)]
  0x000001dcf92e7f00 WorkerThread "GC Thread#2"                     [id=1636, stack(0x0000003111600000,0x0000003111700000) (1024K)]
  0x000001dcf92e8660 WorkerThread "GC Thread#3"                     [id=1476, stack(0x0000003111700000,0x0000003111800000) (1024K)]
  0x000001dcf92e82b0 WorkerThread "GC Thread#4"                     [id=26432, stack(0x0000003111800000,0x0000003111900000) (1024K)]
  0x000001dcf92e8a10 WorkerThread "GC Thread#5"                     [id=17916, stack(0x0000003111900000,0x0000003111a00000) (1024K)]
  0x000001dcf92e9520 WorkerThread "GC Thread#6"                     [id=11180, stack(0x0000003111a00000,0x0000003111b00000) (1024K)]
  0x000001dcf9b1a420 WorkerThread "GC Thread#7"                     [id=25704, stack(0x0000003111b00000,0x0000003111c00000) (1024K)]
Total: 10

Threads with active compile tasks:
C2 CompilerThread0  30833 12015       4       java.lang.reflect.Field::get (39 bytes)
C2 CompilerThread1  30833 11917 % !   4       org.eclipse.jdt.internal.compiler.classfmt.ClassFileReader::<init> @ 81 (1968 bytes)
C2 CompilerThread2  30834 11634       4       org.eclipse.jdt.internal.compiler.lookup.BinaryTypeBinding::createMethod (1666 bytes)
Total: 3

VM state: at safepoint (normal execution)

VM Mutex/Monitor currently owned by a thread:  ([mutex/lock_event])
[0x00007ffb0b30f570] Threads_lock - owner thread: 0x000001dc9bc2fa10
[0x00007ffb0b30f670] Heap_lock - owner thread: 0x000001dcf9a8c060

Heap address: 0x0000000080000000, size: 2048 MB, Compressed Oops mode: 32-bit

CDS archive(s) mapped at: [0x000001dcb3000000-0x000001dcb3ba0000-0x000001dcb3ba0000), size 12189696, SharedBaseAddress: 0x000001dcb3000000, ArchiveRelocationMode: 1.
Compressed class space mapped at: 0x000001dcb4000000-0x000001dcf4000000, reserved size: 1073741824
Narrow klass base: 0x000001dcb3000000, Narrow klass shift: 0, Narrow klass range: 0x100000000

GC Precious Log:
 CardTable entry size: 512
 CPUs: 8 total, 8 available
 Memory: 12055M
 Large Page Support: Disabled
 NUMA Support: Disabled
 Compressed Oops: Enabled (32-bit)
 Alignments: Space 512K, Generation 512K, Heap 2M
 Heap Min Capacity: 100M
 Heap Initial Capacity: 100M
 Heap Max Capacity: 2G
 Pre-touch: Disabled
 Parallel Workers: 8

Heap:
 PSYoungGen      total 20480K, used 1544K [0x00000000d5580000, 0x00000000d6f00000, 0x0000000100000000)
  eden space 18432K, 0% used [0x00000000d5580000,0x00000000d55902d0,0x00000000d6780000)
  from space 2048K, 75% used [0x00000000d6900000,0x00000000d6a81950,0x00000000d6b00000)
  to   space 2560K, 0% used [0x00000000d6c80000,0x00000000d6c80000,0x00000000d6f00000)
 ParOldGen       total 68608K, used 51059K [0x0000000080000000, 0x0000000084300000, 0x00000000d5580000)
  object space 68608K, 74% used [0x0000000080000000,0x00000000831dcdd0,0x0000000084300000)
 Metaspace       used 65163K, committed 66624K, reserved 1114112K
  class space    used 6701K, committed 7296K, reserved 1048576K

Card table byte_map: [0x000001dc9b530000,0x000001dc9b940000] _byte_map_base: 0x000001dc9b130000

Marking Bits: (ParMarkBitMap*) 0x00007ffb0b314460
 Begin Bits: [0x000001dcae040000, 0x000001dcb0040000)
 End Bits:   [0x000001dcb0040000, 0x000001dcb2040000)

Polling page: 0x000001dc99bd0000

Metaspace:

Usage:
  Non-class:     57.09 MB used.
      Class:      6.54 MB used.
       Both:     63.64 MB used.

Virtual space:
  Non-class space:       64.00 MB reserved,      57.94 MB ( 91%) committed,  1 nodes.
      Class space:        1.00 GB reserved,       7.12 MB ( <1%) committed,  1 nodes.
             Both:        1.06 GB reserved,      65.06 MB (  6%) committed. 

Chunk freelists:
   Non-Class:  6.08 MB
       Class:  8.82 MB
        Both:  14.89 MB

MaxMetaspaceSize: unlimited
CompressedClassSpaceSize: 1.00 GB
Initial GC threshold: 21.00 MB
Current GC threshold: 97.31 MB
CDS: on
 - commit_granule_bytes: 65536.
 - commit_granule_words: 8192.
 - virtual_space_node_default_size: 8388608.
 - enlarge_chunks_in_place: 1.
 - use_allocation_guard: 0.


Internal statistics:

num_allocs_failed_limit: 9.
num_arena_births: 1138.
num_arena_deaths: 28.
num_vsnodes_births: 2.
num_vsnodes_deaths: 0.
num_space_committed: 1041.
num_space_uncommitted: 0.
num_chunks_returned_to_freelist: 41.
num_chunks_taken_from_freelist: 4298.
num_chunk_merges: 14.
num_chunk_splits: 2572.
num_chunks_enlarged: 1399.
num_inconsistent_stats: 0.

CodeHeap 'non-profiled nmethods': size=120000Kb used=7751Kb max_used=7751Kb free=112248Kb
 bounds [0x000001dca6860000, 0x000001dca7000000, 0x000001dcadd90000]
CodeHeap 'profiled nmethods': size=120000Kb used=28597Kb max_used=28597Kb free=91402Kb
 bounds [0x000001dc9ed90000, 0x000001dca0980000, 0x000001dca62c0000]
CodeHeap 'non-nmethods': size=5760Kb used=1449Kb max_used=1520Kb free=4310Kb
 bounds [0x000001dca62c0000, 0x000001dca6530000, 0x000001dca6860000]
CodeCache: size=245760Kb, used=37797Kb, max_used=37868Kb, free=207960Kb
 total_blobs=12143, nmethods=11387, adapters=660, full_count=0
Compilation: enabled, stopped_count=0, restarted_count=0

Compilation events (20 events):
Event: 29.771 Thread 0x000001dcf9042150 nmethod 12107 0x000001dca6fefe90 code [0x000001dca6ff0020, 0x000001dca6ff00e8]
Event: 29.771 Thread 0x000001dcf9042150 12122       1       org.eclipse.jdt.ls.core.internal.handlers.WorkspaceExecuteCommandHandler$DelegateCommandHandlerDescriptor::getAllCommands (5 bytes)
Event: 29.772 Thread 0x000001dcf9042150 nmethod 12122 0x000001dca6ff0190 code [0x000001dca6ff0320, 0x000001dca6ff03e8]
Event: 29.773 Thread 0x000001dcf9042150 12116       1       org.eclipse.jdt.internal.core.BinaryMethod::getParameterTypes (5 bytes)
Event: 29.775 Thread 0x000001dcf9042150 nmethod 12116 0x000001dca6ff0490 code [0x000001dca6ff0620, 0x000001dca6ff06e8]
Event: 29.776 Thread 0x000001dcf9042150 12102       1       lombok.core.AST::getImportList (5 bytes)
Event: 29.777 Thread 0x000001dcf9042150 nmethod 12102 0x000001dca6ff0790 code [0x000001dca6ff0920, 0x000001dca6ff09e8]
Event: 29.777 Thread 0x000001dcf9042150 12108       1       org.eclipse.jdt.core.dom.MethodInvocation::arguments (5 bytes)
Event: 29.777 Thread 0x000001dcf9042150 nmethod 12108 0x000001dca6ff0a90 code [0x000001dca6ff0c20, 0x000001dca6ff0ce8]
Event: 29.778 Thread 0x000001dcf9042150 12124       2       com.google.gson.internal.GsonTypes::resolve (510 bytes)
Event: 29.783 Thread 0x000001dcf9042150 nmethod 12124 0x000001dca0954e90 code [0x000001dca0955260, 0x000001dca0956610]
Event: 29.783 Thread 0x000001dcf9042150 12129       3       org.eclipse.jdt.internal.compiler.util.Util::getLineNumber (89 bytes)
Event: 29.783 Thread 0x000001dcf9042150 nmethod 12129 0x000001dca0957190 code [0x000001dca0957380, 0x000001dca0957780]
Event: 29.784 Thread 0x000001dcf9042150 12130   !   3       org.eclipse.jdt.internal.compiler.parser.Scanner::getNextChar (140 bytes)
Event: 29.785 Thread 0x000001dcf9042150 nmethod 12130 0x000001dca0957910 code [0x000001dca0957b00, 0x000001dca0958048]
Event: 29.785 Thread 0x000001dcf9042150 12132       2       org.eclipse.jdt.internal.compiler.parser.Scanner::getLineNumber (14 bytes)
Event: 29.785 Thread 0x000001dcf9042150 nmethod 12132 0x000001dca0958290 code [0x000001dca0958440, 0x000001dca0958578]
Event: 29.785 Thread 0x000001dcf9042150 12137   !   2       org.eclipse.jdt.ls.core.internal.handlers.FoldingRangeHandler::getNextToken (22 bytes)
Event: 29.785 Thread 0x000001dcf9042150 nmethod 12137 0x000001dca0958610 code [0x000001dca09587e0, 0x000001dca0958a58]
Event: 29.786 Thread 0x000001dcf9042150 12135   !   2       org.eclipse.jdt.internal.core.util.PublicScanner::$SWITCH_TABLE$org$eclipse$jdt$internal$compiler$parser$TerminalToken (2065 bytes)

GC Heap History (20 events):
Event: 24.419 GC heap before
{Heap before GC invocations=36 (full 3):
 PSYoungGen      total 19456K, used 659K [0x00000000d5580000, 0x00000000d7080000, 0x0000000100000000)
  eden space 18432K, 0% used [0x00000000d5580000,0x00000000d5580000,0x00000000d6780000)
  from space 1024K, 64% used [0x00000000d6780000,0x00000000d6824de0,0x00000000d6880000)
  to   space 3584K, 0% used [0x00000000d6d00000,0x00000000d6d00000,0x00000000d7080000)
 ParOldGen       total 68608K, used 58052K [0x0000000080000000, 0x0000000084300000, 0x00000000d5580000)
  object space 68608K, 84% used [0x0000000080000000,0x00000000838b10c0,0x0000000084300000)
 Metaspace       used 58438K, committed 59776K, reserved 1114112K
  class space    used 6048K, committed 6656K, reserved 1048576K
}
Event: 24.585 GC heap after
{Heap after GC invocations=36 (full 3):
 PSYoungGen      total 19456K, used 0K [0x00000000d5580000, 0x00000000d7080000, 0x0000000100000000)
  eden space 18432K, 0% used [0x00000000d5580000,0x00000000d5580000,0x00000000d6780000)
  from space 1024K, 0% used [0x00000000d6780000,0x00000000d6780000,0x00000000d6880000)
  to   space 3584K, 0% used [0x00000000d6d00000,0x00000000d6d00000,0x00000000d7080000)
 ParOldGen       total 68608K, used 39540K [0x0000000080000000, 0x0000000084300000, 0x00000000d5580000)
  object space 68608K, 57% used [0x0000000080000000,0x000000008269d010,0x0000000084300000)
 Metaspace       used 58438K, committed 59776K, reserved 1114112K
  class space    used 6048K, committed 6656K, reserved 1048576K
}
Event: 25.891 GC heap before
{Heap before GC invocations=37 (full 3):
 PSYoungGen      total 19456K, used 18432K [0x00000000d5580000, 0x00000000d7080000, 0x0000000100000000)
  eden space 18432K, 100% used [0x00000000d5580000,0x00000000d6780000,0x00000000d6780000)
  from space 1024K, 0% used [0x00000000d6780000,0x00000000d6780000,0x00000000d6880000)
  to   space 3584K, 0% used [0x00000000d6d00000,0x00000000d6d00000,0x00000000d7080000)
 ParOldGen       total 68608K, used 39540K [0x0000000080000000, 0x0000000084300000, 0x00000000d5580000)
  object space 68608K, 57% used [0x0000000080000000,0x000000008269d010,0x0000000084300000)
 Metaspace       used 58609K, committed 59968K, reserved 1114112K
  class space    used 6058K, committed 6656K, reserved 1048576K
}
Event: 25.893 GC heap after
{Heap after GC invocations=37 (full 3):
 PSYoungGen      total 18944K, used 256K [0x00000000d5580000, 0x00000000d6d80000, 0x0000000100000000)
  eden space 18432K, 0% used [0x00000000d5580000,0x00000000d5580000,0x00000000d6780000)
  from space 512K, 50% used [0x00000000d6d00000,0x00000000d6d40000,0x00000000d6d80000)
  to   space 1024K, 0% used [0x00000000d6b80000,0x00000000d6b80000,0x00000000d6c80000)
 ParOldGen       total 68608K, used 39548K [0x0000000080000000, 0x0000000084300000, 0x00000000d5580000)
  object space 68608K, 57% used [0x0000000080000000,0x000000008269f010,0x0000000084300000)
 Metaspace       used 58609K, committed 59968K, reserved 1114112K
  class space    used 6058K, committed 6656K, reserved 1048576K
}
Event: 26.897 GC heap before
{Heap before GC invocations=38 (full 3):
 PSYoungGen      total 18944K, used 18688K [0x00000000d5580000, 0x00000000d6d80000, 0x0000000100000000)
  eden space 18432K, 100% used [0x00000000d5580000,0x00000000d6780000,0x00000000d6780000)
  from space 512K, 50% used [0x00000000d6d00000,0x00000000d6d40000,0x00000000d6d80000)
  to   space 1024K, 0% used [0x00000000d6b80000,0x00000000d6b80000,0x00000000d6c80000)
 ParOldGen       total 68608K, used 39548K [0x0000000080000000, 0x0000000084300000, 0x00000000d5580000)
  object space 68608K, 57% used [0x0000000080000000,0x000000008269f010,0x0000000084300000)
 Metaspace       used 59323K, committed 60672K, reserved 1114112K
  class space    used 6103K, committed 6720K, reserved 1048576K
}
Event: 26.900 GC heap after
{Heap after GC invocations=38 (full 3):
 PSYoungGen      total 19456K, used 992K [0x00000000d5580000, 0x00000000d6e80000, 0x0000000100000000)
  eden space 18432K, 0% used [0x00000000d5580000,0x00000000d5580000,0x00000000d6780000)
  from space 1024K, 96% used [0x00000000d6b80000,0x00000000d6c78030,0x00000000d6c80000)
  to   space 2048K, 0% used [0x00000000d6c80000,0x00000000d6c80000,0x00000000d6e80000)
 ParOldGen       total 68608K, used 41207K [0x0000000080000000, 0x0000000084300000, 0x00000000d5580000)
  object space 68608K, 60% used [0x0000000080000000,0x000000008283ded8,0x0000000084300000)
 Metaspace       used 59323K, committed 60672K, reserved 1114112K
  class space    used 6103K, committed 6720K, reserved 1048576K
}
Event: 27.083 GC heap before
{Heap before GC invocations=39 (full 3):
 PSYoungGen      total 19456K, used 19424K [0x00000000d5580000, 0x00000000d6e80000, 0x0000000100000000)
  eden space 18432K, 100% used [0x00000000d5580000,0x00000000d6780000,0x00000000d6780000)
  from space 1024K, 96% used [0x00000000d6b80000,0x00000000d6c78030,0x00000000d6c80000)
  to   space 2048K, 0% used [0x00000000d6c80000,0x00000000d6c80000,0x00000000d6e80000)
 ParOldGen       total 68608K, used 41207K [0x0000000080000000, 0x0000000084300000, 0x00000000d5580000)
  object space 68608K, 60% used [0x0000000080000000,0x000000008283ded8,0x0000000084300000)
 Metaspace       used 59373K, committed 60736K, reserved 1114112K
  class space    used 6106K, committed 6720K, reserved 1048576K
}
Event: 27.086 GC heap after
{Heap after GC invocations=39 (full 3):
 PSYoungGen      total 20480K, used 1666K [0x00000000d5580000, 0x00000000d6e80000, 0x0000000100000000)
  eden space 18432K, 0% used [0x00000000d5580000,0x00000000d5580000,0x00000000d6780000)
  from space 2048K, 81% used [0x00000000d6c80000,0x00000000d6e20b40,0x00000000d6e80000)
  to   space 2048K, 0% used [0x00000000d6a80000,0x00000000d6a80000,0x00000000d6c80000)
 ParOldGen       total 68608K, used 42198K [0x0000000080000000, 0x0000000084300000, 0x00000000d5580000)
  object space 68608K, 61% used [0x0000000080000000,0x0000000082935a90,0x0000000084300000)
 Metaspace       used 59373K, committed 60736K, reserved 1114112K
  class space    used 6106K, committed 6720K, reserved 1048576K
}
Event: 27.194 GC heap before
{Heap before GC invocations=40 (full 3):
 PSYoungGen      total 20480K, used 20098K [0x00000000d5580000, 0x00000000d6e80000, 0x0000000100000000)
  eden space 18432K, 100% used [0x00000000d5580000,0x00000000d6780000,0x00000000d6780000)
  from space 2048K, 81% used [0x00000000d6c80000,0x00000000d6e20b40,0x00000000d6e80000)
  to   space 2048K, 0% used [0x00000000d6a80000,0x00000000d6a80000,0x00000000d6c80000)
 ParOldGen       total 68608K, used 42198K [0x0000000080000000, 0x0000000084300000, 0x00000000d5580000)
  object space 68608K, 61% used [0x0000000080000000,0x0000000082935a90,0x0000000084300000)
 Metaspace       used 59642K, committed 60928K, reserved 1114112K
  class space    used 6120K, committed 6720K, reserved 1048576K
}
Event: 27.196 GC heap after
{Heap after GC invocations=40 (full 3):
 PSYoungGen      total 18944K, used 160K [0x00000000d5580000, 0x00000000d6d00000, 0x0000000100000000)
  eden space 18432K, 0% used [0x00000000d5580000,0x00000000d5580000,0x00000000d6780000)
  from space 512K, 31% used [0x00000000d6a80000,0x00000000d6aa8000,0x00000000d6b00000)
  to   space 1024K, 0% used [0x00000000d6c00000,0x00000000d6c00000,0x00000000d6d00000)
 ParOldGen       total 68608K, used 42281K [0x0000000080000000, 0x0000000084300000, 0x00000000d5580000)
  object space 68608K, 61% used [0x0000000080000000,0x000000008294a7b8,0x0000000084300000)
 Metaspace       used 59642K, committed 60928K, reserved 1114112K
  class space    used 6120K, committed 6720K, reserved 1048576K
}
Event: 28.010 GC heap before
{Heap before GC invocations=41 (full 3):
 PSYoungGen      total 18944K, used 18592K [0x00000000d5580000, 0x00000000d6d00000, 0x0000000100000000)
  eden space 18432K, 100% used [0x00000000d5580000,0x00000000d6780000,0x00000000d6780000)
  from space 512K, 31% used [0x00000000d6a80000,0x00000000d6aa8000,0x00000000d6b00000)
  to   space 1024K, 0% used [0x00000000d6c00000,0x00000000d6c00000,0x00000000d6d00000)
 ParOldGen       total 68608K, used 42281K [0x0000000080000000, 0x0000000084300000, 0x00000000d5580000)
  object space 68608K, 61% used [0x0000000080000000,0x000000008294a7b8,0x0000000084300000)
 Metaspace       used 60955K, committed 62336K, reserved 1114112K
  class space    used 6250K, committed 6848K, reserved 1048576K
}
Event: 28.012 GC heap after
{Heap after GC invocations=41 (full 3):
 PSYoungGen      total 18944K, used 455K [0x00000000d5580000, 0x00000000d6c80000, 0x0000000100000000)
  eden space 18432K, 0% used [0x00000000d5580000,0x00000000d5580000,0x00000000d6780000)
  from space 512K, 88% used [0x00000000d6c00000,0x00000000d6c71e90,0x00000000d6c80000)
  to   space 1024K, 0% used [0x00000000d6a80000,0x00000000d6a80000,0x00000000d6b80000)
 ParOldGen       total 68608K, used 42305K [0x0000000080000000, 0x0000000084300000, 0x00000000d5580000)
  object space 68608K, 61% used [0x0000000080000000,0x00000000829507b8,0x0000000084300000)
 Metaspace       used 60955K, committed 62336K, reserved 1114112K
  class space    used 6250K, committed 6848K, reserved 1048576K
}
Event: 28.506 GC heap before
{Heap before GC invocations=42 (full 3):
 PSYoungGen      total 18944K, used 18887K [0x00000000d5580000, 0x00000000d6c80000, 0x0000000100000000)
  eden space 18432K, 100% used [0x00000000d5580000,0x00000000d6780000,0x00000000d6780000)
  from space 512K, 88% used [0x00000000d6c00000,0x00000000d6c71e90,0x00000000d6c80000)
  to   space 1024K, 0% used [0x00000000d6a80000,0x00000000d6a80000,0x00000000d6b80000)
 ParOldGen       total 68608K, used 42305K [0x0000000080000000, 0x0000000084300000, 0x00000000d5580000)
  object space 68608K, 61% used [0x0000000080000000,0x00000000829507b8,0x0000000084300000)
 Metaspace       used 62416K, committed 63808K, reserved 1114112K
  class space    used 6425K, committed 7040K, reserved 1048576K
}
Event: 28.509 GC heap after
{Heap after GC invocations=42 (full 3):
 PSYoungGen      total 19456K, used 1007K [0x00000000d5580000, 0x00000000d6c80000, 0x0000000100000000)
  eden space 18432K, 0% used [0x00000000d5580000,0x00000000d5580000,0x00000000d6780000)
  from space 1024K, 98% used [0x00000000d6a80000,0x00000000d6b7bfd0,0x00000000d6b80000)
  to   space 1024K, 0% used [0x00000000d6b80000,0x00000000d6b80000,0x00000000d6c80000)
 ParOldGen       total 68608K, used 42877K [0x0000000080000000, 0x0000000084300000, 0x00000000d5580000)
  object space 68608K, 62% used [0x0000000080000000,0x00000000829df490,0x0000000084300000)
 Metaspace       used 62416K, committed 63808K, reserved 1114112K
  class space    used 6425K, committed 7040K, reserved 1048576K
}
Event: 28.911 GC heap before
{Heap before GC invocations=43 (full 3):
 PSYoungGen      total 19456K, used 19439K [0x00000000d5580000, 0x00000000d6c80000, 0x0000000100000000)
  eden space 18432K, 100% used [0x00000000d5580000,0x00000000d6780000,0x00000000d6780000)
  from space 1024K, 98% used [0x00000000d6a80000,0x00000000d6b7bfd0,0x00000000d6b80000)
  to   space 1024K, 0% used [0x00000000d6b80000,0x00000000d6b80000,0x00000000d6c80000)
 ParOldGen       total 68608K, used 42877K [0x0000000080000000, 0x0000000084300000, 0x00000000d5580000)
  object space 68608K, 62% used [0x0000000080000000,0x00000000829df490,0x0000000084300000)
 Metaspace       used 63473K, committed 64896K, reserved 1114112K
  class space    used 6539K, committed 7168K, reserved 1048576K
}
Event: 28.916 GC heap after
{Heap after GC invocations=43 (full 3):
 PSYoungGen      total 19456K, used 1024K [0x00000000d5580000, 0x00000000d6f80000, 0x0000000100000000)
  eden space 18432K, 0% used [0x00000000d5580000,0x00000000d5580000,0x00000000d6780000)
  from space 1024K, 100% used [0x00000000d6b80000,0x00000000d6c80000,0x00000000d6c80000)
  to   space 4096K, 0% used [0x00000000d6780000,0x00000000d6780000,0x00000000d6b80000)
 ParOldGen       total 68608K, used 45274K [0x0000000080000000, 0x0000000084300000, 0x00000000d5580000)
  object space 68608K, 65% used [0x0000000080000000,0x0000000082c36a70,0x0000000084300000)
 Metaspace       used 63473K, committed 64896K, reserved 1114112K
  class space    used 6539K, committed 7168K, reserved 1048576K
}
Event: 29.380 GC heap before
{Heap before GC invocations=44 (full 3):
 PSYoungGen      total 19456K, used 19456K [0x00000000d5580000, 0x00000000d6f80000, 0x0000000100000000)
  eden space 18432K, 100% used [0x00000000d5580000,0x00000000d6780000,0x00000000d6780000)
  from space 1024K, 100% used [0x00000000d6b80000,0x00000000d6c80000,0x00000000d6c80000)
  to   space 4096K, 0% used [0x00000000d6780000,0x00000000d6780000,0x00000000d6b80000)
 ParOldGen       total 68608K, used 45274K [0x0000000080000000, 0x0000000084300000, 0x00000000d5580000)
  object space 68608K, 65% used [0x0000000080000000,0x0000000082c36a70,0x0000000084300000)
 Metaspace       used 63745K, committed 65152K, reserved 1114112K
  class space    used 6571K, committed 7168K, reserved 1048576K
}
Event: 29.387 GC heap after
{Heap after GC invocations=44 (full 3):
 PSYoungGen      total 22528K, used 4077K [0x00000000d5580000, 0x00000000d7580000, 0x0000000100000000)
  eden space 18432K, 0% used [0x00000000d5580000,0x00000000d5580000,0x00000000d6780000)
  from space 4096K, 99% used [0x00000000d6780000,0x00000000d6b7b420,0x00000000d6b80000)
  to   space 7168K, 0% used [0x00000000d6e80000,0x00000000d6e80000,0x00000000d7580000)
 ParOldGen       total 68608K, used 47439K [0x0000000080000000, 0x0000000084300000, 0x00000000d5580000)
  object space 68608K, 69% used [0x0000000080000000,0x0000000082e53cb0,0x0000000084300000)
 Metaspace       used 63745K, committed 65152K, reserved 1114112K
  class space    used 6571K, committed 7168K, reserved 1048576K
}
Event: 29.662 GC heap before
{Heap before GC invocations=45 (full 3):
 PSYoungGen      total 22528K, used 20833K [0x00000000d5580000, 0x00000000d7580000, 0x0000000100000000)
  eden space 18432K, 90% used [0x00000000d5580000,0x00000000d65dd220,0x00000000d6780000)
  from space 4096K, 99% used [0x00000000d6780000,0x00000000d6b7b420,0x00000000d6b80000)
  to   space 7168K, 0% used [0x00000000d6e80000,0x00000000d6e80000,0x00000000d7580000)
 ParOldGen       total 68608K, used 47439K [0x0000000080000000, 0x0000000084300000, 0x00000000d5580000)
  object space 68608K, 69% used [0x0000000080000000,0x0000000082e53cb0,0x0000000084300000)
 Metaspace       used 64113K, committed 65600K, reserved 1114112K
  class space    used 6598K, committed 7232K, reserved 1048576K
}
Event: 29.666 GC heap after
{Heap after GC invocations=45 (full 3):
 PSYoungGen      total 22016K, used 3224K [0x00000000d5580000, 0x00000000d7200000, 0x0000000100000000)
  eden space 18432K, 0% used [0x00000000d5580000,0x00000000d5580000,0x00000000d6780000)
  from space 3584K, 89% used [0x00000000d6e80000,0x00000000d71a6340,0x00000000d7200000)
  to   space 4608K, 0% used [0x00000000d6900000,0x00000000d6900000,0x00000000d6d80000)
 ParOldGen       total 68608K, used 47935K [0x0000000080000000, 0x0000000084300000, 0x00000000d5580000)
  object space 68608K, 69% used [0x0000000080000000,0x0000000082ecfcf0,0x0000000084300000)
 Metaspace       used 64113K, committed 65600K, reserved 1114112K
  class space    used 6598K, committed 7232K, reserved 1048576K
}

Dll operation events (10 events):
Event: 0.025 Loaded shared library c:\Users\rinka\.vscode\extensions\redhat.java-1.55.0-win32-x64\jre\21.0.11-win32-x86_64\bin\java.dll
Event: 0.310 Loaded shared library c:\Users\rinka\.vscode\extensions\redhat.java-1.55.0-win32-x64\jre\21.0.11-win32-x86_64\bin\zip.dll
Event: 0.424 Loaded shared library C:\Users\rinka\.vscode\extensions\redhat.java-1.55.0-win32-x64\jre\21.0.11-win32-x86_64\bin\instrument.dll
Event: 0.440 Loaded shared library C:\Users\rinka\.vscode\extensions\redhat.java-1.55.0-win32-x64\jre\21.0.11-win32-x86_64\bin\net.dll
Event: 0.447 Loaded shared library C:\Users\rinka\.vscode\extensions\redhat.java-1.55.0-win32-x64\jre\21.0.11-win32-x86_64\bin\nio.dll
Event: 0.456 Loaded shared library C:\Users\rinka\.vscode\extensions\redhat.java-1.55.0-win32-x64\jre\21.0.11-win32-x86_64\bin\zip.dll
Event: 0.509 Loaded shared library C:\Users\rinka\.vscode\extensions\redhat.java-1.55.0-win32-x64\jre\21.0.11-win32-x86_64\bin\jimage.dll
Event: 0.745 Loaded shared library c:\Users\rinka\.vscode\extensions\redhat.java-1.55.0-win32-x64\jre\21.0.11-win32-x86_64\bin\verify.dll
Event: 3.048 Loaded shared library C:\Users\rinka\AppData\Roaming\Code\User\globalStorage\redhat.java\1.55.0\config_win\org.eclipse.equinox.launcher\org.eclipse.equinox.launcher.win32.win32.x86_64_1.3.100.v20260613-0559\eclipse_11924.dll
Event: 7.764 Loaded shared library C:\Users\rinka\AppData\Local\Temp\jna-108518573\jna3658405621049033241.dll

Deoptimization events (20 events):
Event: 29.752 Thread 0x000001dcfc3c07f0 Uncommon trap: trap_request=0xffffff45 fr.pc=0x000001dca6f89984 relative=0x00000000000026c4
Event: 29.752 Thread 0x000001dcfc3c07f0 Uncommon trap: reason=unstable_if action=reinterpret pc=0x000001dca6f89984 method=org.eclipse.jdt.internal.compiler.parser.Scanner.getNextToken()Lorg/eclipse/jdt/internal/compiler/parser/TerminalToken; @ 144 c2
Event: 29.752 Thread 0x000001dcfc3c07f0 DEOPT PACKING pc=0x000001dca6f89984 sp=0x00000031155fd830
Event: 29.752 Thread 0x000001dcfc3c07f0 DEOPT UNPACKING pc=0x000001dca6316da2 sp=0x00000031155fd710 mode 2
Event: 29.752 Thread 0x000001dcfc3c07f0 Uncommon trap: trap_request=0xffffff45 fr.pc=0x000001dca6ebf348 relative=0x00000000000006a8
Event: 29.752 Thread 0x000001dcfc3c07f0 Uncommon trap: reason=unstable_if action=reinterpret pc=0x000001dca6ebf348 method=org.eclipse.jdt.internal.compiler.parser.Scanner.getNextToken()Lorg/eclipse/jdt/internal/compiler/parser/TerminalToken; @ 144 c2
Event: 29.752 Thread 0x000001dcfc3c07f0 DEOPT PACKING pc=0x000001dca6ebf348 sp=0x00000031155fd7d0
Event: 29.752 Thread 0x000001dcfc3c07f0 DEOPT UNPACKING pc=0x000001dca6316da2 sp=0x00000031155fd710 mode 2
Event: 29.752 Thread 0x000001dcfc3c07f0 Uncommon trap: trap_request=0xffffff45 fr.pc=0x000001dca6fc7e00 relative=0x00000000000003c0
Event: 29.752 Thread 0x000001dcfc3c07f0 Uncommon trap: reason=unstable_if action=reinterpret pc=0x000001dca6fc7e00 method=org.eclipse.jdt.internal.compiler.parser.Scanner.getNextToken()Lorg/eclipse/jdt/internal/compiler/parser/TerminalToken; @ 144 c2
Event: 29.752 Thread 0x000001dcfc3c07f0 DEOPT PACKING pc=0x000001dca6fc7e00 sp=0x00000031155fd770
Event: 29.752 Thread 0x000001dcfc3c07f0 DEOPT UNPACKING pc=0x000001dca6316da2 sp=0x00000031155fd710 mode 2
Event: 29.764 Thread 0x000001dcfc3c07f0 Uncommon trap: trap_request=0xffffff6e fr.pc=0x000001dca689a6dc relative=0x000000000000013c
Event: 29.764 Thread 0x000001dcfc3c07f0 Uncommon trap: reason=loop_limit_check action=maybe_recompile pc=0x000001dca689a6dc method=java.lang.StringLatin1.lastIndexOf([BII)I @ 19 c2
Event: 29.764 Thread 0x000001dcfc3c07f0 DEOPT PACKING pc=0x000001dca689a6dc sp=0x00000031155fde70
Event: 29.764 Thread 0x000001dcfc3c07f0 DEOPT UNPACKING pc=0x000001dca6316da2 sp=0x00000031155fde08 mode 2
Event: 29.781 Thread 0x000001dcfc3bedb0 Uncommon trap: trap_request=0xffffff45 fr.pc=0x000001dca6df53a8 relative=0x0000000000000108
Event: 29.781 Thread 0x000001dcfc3bedb0 Uncommon trap: reason=unstable_if action=reinterpret pc=0x000001dca6df53a8 method=org.eclipse.jdt.internal.compiler.util.Util.getLineNumber(I[III)I @ 8 c2
Event: 29.781 Thread 0x000001dcfc3bedb0 DEOPT PACKING pc=0x000001dca6df53a8 sp=0x00000031157feb30
Event: 29.781 Thread 0x000001dcfc3bedb0 DEOPT UNPACKING pc=0x000001dca6316da2 sp=0x00000031157fead8 mode 2

Classes loaded (20 events):
Event: 27.994 Loading class java/util/concurrent/CompletableFuture$UniAccept
Event: 27.994 Loading class java/util/concurrent/CompletableFuture$UniAccept done
Event: 27.994 Loading class java/util/concurrent/CompletableFuture$UniExceptionally
Event: 27.994 Loading class java/util/concurrent/CompletableFuture$UniExceptionally done
Event: 28.200 Loading class java/util/Collections$SynchronizedRandomAccessList
Event: 28.200 Loading class java/util/Collections$SynchronizedList
Event: 28.200 Loading class java/util/Collections$SynchronizedList done
Event: 28.200 Loading class java/util/Collections$SynchronizedRandomAccessList done
Event: 28.464 Loading class java/util/concurrent/CompletableFuture$Signaller
Event: 28.465 Loading class java/util/concurrent/CompletableFuture$Signaller done
Event: 28.467 Loading class java/nio/charset/CharacterCodingException
Event: 28.467 Loading class java/nio/charset/CharacterCodingException done
Event: 28.467 Loading class java/io/SequenceInputStream
Event: 28.467 Loading class java/io/SequenceInputStream done
Event: 28.513 Loading class java/util/WeakHashMap$KeyIterator
Event: 28.515 Loading class java/util/WeakHashMap$KeyIterator done
Event: 28.779 Loading class javax/xml/transform/TransformerConfigurationException
Event: 28.779 Loading class javax/xml/transform/TransformerConfigurationException done
Event: 28.814 Loading class java/util/LinkedList$LLSpliterator
Event: 28.814 Loading class java/util/LinkedList$LLSpliterator done

Classes unloaded (14 events):
Event: 8.831 Thread 0x000001dc9bc2fa10 Unloading class 0x000001dcb41a4800 'java/lang/invoke/LambdaForm$MH+0x000001dcb41a4800'
Event: 8.831 Thread 0x000001dc9bc2fa10 Unloading class 0x000001dcb41a4400 'java/lang/invoke/LambdaForm$MH+0x000001dcb41a4400'
Event: 8.831 Thread 0x000001dc9bc2fa10 Unloading class 0x000001dcb41a4000 'java/lang/invoke/LambdaForm$MH+0x000001dcb41a4000'
Event: 8.831 Thread 0x000001dc9bc2fa10 Unloading class 0x000001dcb41a3c00 'java/lang/invoke/LambdaForm$MH+0x000001dcb41a3c00'
Event: 8.831 Thread 0x000001dc9bc2fa10 Unloading class 0x000001dcb41a3800 'java/lang/invoke/LambdaForm$BMH+0x000001dcb41a3800'
Event: 8.831 Thread 0x000001dc9bc2fa10 Unloading class 0x000001dcb41a3400 'java/lang/invoke/LambdaForm$DMH+0x000001dcb41a3400'
Event: 8.831 Thread 0x000001dc9bc2fa10 Unloading class 0x000001dcb41a2000 'java/lang/invoke/LambdaForm$DMH+0x000001dcb41a2000'
Event: 10.848 Thread 0x000001dc9bc2fa10 Unloading class 0x000001dcb431d800 'java/lang/invoke/LambdaForm$MH+0x000001dcb431d800'
Event: 10.848 Thread 0x000001dc9bc2fa10 Unloading class 0x000001dcb431d000 'java/lang/invoke/LambdaForm$MH+0x000001dcb431d000'
Event: 10.848 Thread 0x000001dc9bc2fa10 Unloading class 0x000001dcb431cc00 'java/lang/invoke/LambdaForm$MH+0x000001dcb431cc00'
Event: 10.848 Thread 0x000001dc9bc2fa10 Unloading class 0x000001dcb431c400 'java/lang/invoke/LambdaForm$MH+0x000001dcb431c400'
Event: 10.848 Thread 0x000001dc9bc2fa10 Unloading class 0x000001dcb431b800 'java/lang/invoke/LambdaForm$DMH+0x000001dcb431b800'
Event: 10.848 Thread 0x000001dc9bc2fa10 Unloading class 0x000001dcb431b400 'java/lang/invoke/LambdaForm$MH+0x000001dcb431b400'
Event: 10.848 Thread 0x000001dc9bc2fa10 Unloading class 0x000001dcb4313000 'java/lang/invoke/LambdaForm$MH+0x000001dcb4313000'

Classes redefined (0 events):
No events

Internal exceptions (20 events):
Event: 29.687 Thread 0x000001dcfc3c07f0 Exception <a 'java/lang/NullPointerException'{0x00000000d58bb570}> (0x00000000d58bb570) 
thrown [s\src\hotspot\share\runtime\sharedRuntime.cpp, line 625]
Event: 29.687 Thread 0x000001dcfc3c07f0 Implicit null exception at 0x000001dca00fad9b to 0x000001dca00fb355
Event: 29.687 Thread 0x000001dcfc3c07f0 Exception <a 'java/lang/NullPointerException'{0x00000000d58bbc68}> (0x00000000d58bbc68) 
thrown [s\src\hotspot\share\runtime\sharedRuntime.cpp, line 625]
Event: 29.688 Thread 0x000001dcfc3c07f0 Implicit null exception at 0x000001dca00fad9b to 0x000001dca00fb355
Event: 29.688 Thread 0x000001dcfc3c07f0 Exception <a 'java/lang/NullPointerException'{0x00000000d58bc360}> (0x00000000d58bc360) 
thrown [s\src\hotspot\share\runtime\sharedRuntime.cpp, line 625]
Event: 29.695 Thread 0x000001dcfc3c07f0 Implicit null exception at 0x000001dca00fad9b to 0x000001dca00fb355
Event: 29.695 Thread 0x000001dcfc3c07f0 Exception <a 'java/lang/NullPointerException'{0x00000000d58e4e20}> (0x00000000d58e4e20) 
thrown [s\src\hotspot\share\runtime\sharedRuntime.cpp, line 625]
Event: 29.702 Thread 0x000001dcfc3c07f0 Implicit null exception at 0x000001dca00fad9b to 0x000001dca00fb355
Event: 29.702 Thread 0x000001dcfc3c07f0 Exception <a 'java/lang/NullPointerException'{0x00000000d59728e0}> (0x00000000d59728e0) 
thrown [s\src\hotspot\share\runtime\sharedRuntime.cpp, line 625]
Event: 29.702 Thread 0x000001dcfc3c07f0 Implicit null exception at 0x000001dca00fad9b to 0x000001dca00fb355
Event: 29.702 Thread 0x000001dcfc3c07f0 Exception <a 'java/lang/NullPointerException'{0x00000000d59737d8}> (0x00000000d59737d8) 
thrown [s\src\hotspot\share\runtime\sharedRuntime.cpp, line 625]
Event: 29.709 Thread 0x000001dcfc3c07f0 Implicit null exception at 0x000001dca00fad9b to 0x000001dca00fb355
Event: 29.709 Thread 0x000001dcfc3c07f0 Exception <a 'java/lang/NullPointerException'{0x00000000d599dd90}> (0x00000000d599dd90) 
thrown [s\src\hotspot\share\runtime\sharedRuntime.cpp, line 625]
Event: 29.709 Thread 0x000001dcfc3c07f0 Implicit null exception at 0x000001dca00fad9b to 0x000001dca00fb355
Event: 29.709 Thread 0x000001dcfc3c07f0 Exception <a 'java/lang/NullPointerException'{0x00000000d599e568}> (0x00000000d599e568) 
thrown [s\src\hotspot\share\runtime\sharedRuntime.cpp, line 625]
Event: 29.746 Thread 0x000001dcfc3c07f0 Implicit null exception at 0x000001dca00fad9b to 0x000001dca00fb355
Event: 29.746 Thread 0x000001dcfc3c07f0 Exception <a 'java/lang/NullPointerException'{0x00000000d5e0e430}> (0x00000000d5e0e430) 
thrown [s\src\hotspot\share\runtime\sharedRuntime.cpp, line 625]
Event: 29.748 Thread 0x000001dcfc3c07f0 Implicit null exception at 0x000001dca00fad9b to 0x000001dca00fb355
Event: 29.748 Thread 0x000001dcfc3c07f0 Exception <a 'java/lang/NullPointerException'{0x00000000d5e24540}> (0x00000000d5e24540) 
thrown [s\src\hotspot\share\runtime\sharedRuntime.cpp, line 625]
Event: 29.765 Thread 0x000001dcfaaa1ec0 Exception <a 'java/lang/IncompatibleClassChangeError'{0x00000000d5f40268}: Found class java.lang.Object, but interface was expected> (0x00000000d5f40268) 
thrown [s\src\hotspot\share\interpreter\linkResolver.cpp, line 840]

ZGC Phase Switch (0 events):
No events

VM Operations (20 events):
Event: 28.846 Executing non-safepoint VM operation: HandshakeAllThreads (Deoptimize)
Event: 28.856 Executing non-safepoint VM operation: HandshakeAllThreads (Deoptimize) done
Event: 28.863 Executing non-safepoint VM operation: HandshakeAllThreads (Deoptimize)
Event: 28.863 Executing non-safepoint VM operation: HandshakeAllThreads (Deoptimize) done
Event: 28.875 Executing safepoint VM operation: ICBufferFull
Event: 28.875 Executing safepoint VM operation: ICBufferFull done
Event: 28.875 Executing safepoint VM operation: ICBufferFull
Event: 28.875 Executing safepoint VM operation: ICBufferFull done
Event: 28.911 Executing safepoint VM operation: ParallelGCFailedAllocation (Allocation Failure)
Event: 28.916 Executing safepoint VM operation: ParallelGCFailedAllocation (Allocation Failure) done
Event: 29.379 Executing safepoint VM operation: ParallelGCFailedAllocation (Allocation Failure)
Event: 29.387 Executing safepoint VM operation: ParallelGCFailedAllocation (Allocation Failure) done
Event: 29.439 Executing non-safepoint VM operation: HandshakeAllThreads (Deoptimize)
Event: 29.447 Executing non-safepoint VM operation: HandshakeAllThreads (Deoptimize) done
Event: 29.619 Executing non-safepoint VM operation: HandshakeAllThreads (Deoptimize)
Event: 29.619 Executing non-safepoint VM operation: HandshakeAllThreads (Deoptimize) done
Event: 29.660 Executing safepoint VM operation: ParallelGCFailedAllocation (Allocation Failure)
Event: 29.666 Executing safepoint VM operation: ParallelGCFailedAllocation (Allocation Failure) done
Event: 30.667 Executing safepoint VM operation: Cleanup
Event: 30.667 Executing safepoint VM operation: Cleanup done

Memory protections (0 events):
No events

Nmethod flushes (20 events):
Event: 24.490 Thread 0x000001dc9bc2fa10 flushing  nmethod 0x000001dc9f6db110
Event: 24.490 Thread 0x000001dc9bc2fa10 flushing  nmethod 0x000001dc9f6dca10
Event: 24.490 Thread 0x000001dc9bc2fa10 flushing  nmethod 0x000001dc9f6dd010
Event: 24.490 Thread 0x000001dc9bc2fa10 flushing  nmethod 0x000001dc9f6dd890
Event: 24.490 Thread 0x000001dc9bc2fa10 flushing  nmethod 0x000001dc9f6ddf90
Event: 24.490 Thread 0x000001dc9bc2fa10 flushing  nmethod 0x000001dc9f6e3410
Event: 24.490 Thread 0x000001dc9bc2fa10 flushing  nmethod 0x000001dc9f705490
Event: 24.490 Thread 0x000001dc9bc2fa10 flushing  nmethod 0x000001dc9f720f90
Event: 24.490 Thread 0x000001dc9bc2fa10 flushing  nmethod 0x000001dc9f721b10
Event: 24.490 Thread 0x000001dc9bc2fa10 flushing  nmethod 0x000001dc9f722f10
Event: 24.490 Thread 0x000001dc9bc2fa10 flushing  nmethod 0x000001dc9f726010
Event: 24.490 Thread 0x000001dc9bc2fa10 flushing  nmethod 0x000001dc9f726590
Event: 24.490 Thread 0x000001dc9bc2fa10 flushing  nmethod 0x000001dc9f727590
Event: 24.490 Thread 0x000001dc9bc2fa10 flushing  nmethod 0x000001dc9f72f190
Event: 24.490 Thread 0x000001dc9bc2fa10 flushing  nmethod 0x000001dc9f72f590
Event: 24.490 Thread 0x000001dc9bc2fa10 flushing  nmethod 0x000001dc9f72fe90
Event: 24.490 Thread 0x000001dc9bc2fa10 flushing  nmethod 0x000001dc9f756c10
Event: 24.490 Thread 0x000001dc9bc2fa10 flushing  nmethod 0x000001dc9f757210
Event: 24.490 Thread 0x000001dc9bc2fa10 flushing  nmethod 0x000001dc9f757b10
Event: 24.490 Thread 0x000001dc9bc2fa10 flushing  nmethod 0x000001dc9f759690

Events (20 events):
Event: 18.770 Thread 0x000001dcf9a8d410 Thread added: 0x000001dcfd9b4800
Event: 18.770 Thread 0x000001dcf9a8d410 Thread added: 0x000001dcfd9b5bb0
Event: 18.802 Thread 0x000001dcf9042150 Thread added: 0x000001dcfef3b6c0
Event: 18.943 Thread 0x000001dcf9a8d410 Thread added: 0x000001dcfd9b4e90
Event: 19.348 Thread 0x000001dcf9042150 Thread added: 0x000001dcfa6f9c30
Event: 24.385 Thread 0x000001dcfaa9f760 Thread added: 0x000001dcfc3be090
Event: 25.463 Thread 0x000001dcfa6f9c30 Thread exited: 0x000001dcfa6f9c30
Event: 26.615 Thread 0x000001dcfef3b6c0 Thread exited: 0x000001dcfef3b6c0
Event: 26.709 Thread 0x000001dcf9042150 Thread added: 0x000001dcfa6f8e90
Event: 26.847 Thread 0x000001dcfa6f8e90 Thread exited: 0x000001dcfa6f8e90
Event: 26.903 Thread 0x000001dcf9042150 Thread added: 0x000001dcfa6f87c0
Event: 27.003 Thread 0x000001dcf9042150 Thread added: 0x000001dcfa6f9c30
Event: 27.955 Thread 0x000001dcfc3be090 Thread exited: 0x000001dcfc3be090
Event: 27.993 Thread 0x000001dcfaaa1ec0 Thread added: 0x000001dcfc3be090
Event: 27.995 Thread 0x000001dcfaaa1ec0 Thread added: 0x000001dcfc3bb930
Event: 28.001 Thread 0x000001dcfaaa1ec0 Thread added: 0x000001dcfc3bb2a0
Event: 28.003 Thread 0x000001dcfaaa1ec0 Thread added: 0x000001dcfc3c0160
Event: 28.012 Thread 0x000001dcfc3c0160 Thread added: 0x000001dcfc3c07f0
Event: 28.017 Thread 0x000001dcfc3c07f0 Thread added: 0x000001dcfc3c0e80
Event: 28.020 Thread 0x000001dcfc3c0e80 Thread added: 0x000001dcfc3bedb0


Dynamic libraries:
0x00007ff75a0b0000 - 0x00007ff75a0be000 	c:\Users\rinka\.vscode\extensions\redhat.java-1.55.0-win32-x64\jre\21.0.11-win32-x86_64\bin\java.exe
0x00007ffb73660000 - 0x00007ffb738c6000 	C:\WINDOWS\SYSTEM32\ntdll.dll
0x00007ffb732f0000 - 0x00007ffb733b9000 	C:\WINDOWS\System32\KERNEL32.DLL
0x00007ffb70ef0000 - 0x00007ffb712ea000 	C:\WINDOWS\System32\KERNELBASE.dll
0x00007ffb708f0000 - 0x00007ffb70a3c000 	C:\WINDOWS\System32\ucrtbase.dll
0x00007ffb6d190000 - 0x00007ffb6d1a8000 	c:\Users\rinka\.vscode\extensions\redhat.java-1.55.0-win32-x64\jre\21.0.11-win32-x86_64\bin\jli.dll
0x00007ffb71b60000 - 0x00007ffb71d27000 	C:\WINDOWS\System32\USER32.dll
0x00007ffb6d360000 - 0x00007ffb6d37e000 	c:\Users\rinka\.vscode\extensions\redhat.java-1.55.0-win32-x64\jre\21.0.11-win32-x86_64\bin\VCRUNTIME140.dll
0x00007ffb713a0000 - 0x00007ffb713c7000 	C:\WINDOWS\System32\win32u.dll
0x00007ffb72160000 - 0x00007ffb7218b000 	C:\WINDOWS\System32\GDI32.dll
0x00007ffb555a0000 - 0x00007ffb55832000 	C:\WINDOWS\WinSxS\amd64_microsoft.windows.common-controls_6595b64144ccf1df_6.0.26100.8521_none_3e08b75ce33403b3\COMCTL32.dll
0x00007ffb70dc0000 - 0x00007ffb70eeb000 	C:\WINDOWS\System32\gdi32full.dll
0x00007ffb72200000 - 0x00007ffb722a9000 	C:\WINDOWS\System32\msvcrt.dll
0x00007ffb70a40000 - 0x00007ffb70ae3000 	C:\WINDOWS\System32\msvcp_win.dll
0x00007ffb72120000 - 0x00007ffb72152000 	C:\WINDOWS\System32\IMM32.DLL
0x00007ffb6d5a0000 - 0x00007ffb6d5ac000 	c:\Users\rinka\.vscode\extensions\redhat.java-1.55.0-win32-x64\jre\21.0.11-win32-x86_64\bin\vcruntime140_1.dll
0x00007ffb6d040000 - 0x00007ffb6d0cd000 	c:\Users\rinka\.vscode\extensions\redhat.java-1.55.0-win32-x64\jre\21.0.11-win32-x86_64\bin\msvcp140.dll
0x00007ffb0a650000 - 0x00007ffb0b3f2000 	c:\Users\rinka\.vscode\extensions\redhat.java-1.55.0-win32-x64\jre\21.0.11-win32-x86_64\bin\server\jvm.dll
0x00007ffb71fe0000 - 0x00007ffb72096000 	C:\WINDOWS\System32\ADVAPI32.dll
0x00007ffb733c0000 - 0x00007ffb7346a000 	C:\WINDOWS\System32\sechost.dll
0x00007ffb73480000 - 0x00007ffb73598000 	C:\WINDOWS\System32\RPCRT4.dll
0x00007ffb72470000 - 0x00007ffb724f0000 	C:\WINDOWS\System32\WS2_32.dll
0x00007ffb70770000 - 0x00007ffb707ce000 	C:\WINDOWS\SYSTEM32\POWRPROF.dll
0x00007ffb5d6f0000 - 0x00007ffb5d726000 	C:\WINDOWS\SYSTEM32\WINMM.dll
0x00007ffb67bd0000 - 0x00007ffb67bdb000 	C:\WINDOWS\SYSTEM32\VERSION.dll
0x00007ffb70730000 - 0x00007ffb70744000 	C:\WINDOWS\SYSTEM32\UMPDC.dll
0x00007ffb6f680000 - 0x00007ffb6f69b000 	C:\WINDOWS\SYSTEM32\kernel.appcore.dll
0x00007ffb6d3a0000 - 0x00007ffb6d3aa000 	c:\Users\rinka\.vscode\extensions\redhat.java-1.55.0-win32-x64\jre\21.0.11-win32-x86_64\bin\jimage.dll
0x00007ffb6df90000 - 0x00007ffb6e1d2000 	C:\WINDOWS\SYSTEM32\DBGHELP.DLL
0x00007ffb72ad0000 - 0x00007ffb72e53000 	C:\WINDOWS\System32\combase.dll
0x00007ffb72550000 - 0x00007ffb72629000 	C:\WINDOWS\System32\OLEAUT32.dll
0x00007ffb57210000 - 0x00007ffb5724b000 	C:\WINDOWS\SYSTEM32\dbgcore.DLL
0x00007ffb712f0000 - 0x00007ffb71398000 	C:\WINDOWS\System32\bcryptPrimitives.dll
0x00007ffb6d4d0000 - 0x00007ffb6d4df000 	c:\Users\rinka\.vscode\extensions\redhat.java-1.55.0-win32-x64\jre\21.0.11-win32-x86_64\bin\instrument.dll
0x00007ffb6d140000 - 0x00007ffb6d160000 	c:\Users\rinka\.vscode\extensions\redhat.java-1.55.0-win32-x64\jre\21.0.11-win32-x86_64\bin\java.dll
0x00007ffb713d0000 - 0x00007ffb71b54000 	C:\WINDOWS\System32\SHELL32.dll
0x00007ffb6e4f0000 - 0x00007ffb6ed70000 	C:\WINDOWS\SYSTEM32\windows.storage.dll
0x00007ffb71d50000 - 0x00007ffb71e46000 	C:\WINDOWS\System32\SHCORE.dll
0x00007ffb72190000 - 0x00007ffb721f7000 	C:\WINDOWS\System32\shlwapi.dll
0x00007ffb70810000 - 0x00007ffb70839000 	C:\WINDOWS\SYSTEM32\profapi.dll
0x00007ffb6cf00000 - 0x00007ffb6cf18000 	c:\Users\rinka\.vscode\extensions\redhat.java-1.55.0-win32-x64\jre\21.0.11-win32-x86_64\bin\zip.dll
0x00007ffb6d4c0000 - 0x00007ffb6d4d0000 	C:\Users\rinka\.vscode\extensions\redhat.java-1.55.0-win32-x64\jre\21.0.11-win32-x86_64\bin\net.dll
0x00007ffb640a0000 - 0x00007ffb641c9000 	C:\WINDOWS\SYSTEM32\WINHTTP.dll
0x00007ffb6fbf0000 - 0x00007ffb6fc5c000 	C:\WINDOWS\system32\mswsock.dll
0x00007ffb6d340000 - 0x00007ffb6d356000 	C:\Users\rinka\.vscode\extensions\redhat.java-1.55.0-win32-x64\jre\21.0.11-win32-x86_64\bin\nio.dll
0x00007ffb6d330000 - 0x00007ffb6d340000 	c:\Users\rinka\.vscode\extensions\redhat.java-1.55.0-win32-x64\jre\21.0.11-win32-x86_64\bin\verify.dll
0x00007ffb5f620000 - 0x00007ffb5f665000 	C:\Users\rinka\AppData\Roaming\Code\User\globalStorage\redhat.java\1.55.0\config_win\org.eclipse.equinox.launcher\org.eclipse.equinox.launcher.win32.win32.x86_64_1.3.100.v20260613-0559\eclipse_11924.dll
0x00007ffb72810000 - 0x00007ffb729a8000 	C:\WINDOWS\System32\ole32.dll
0x00007ffb6fed0000 - 0x00007ffb6feeb000 	C:\WINDOWS\SYSTEM32\CRYPTSP.dll
0x00007ffb6f5e0000 - 0x00007ffb6f619000 	C:\WINDOWS\system32\rsaenh.dll
0x00007ffb6fca0000 - 0x00007ffb6fcd3000 	C:\WINDOWS\SYSTEM32\USERENV.dll
0x00007ffb707e0000 - 0x00007ffb7080a000 	C:\WINDOWS\SYSTEM32\bcrypt.dll
0x00007ffb6fef0000 - 0x00007ffb6fefc000 	C:\WINDOWS\SYSTEM32\CRYPTBASE.dll
0x00007ffb6f080000 - 0x00007ffb6f0b3000 	C:\WINDOWS\SYSTEM32\IPHLPAPI.DLL
0x00007ffb73470000 - 0x00007ffb7347a000 	C:\WINDOWS\System32\NSI.dll
0x00007ffb57cc0000 - 0x00007ffb57d09000 	C:\Users\rinka\AppData\Local\Temp\jna-108518573\jna3658405621049033241.dll
0x00007ffb73610000 - 0x00007ffb73618000 	C:\WINDOWS\System32\PSAPI.DLL
0x00007ffb67cc0000 - 0x00007ffb67cdd000 	C:\WINDOWS\SYSTEM32\dhcpcsvc6.DLL
0x00007ffb64280000 - 0x00007ffb642a5000 	C:\WINDOWS\SYSTEM32\dhcpcsvc.DLL
0x00007ffb6f7a0000 - 0x00007ffb6f7d6000 	C:\WINDOWS\SYSTEM32\ntmarta.dll

JVMTI agents:
c:\Users\rinka\.vscode\extensions\redhat.java-1.55.0-win32-x64\lombok\lombok-1.18.39-4050.jar path:c:\Users\rinka\.vscode\extensions\redhat.java-1.55.0-win32-x64\jre\21.0.11-win32-x86_64\bin\instrument.dll, loaded, initialized, instrumentlib options:none

dbghelp: loaded successfully - version: 4.0.5 - missing functions: none
symbol engine: initialized successfully - sym options: 0x614 - pdb path: .;c:\Users\rinka\.vscode\extensions\redhat.java-1.55.0-win32-x64\jre\21.0.11-win32-x86_64\bin;C:\WINDOWS\SYSTEM32;C:\WINDOWS\WinSxS\amd64_microsoft.windows.common-controls_6595b64144ccf1df_6.0.26100.8521_none_3e08b75ce33403b3;c:\Users\rinka\.vscode\extensions\redhat.java-1.55.0-win32-x64\jre\21.0.11-win32-x86_64\bin\server;C:\Users\rinka\AppData\Roaming\Code\User\globalStorage\redhat.java\1.55.0\config_win\org.eclipse.equinox.launcher\org.eclipse.equinox.launcher.win32.win32.x86_64_1.3.100.v20260613-0559;C:\Users\rinka\AppData\Local\Temp\jna-108518573

VM Arguments:
jvm_args: --add-modules=ALL-SYSTEM --add-opens=java.base/java.util=ALL-UNNAMED --add-opens=java.base/java.lang=ALL-UNNAMED --add-opens=java.base/sun.nio.fs=ALL-UNNAMED -Declipse.application=org.eclipse.jdt.ls.core.id1 -Dosgi.bundles.defaultStartLevel=4 -Declipse.product=org.eclipse.jdt.ls.core.product -Djava.import.generatesMetadataFilesAtProjectRoot=false -DDetectVMInstallationsJob.disabled=true -Dfile.encoding=utf8 -XX:+UseParallelGC -XX:GCTimeRatio=4 -XX:AdaptiveSizePolicyWeight=90 -Dsun.zip.disableMemoryMapping=true -Xmx2G -Xms100m -Xlog:disable -javaagent:c:\Users\rinka\.vscode\extensions\redhat.java-1.55.0-win32-x64\lombok\lombok-1.18.39-4050.jar -XX:+HeapDumpOnOutOfMemoryError -XX:HeapDumpPath=c:\Users\rinka\AppData\Roaming\Code\User\workspaceStorage\49d6aa05faa5dee90abf6ba5c36567b8\redhat.java -Daether.dependencyCollector.impl=bf 
java_command: c:\Users\rinka\.vscode\extensions\redhat.java-1.55.0-win32-x64\server\plugins\org.eclipse.equinox.launcher_1.7.200.v20260619-2039.jar -configuration c:\Users\rinka\AppData\Roaming\Code\User\globalStorage\redhat.java\1.55.0\config_win -data c:\Users\rinka\AppData\Roaming\Code\User\workspaceStorage\49d6aa05faa5dee90abf6ba5c36567b8\redhat.java\jdt_ws --pipe=\\.\pipe\lsp-ace6efaba8e6c12b10058e0304a93d95-sock
java_class_path (initial): c:\Users\rinka\.vscode\extensions\redhat.java-1.55.0-win32-x64\server\plugins\org.eclipse.equinox.launcher_1.7.200.v20260619-2039.jar
Launcher Type: SUN_STANDARD

[Global flags]
    uintx AdaptiveSizePolicyWeight                 = 90                                        {product} {command line}
     intx CICompilerCount                          = 4                                         {product} {ergonomic}
    uintx GCTimeRatio                              = 4                                         {product} {command line}
     bool HeapDumpOnOutOfMemoryError               = true                                   {manageable} {command line}
    ccstr HeapDumpPath                             = c:\Users\rinka\AppData\Roaming\Code\User\workspaceStorage\49d6aa05faa5dee90abf6ba5c36567b8\redhat.java         {manageable} {command line}
   size_t InitialHeapSize                          = 104857600                                 {product} {command line}
   size_t MaxHeapSize                              = 2147483648                                {product} {command line}
   size_t MaxNewSize                               = 715653120                                 {product} {ergonomic}
   size_t MinHeapDeltaBytes                        = 524288                                    {product} {ergonomic}
   size_t MinHeapSize                              = 104857600                                 {product} {command line}
   size_t NewSize                                  = 34603008                                  {product} {ergonomic}
    uintx NonNMethodCodeHeapSize                   = 5839372                                {pd product} {ergonomic}
    uintx NonProfiledCodeHeapSize                  = 122909434                              {pd product} {ergonomic}
   size_t OldSize                                  = 70254592                                  {product} {ergonomic}
    uintx ProfiledCodeHeapSize                     = 122909434                              {pd product} {ergonomic}
    uintx ReservedCodeCacheSize                    = 251658240                              {pd product} {ergonomic}
     bool SegmentedCodeCache                       = true                                      {product} {ergonomic}
   size_t SoftMaxHeapSize                          = 2147483648                             {manageable} {ergonomic}
     bool UseCompressedOops                        = true                           {product lp64_product} {ergonomic}
     bool UseLargePagesIndividualAllocation        = false                                  {pd product} {ergonomic}
     bool UseParallelGC                            = true                                      {product} {command line}

Logging:
Log output configuration:
 #0: stdout all=off uptime,level,tags foldmultilines=false
 #1: stderr all=off uptime,level,tags foldmultilines=false

Release file:
JAVA_VERSION="21.0.11" 
MODULES="java.base java.compiler java.datatransfer java.xml java.prefs java.desktop java.instrument java.logging java.management java.security.sasl java.naming java.rmi java.management.rmi java.net.http java.scripting java.security.jgss java.transaction.xa java.sql java.sql.rowset java.xml.crypto java.se java.smartcardio jdk.accessibility jdk.internal.jvmstat jdk.attach jdk.charsets jdk.internal.opt jdk.zipfs jdk.compiler jdk.crypto.ec jdk.crypto.cryptoki jdk.crypto.mscapi jdk.dynalink jdk.internal.ed jdk.editpad jdk.hotspot.agent jdk.httpserver jdk.internal.le jdk.internal.vm.ci jdk.internal.vm.compiler jdk.internal.vm.compiler.management jdk.jartool jdk.javadoc jdk.jcmd jdk.management jdk.management.agent jdk.jconsole jdk.jdeps jdk.jdwp.agent jdk.jdi jdk.jfr jdk.jshell jdk.jsobject jdk.jstatd jdk.localedata jdk.management.jfr jdk.naming.dns jdk.naming.rmi jdk.net jdk.nio.mapmode jdk.random jdk.sctp jdk.security.auth jdk.security.jgss jdk.unsupported jdk.unsupported.desktop jdk.xml.dom" 

Environment Variables:
PATH=C:\Python313\Scripts\;C:\Python313\;C:\Program Files\Common Files\Oracle\Java\javapath;C:\Program Files (x86)\Common Files\Oracle\Java\java8path;C:\Program Files (x86)\Common Files\Oracle\Java\javapath;C:\WINDOWS\system32;C:\WINDOWS;C:\WINDOWS\System32\Wbem;C:\WINDOWS\System32\WindowsPowerShell\v1.0\;C:\WINDOWS\System32\OpenSSH\;C:\Program Files\dotnet\;C:\Program Files (x86)\Windows Kits\10\Windows Performance Toolkit\;C:\Program Files\Git\cmd;C:\ProgramData\chocolatey\bin;C:\Users\rinka\AppData\Local\nvm;C:\nvm4w\nodejs;C:\Users\rinka\AppData\Local\Microsoft\WindowsApps;C:\Program Files\JetBrains\PyCharm Community Edition 2021.2.2\bin;;C:\Users\rinka\.dotnet\tools;C:\Users\rinka\AppData\Local\Programs\Microsoft VS Code\bin;C:\Users\rinka\AppData\Roaming\npm;C:\Users\rinka\AppData\Local\GitHubDesktop\bin;C:\Users\rinka\AppData\Local\nvm;C:\nvm4w\nodejs;C:\Users\rinka\AppData\Local\Google\Cloud SDK\google-cloud-sdk\bin
USERNAME=rinka
OS=Windows_NT
PROCESSOR_IDENTIFIER=Intel64 Family 6 Model 126 Stepping 5, GenuineIntel
TMP=C:\Users\rinka\AppData\Local\Temp
TEMP=C:\Users\rinka\AppData\Local\Temp




Periodic native trim disabled

---------------  S Y S T E M  ---------------

OS:
 Windows 11 , 64 bit Build 26100 (10.0.26100.8521)
OS uptime: 15 days 6:21 hours

CPU: total 8 (initial active 8) (4 cores per cpu, 2 threads per core) family 6 model 126 stepping 5 microcode 0xc2, cx8, cmov, fxsr, ht, mmx, 3dnowpref, sse, sse2, sse3, ssse3, sse4.1, sse4.2, popcnt, lzcnt, tsc, tscinvbit, avx, avx2, aes, erms, clmul, bmi1, bmi2, adx, avx512f, avx512dq, avx512cd, avx512bw, avx512vl, sha, fma, vzeroupper, avx512_vpopcntdq, avx512_vpclmulqdq, avx512_vaes, avx512_vnni, clflush, clflushopt, avx512_vbmi2, avx512_vbmi, rdtscp, rdpid, fsrm, gfni, avx512_bitalg, f16c, pku, avx512_ifma
Processor Information for the first 8 processors :
  Max Mhz: 1190, Current Mhz: 991, Mhz Limit: 987

Memory: 4k page, system-wide physical 12055M (1847M free)
TotalPageFile size 48919M (AvailPageFile size 6M)
current process WorkingSet (physical memory assigned to process): 338M, peak: 340M
current process commit charge ("private bytes"): 419M, peak: 427M

vm_info: OpenJDK 64-Bit Server VM (21.0.11+10-LTS) for windows-amd64 JRE (21.0.11+10-LTS), built on 2026-04-21T00:00:00Z by "admin" with MS VC++ 17.12 (VS2022)

END.
